Archive member included to satisfy reference by file (symbol)

/home/psabela/st/stm32cubeide_1.10.1_2/plugins/com.st.stm32cube.ide.mcu.externaltools.gnu-tools-for-stm32.13.3.rel1.linux64_1.0.0.202410170706/tools/bin/../lib/gcc/arm-none-eabi/13.3.1/../../../../arm-none-eabi/lib/thumb/v8-m.main+fp/hard/libc_nano.a(libc_a-exit.o)
                              /home/psabela/st/stm32cubeide_1.10.1_2/plugins/com.st.stm32cube.ide.mcu.externaltools.gnu-tools-for-stm32.13.3.rel1.linux64_1.0.0.202410170706/tools/bin/../lib/gcc/arm-none-eabi/13.3.1/../../../../arm-none-eabi/lib/thumb/v8-m.main+fp/hard/crt0.o (exit)
/home/psabela/st/stm32cubeide_1.10.1_2/plugins/com.st.stm32cube.ide.mcu.externaltools.gnu-tools-for-stm32.13.3.rel1.linux64_1.0.0.202410170706/tools/bin/../lib/gcc/arm-none-eabi/13.3.1/../../../../arm-none-eabi/lib/thumb/v8-m.main+fp/hard/libc_nano.a(libc_a-findfp.o)
                              /home/psabela/st/stm32cubeide_1.10.1_2/plugins/com.st.stm32cube.ide.mcu.externaltools.gnu-tools-for-stm32.13.3.rel1.linux64_1.0.0.202410170706/tools/bin/../lib/gcc/arm-none-eabi/13.3.1/../../../../arm-none-eabi/lib/thumb/v8-m.main+fp/hard/libc_nano.a(libc_a-exit.o) (__stdio_exit_handler)
/home/psabela/st/stm32cubeide_1.10.1_2/plugins/com.st.stm32cube.ide.mcu.externaltools.gnu-tools-for-stm32.13.3.rel1.linux64_1.0.0.202410170706/tools/bin/../lib/gcc/arm-none-eabi/13.3.1/../../../../arm-none-eabi/lib/thumb/v8-m.main+fp/hard/libc_nano.a(libc_a-fwalk.o)
                              /home/psabela/st/stm32cubeide_1.10.1_2/plugins/com.st.stm32cube.ide.mcu.externaltools.gnu-tools-for-stm32.13.3.rel1.linux64_1.0.0.202410170706/tools/bin/../lib/gcc/arm-none-eabi/13.3.1/../../../../arm-none-eabi/lib/thumb/v8-m.main+fp/hard/libc_nano.a(libc_a-findfp.o) (_fwalk_sglue)
/home/psabela/st/stm32cubeide_1.10.1_2/plugins/com.st.stm32cube.ide.mcu.externaltools.gnu-tools-for-stm32.13.3.rel1.linux64_1.0.0.202410170706/tools/bin/../lib/gcc/arm-none-eabi/13.3.1/../../../../arm-none-eabi/lib/thumb/v8-m.main+fp/hard/libc_nano.a(libc_a-printf.o)
                              ./Core/Src/main.o (printf)
/home/psabela/st/stm32cubeide_1.10.1_2/plugins/com.st.stm32cube.ide.mcu.externaltools.gnu-tools-for-stm32.13.3.rel1.linux64_1.0.0.202410170706/tools/bin/../lib/gcc/arm-none-eabi/13.3.1/../../../../arm-none-eabi/lib/thumb/v8-m.main+fp/hard/libc_nano.a(libc_a-stdio.o)
                              /home/psabela/st/stm32cubeide_1.10.1_2/plugins/com.st.stm32cube.ide.mcu.externaltools.gnu-tools-for-stm32.13.3.rel1.linux64_1.0.0.202410170706/tools/bin/../lib/gcc/arm-none-eabi/13.3.1/../../../../arm-none-eabi/lib/thumb/v8-m.main+fp/hard/libc_nano.a(libc_a-findfp.o) (__sread)
/home/psabela/st/stm32cubeide_1.10.1_2/plugins/com.st.stm32cube.ide.mcu.externaltools.gnu-tools-for-stm32.13.3.rel1.linux64_1.0.0.202410170706/tools/bin/../lib/gcc/arm-none-eabi/13.3.1/../../../../arm-none-eabi/lib/thumb/v8-m.main+fp/hard/libc_nano.a(libc_a-memset.o)
                              /home/psabela/st/stm32cubeide_1.10.1_2/plugins/com.st.stm32cube.ide.mcu.externaltools.gnu-tools-for-stm32.13.3.rel1.linux64_1.0.0.202410170706/tools/bin/../lib/gcc/arm-none-eabi/13.3.1/../../../../arm-none-eabi/lib/thumb/v8-m.main+fp/hard/crt0.o (memset)
/home/psabela/st/stm32cubeide_1.10.1_2/plugins/com.st.stm32cube.ide.mcu.externaltools.gnu-tools-for-stm32.13.3.rel1.linux64_1.0.0.202410170706/tools/bin/../lib/gcc/arm-none-eabi/13.3.1/../../../../arm-none-eabi/lib/thumb/v8-m.main+fp/hard/libc_nano.a(libc_a-closer.o)
                              /home/psabela/st/stm32cubeide_1.10.1_2/plugins/com.st.stm32cube.ide.mcu.externaltools.gnu-tools-for-stm32.13.3.rel1.linux64_1.0.0.202410170706/tools/bin/../lib/gcc/arm-none-eabi/13.3.1/../../../../arm-none-eabi/lib/thumb/v8-m.main+fp/hard/libc_nano.a(libc_a-stdio.o) (_close_r)
/home/psabela/st/stm32cubeide_1.10.1_2/plugins/com.st.stm32cube.ide.mcu.externaltools.gnu-tools-for-stm32.13.3.rel1.linux64_1.0.0.202410170706/tools/bin/../lib/gcc/arm-none-eabi/13.3.1/../../../../arm-none-eabi/lib/thumb/v8-m.main+fp/hard/libc_nano.a(libc_a-reent.o)
                              /home/psabela/st/stm32cubeide_1.10.1_2/plugins/com.st.stm32cube.ide.mcu.externaltools.gnu-tools-for-stm32.13.3.rel1.linux64_1.0.0.202410170706/tools/bin/../lib/gcc/arm-none-eabi/13.3.1/../../../../arm-none-eabi/lib/thumb/v8-m.main+fp/hard/libc_nano.a(libc_a-closer.o) (errno)
/home/psabela/st/stm32cubeide_1.10.1_2/plugins/com.st.stm32cube.ide.mcu.externaltools.gnu-tools-for-stm32.13.3.rel1.linux64_1.0.0.202410170706/tools/bin/../lib/gcc/arm-none-eabi/13.3.1/../../../../arm-none-eabi/lib/thumb/v8-m.main+fp/hard/libc_nano.a(libc_a-impure.o)
                              /home/psabela/st/stm32cubeide_1.10.1_2/plugins/com.st.stm32cube.ide.mcu.externaltools.gnu-tools-for-stm32.13.3.rel1.linux64_1.0.0.202410170706/tools/bin/../lib/gcc/arm-none-eabi/13.3.1/../../../../arm-none-eabi/lib/thumb/v8-m.main+fp/hard/libc_nano.a(libc_a-printf.o) (_impure_ptr)
[...]
Memory Configuration

Name             Origin             Length             Attributes
RAM              0x20000000         0x000c0000         xrw
SRAM4            0x28000000         0x00004000         xrw
FLASH            0x08000000         0x00200000         xr
*default*        0x00000000         0xffffffff

Linker script and memory map

LOAD /home/psabela/st/stm32cubeide_1.10.1_2/plugins/com.st.stm32cube.ide.mcu.externaltools.gnu-tools-for-stm32.13.3.rel1.linux64_1.0.0.202410170706/tools/bin/../lib/gcc/arm-none-eabi/13.3.1/thumb/v8-m.main+fp/hard/crti.o
LOAD /home/psabela/st/stm32cubeide_1.10.1_2/plugins/com.st.stm32cube.ide.mcu.externaltools.gnu-tools-for-stm32.13.3.rel1.linux64_1.0.0.202410170706/tools/bin/../lib/gcc/arm-none-eabi/13.3.1/thumb/v8-m.main+fp/hard/crtbegin.o
LOAD /home/psabela/st/stm32cubeide_1.10.1_2/plugins/com.st.stm32cube.ide.mcu.externaltools.gnu-tools-for-stm32.13.3.rel1.linux64_1.0.0.202410170706/tools/bin/../lib/gcc/arm-none-eabi/13.3.1/../../../../arm-none-eabi/lib/thumb/v8-m.main+fp/hard/crt0.o
LOAD ./Core/Src/exti_assembly.o
LOAD ./Core/Src/gpio_assembly.o
LOAD ./Core/Src/main.o
LOAD ./Core/Src/nvic_assembly.o
LOAD ./Core/Src/rcc_assembly.o
LOAD ./Core/Src/spi_master_assembly.o
LOAD ./Core/Src/tim8_assembly.o
LOAD ./Core/Startup/startup_stm32u585aiixq.o
START GROUP
LOAD /home/psabela/st/stm32cubeide_1.10.1_2/plugins/com.st.stm32cube.ide.mcu.externaltools.gnu-tools-for-stm32.13.3.rel1.linux64_1.0.0.202410170706/tools/bin/../lib/gcc/arm-none-eabi/13.3.1/../../../../arm-none-eabi/lib/thumb/v8-m.main+fp/hard/libc_nano.a
LOAD /home/psabela/st/stm32cubeide_1.10.1_2/plugins/com.st.stm32cube.ide.mcu.externaltools.gnu-tools-for-stm32.13.3.rel1.linux64_1.0.0.202410170706/tools/bin/../lib/gcc/arm-none-eabi/13.3.1/../../../../arm-none-eabi/lib/thumb/v8-m.main+fp/hard/libm.a
END GROUP
START GROUP
LOAD /home/psabela/st/stm32cubeide_1.10.1_2/plugins/com.st.stm32cube.ide.mcu.externaltools.gnu-tools-for-stm32.13.3.rel1.linux64_1.0.0.202410170706/tools/bin/../lib/gcc/arm-none-eabi/13.3.1/thumb/v8-m.main+fp/hard/libgcc.a
LOAD /home/psabela/st/stm32cubeide_1.10.1_2/plugins/com.st.stm32cube.ide.mcu.externaltools.gnu-tools-for-stm32.13.3.rel1.linux64_1.0.0.202410170706/tools/bin/../lib/gcc/arm-none-eabi/13.3.1/../../../../arm-none-eabi/lib/thumb/v8-m.main+fp/hard/libc_nano.a
END GROUP
START GROUP
LOAD /home/psabela/st/stm32cubeide_1.10.1_2/plugins/com.st.stm32cube.ide.mcu.externaltools.gnu-tools-for-stm32.13.3.rel1.linux64_1.0.0.202410170706/tools/bin/../lib/gcc/arm-none-eabi/13.3.1/thumb/v8-m.main+fp/hard/libgcc.a
LOAD /home/psabela/st/stm32cubeide_1.10.1_2/plugins/com.st.stm32cube.ide.mcu.externaltools.gnu-tools-for-stm32.13.3.rel1.linux64_1.0.0.202410170706/tools/bin/../lib/gcc/arm-none-eabi/13.3.1/../../../../arm-none-eabi/lib/thumb/v8-m.main+fp/hard/libc_nano.a
LOAD /home/psabela/st/stm32cubeide_1.10.1_2/plugins/com.st.stm32cube.ide.mcu.externaltools.gnu-tools-for-stm32.13.3.rel1.linux64_1.0.0.202410170706/tools/bin/../lib/gcc/arm-none-eabi/13.3.1/../../../../arm-none-eabi/lib/thumb/v8-m.main+fp/hard/libnosys.a
END GROUP
START GROUP
LOAD /home/psabela/st/stm32cubeide_1.10.1_2/plugins/com.st.stm32cube.ide.mcu.externaltools.gnu-tools-for-stm32.13.3.rel1.linux64_1.0.0.202410170706/tools/bin/../lib/gcc/arm-none-eabi/13.3.1/thumb/v8-m.main+fp/hard/libgcc.a
LOAD /home/psabela/st/stm32cubeide_1.10.1_2/plugins/com.st.stm32cube.ide.mcu.externaltools.gnu-tools-for-stm32.13.3.rel1.linux64_1.0.0.202410170706/tools/bin/../lib/gcc/arm-none-eabi/13.3.1/../../../../arm-none-eabi/lib/thumb/v8-m.main+fp/hard/libc_nano.a
LOAD /home/psabela/st/stm32cubeide_1.10.1_2/plugins/com.st.stm32cube.ide.mcu.externaltools.gnu-tools-for-stm32.13.3.rel1.linux64_1.0.0.202410170706/tools/bin/../lib/gcc/arm-none-eabi/13.3.1/../../../../arm-none-eabi/lib/thumb/v8-m.main+fp/hard/libnosys.a
END GROUP
LOAD /home/psabela/st/stm32cubeide_1.10.1_2/plugins/com.st.stm32cube.ide.mcu.externaltools.gnu-tools-for-stm32.13.3.rel1.linux64_1.0.0.202410170706/tools/bin/../lib/gcc/arm-none-eabi/13.3.1/thumb/v8-m.main+fp/hard/crtend.o
LOAD /home/psabela/st/stm32cubeide_1.10.1_2/plugins/com.st.stm32cube.ide.mcu.externaltools.gnu-tools-for-stm32.13.3.rel1.linux64_1.0.0.202410170706/tools/bin/../lib/gcc/arm-none-eabi/13.3.1/thumb/v8-m.main+fp/hard/crtn.o
                0x200c0000                        _estack = (ORIGIN (RAM) + LENGTH (RAM))
                0x00000200                        _Min_Heap_Size = 0x200
                0x00000400                        _Min_Stack_Size = 0x400

.isr_vector     0x08000000      0x238
 *(.isr_vector)
 .isr_vector    0x08000000      0x238 ./Core/Startup/startup_stm32u585aiixq.o
                0x08000000                g_pfnVectors

.text           0x08000238     0x2390
 *(.text)
 .text          0x08000238       0x40 /home/psabela/st/stm32cubeide_1.10.1_2/plugins/com.st.stm32cube.ide.mcu.externaltools.gnu-tools-for-stm32.13.3.rel1.linux64_1.0.0.202410170706/tools/bin/../lib/gcc/arm-none-eabi/13.3.1/thumb/v8-m.main+fp/hard/crtbegin.o
 .text          0x08000278       0x54 ./Core/Src/exti_assembly.o
                0x08000278                EXTI_RTSR1_15_SET
                0x0800028c                EXTI_EXTICR15_DPORT
                0x080002a0                EXTI_IMR1_15_SET
                0x080002b4                EXTI_RPR1_15_SET
 .text          0x080002cc      0x428 ./Core/Src/gpio_assembly.o
                0x080002cc                GPIOE_MODER_Set_Alt_Function
                0x08000306                GPIOE_MODER_NSS_Output
                0x08000322                GPIOE_AFRH_Set_Alt_Function
                0x0800035a                GPIOE_OSPEEDR_Set
                0x0800037a                GPIOE_PUPDR_Set
                0x080003a2                GPIOE_PUPDR_NSS_DOWN
                0x080003b6                GPIOE_PUPDR_NSS_UP
                0x080003ca                GPIOE_BSRR_NSS_SET
                0x080003de                GPIOE_BSRR_NSS_RESET
                0x080003f2                GPIOE_OSPEEDR_NSS_HIGH
                0x0800040e                GPIOE_PUPDR_SCK_DOWN
                0x08000422                GPIOE_PUPDR_SCK_UP
                0x08000436                GPIOE_PUPDR_MISO_DOWN
                0x0800044a                GPIOE_PUPDR_MISO_UP
                0x0800045e                GPIOE_PUPDR_MOSI_DOWN
                0x08000472                GPIOE_PUPDR_MOSI_UP
                0x08000486                GPIOC_MODER_Input
                0x0800049c                GPIOC_PUPDR_NUND
                0x080004b2                GPIOC_PUPDR_RDY_UP
                0x080004c6                GPIOC_PUPDR_RDY_DOWN
                0x080004da                GPIOC_IDR_RDY_GET
                0x080004e6                GPIOC_LCKR_PIN1_LCKK_1
                0x080004fe                GPIOC_LCKR_PIN1_LCKK_0
                0x08000518                GPIOA_MODER_Set_Alt_Function
                0x08000534                GPIOA_AFRH_Set_Alt_Function
                0x08000548                GPIOA_OSPEEDR_Set
                0x0800055c                GPIOE_MODER_BUSY_INPUT
                0x08000572                GPIOE_PURDR_BUSY_NPUPD
                0x08000588                GPIOE_PURDR_BUSY_UP
                0x080005a4                GPIOE_IDR_BUSY_GET
                0x080005b0                GPIOD_MODER_DIO_INPUT
                0x080005c6                GPIOD_PUPDR_DIO_NPUPD
                0x080005dc                GPIOD_PUPDR_DIO_DOWN
                0x080005f0                GPIOD_PUPDR_DIO_UP
                0x08000604                GPIOD_IDR_DIO_GET
                0x08000610                GPIOF_MODER_RESET_Output
                0x0800062c                GPIOF_PUPDR_RESET_NPUPD
                0x08000642                GPIOF_PUPDR_RESET_UP
                0x0800065e                GPIOF_PUPDR_RESET_DOWN
                0x0800067a                GPIOF_BSRR_RESET_SET
                0x0800068e                GPIOF_BSRR_RESET_RESET
                0x080006a2                GPIOF_BSRR_RESET_SETRESET
                0x080006c6                GPIOF_OSPEEDR_SET_LOW
 .text          0x080006f4       0x4c ./Core/Src/nvic_assembly.o
                0x080006f4                NVIC_TIM8_Enable_Interupt
                0x08000702                NVIC_SPI1_Enable_Interupt
                0x08000710                NVIC_EXTI15_Enable_Interupt
                0x0800071e                NVIC_IPR6_EXTI15_priority
 .text          0x08000740      0x3f0 ./Core/Src/rcc_assembly.o
                0x08000740                ASM_RCC_APB2ENR_TIM8EN_Set
                0x08000754                ASM_RCC_APB3ENR_SYSCFGEN_Set
                0x08000768                ASM_RCC_AHB2ENR1_GPIOEEN_Set
                0x0800077c                ASM_RCC_AHB2ENR1_GPIOFEN_Set
                0x08000790                ASM_RCC_AHB2ENR1_GPIOAEN_Set
                0x080007a2                ASM_RCC_AHB2ENR1_GPIODEN_Set
                0x080007b6                ASM_RCC_AHB2ENR1_GPIOCEN_Set
                0x080007ca                ASM_RCC_APB2ENR_SPI1_Set
                0x080007de                ASM_RCC_CCIPR1_SPI1SEL_MSIK
                0x080007fa                ASM_RCC_CCIPR1_SPI1SEL_HSI16
                0x08000816                ASM_RCC_CCIPR1_SPI1SEL_PCLK2
                0x0800082c                ASM_RCC_CCIPR1_SPI1SEL_SYSCLK
                0x08000848                ASM_RCC_CFGR2_HPRE_2
                0x08000860                ASM_RCC_CFGR2_PCLK2_2
                0x0800087c                ASM_RCC_CFGR1_MCOSEL_HSI16
                0x08000898                ASM_RCC_CFGR1_MCOSEL_HSE
                0x080008b4                ASM_RCC_CFGR1_MCOSEL_MSIS
                0x080008d0                ASM_RCC_CFGR1_MCOSEL_MSIK
                0x080008ec                ASM_RCC_CFGR1_MCOSEL_SYSCLK
                0x08000908                ASM_RCC_CFGR1_MCOSEL_HSI48
                0x08000924                ASM_RCC_CFGR1_MCOSEL_PLL1
                0x08000940                ASM_RCC_CR_HSI16
                0x0800094e                ASM_RCC_CR_HSI16RDY
                0x0800095a                ASM_RCC_CR_HSI48
                0x08000968                ASM_RCC_CR_HSI48RDY
                0x08000974                ASM_RCC_CR_SYSCLK
                0x08000982                ASM_RCC_CR_SYSCLKRDY
                0x0800098e                ASM_RCC_CR_MSIK
                0x0800099c                ASM_RCC_CR_MSIKRDY
                0x080009a8                ASM_RCC_CR_MSIS
                0x080009b6                ASM_RCC_CR_MSISRDY
                0x080009c2                ASM_RCC_CR_HSE
                0x080009d0                ASM_RCC_CR_HSERDY
                0x080009dc                ASM_RCC_CR_PLL1
                0x080009ea                ASM_RCC_CR_PLL1RDY
                0x080009f6                ASM_RCC_PLL1CFGR_PLL1SRC_HSI16
                0x08000a0e                ASM_RCC_PLL1CFGR_PLL1PEN
                0x08000a22                ASM_RCC_PLL1CFGR_PLL1QEN
                0x08000a36                ASM_RCC_PLL1CFGR_PLL1REN
                0x08000a4a                ASM_RCC_PLL1CFGR_PLL1M_3
                0x08000a66                ASM_RCC_PLL1DIVR_PLL1N_4
                0x08000a88                ASM_RCC_PLL1DIVR_PLL1N_5
                0x08000aaa                ASM_RCC_PLL1DIVR_PLL1N_6
                0x08000acc                ASM_RCC_CFGR1_SW_PLL1
                0x08000ade                ASM_RCC_CFGR1_SWS
                0x08000aea                RUN_COUNTER
                0x08000af2                RESET_COUNTER
                0x08000af8                ASM_RCC_ICSCR1_MSIKRANGE_SET
                0x08000b14                ASM_RCC_ICSCR1_MSIRGSEL_1
 .text          0x08000b30      0x398 ./Core/Src/spi_master_assembly.o
                0x08000b30                ASM_SPI_IER_EOTIE_Set
                0x08000b44                ASM_SPI_IER_TXPIE_Set
                0x08000b58                ASM_SPI_IER_RXPIE_Set
                0x08000b6a                ASM_SPI_IER_TXTFIE_Set
                0x08000b7e                ASM_SPI_SR_Get
                0x08000b8a                ASM_SPI_IFCR_EOTC_Clear
                0x08000b9e                ASM_SPI_IFCR_OVRC
                0x08000bb2                ASM_SPI_IFCR_TXTFC
                0x08000bc6                ASM_SPI_CR2_TSIZE
                0x08000be6                ASM_SPI_CFG2_MASTER_Set
                0x08000bfa                ASM_SPI_CFG2_COMM_Full_Duplex
                0x08000c10                ASM_SPI_CFG2_CPOL_0
                0x08000c26                ASM_SPI_CFG2_CPOL_1
                0x08000c3a                ASM_SPI_CFG2_CPHA_0
                0x08000c50                ASM_SPI_CFG2_SSM_0
                0x08000c66                ASM_SPI_CFG2_SSM_1
                0x08000c7a                ASM_SPI_CFG2_SSOE_1
                0x08000c8e                ASM_SPI_CFG2_SSOE_0
                0x08000ca4                ASM_SPI_CFG1_DSIZE_8
                0x08000ca6                ASM_SPI_CFG1_FTHLV_2
                0x08000cc2                ASM_SPI_CFG1_FTHLV
                0x08000cde                ASM_SPI_CFG1_FTHLV_1
                0x08000cf4                ASM_SPI_CFG2_SSOM_1
                0x08000d08                ASM_SPI_CFG2_SSOM_0
                0x08000d1e                ASM_SPI_CFG2_MIDI_Set
                0x08000d3a                ASM_SPI_CFG2_MSSI_Set
                0x08000d56                ASM_SPI_CFG1_MBR_4
                0x08000d72                ASM_SPI_CFG1_MBR_256
                0x08000d86                ASM_SPI_CFG1_MBR_64
                0x08000d9a                ASM_SPI_CFG1_BPASS_0
                0x08000db0                ASM_SPI_CFG1_BPASS_1
                0x08000dc4                ASM_SPI_CFG2_LSBFRST_MSB
                0x08000dda                ASM_SPI_CFG2_LSBFRST_LSB
                0x08000dee                ASM_SPI_CFG2_AFCNTR_1
                0x08000e02                ASM_SPI_CR1_SPE_1
                0x08000e16                ASM_SPI_CR1_SPE_0
                0x08000e2c                ASM_SPI_CR1_CSTART_1
                0x08000e40                ASM_SPI_CR1_SSI_1
                0x08000e54                ASM_SPI_CR1_SSI_0
                0x08000e6a                ASM_SPI_TXDR_Set
                0x08000e78                ASM_SPI_RXDR_Get
                0x08000e84                ASM_SPI_CFG2_SSIOP_0
                0x08000e9a                ASM_SPI_CFG2_SSIOP_1
                0x08000eae                ASM_SPI_CFG2_RDIOM_1_SIMULATE_RDY
 .text          0x08000ec8      0x184 ./Core/Src/tim8_assembly.o
                0x08000ec8                TIM8_Set_PSC_Value
                0x08000edc                TIM8_Set_ARR_Value
                0x08000ef4                TIM8_Clear_UIF_Flag
                0x08000f08                TIM8_Set_CCnS_To_Channel_Output
                0x08000f1e                TIM8_Set_DITHEN_False
                0x08000f34                TIM8_Set_CCRn_WaveGen_Value
                0x08000f4c                TIM8_Clear_CC1IF_Flag
                0x08000f62                TIM8_Set_DIR_UpCounter
                0x08000f78                TIM8_Set_OCnM_To_Toggle_Mode
                0x08000f9c                TIM8_Set_CC1P_Polarity_ActiveHigh
                0x08000fb2                TIM8_Set_CCnE_Output_Enable_To_GPIO
                0x08000fc4                TIM8_Set_CEN_Counter_Enable
                0x08000fd6                TIM8_Set_CEN_Counter_Disable
                0x08000fea                TIM8_Set_MMS_Update_Trigger_Output
                0x08001006                TIM8_Set_UIF_Update_Interrupt_Enable
                0x08001018                TIM8_Set_CC1IE_Update_Interrupt_Enable
                0x0800102c                TIM8_Get_SR_Status
                0x08001032                TIM8_RCR_Set
 *(.text*)
 .text.ITM_SendChar
                0x0800104c       0x4e ./Core/Src/main.o
 .text._write   0x0800109a       0x38 ./Core/Src/main.o
                0x0800109a                _write
 *fill*         0x080010d2        0x2 
 .text.main     0x080010d4       0x6c ./Core/Src/main.o
                0x080010d4                main
 .text.SubmitCommand
                0x08001140      0x108 ./Core/Src/main.o
                0x08001140                SubmitCommand
 .text.lora_command
                0x08001248       0x50 ./Core/Src/main.o
                0x08001248                lora_command
 .text.SPI1_IRQHandler
                0x08001298      0x140 ./Core/Src/main.o
                0x08001298                SPI1_IRQHandler
 .text.EXTI15_IRQHandler
                0x080013d8        0xc ./Core/Src/main.o
                0x080013d8                EXTI15_IRQHandler
 .text.RCC_init
                0x080013e4       0x6a ./Core/Src/main.o
                0x080013e4                RCC_init
 .text.GPIO_Lora_Init
                0x0800144e       0x1c ./Core/Src/main.o
                0x0800144e                GPIO_Lora_Init
 .text.GPIO_SPI_init
                0x0800146a       0x34 ./Core/Src/main.o
                0x0800146a                GPIO_SPI_init
 .text.DIO_EXTI_init
                0x0800149e       0x20 ./Core/Src/main.o
                0x0800149e                DIO_EXTI_init
 .text.SPI_init
                0x080014be       0x5c ./Core/Src/main.o
                0x080014be                SPI_init
 *fill*         0x0800151a        0x2 
 .text.TIM8_UP_IRQHandler
                0x0800151c       0x30 ./Core/Src/main.o
                0x0800151c                TIM8_UP_IRQHandler
 .text.Get_SYSCLK_Freq
                0x0800154c       0xb4 ./Core/Src/main.o
                0x0800154c                Get_SYSCLK_Freq
 .text.DWT_Init
                0x08001600       0x34 ./Core/Src/main.o
                0x08001600                DWT_Init
 .text.delay_us
                0x08001634       0x4c ./Core/Src/main.o
                0x08001634                delay_us
 .text.Reset_Handler
                0x08001680       0x4c ./Core/Startup/startup_stm32u585aiixq.o
                0x08001680                Reset_Handler
 .text.Default_Handler
                0x080016cc        0x2 ./Core/Startup/startup_stm32u585aiixq.o
                0x080016cc                EXTI2_IRQHandler
                0x080016cc                TIM8_TRG_COM_IRQHandler
                0x080016cc                TIM8_CC_IRQHandler
                0x080016cc                EXTI5_IRQHandler
                0x080016cc                DebugMon_Handler
                0x080016cc                FLASH_S_IRQHandler
                0x080016cc                EXTI13_IRQHandler
                0x080016cc                TIM1_CC_IRQHandler
                0x080016cc                TSC_IRQHandler
                0x080016cc                HardFault_Handler
                0x080016cc                TAMP_IRQHandler
                0x080016cc                TIM6_IRQHandler
                0x080016cc                EXTI12_IRQHandler
                0x080016cc                CORDIC_IRQHandler
                0x080016cc                SysTick_Handler
                0x080016cc                PendSV_Handler
                0x080016cc                NMI_Handler
                0x080016cc                EXTI3_IRQHandler
                0x080016cc                LPTIM4_IRQHandler
                0x080016cc                GPDMA1_Channel5_IRQHandler
                0x080016cc                EXTI8_IRQHandler
                0x080016cc                LPTIM2_IRQHandler
                0x080016cc                I2C3_ER_IRQHandler
                0x080016cc                PWR_S3WU_IRQHandler
                0x080016cc                MDF1_FLT2_IRQHandler
                0x080016cc                LPDMA1_Channel3_IRQHandler
                0x080016cc                LPTIM3_IRQHandler
                0x080016cc                EXTI0_IRQHandler
                0x080016cc                I2C2_EV_IRQHandler
                0x080016cc                FPU_IRQHandler
                0x080016cc                GPDMA1_Channel3_IRQHandler
                0x080016cc                GPDMA1_Channel7_IRQHandler
                0x080016cc                MDF1_FLT4_IRQHandler
                0x080016cc                FDCAN1_IT1_IRQHandler
                0x080016cc                RAMCFG_IRQHandler
                0x080016cc                UsageFault_Handler
                0x080016cc                GPDMA1_Channel9_IRQHandler
                0x080016cc                DCACHE1_IRQHandler
                0x080016cc                OCTOSPI1_IRQHandler
                0x080016cc                GPDMA1_Channel2_IRQHandler
                0x080016cc                RCC_S_IRQHandler
                0x080016cc                OCTOSPI2_IRQHandler
                0x080016cc                SAI2_IRQHandler
                0x080016cc                MDF1_FLT1_IRQHandler
                0x080016cc                ADC1_IRQHandler
                0x080016cc                PKA_IRQHandler
                0x080016cc                MDF1_FLT5_IRQHandler
                0x080016cc                TIM17_IRQHandler
                0x080016cc                USART3_IRQHandler
                0x080016cc                RTC_IRQHandler
                0x080016cc                EXTI9_IRQHandler
                0x080016cc                UART5_IRQHandler
                0x080016cc                TIM4_IRQHandler
                0x080016cc                I2C1_EV_IRQHandler
                0x080016cc                GPDMA1_Channel12_IRQHandler
                0x080016cc                GPDMA1_Channel1_IRQHandler
                0x080016cc                TIM16_IRQHandler
                0x080016cc                GPDMA1_Channel15_IRQHandler
                0x080016cc                UART4_IRQHandler
                0x080016cc                SecureFault_Handler
                0x080016cc                TIM3_IRQHandler
                0x080016cc                RCC_IRQHandler
                0x080016cc                TIM1_TRG_COM_IRQHandler
                0x080016cc                Default_Handler
                0x080016cc                GPDMA1_Channel8_IRQHandler
                0x080016cc                FMAC_IRQHandler
                0x080016cc                OTFDEC1_IRQHandler
                0x080016cc                GPDMA1_Channel11_IRQHandler
                0x080016cc                TIM7_IRQHandler
                0x080016cc                SDMMC1_IRQHandler
                0x080016cc                SAES_IRQHandler
                0x080016cc                TIM5_IRQHandler
                0x080016cc                UCPD1_IRQHandler
                0x080016cc                GPDMA1_Channel0_IRQHandler
                0x080016cc                TIM15_IRQHandler
                0x080016cc                I2C3_EV_IRQHandler
                0x080016cc                LPDMA1_Channel0_IRQHandler
                0x080016cc                PVD_PVM_IRQHandler
                0x080016cc                SPI2_IRQHandler
                0x080016cc                MemManage_Handler
                0x080016cc                LPDMA1_Channel1_IRQHandler
                0x080016cc                EXTI14_IRQHandler
                0x080016cc                EXTI11_IRQHandler
                0x080016cc                OTFDEC2_IRQHandler
                0x080016cc                SVC_Handler
                0x080016cc                CRS_IRQHandler
                0x080016cc                GPDMA1_Channel14_IRQHandler
                0x080016cc                LSECSSD_IRQHandler
                0x080016cc                EXTI4_IRQHandler
                0x080016cc                RTC_S_IRQHandler
                0x080016cc                GPDMA1_Channel13_IRQHandler
                0x080016cc                RNG_IRQHandler
                0x080016cc                COMP_IRQHandler
                0x080016cc                TIM1_UP_IRQHandler
                0x080016cc                ADC4_IRQHandler
                0x080016cc                WWDG_IRQHandler
                0x080016cc                I2C4_EV_IRQHandler
                0x080016cc                ADF1_IRQHandler
                0x080016cc                IWDG_IRQHandler
                0x080016cc                LPUART1_IRQHandler
                0x080016cc                MDF1_FLT0_IRQHandler
                0x080016cc                FDCAN1_IT0_IRQHandler
                0x080016cc                TIM2_IRQHandler
                0x080016cc                GPDMA1_Channel4_IRQHandler
                0x080016cc                EXTI7_IRQHandler
                0x080016cc                DMA2D_IRQHandler
                0x080016cc                TIM1_BRK_IRQHandler
                0x080016cc                EXTI1_IRQHandler
                0x080016cc                SDMMC2_IRQHandler
                0x080016cc                AES_IRQHandler
                0x080016cc                DAC1_IRQHandler
                0x080016cc                GTZC_IRQHandler
                0x080016cc                MDF1_FLT3_IRQHandler
                0x080016cc                USART2_IRQHandler
                0x080016cc                GPDMA1_Channel6_IRQHandler
                0x080016cc                I2C2_ER_IRQHandler
                0x080016cc                TIM8_BRK_IRQHandler
                0x080016cc                FLASH_IRQHandler
                0x080016cc                BusFault_Handler
                0x080016cc                USART1_IRQHandler
                0x080016cc                EXTI10_IRQHandler
                0x080016cc                OTG_FS_IRQHandler
                0x080016cc                SPI3_IRQHandler
                0x080016cc                LPDMA1_Channel2_IRQHandler
                0x080016cc                I2C1_ER_IRQHandler
                0x080016cc                FMC_IRQHandler
                0x080016cc                EXTI6_IRQHandler
                0x080016cc                LPTIM1_IRQHandler
                0x080016cc                DCMI_PSSI_IRQHandler
                0x080016cc                I2C4_ER_IRQHandler
                0x080016cc                GPDMA1_Channel10_IRQHandler
                0x080016cc                ICACHE_IRQHandler
                0x080016cc                SAI1_IRQHandler
                0x080016cc                HASH_IRQHandler
 *fill*         0x080016ce        0x2 
 .text.std      0x080016d0       0x6c /home/psabela/st/stm32cubeide_1.10.1_2/plugins/com.st.stm32cube.ide.mcu.externaltools.gnu-tools-for-stm32.13.3.rel1.linux64_1.0.0.202410170706/tools/bin/../lib/gcc/arm-none-eabi/13.3.1/../../../../arm-none-eabi/lib/thumb/v8-m.main+fp/hard/libc_nano.a(libc_a-findfp.o)
 .text.stdio_exit_handler
                0x0800173c       0x18 /home/psabela/st/stm32cubeide_1.10.1_2/plugins/com.st.stm32cube.ide.mcu.externaltools.gnu-tools-for-stm32.13.3.rel1.linux64_1.0.0.202410170706/tools/bin/../lib/gcc/arm-none-eabi/13.3.1/../../../../arm-none-eabi/lib/thumb/v8-m.main+fp/hard/libc_nano.a(libc_a-findfp.o)
 .text.cleanup_stdio
                0x08001754       0x40 /home/psabela/st/stm32cubeide_1.10.1_2/plugins/com.st.stm32cube.ide.mcu.externaltools.gnu-tools-for-stm32.13.3.rel1.linux64_1.0.0.202410170706/tools/bin/../lib/gcc/arm-none-eabi/13.3.1/../../../../arm-none-eabi/lib/thumb/v8-m.main+fp/hard/libc_nano.a(libc_a-findfp.o)
 .text.global_stdio_init.part.0
                0x08001794       0x3c /home/psabela/st/stm32cubeide_1.10.1_2/plugins/com.st.stm32cube.ide.mcu.externaltools.gnu-tools-for-stm32.13.3.rel1.linux64_1.0.0.202410170706/tools/bin/../lib/gcc/arm-none-eabi/13.3.1/../../../../arm-none-eabi/lib/thumb/v8-m.main+fp/hard/libc_nano.a(libc_a-findfp.o)
 .text.__sfp_lock_acquire
                0x080017d0        0xc /home/psabela/st/stm32cubeide_1.10.1_2/plugins/com.st.stm32cube.ide.mcu.externaltools.gnu-tools-for-stm32.13.3.rel1.linux64_1.0.0.202410170706/tools/bin/../lib/gcc/arm-none-eabi/13.3.1/../../../../arm-none-eabi/lib/thumb/v8-m.main+fp/hard/libc_nano.a(libc_a-findfp.o)
                0x080017d0                __sfp_lock_acquire
 .text.__sfp_lock_release
                0x080017dc        0xc /home/psabela/st/stm32cubeide_1.10.1_2/plugins/com.st.stm32cube.ide.mcu.externaltools.gnu-tools-for-stm32.13.3.rel1.linux64_1.0.0.202410170706/tools/bin/../lib/gcc/arm-none-eabi/13.3.1/../../../../arm-none-eabi/lib/thumb/v8-m.main+fp/hard/libc_nano.a(libc_a-findfp.o)
                0x080017dc                __sfp_lock_release
 .text.__sinit  0x080017e8       0x30 /home/psabela/st/stm32cubeide_1.10.1_2/plugins/com.st.stm32cube.ide.mcu.externaltools.gnu-tools-for-stm32.13.3.rel1.linux64_1.0.0.202410170706/tools/bin/../lib/gcc/arm-none-eabi/13.3.1/../../../../arm-none-eabi/lib/thumb/v8-m.main+fp/hard/libc_nano.a(libc_a-findfp.o)
                0x080017e8                __sinit
 .text._fwalk_sglue
                0x08001818       0x3c /home/psabela/st/stm32cubeide_1.10.1_2/plugins/com.st.stm32cube.ide.mcu.externaltools.gnu-tools-for-stm32.13.3.rel1.linux64_1.0.0.202410170706/tools/bin/../lib/gcc/arm-none-eabi/13.3.1/../../../../arm-none-eabi/lib/thumb/v8-m.main+fp/hard/libc_nano.a(libc_a-fwalk.o)
                0x08001818                _fwalk_sglue
 .text.printf   0x08001854       0x24 /home/psabela/st/stm32cubeide_1.10.1_2/plugins/com.st.stm32cube.ide.mcu.externaltools.gnu-tools-for-stm32.13.3.rel1.linux64_1.0.0.202410170706/tools/bin/../lib/gcc/arm-none-eabi/13.3.1/../../../../arm-none-eabi/lib/thumb/v8-m.main+fp/hard/libc_nano.a(libc_a-printf.o)
                0x08001854                printf
                0x08001854                iprintf
 .text.__sread  0x08001878       0x22 /home/psabela/st/stm32cubeide_1.10.1_2/plugins/com.st.stm32cube.ide.mcu.externaltools.gnu-tools-for-stm32.13.3.rel1.linux64_1.0.0.202410170706/tools/bin/../lib/gcc/arm-none-eabi/13.3.1/../../../../arm-none-eabi/lib/thumb/v8-m.main+fp/hard/libc_nano.a(libc_a-stdio.o)
                0x08001878                __sread
 .text.__swrite
                0x0800189a       0x38 /home/psabela/st/stm32cubeide_1.10.1_2/plugins/com.st.stm32cube.ide.mcu.externaltools.gnu-tools-for-stm32.13.3.rel1.linux64_1.0.0.202410170706/tools/bin/../lib/gcc/arm-none-eabi/13.3.1/../../../../arm-none-eabi/lib/thumb/v8-m.main+fp/hard/libc_nano.a(libc_a-stdio.o)
                0x0800189a                __swrite
 .text.__sseek  0x080018d2       0x24 /home/psabela/st/stm32cubeide_1.10.1_2/plugins/com.st.stm32cube.ide.mcu.externaltools.gnu-tools-for-stm32.13.3.rel1.linux64_1.0.0.202410170706/tools/bin/../lib/gcc/arm-none-eabi/13.3.1/../../../../arm-none-eabi/lib/thumb/v8-m.main+fp/hard/libc_nano.a(libc_a-stdio.o)
                0x080018d2                __sseek
 .text.__sclose
                0x080018f6        0x8 /home/psabela/st/stm32cubeide_1.10.1_2/plugins/com.st.stm32cube.ide.mcu.externaltools.gnu-tools-for-stm32.13.3.rel1.linux64_1.0.0.202410170706/tools/bin/../lib/gcc/arm-none-eabi/13.3.1/../../../../arm-none-eabi/lib/thumb/v8-m.main+fp/hard/libc_nano.a(libc_a-stdio.o)
                0x080018f6                __sclose
 .text.memset   0x080018fe       0x10 /home/psabela/st/stm32cubeide_1.10.1_2/plugins/com.st.stm32cube.ide.mcu.externaltools.gnu-tools-for-stm32.13.3.rel1.linux64_1.0.0.202410170706/tools/bin/../lib/gcc/arm-none-eabi/13.3.1/../../../../arm-none-eabi/lib/thumb/v8-m.main+fp/hard/libc_nano.a(libc_a-memset.o)
                0x080018fe                memset
 *fill*         0x0800190e        0x2 
 .text._close_r
                0x08001910       0x20 /home/psabela/st/stm32cubeide_1.10.1_2/plugins/com.st.stm32cube.ide.mcu.externaltools.gnu-tools-for-stm32.13.3.rel1.linux64_1.0.0.202410170706/tools/bin/../lib/gcc/arm-none-eabi/13.3.1/../../../../arm-none-eabi/lib/thumb/v8-m.main+fp/hard/libc_nano.a(libc_a-closer.o)
                0x08001910                _close_r
 .text._lseek_r
                0x08001930       0x24 /home/psabela/st/stm32cubeide_1.10.1_2/plugins/com.st.stm32cube.ide.mcu.externaltools.gnu-tools-for-stm32.13.3.rel1.linux64_1.0.0.202410170706/tools/bin/../lib/gcc/arm-none-eabi/13.3.1/../../../../arm-none-eabi/lib/thumb/v8-m.main+fp/hard/libc_nano.a(libc_a-lseekr.o)
                0x08001930                _lseek_r
 .text._read_r  0x08001954       0x24 /home/psabela/st/stm32cubeide_1.10.1_2/plugins/com.st.stm32cube.ide.mcu.externaltools.gnu-tools-for-stm32.13.3.rel1.linux64_1.0.0.202410170706/tools/bin/../lib/gcc/arm-none-eabi/13.3.1/../../../../arm-none-eabi/lib/thumb/v8-m.main+fp/hard/libc_nano.a(libc_a-readr.o)
                0x08001954                _read_r
 .text._write_r
                0x08001978       0x24 /home/psabela/st/stm32cubeide_1.10.1_2/plugins/com.st.stm32cube.ide.mcu.externaltools.gnu-tools-for-stm32.13.3.rel1.linux64_1.0.0.202410170706/tools/bin/../lib/gcc/arm-none-eabi/13.3.1/../../../../arm-none-eabi/lib/thumb/v8-m.main+fp/hard/libc_nano.a(libc_a-writer.o)
                0x08001978                _write_r
 .text.__libc_init_array
                0x0800199c       0x48 /home/psabela/st/stm32cubeide_1.10.1_2/plugins/com.st.stm32cube.ide.mcu.externaltools.gnu-tools-for-stm32.13.3.rel1.linux64_1.0.0.202410170706/tools/bin/../lib/gcc/arm-none-eabi/13.3.1/../../../../arm-none-eabi/lib/thumb/v8-m.main+fp/hard/libc_nano.a(libc_a-init.o)
                0x0800199c                __libc_init_array
 .text.__retarget_lock_init_recursive
                0x080019e4        0x2 /home/psabela/st/stm32cubeide_1.10.1_2/plugins/com.st.stm32cube.ide.mcu.externaltools.gnu-tools-for-stm32.13.3.rel1.linux64_1.0.0.202410170706/tools/bin/../lib/gcc/arm-none-eabi/13.3.1/../../../../arm-none-eabi/lib/thumb/v8-m.main+fp/hard/libc_nano.a(libc_a-lock.o)
                0x080019e4                __retarget_lock_init_recursive
 .text.__retarget_lock_acquire_recursive
                0x080019e6        0x2 /home/psabela/st/stm32cubeide_1.10.1_2/plugins/com.st.stm32cube.ide.mcu.externaltools.gnu-tools-for-stm32.13.3.rel1.linux64_1.0.0.202410170706/tools/bin/../lib/gcc/arm-none-eabi/13.3.1/../../../../arm-none-eabi/lib/thumb/v8-m.main+fp/hard/libc_nano.a(libc_a-lock.o)
                0x080019e6                __retarget_lock_acquire_recursive
 .text.__retarget_lock_release_recursive
                0x080019e8        0x2 /home/psabela/st/stm32cubeide_1.10.1_2/plugins/com.st.stm32cube.ide.mcu.externaltools.gnu-tools-for-stm32.13.3.rel1.linux64_1.0.0.202410170706/tools/bin/../lib/gcc/arm-none-eabi/13.3.1/../../../../arm-none-eabi/lib/thumb/v8-m.main+fp/hard/libc_nano.a(libc_a-lock.o)
                0x080019e8                __retarget_lock_release_recursive
 *fill*         0x080019ea        0x2 
 .text._free_r  0x080019ec       0x94 /home/psabela/st/stm32cubeide_1.10.1_2/plugins/com.st.stm32cube.ide.mcu.externaltools.gnu-tools-for-stm32.13.3.rel1.linux64_1.0.0.202410170706/tools/bin/../lib/gcc/arm-none-eabi/13.3.1/../../../../arm-none-eabi/lib/thumb/v8-m.main+fp/hard/libc_nano.a(libc_a-freer.o)
                0x080019ec                _free_r
 .text.sbrk_aligned
                0x08001a80       0x44 /home/psabela/st/stm32cubeide_1.10.1_2/plugins/com.st.stm32cube.ide.mcu.externaltools.gnu-tools-for-stm32.13.3.rel1.linux64_1.0.0.202410170706/tools/bin/../lib/gcc/arm-none-eabi/13.3.1/../../../../arm-none-eabi/lib/thumb/v8-m.main+fp/hard/libc_nano.a(libc_a-mallocr.o)
 .text._malloc_r
                0x08001ac4      0x100 /home/psabela/st/stm32cubeide_1.10.1_2/plugins/com.st.stm32cube.ide.mcu.externaltools.gnu-tools-for-stm32.13.3.rel1.linux64_1.0.0.202410170706/tools/bin/../lib/gcc/arm-none-eabi/13.3.1/../../../../arm-none-eabi/lib/thumb/v8-m.main+fp/hard/libc_nano.a(libc_a-mallocr.o)
                0x08001ac4                _malloc_r
 .text.__malloc_lock
                0x08001bc4        0xc /home/psabela/st/stm32cubeide_1.10.1_2/plugins/com.st.stm32cube.ide.mcu.externaltools.gnu-tools-for-stm32.13.3.rel1.linux64_1.0.0.202410170706/tools/bin/../lib/gcc/arm-none-eabi/13.3.1/../../../../arm-none-eabi/lib/thumb/v8-m.main+fp/hard/libc_nano.a(libc_a-mlock.o)
                0x08001bc4                __malloc_lock
 .text.__malloc_unlock
                0x08001bd0        0xc /home/psabela/st/stm32cubeide_1.10.1_2/plugins/com.st.stm32cube.ide.mcu.externaltools.gnu-tools-for-stm32.13.3.rel1.linux64_1.0.0.202410170706/tools/bin/../lib/gcc/arm-none-eabi/13.3.1/../../../../arm-none-eabi/lib/thumb/v8-m.main+fp/hard/libc_nano.a(libc_a-mlock.o)
                0x08001bd0                __malloc_unlock
 .text.__sfputc_r
                0x08001bdc       0x2e /home/psabela/st/stm32cubeide_1.10.1_2/plugins/com.st.stm32cube.ide.mcu.externaltools.gnu-tools-for-stm32.13.3.rel1.linux64_1.0.0.202410170706/tools/bin/../lib/gcc/arm-none-eabi/13.3.1/../../../../arm-none-eabi/lib/thumb/v8-m.main+fp/hard/libc_nano.a(libc_a-nano-vfprintf.o)
 .text.__sfputs_r
                0x08001c0a       0x24 /home/psabela/st/stm32cubeide_1.10.1_2/plugins/com.st.stm32cube.ide.mcu.externaltools.gnu-tools-for-stm32.13.3.rel1.linux64_1.0.0.202410170706/tools/bin/../lib/gcc/arm-none-eabi/13.3.1/../../../../arm-none-eabi/lib/thumb/v8-m.main+fp/hard/libc_nano.a(libc_a-nano-vfprintf.o)
                0x08001c0a                __sfputs_r
 *fill*         0x08001c2e        0x2 
 .text._vfprintf_r
                0x08001c30      0x230 /home/psabela/st/stm32cubeide_1.10.1_2/plugins/com.st.stm32cube.ide.mcu.externaltools.gnu-tools-for-stm32.13.3.rel1.linux64_1.0.0.202410170706/tools/bin/../lib/gcc/arm-none-eabi/13.3.1/../../../../arm-none-eabi/lib/thumb/v8-m.main+fp/hard/libc_nano.a(libc_a-nano-vfprintf.o)
                0x08001c30                _vfiprintf_r
                0x08001c30                _vfprintf_r
 .text._printf_common
                0x08001e60       0xe4 /home/psabela/st/stm32cubeide_1.10.1_2/plugins/com.st.stm32cube.ide.mcu.externaltools.gnu-tools-for-stm32.13.3.rel1.linux64_1.0.0.202410170706/tools/bin/../lib/gcc/arm-none-eabi/13.3.1/../../../../arm-none-eabi/lib/thumb/v8-m.main+fp/hard/libc_nano.a(libc_a-nano-vfprintf_i.o)
                0x08001e60                _printf_common
 .text._printf_i
                0x08001f44      0x23c /home/psabela/st/stm32cubeide_1.10.1_2/plugins/com.st.stm32cube.ide.mcu.externaltools.gnu-tools-for-stm32.13.3.rel1.linux64_1.0.0.202410170706/tools/bin/../lib/gcc/arm-none-eabi/13.3.1/../../../../arm-none-eabi/lib/thumb/v8-m.main+fp/hard/libc_nano.a(libc_a-nano-vfprintf_i.o)
                0x08001f44                _printf_i
 .text.__sflush_r
                0x08002180      0x108 /home/psabela/st/stm32cubeide_1.10.1_2/plugins/com.st.stm32cube.ide.mcu.externaltools.gnu-tools-for-stm32.13.3.rel1.linux64_1.0.0.202410170706/tools/bin/../lib/gcc/arm-none-eabi/13.3.1/../../../../arm-none-eabi/lib/thumb/v8-m.main+fp/hard/libc_nano.a(libc_a-fflush.o)
                0x08002180                __sflush_r
 .text._fflush_r
                0x08002288       0x50 /home/psabela/st/stm32cubeide_1.10.1_2/plugins/com.st.stm32cube.ide.mcu.externaltools.gnu-tools-for-stm32.13.3.rel1.linux64_1.0.0.202410170706/tools/bin/../lib/gcc/arm-none-eabi/13.3.1/../../../../arm-none-eabi/lib/thumb/v8-m.main+fp/hard/libc_nano.a(libc_a-fflush.o)
                0x08002288                _fflush_r
 .text.__swbuf_r
                0x080022d8       0x7c /home/psabela/st/stm32cubeide_1.10.1_2/plugins/com.st.stm32cube.ide.mcu.externaltools.gnu-tools-for-stm32.13.3.rel1.linux64_1.0.0.202410170706/tools/bin/../lib/gcc/arm-none-eabi/13.3.1/../../../../arm-none-eabi/lib/thumb/v8-m.main+fp/hard/libc_nano.a(libc_a-wbuf.o)
                0x080022d8                __swbuf_r
 .text.__swsetup_r
                0x08002354       0xac /home/psabela/st/stm32cubeide_1.10.1_2/plugins/com.st.stm32cube.ide.mcu.externaltools.gnu-tools-for-stm32.13.3.rel1.linux64_1.0.0.202410170706/tools/bin/../lib/gcc/arm-none-eabi/13.3.1/../../../../arm-none-eabi/lib/thumb/v8-m.main+fp/hard/libc_nano.a(libc_a-wsetup.o)
                0x08002354                __swsetup_r
 .text._sbrk_r  0x08002400       0x20 /home/psabela/st/stm32cubeide_1.10.1_2/plugins/com.st.stm32cube.ide.mcu.externaltools.gnu-tools-for-stm32.13.3.rel1.linux64_1.0.0.202410170706/tools/bin/../lib/gcc/arm-none-eabi/13.3.1/../../../../arm-none-eabi/lib/thumb/v8-m.main+fp/hard/libc_nano.a(libc_a-sbrkr.o)
                0x08002400                _sbrk_r
 .text.memchr   0x08002420       0x1c /home/psabela/st/stm32cubeide_1.10.1_2/plugins/com.st.stm32cube.ide.mcu.externaltools.gnu-tools-for-stm32.13.3.rel1.linux64_1.0.0.202410170706/tools/bin/../lib/gcc/arm-none-eabi/13.3.1/../../../../arm-none-eabi/lib/thumb/v8-m.main+fp/hard/libc_nano.a(libc_a-memchr-stub.o)
                0x08002420                memchr
 .text.__swhatbuf_r
                0x0800243c       0x4a /home/psabela/st/stm32cubeide_1.10.1_2/plugins/com.st.stm32cube.ide.mcu.externaltools.gnu-tools-for-stm32.13.3.rel1.linux64_1.0.0.202410170706/tools/bin/../lib/gcc/arm-none-eabi/13.3.1/../../../../arm-none-eabi/lib/thumb/v8-m.main+fp/hard/libc_nano.a(libc_a-makebuf.o)
                0x0800243c                __swhatbuf_r
 .text.__smakebuf_r
                0x08002486       0x78 /home/psabela/st/stm32cubeide_1.10.1_2/plugins/com.st.stm32cube.ide.mcu.externaltools.gnu-tools-for-stm32.13.3.rel1.linux64_1.0.0.202410170706/tools/bin/../lib/gcc/arm-none-eabi/13.3.1/../../../../arm-none-eabi/lib/thumb/v8-m.main+fp/hard/libc_nano.a(libc_a-makebuf.o)
                0x08002486                __smakebuf_r
 *fill*         0x080024fe        0x2 
 .text._fstat_r
                0x08002500       0x24 /home/psabela/st/stm32cubeide_1.10.1_2/plugins/com.st.stm32cube.ide.mcu.externaltools.gnu-tools-for-stm32.13.3.rel1.linux64_1.0.0.202410170706/tools/bin/../lib/gcc/arm-none-eabi/13.3.1/../../../../arm-none-eabi/lib/thumb/v8-m.main+fp/hard/libc_nano.a(libc_a-fstatr.o)
                0x08002500                _fstat_r
 .text._isatty_r
                0x08002524       0x20 /home/psabela/st/stm32cubeide_1.10.1_2/plugins/com.st.stm32cube.ide.mcu.externaltools.gnu-tools-for-stm32.13.3.rel1.linux64_1.0.0.202410170706/tools/bin/../lib/gcc/arm-none-eabi/13.3.1/../../../../arm-none-eabi/lib/thumb/v8-m.main+fp/hard/libc_nano.a(libc_a-isattyr.o)
                0x08002524                _isatty_r
 .text._close   0x08002544       0x10 /home/psabela/st/stm32cubeide_1.10.1_2/plugins/com.st.stm32cube.ide.mcu.externaltools.gnu-tools-for-stm32.13.3.rel1.linux64_1.0.0.202410170706/tools/bin/../lib/gcc/arm-none-eabi/13.3.1/../../../../arm-none-eabi/lib/thumb/v8-m.main+fp/hard/libnosys.a(close.o)
                0x08002544                _close
 .text._fstat   0x08002554       0x10 /home/psabela/st/stm32cubeide_1.10.1_2/plugins/com.st.stm32cube.ide.mcu.externaltools.gnu-tools-for-stm32.13.3.rel1.linux64_1.0.0.202410170706/tools/bin/../lib/gcc/arm-none-eabi/13.3.1/../../../../arm-none-eabi/lib/thumb/v8-m.main+fp/hard/libnosys.a(fstat.o)
                0x08002554                _fstat
 .text._isatty  0x08002564       0x10 /home/psabela/st/stm32cubeide_1.10.1_2/plugins/com.st.stm32cube.ide.mcu.externaltools.gnu-tools-for-stm32.13.3.rel1.linux64_1.0.0.202410170706/tools/bin/../lib/gcc/arm-none-eabi/13.3.1/../../../../arm-none-eabi/lib/thumb/v8-m.main+fp/hard/libnosys.a(isatty.o)
                0x08002564                _isatty
 .text._lseek   0x08002574       0x10 /home/psabela/st/stm32cubeide_1.10.1_2/plugins/com.st.stm32cube.ide.mcu.externaltools.gnu-tools-for-stm32.13.3.rel1.linux64_1.0.0.202410170706/tools/bin/../lib/gcc/arm-none-eabi/13.3.1/../../../../arm-none-eabi/lib/thumb/v8-m.main+fp/hard/libnosys.a(lseek.o)
                0x08002574                _lseek
 .text._read    0x08002584       0x10 /home/psabela/st/stm32cubeide_1.10.1_2/plugins/com.st.stm32cube.ide.mcu.externaltools.gnu-tools-for-stm32.13.3.rel1.linux64_1.0.0.202410170706/tools/bin/../lib/gcc/arm-none-eabi/13.3.1/../../../../arm-none-eabi/lib/thumb/v8-m.main+fp/hard/libnosys.a(read.o)
                0x08002584                _read
 .text._sbrk    0x08002594       0x1c /home/psabela/st/stm32cubeide_1.10.1_2/plugins/com.st.stm32cube.ide.mcu.externaltools.gnu-tools-for-stm32.13.3.rel1.linux64_1.0.0.202410170706/tools/bin/../lib/gcc/arm-none-eabi/13.3.1/../../../../arm-none-eabi/lib/thumb/v8-m.main+fp/hard/libnosys.a(sbrk.o)
                0x08002594                _sbrk
 *(.glue_7)
 .glue_7        0x080025b0        0x0 linker stubs
 *(.glue_7t)
 .glue_7t       0x080025b0        0x0 linker stubs
 *(.eh_frame)
 .eh_frame      0x080025b0        0x0 /home/psabela/st/stm32cubeide_1.10.1_2/plugins/com.st.stm32cube.ide.mcu.externaltools.gnu-tools-for-stm32.13.3.rel1.linux64_1.0.0.202410170706/tools/bin/../lib/gcc/arm-none-eabi/13.3.1/thumb/v8-m.main+fp/hard/crtbegin.o
 *(.init)
 .init          0x080025b0        0x4 /home/psabela/st/stm32cubeide_1.10.1_2/plugins/com.st.stm32cube.ide.mcu.externaltools.gnu-tools-for-stm32.13.3.rel1.linux64_1.0.0.202410170706/tools/bin/../lib/gcc/arm-none-eabi/13.3.1/thumb/v8-m.main+fp/hard/crti.o
                0x080025b0                _init
 .init          0x080025b4        0x8 /home/psabela/st/stm32cubeide_1.10.1_2/plugins/com.st.stm32cube.ide.mcu.externaltools.gnu-tools-for-stm32.13.3.rel1.linux64_1.0.0.202410170706/tools/bin/../lib/gcc/arm-none-eabi/13.3.1/thumb/v8-m.main+fp/hard/crtn.o
 *(.fini)
 .fini          0x080025bc        0x4 /home/psabela/st/stm32cubeide_1.10.1_2/plugins/com.st.stm32cube.ide.mcu.externaltools.gnu-tools-for-stm32.13.3.rel1.linux64_1.0.0.202410170706/tools/bin/../lib/gcc/arm-none-eabi/13.3.1/thumb/v8-m.main+fp/hard/crti.o
                0x080025bc                _fini
 .fini          0x080025c0        0x8 /home/psabela/st/stm32cubeide_1.10.1_2/plugins/com.st.stm32cube.ide.mcu.externaltools.gnu-tools-for-stm32.13.3.rel1.linux64_1.0.0.202410170706/tools/bin/../lib/gcc/arm-none-eabi/13.3.1/thumb/v8-m.main+fp/hard/crtn.o
                0x080025c8                        _etext = .

.vfp11_veneer   0x080025c8        0x0
 .vfp11_veneer  0x080025c8        0x0 linker stubs

.v4_bx          0x080025c8        0x0
 .v4_bx         0x080025c8        0x0 linker stubs

.iplt           0x080025c8        0x0
 .iplt          0x080025c8        0x0 /home/psabela/st/stm32cubeide_1.10.1_2/plugins/com.st.stm32cube.ide.mcu.externaltools.gnu-tools-for-stm32.13.3.rel1.linux64_1.0.0.202410170706/tools/bin/../lib/gcc/arm-none-eabi/13.3.1/thumb/v8-m.main+fp/hard/crtbegin.o

.rodata         0x080025c8       0x67
 *(.rodata)
 .rodata        0x080025c8       0x34 ./Core/Src/main.o
 *(.rodata*)
 .rodata._vfprintf_r.str1.1
                0x080025fc       0x33 /home/psabela/st/stm32cubeide_1.10.1_2/plugins/com.st.stm32cube.ide.mcu.externaltools.gnu-tools-for-stm32.13.3.rel1.linux64_1.0.0.202410170706/tools/bin/../lib/gcc/arm-none-eabi/13.3.1/../../../../arm-none-eabi/lib/thumb/v8-m.main+fp/hard/libc_nano.a(libc_a-nano-vfprintf.o)
                                 0x11 (size before relaxing)
 .rodata._printf_i.str1.1
                0x0800262f       0x22 /home/psabela/st/stm32cubeide_1.10.1_2/plugins/com.st.stm32cube.ide.mcu.externaltools.gnu-tools-for-stm32.13.3.rel1.linux64_1.0.0.202410170706/tools/bin/../lib/gcc/arm-none-eabi/13.3.1/../../../../arm-none-eabi/lib/thumb/v8-m.main+fp/hard/libc_nano.a(libc_a-nano-vfprintf_i.o)

.ARM.extab
 *(.ARM.extab* .gnu.linkonce.armextab.*)

.ARM            0x0800262f        0x0
                0x0800262f                        __exidx_start = .
 *(.ARM.exidx*)
                0x0800262f                        __exidx_end = .

.preinit_array  0x0800262f        0x0
                0x0800262f                        PROVIDE (__preinit_array_start = .)
 *(.preinit_array*)
                0x0800262f                        PROVIDE (__preinit_array_end = .)

.init_array     0x08002630        0x4
                0x08002630                        PROVIDE (__init_array_start = .)
 *(SORT_BY_NAME(.init_array.*))
 *(.init_array*)
 .init_array    0x08002630        0x4 /home/psabela/st/stm32cubeide_1.10.1_2/plugins/com.st.stm32cube.ide.mcu.externaltools.gnu-tools-for-stm32.13.3.rel1.linux64_1.0.0.202410170706/tools/bin/../lib/gcc/arm-none-eabi/13.3.1/thumb/v8-m.main+fp/hard/crtbegin.o
                0x08002634                        PROVIDE (__init_array_end = .)

.fini_array     0x08002634        0x4
                [!provide]                        PROVIDE (__fini_array_start = .)
 *(SORT_BY_NAME(.fini_array.*))
 *(.fini_array*)
 .fini_array    0x08002634        0x4 /home/psabela/st/stm32cubeide_1.10.1_2/plugins/com.st.stm32cube.ide.mcu.externaltools.gnu-tools-for-stm32.13.3.rel1.linux64_1.0.0.202410170706/tools/bin/../lib/gcc/arm-none-eabi/13.3.1/thumb/v8-m.main+fp/hard/crtbegin.o
                [!provide]                        PROVIDE (__fini_array_end = .)
                0x08002638                        _sidata = LOADADDR (.data)

.rel.dyn        0x08002638        0x0
 .rel.iplt      0x08002638        0x0 /home/psabela/st/stm32cubeide_1.10.1_2/plugins/com.st.stm32cube.ide.mcu.externaltools.gnu-tools-for-stm32.13.3.rel1.linux64_1.0.0.202410170706/tools/bin/../lib/gcc/arm-none-eabi/13.3.1/thumb/v8-m.main+fp/hard/crtbegin.o

.data           0x20000000       0xac load address 0x08002638
                0x20000000                        _sdata = .
 *(.data)
 *(.data*)
 .data.SetStandby
                0x20000000        0x2 ./Core/Src/main.o
                0x20000000                SetStandby
 *fill*         0x20000002        0x2 
 .data.SetPacketType
                0x20000004        0x2 ./Core/Src/main.o
                0x20000004                SetPacketType
 *fill*         0x20000006        0x2 
 .data.SetModulationParams
                0x20000008        0x9 ./Core/Src/main.o
                0x20000008                SetModulationParams
 *fill*         0x20000011        0x3 
 .data.SetPacketParams
                0x20000014        0xa ./Core/Src/main.o
                0x20000014                SetPacketParams
 *fill*         0x2000001e        0x2 
 .data.SetRfFrequency
                0x20000020        0x5 ./Core/Src/main.o
                0x20000020                SetRfFrequency
 *fill*         0x20000025        0x3 
 .data.SetBufferBaseAddress
                0x20000028        0x3 ./Core/Src/main.o
                0x20000028                SetBufferBaseAddress
 *fill*         0x2000002b        0x1 
 .data.SetRx    0x2000002c        0x4 ./Core/Src/main.o
                0x2000002c                SetRx
 .data.SetDioIrqParams
                0x20000030        0x9 ./Core/Src/main.o
                0x20000030                SetDioIrqParams
 *fill*         0x20000039        0x3 
 .data.ClearIrqStatus
                0x2000003c        0x3 ./Core/Src/main.o
                0x2000003c                ClearIrqStatus
 *fill*         0x2000003f        0x1 
 .data.GetStatus
                0x20000040        0x2 ./Core/Src/main.o
                0x20000040                GetStatus
 *fill*         0x20000042        0x2 
 .data.SetDio2AsRfSwitchCtrl
                0x20000044        0x2 ./Core/Src/main.o
                0x20000044                SetDio2AsRfSwitchCtrl
 *fill*         0x20000046        0x2 
 .data.SetDio3AsTcxoCtrl
                0x20000048        0x5 ./Core/Src/main.o
                0x20000048                SetDio3AsTcxoCtrl
 *fill*         0x2000004d        0x3 
 .data.__sglue  0x20000050        0xc /home/psabela/st/stm32cubeide_1.10.1_2/plugins/com.st.stm32cube.ide.mcu.externaltools.gnu-tools-for-stm32.13.3.rel1.linux64_1.0.0.202410170706/tools/bin/../lib/gcc/arm-none-eabi/13.3.1/../../../../arm-none-eabi/lib/thumb/v8-m.main+fp/hard/libc_nano.a(libc_a-findfp.o)
                0x20000050                __sglue
 .data._impure_ptr
                0x2000005c        0x4 /home/psabela/st/stm32cubeide_1.10.1_2/plugins/com.st.stm32cube.ide.mcu.externaltools.gnu-tools-for-stm32.13.3.rel1.linux64_1.0.0.202410170706/tools/bin/../lib/gcc/arm-none-eabi/13.3.1/../../../../arm-none-eabi/lib/thumb/v8-m.main+fp/hard/libc_nano.a(libc_a-impure.o)
                0x2000005c                _impure_ptr
 .data._impure_data
                0x20000060       0x4c /home/psabela/st/stm32cubeide_1.10.1_2/plugins/com.st.stm32cube.ide.mcu.externaltools.gnu-tools-for-stm32.13.3.rel1.linux64_1.0.0.202410170706/tools/bin/../lib/gcc/arm-none-eabi/13.3.1/../../../../arm-none-eabi/lib/thumb/v8-m.main+fp/hard/libc_nano.a(libc_a-impure.o)
                0x20000060                _impure_data
 *(.RamFunc)
 *(.RamFunc*)
                0x200000ac                        _edata = .

.igot.plt       0x200000ac        0x0 load address 0x080026e4
 .igot.plt      0x200000ac        0x0 /home/psabela/st/stm32cubeide_1.10.1_2/plugins/com.st.stm32cube.ide.mcu.externaltools.gnu-tools-for-stm32.13.3.rel1.linux64_1.0.0.202410170706/tools/bin/../lib/gcc/arm-none-eabi/13.3.1/thumb/v8-m.main+fp/hard/crtbegin.o

.bss            0x200000ac      0x18c load address 0x080026e4
                0x200000ac                        _sbss = .
                0x200000ac                        __bss_start__ = _sbss
 *(.bss)
 .bss           0x200000ac       0x1c /home/psabela/st/stm32cubeide_1.10.1_2/plugins/com.st.stm32cube.ide.mcu.externaltools.gnu-tools-for-stm32.13.3.rel1.linux64_1.0.0.202410170706/tools/bin/../lib/gcc/arm-none-eabi/13.3.1/thumb/v8-m.main+fp/hard/crtbegin.o
 *(.bss*)
 .bss.tsize     0x200000c8        0x1 ./Core/Src/main.o
                0x200000c8                tsize
 .bss.cmd_index
                0x200000c9        0x1 ./Core/Src/main.o
                0x200000c9                cmd_index
 *fill*         0x200000ca        0x2 
 .bss.command   0x200000cc        0x4 ./Core/Src/main.o
                0x200000cc                command
 .bss.timer_pulse
                0x200000d0        0x4 ./Core/Src/main.o
                0x200000d0                timer_pulse
 .bss.slave_ready
                0x200000d4        0x4 ./Core/Src/main.o
                0x200000d4                slave_ready
 .bss.rx_buffer
                0x200000d8        0x4 ./Core/Src/main.o
                0x200000d8                rx_buffer
 .bss.tx_buffer
                0x200000dc        0x4 ./Core/Src/main.o
                0x200000dc                tx_buffer
 .bss.cpu_freq  0x200000e0        0x4 ./Core/Src/main.o
                0x200000e0                cpu_freq
 .bss.txco      0x200000e4        0x4 ./Core/Src/main.o
                0x200000e4                txco
 .bss.__sf      0x200000e8      0x138 /home/psabela/st/stm32cubeide_1.10.1_2/plugins/com.st.stm32cube.ide.mcu.externaltools.gnu-tools-for-stm32.13.3.rel1.linux64_1.0.0.202410170706/tools/bin/../lib/gcc/arm-none-eabi/13.3.1/../../../../arm-none-eabi/lib/thumb/v8-m.main+fp/hard/libc_nano.a(libc_a-findfp.o)
                0x200000e8                __sf
 .bss.__stdio_exit_handler
                0x20000220        0x4 /home/psabela/st/stm32cubeide_1.10.1_2/plugins/com.st.stm32cube.ide.mcu.externaltools.gnu-tools-for-stm32.13.3.rel1.linux64_1.0.0.202410170706/tools/bin/../lib/gcc/arm-none-eabi/13.3.1/../../../../arm-none-eabi/lib/thumb/v8-m.main+fp/hard/libc_nano.a(libc_a-findfp.o)
                0x20000220                __stdio_exit_handler
 .bss.errno     0x20000224        0x4 /home/psabela/st/stm32cubeide_1.10.1_2/plugins/com.st.stm32cube.ide.mcu.externaltools.gnu-tools-for-stm32.13.3.rel1.linux64_1.0.0.202410170706/tools/bin/../lib/gcc/arm-none-eabi/13.3.1/../../../../arm-none-eabi/lib/thumb/v8-m.main+fp/hard/libc_nano.a(libc_a-reent.o)
                0x20000224                errno
 .bss.__lock___malloc_recursive_mutex
                0x20000228        0x1 /home/psabela/st/stm32cubeide_1.10.1_2/plugins/com.st.stm32cube.ide.mcu.externaltools.gnu-tools-for-stm32.13.3.rel1.linux64_1.0.0.202410170706/tools/bin/../lib/gcc/arm-none-eabi/13.3.1/../../../../arm-none-eabi/lib/thumb/v8-m.main+fp/hard/libc_nano.a(libc_a-lock.o)
                0x20000228                __lock___malloc_recursive_mutex
 .bss.__lock___sfp_recursive_mutex
                0x20000229        0x1 /home/psabela/st/stm32cubeide_1.10.1_2/plugins/com.st.stm32cube.ide.mcu.externaltools.gnu-tools-for-stm32.13.3.rel1.linux64_1.0.0.202410170706/tools/bin/../lib/gcc/arm-none-eabi/13.3.1/../../../../arm-none-eabi/lib/thumb/v8-m.main+fp/hard/libc_nano.a(libc_a-lock.o)
                0x20000229                __lock___sfp_recursive_mutex
 *fill*         0x2000022a        0x2 
 .bss.__malloc_sbrk_start
                0x2000022c        0x4 /home/psabela/st/stm32cubeide_1.10.1_2/plugins/com.st.stm32cube.ide.mcu.externaltools.gnu-tools-for-stm32.13.3.rel1.linux64_1.0.0.202410170706/tools/bin/../lib/gcc/arm-none-eabi/13.3.1/../../../../arm-none-eabi/lib/thumb/v8-m.main+fp/hard/libc_nano.a(libc_a-mallocr.o)
                0x2000022c                __malloc_sbrk_start
 .bss.__malloc_free_list
                0x20000230        0x4 /home/psabela/st/stm32cubeide_1.10.1_2/plugins/com.st.stm32cube.ide.mcu.externaltools.gnu-tools-for-stm32.13.3.rel1.linux64_1.0.0.202410170706/tools/bin/../lib/gcc/arm-none-eabi/13.3.1/../../../../arm-none-eabi/lib/thumb/v8-m.main+fp/hard/libc_nano.a(libc_a-mallocr.o)
                0x20000230                __malloc_free_list
 .bss.heap_end.0
                0x20000234        0x4 /home/psabela/st/stm32cubeide_1.10.1_2/plugins/com.st.stm32cube.ide.mcu.externaltools.gnu-tools-for-stm32.13.3.rel1.linux64_1.0.0.202410170706/tools/bin/../lib/gcc/arm-none-eabi/13.3.1/../../../../arm-none-eabi/lib/thumb/v8-m.main+fp/hard/libnosys.a(sbrk.o)
 *(COMMON)
                0x20000238                        _ebss = .
                0x20000238                        __bss_end__ = _ebss

._user_heap_stack
                0x20000238      0x600 load address 0x080026e4
                0x20000238                        . = ALIGN (0x8)
                0x20000238                        PROVIDE (end = .)
                [!provide]                        PROVIDE (_end = .)
                0x20000438                        . = (. + _Min_Heap_Size)
 *fill*         0x20000238      0x200 
                0x20000838                        . = (. + _Min_Stack_Size)
 *fill*         0x20000438      0x400 
                0x20000838                        . = ALIGN (0x8)

/DISCARD/
 libc.a(*)
 libm.a(*)
 libgcc.a(*)

.ARM.attributes
                0x00000000       0x36
 *(.ARM.attributes)
 .ARM.attributes
                0x00000000       0x26 /home/psabela/st/stm32cubeide_1.10.1_2/plugins/com.st.stm32cube.ide.mcu.externaltools.gnu-tools-for-stm32.13.3.rel1.linux64_1.0.0.202410170706/tools/bin/../lib/gcc/arm-none-eabi/13.3.1/thumb/v8-m.main+fp/hard/crti.o
 .ARM.attributes
                0x00000026       0x38 /home/psabela/st/stm32cubeide_1.10.1_2/plugins/com.st.stm32cube.ide.mcu.externaltools.gnu-tools-for-stm32.13.3.rel1.linux64_1.0.0.202410170706/tools/bin/../lib/gcc/arm-none-eabi/13.3.1/thumb/v8-m.main+fp/hard/crtbegin.o
 .ARM.attributes
                0x0000005e       0x24 ./Core/Src/exti_assembly.o
 .ARM.attributes
                0x00000082       0x24 ./Core/Src/gpio_assembly.o
 .ARM.attributes
                0x000000a6       0x3a ./Core/Src/main.o
 .ARM.attributes
                0x000000e0       0x24 ./Core/Src/nvic_assembly.o
 .ARM.attributes
                0x00000104       0x24 ./Core/Src/rcc_assembly.o
 .ARM.attributes
                0x00000128       0x24 ./Core/Src/spi_master_assembly.o
 .ARM.attributes
                0x0000014c       0x24 ./Core/Src/tim8_assembly.o
 .ARM.attributes
                0x00000170       0x24 ./Core/Startup/startup_stm32u585aiixq.o
 .ARM.attributes
                0x00000194       0x38 /home/psabela/st/stm32cubeide_1.10.1_2/plugins/com.st.stm32cube.ide.mcu.externaltools.gnu-tools-for-stm32.13.3.rel1.linux64_1.0.0.202410170706/tools/bin/../lib/gcc/arm-none-eabi/13.3.1/../../../../arm-none-eabi/lib/thumb/v8-m.main+fp/hard/libc_nano.a(libc_a-findfp.o)
 .ARM.attributes
                0x000001cc       0x38 /home/psabela/st/stm32cubeide_1.10.1_2/plugins/com.st.stm32cube.ide.mcu.externaltools.gnu-tools-for-stm32.13.3.rel1.linux64_1.0.0.202410170706/tools/bin/../lib/gcc/arm-none-eabi/13.3.1/../../../../arm-none-eabi/lib/thumb/v8-m.main+fp/hard/libc_nano.a(libc_a-fwalk.o)
 .ARM.attributes
                0x00000204       0x38 /home/psabela/st/stm32cubeide_1.10.1_2/plugins/com.st.stm32cube.ide.mcu.externaltools.gnu-tools-for-stm32.13.3.rel1.linux64_1.0.0.202410170706/tools/bin/../lib/gcc/arm-none-eabi/13.3.1/../../../../arm-none-eabi/lib/thumb/v8-m.main+fp/hard/libc_nano.a(libc_a-printf.o)
 .ARM.attributes
                0x0000023c       0x38 /home/psabela/st/stm32cubeide_1.10.1_2/plugins/com.st.stm32cube.ide.mcu.externaltools.gnu-tools-for-stm32.13.3.rel1.linux64_1.0.0.202410170706/tools/bin/../lib/gcc/arm-none-eabi/13.3.1/../../../../arm-none-eabi/lib/thumb/v8-m.main+fp/hard/libc_nano.a(libc_a-stdio.o)
 .ARM.attributes
                0x00000274       0x38 /home/psabela/st/stm32cubeide_1.10.1_2/plugins/com.st.stm32cube.ide.mcu.externaltools.gnu-tools-for-stm32.13.3.rel1.linux64_1.0.0.202410170706/tools/bin/../lib/gcc/arm-none-eabi/13.3.1/../../../../arm-none-eabi/lib/thumb/v8-m.main+fp/hard/libc_nano.a(libc_a-memset.o)
 .ARM.attributes
                0x000002ac       0x38 /home/psabela/st/stm32cubeide_1.10.1_2/plugins/com.st.stm32cube.ide.mcu.externaltools.gnu-tools-for-stm32.13.3.rel1.linux64_1.0.0.202410170706/tools/bin/../lib/gcc/arm-none-eabi/13.3.1/../../../../arm-none-eabi/lib/thumb/v8-m.main+fp/hard/libc_nano.a(libc_a-closer.o)
 .ARM.attributes
                0x000002e4       0x38 /home/psabela/st/stm32cubeide_1.10.1_2/plugins/com.st.stm32cube.ide.mcu.externaltools.gnu-tools-for-stm32.13.3.rel1.linux64_1.0.0.202410170706/tools/bin/../lib/gcc/arm-none-eabi/13.3.1/../../../../arm-none-eabi/lib/thumb/v8-m.main+fp/hard/libc_nano.a(libc_a-reent.o)
 .ARM.attributes
                0x0000031c       0x38 /home/psabela/st/stm32cubeide_1.10.1_2/plugins/com.st.stm32cube.ide.mcu.externaltools.gnu-tools-for-stm32.13.3.rel1.linux64_1.0.0.202410170706/tools/bin/../lib/gcc/arm-none-eabi/13.3.1/../../../../arm-none-eabi/lib/thumb/v8-m.main+fp/hard/libc_nano.a(libc_a-impure.o)
 .ARM.attributes
                0x00000354       0x38 /home/psabela/st/stm32cubeide_1.10.1_2/plugins/com.st.stm32cube.ide.mcu.externaltools.gnu-tools-for-stm32.13.3.rel1.linux64_1.0.0.202410170706/tools/bin/../lib/gcc/arm-none-eabi/13.3.1/../../../../arm-none-eabi/lib/thumb/v8-m.main+fp/hard/libc_nano.a(libc_a-lseekr.o)
 .ARM.attributes
                0x0000038c       0x38 /home/psabela/st/stm32cubeide_1.10.1_2/plugins/com.st.stm32cube.ide.mcu.externaltools.gnu-tools-for-stm32.13.3.rel1.linux64_1.0.0.202410170706/tools/bin/../lib/gcc/arm-none-eabi/13.3.1/../../../../arm-none-eabi/lib/thumb/v8-m.main+fp/hard/libc_nano.a(libc_a-readr.o)
 .ARM.attributes
                0x000003c4       0x38 /home/psabela/st/stm32cubeide_1.10.1_2/plugins/com.st.stm32cube.ide.mcu.externaltools.gnu-tools-for-stm32.13.3.rel1.linux64_1.0.0.202410170706/tools/bin/../lib/gcc/arm-none-eabi/13.3.1/../../../../arm-none-eabi/lib/thumb/v8-m.main+fp/hard/libc_nano.a(libc_a-writer.o)
 .ARM.attributes
                0x000003fc       0x38 /home/psabela/st/stm32cubeide_1.10.1_2/plugins/com.st.stm32cube.ide.mcu.externaltools.gnu-tools-for-stm32.13.3.rel1.linux64_1.0.0.202410170706/tools/bin/../lib/gcc/arm-none-eabi/13.3.1/../../../../arm-none-eabi/lib/thumb/v8-m.main+fp/hard/libc_nano.a(libc_a-init.o)
 .ARM.attributes
                0x00000434       0x38 /home/psabela/st/stm32cubeide_1.10.1_2/plugins/com.st.stm32cube.ide.mcu.externaltools.gnu-tools-for-stm32.13.3.rel1.linux64_1.0.0.202410170706/tools/bin/../lib/gcc/arm-none-eabi/13.3.1/../../../../arm-none-eabi/lib/thumb/v8-m.main+fp/hard/libc_nano.a(libc_a-lock.o)
 .ARM.attributes
                0x0000046c       0x38 /home/psabela/st/stm32cubeide_1.10.1_2/plugins/com.st.stm32cube.ide.mcu.externaltools.gnu-tools-for-stm32.13.3.rel1.linux64_1.0.0.202410170706/tools/bin/../lib/gcc/arm-none-eabi/13.3.1/../../../../arm-none-eabi/lib/thumb/v8-m.main+fp/hard/libc_nano.a(libc_a-freer.o)
 .ARM.attributes
                0x000004a4       0x38 /home/psabela/st/stm32cubeide_1.10.1_2/plugins/com.st.stm32cube.ide.mcu.externaltools.gnu-tools-for-stm32.13.3.rel1.linux64_1.0.0.202410170706/tools/bin/../lib/gcc/arm-none-eabi/13.3.1/../../../../arm-none-eabi/lib/thumb/v8-m.main+fp/hard/libc_nano.a(libc_a-mallocr.o)
 .ARM.attributes
                0x000004dc       0x38 /home/psabela/st/stm32cubeide_1.10.1_2/plugins/com.st.stm32cube.ide.mcu.externaltools.gnu-tools-for-stm32.13.3.rel1.linux64_1.0.0.202410170706/tools/bin/../lib/gcc/arm-none-eabi/13.3.1/../../../../arm-none-eabi/lib/thumb/v8-m.main+fp/hard/libc_nano.a(libc_a-mlock.o)
 .ARM.attributes
                0x00000514       0x38 /home/psabela/st/stm32cubeide_1.10.1_2/plugins/com.st.stm32cube.ide.mcu.externaltools.gnu-tools-for-stm32.13.3.rel1.linux64_1.0.0.202410170706/tools/bin/../lib/gcc/arm-none-eabi/13.3.1/../../../../arm-none-eabi/lib/thumb/v8-m.main+fp/hard/libc_nano.a(libc_a-nano-vfprintf.o)
 .ARM.attributes
                0x0000054c       0x38 /home/psabela/st/stm32cubeide_1.10.1_2/plugins/com.st.stm32cube.ide.mcu.externaltools.gnu-tools-for-stm32.13.3.rel1.linux64_1.0.0.202410170706/tools/bin/../lib/gcc/arm-none-eabi/13.3.1/../../../../arm-none-eabi/lib/thumb/v8-m.main+fp/hard/libc_nano.a(libc_a-nano-vfprintf_i.o)
 .ARM.attributes
                0x00000584       0x38 /home/psabela/st/stm32cubeide_1.10.1_2/plugins/com.st.stm32cube.ide.mcu.externaltools.gnu-tools-for-stm32.13.3.rel1.linux64_1.0.0.202410170706/tools/bin/../lib/gcc/arm-none-eabi/13.3.1/../../../../arm-none-eabi/lib/thumb/v8-m.main+fp/hard/libc_nano.a(libc_a-fflush.o)
 .ARM.attributes
                0x000005bc       0x38 /home/psabela/st/stm32cubeide_1.10.1_2/plugins/com.st.stm32cube.ide.mcu.externaltools.gnu-tools-for-stm32.13.3.rel1.linux64_1.0.0.202410170706/tools/bin/../lib/gcc/arm-none-eabi/13.3.1/../../../../arm-none-eabi/lib/thumb/v8-m.main+fp/hard/libc_nano.a(libc_a-wbuf.o)
 .ARM.attributes
                0x000005f4       0x38 /home/psabela/st/stm32cubeide_1.10.1_2/plugins/com.st.stm32cube.ide.mcu.externaltools.gnu-tools-for-stm32.13.3.rel1.linux64_1.0.0.202410170706/tools/bin/../lib/gcc/arm-none-eabi/13.3.1/../../../../arm-none-eabi/lib/thumb/v8-m.main+fp/hard/libc_nano.a(libc_a-wsetup.o)
 .ARM.attributes
                0x0000062c       0x38 /home/psabela/st/stm32cubeide_1.10.1_2/plugins/com.st.stm32cube.ide.mcu.externaltools.gnu-tools-for-stm32.13.3.rel1.linux64_1.0.0.202410170706/tools/bin/../lib/gcc/arm-none-eabi/13.3.1/../../../../arm-none-eabi/lib/thumb/v8-m.main+fp/hard/libc_nano.a(libc_a-sbrkr.o)
 .ARM.attributes
                0x00000664       0x38 /home/psabela/st/stm32cubeide_1.10.1_2/plugins/com.st.stm32cube.ide.mcu.externaltools.gnu-tools-for-stm32.13.3.rel1.linux64_1.0.0.202410170706/tools/bin/../lib/gcc/arm-none-eabi/13.3.1/../../../../arm-none-eabi/lib/thumb/v8-m.main+fp/hard/libc_nano.a(libc_a-memchr-stub.o)
 .ARM.attributes
                0x0000069c       0x38 /home/psabela/st/stm32cubeide_1.10.1_2/plugins/com.st.stm32cube.ide.mcu.externaltools.gnu-tools-for-stm32.13.3.rel1.linux64_1.0.0.202410170706/tools/bin/../lib/gcc/arm-none-eabi/13.3.1/../../../../arm-none-eabi/lib/thumb/v8-m.main+fp/hard/libc_nano.a(libc_a-makebuf.o)
 .ARM.attributes
                0x000006d4       0x38 /home/psabela/st/stm32cubeide_1.10.1_2/plugins/com.st.stm32cube.ide.mcu.externaltools.gnu-tools-for-stm32.13.3.rel1.linux64_1.0.0.202410170706/tools/bin/../lib/gcc/arm-none-eabi/13.3.1/../../../../arm-none-eabi/lib/thumb/v8-m.main+fp/hard/libc_nano.a(libc_a-fstatr.o)
 .ARM.attributes
                0x0000070c       0x38 /home/psabela/st/stm32cubeide_1.10.1_2/plugins/com.st.stm32cube.ide.mcu.externaltools.gnu-tools-for-stm32.13.3.rel1.linux64_1.0.0.202410170706/tools/bin/../lib/gcc/arm-none-eabi/13.3.1/../../../../arm-none-eabi/lib/thumb/v8-m.main+fp/hard/libc_nano.a(libc_a-isattyr.o)
 .ARM.attributes
                0x00000744       0x38 /home/psabela/st/stm32cubeide_1.10.1_2/plugins/com.st.stm32cube.ide.mcu.externaltools.gnu-tools-for-stm32.13.3.rel1.linux64_1.0.0.202410170706/tools/bin/../lib/gcc/arm-none-eabi/13.3.1/../../../../arm-none-eabi/lib/thumb/v8-m.main+fp/hard/libnosys.a(close.o)
 .ARM.attributes
                0x0000077c       0x38 /home/psabela/st/stm32cubeide_1.10.1_2/plugins/com.st.stm32cube.ide.mcu.externaltools.gnu-tools-for-stm32.13.3.rel1.linux64_1.0.0.202410170706/tools/bin/../lib/gcc/arm-none-eabi/13.3.1/../../../../arm-none-eabi/lib/thumb/v8-m.main+fp/hard/libnosys.a(fstat.o)
 .ARM.attributes
                0x000007b4       0x38 /home/psabela/st/stm32cubeide_1.10.1_2/plugins/com.st.stm32cube.ide.mcu.externaltools.gnu-tools-for-stm32.13.3.rel1.linux64_1.0.0.202410170706/tools/bin/../lib/gcc/arm-none-eabi/13.3.1/../../../../arm-none-eabi/lib/thumb/v8-m.main+fp/hard/libnosys.a(isatty.o)
 .ARM.attributes
                0x000007ec       0x38 /home/psabela/st/stm32cubeide_1.10.1_2/plugins/com.st.stm32cube.ide.mcu.externaltools.gnu-tools-for-stm32.13.3.rel1.linux64_1.0.0.202410170706/tools/bin/../lib/gcc/arm-none-eabi/13.3.1/../../../../arm-none-eabi/lib/thumb/v8-m.main+fp/hard/libnosys.a(lseek.o)
 .ARM.attributes
                0x00000824       0x38 /home/psabela/st/stm32cubeide_1.10.1_2/plugins/com.st.stm32cube.ide.mcu.externaltools.gnu-tools-for-stm32.13.3.rel1.linux64_1.0.0.202410170706/tools/bin/../lib/gcc/arm-none-eabi/13.3.1/../../../../arm-none-eabi/lib/thumb/v8-m.main+fp/hard/libnosys.a(read.o)
 .ARM.attributes
                0x0000085c       0x38 /home/psabela/st/stm32cubeide_1.10.1_2/plugins/com.st.stm32cube.ide.mcu.externaltools.gnu-tools-for-stm32.13.3.rel1.linux64_1.0.0.202410170706/tools/bin/../lib/gcc/arm-none-eabi/13.3.1/../../../../arm-none-eabi/lib/thumb/v8-m.main+fp/hard/libnosys.a(sbrk.o)
 .ARM.attributes
                0x00000894       0x26 /home/psabela/st/stm32cubeide_1.10.1_2/plugins/com.st.stm32cube.ide.mcu.externaltools.gnu-tools-for-stm32.13.3.rel1.linux64_1.0.0.202410170706/tools/bin/../lib/gcc/arm-none-eabi/13.3.1/thumb/v8-m.main+fp/hard/crtn.o
OUTPUT(STM32U585_LoRa.elf elf32-littlearm)
LOAD linker stubs
LOAD /home/psabela/st/stm32cubeide_1.10.1_2/plugins/com.st.stm32cube.ide.mcu.externaltools.gnu-tools-for-stm32.13.3.rel1.linux64_1.0.0.202410170706/tools/bin/../lib/gcc/arm-none-eabi/13.3.1/../../../../arm-none-eabi/lib/thumb/v8-m.main+fp/hard/libc.a
LOAD /home/psabela/st/stm32cubeide_1.10.1_2/plugins/com.st.stm32cube.ide.mcu.externaltools.gnu-tools-for-stm32.13.3.rel1.linux64_1.0.0.202410170706/tools/bin/../lib/gcc/arm-none-eabi/13.3.1/../../../../arm-none-eabi/lib/thumb/v8-m.main+fp/hard/libm.a
LOAD /home/psabela/st/stm32cubeide_1.10.1_2/plugins/com.st.stm32cube.ide.mcu.externaltools.gnu-tools-for-stm32.13.3.rel1.linux64_1.0.0.202410170706/tools/bin/../lib/gcc/arm-none-eabi/13.3.1/thumb/v8-m.main+fp/hard/libgcc.a

.debug_line     0x00000000     0x13a7
 .debug_line    0x00000000       0x6f ./Core/Src/exti_assembly.o
 .debug_line    0x0000006f      0x249 ./Core/Src/gpio_assembly.o
 .debug_line    0x000002b8      0xadb ./Core/Src/main.o
 .debug_line    0x00000d93       0x73 ./Core/Src/nvic_assembly.o
 .debug_line    0x00000e06      0x233 ./Core/Src/rcc_assembly.o
 .debug_line    0x00001039      0x1fb ./Core/Src/spi_master_assembly.o
 .debug_line    0x00001234       0xfb ./Core/Src/tim8_assembly.o
 .debug_line    0x0000132f       0x78 ./Core/Startup/startup_stm32u585aiixq.o

.debug_line_str
                0x00000000       0xc5
 .debug_line_str
                0x00000000       0xc5 ./Core/Src/exti_assembly.o
                                 0x47 (size before relaxing)
 .debug_line_str
                0x000000c5       0x47 ./Core/Src/gpio_assembly.o
 .debug_line_str
                0x000000c5       0x47 ./Core/Src/nvic_assembly.o
 .debug_line_str
                0x000000c5       0x46 ./Core/Src/rcc_assembly.o
 .debug_line_str
                0x000000c5       0x4d ./Core/Src/spi_master_assembly.o
 .debug_line_str
                0x000000c5       0x47 ./Core/Src/tim8_assembly.o
 .debug_line_str
                0x000000c5       0x54 ./Core/Startup/startup_stm32u585aiixq.o

.debug_info     0x00000000     0x1658
 .debug_info    0x00000000       0x24 ./Core/Src/exti_assembly.o
 .debug_info    0x00000024       0x25 ./Core/Src/gpio_assembly.o
 .debug_info    0x00000049     0x154c ./Core/Src/main.o
 .debug_info    0x00001595       0x24 ./Core/Src/nvic_assembly.o
 .debug_info    0x000015b9       0x25 ./Core/Src/rcc_assembly.o
 .debug_info    0x000015de       0x25 ./Core/Src/spi_master_assembly.o
 .debug_info    0x00001603       0x25 ./Core/Src/tim8_assembly.o
 .debug_info    0x00001628       0x30 ./Core/Startup/startup_stm32u585aiixq.o

.debug_abbrev   0x00000000      0x421
 .debug_abbrev  0x00000000       0x14 ./Core/Src/exti_assembly.o
 .debug_abbrev  0x00000014       0x14 ./Core/Src/gpio_assembly.o
 .debug_abbrev  0x00000028      0x385 ./Core/Src/main.o
 .debug_abbrev  0x000003ad       0x14 ./Core/Src/nvic_assembly.o
 .debug_abbrev  0x000003c1       0x14 ./Core/Src/rcc_assembly.o
 .debug_abbrev  0x000003d5       0x14 ./Core/Src/spi_master_assembly.o
 .debug_abbrev  0x000003e9       0x14 ./Core/Src/tim8_assembly.o
 .debug_abbrev  0x000003fd       0x24 ./Core/Startup/startup_stm32u585aiixq.o

.debug_aranges  0x00000000      0x1a0
 .debug_aranges
                0x00000000       0x20 ./Core/Src/exti_assembly.o
 .debug_aranges
                0x00000020       0x20 ./Core/Src/gpio_assembly.o
 .debug_aranges
                0x00000040       0xb8 ./Core/Src/main.o
 .debug_aranges
                0x000000f8       0x20 ./Core/Src/nvic_assembly.o
 .debug_aranges
                0x00000118       0x20 ./Core/Src/rcc_assembly.o
 .debug_aranges
                0x00000138       0x20 ./Core/Src/spi_master_assembly.o
 .debug_aranges
                0x00000158       0x20 ./Core/Src/tim8_assembly.o
 .debug_aranges
                0x00000178       0x28 ./Core/Startup/startup_stm32u585aiixq.o

.debug_str      0x00000000    0xe2d99
 .debug_str     0x00000000    0xe2d99 ./Core/Src/exti_assembly.o
                                 0x55 (size before relaxing)
 .debug_str     0x000e2d99       0x55 ./Core/Src/gpio_assembly.o
 .debug_str     0x000e2d99    0xe36af ./Core/Src/main.o
 .debug_str     0x000e2d99       0x55 ./Core/Src/nvic_assembly.o
 .debug_str     0x000e2d99       0x54 ./Core/Src/rcc_assembly.o
 .debug_str     0x000e2d99       0x5b ./Core/Src/spi_master_assembly.o
 .debug_str     0x000e2d99       0x55 ./Core/Src/tim8_assembly.o
 .debug_str     0x000e2d99       0x70 ./Core/Startup/startup_stm32u585aiixq.o

.debug_rnglists
                0x00000000       0xa1
 .debug_rnglists
                0x00000000       0x88 ./Core/Src/main.o
 .debug_rnglists
                0x00000088       0x19 ./Core/Startup/startup_stm32u585aiixq.o

.debug_macro    0x00000000    0x26d95
 .debug_macro   0x00000000      0x1cb ./Core/Src/main.o
 .debug_macro   0x000001cb      0xade ./Core/Src/main.o
 .debug_macro   0x00000ca9       0x22 ./Core/Src/main.o
 .debug_macro   0x00000ccb       0x5b ./Core/Src/main.o
 .debug_macro   0x00000d26       0x2a ./Core/Src/main.o
 .debug_macro   0x00000d50       0x94 ./Core/Src/main.o
 .debug_macro   0x00000de4       0x43 ./Core/Src/main.o
 .debug_macro   0x00000e27       0x34 ./Core/Src/main.o
 .debug_macro   0x00000e5b       0x16 ./Core/Src/main.o
 .debug_macro   0x00000e71       0x57 ./Core/Src/main.o
 .debug_macro   0x00000ec8       0x9e ./Core/Src/main.o
 .debug_macro   0x00000f66      0x370 ./Core/Src/main.o
 .debug_macro   0x000012d6      0x112 ./Core/Src/main.o
 .debug_macro   0x000013e8       0x10 ./Core/Src/main.o
 .debug_macro   0x000013f8       0x16 ./Core/Src/main.o
 .debug_macro   0x0000140e       0x4a ./Core/Src/main.o
 .debug_macro   0x00001458       0x34 ./Core/Src/main.o
 .debug_macro   0x0000148c       0x10 ./Core/Src/main.o
 .debug_macro   0x0000149c       0x58 ./Core/Src/main.o
 .debug_macro   0x000014f4       0x8e ./Core/Src/main.o
 .debug_macro   0x00001582       0x1c ./Core/Src/main.o
 .debug_macro   0x0000159e      0x185 ./Core/Src/main.o
 .debug_macro   0x00001723       0x16 ./Core/Src/main.o
 .debug_macro   0x00001739       0x16 ./Core/Src/main.o
 .debug_macro   0x0000174f      0x146 ./Core/Src/main.o
 .debug_macro   0x00001895      0x103 ./Core/Src/main.o
 .debug_macro   0x00001998       0x6a ./Core/Src/main.o
 .debug_macro   0x00001a02      0x1df ./Core/Src/main.o
 .debug_macro   0x00001be1       0x42 ./Core/Src/main.o
 .debug_macro   0x00001c23       0x1c ./Core/Src/main.o
 .debug_macro   0x00001c3f       0x29 ./Core/Src/main.o
 .debug_macro   0x00001c68       0xfb ./Core/Src/main.o
 .debug_macro   0x00001d63     0x1685 ./Core/Src/main.o
 .debug_macro   0x000033e8       0x5e ./Core/Src/main.o
 .debug_macro   0x00003446    0x2394f ./Core/Src/main.o

.comment        0x00000000       0x43
 .comment       0x00000000       0x43 ./Core/Src/main.o
                                 0x44 (size before relaxing)

.debug_frame    0x00000000      0xb38
 .debug_frame   0x00000000      0x29c ./Core/Src/main.o
 .debug_frame   0x0000029c      0x144 /home/psabela/st/stm32cubeide_1.10.1_2/plugins/com.st.stm32cube.ide.mcu.externaltools.gnu-tools-for-stm32.13.3.rel1.linux64_1.0.0.202410170706/tools/bin/../lib/gcc/arm-none-eabi/13.3.1/../../../../arm-none-eabi/lib/thumb/v8-m.main+fp/hard/libc_nano.a(libc_a-findfp.o)
 .debug_frame   0x000003e0       0x34 /home/psabela/st/stm32cubeide_1.10.1_2/plugins/com.st.stm32cube.ide.mcu.externaltools.gnu-tools-for-stm32.13.3.rel1.linux64_1.0.0.202410170706/tools/bin/../lib/gcc/arm-none-eabi/13.3.1/../../../../arm-none-eabi/lib/thumb/v8-m.main+fp/hard/libc_nano.a(libc_a-fwalk.o)
 .debug_frame   0x00000414       0x6c /home/psabela/st/stm32cubeide_1.10.1_2/plugins/com.st.stm32cube.ide.mcu.externaltools.gnu-tools-for-stm32.13.3.rel1.linux64_1.0.0.202410170706/tools/bin/../lib/gcc/arm-none-eabi/13.3.1/../../../../arm-none-eabi/lib/thumb/v8-m.main+fp/hard/libc_nano.a(libc_a-printf.o)
 .debug_frame   0x00000480       0x88 /home/psabela/st/stm32cubeide_1.10.1_2/plugins/com.st.stm32cube.ide.mcu.externaltools.gnu-tools-for-stm32.13.3.rel1.linux64_1.0.0.202410170706/tools/bin/../lib/gcc/arm-none-eabi/13.3.1/../../../../arm-none-eabi/lib/thumb/v8-m.main+fp/hard/libc_nano.a(libc_a-stdio.o)
 .debug_frame   0x00000508       0x20 /home/psabela/st/stm32cubeide_1.10.1_2/plugins/com.st.stm32cube.ide.mcu.externaltools.gnu-tools-for-stm32.13.3.rel1.linux64_1.0.0.202410170706/tools/bin/../lib/gcc/arm-none-eabi/13.3.1/../../../../arm-none-eabi/lib/thumb/v8-m.main+fp/hard/libc_nano.a(libc_a-memset.o)
 .debug_frame   0x00000528       0x2c /home/psabela/st/stm32cubeide_1.10.1_2/plugins/com.st.stm32cube.ide.mcu.externaltools.gnu-tools-for-stm32.13.3.rel1.linux64_1.0.0.202410170706/tools/bin/../lib/gcc/arm-none-eabi/13.3.1/../../../../arm-none-eabi/lib/thumb/v8-m.main+fp/hard/libc_nano.a(libc_a-closer.o)
 .debug_frame   0x00000554       0x38 /home/psabela/st/stm32cubeide_1.10.1_2/plugins/com.st.stm32cube.ide.mcu.externaltools.gnu-tools-for-stm32.13.3.rel1.linux64_1.0.0.202410170706/tools/bin/../lib/gcc/arm-none-eabi/13.3.1/../../../../arm-none-eabi/lib/thumb/v8-m.main+fp/hard/libc_nano.a(libc_a-reent.o)
 .debug_frame   0x0000058c       0x2c /home/psabela/st/stm32cubeide_1.10.1_2/plugins/com.st.stm32cube.ide.mcu.externaltools.gnu-tools-for-stm32.13.3.rel1.linux64_1.0.0.202410170706/tools/bin/../lib/gcc/arm-none-eabi/13.3.1/../../../../arm-none-eabi/lib/thumb/v8-m.main+fp/hard/libc_nano.a(libc_a-lseekr.o)
 .debug_frame   0x000005b8       0x2c /home/psabela/st/stm32cubeide_1.10.1_2/plugins/com.st.stm32cube.ide.mcu.externaltools.gnu-tools-for-stm32.13.3.rel1.linux64_1.0.0.202410170706/tools/bin/../lib/gcc/arm-none-eabi/13.3.1/../../../../arm-none-eabi/lib/thumb/v8-m.main+fp/hard/libc_nano.a(libc_a-readr.o)
 .debug_frame   0x000005e4       0x2c /home/psabela/st/stm32cubeide_1.10.1_2/plugins/com.st.stm32cube.ide.mcu.externaltools.gnu-tools-for-stm32.13.3.rel1.linux64_1.0.0.202410170706/tools/bin/../lib/gcc/arm-none-eabi/13.3.1/../../../../arm-none-eabi/lib/thumb/v8-m.main+fp/hard/libc_nano.a(libc_a-writer.o)
 .debug_frame   0x00000610       0x2c /home/psabela/st/stm32cubeide_1.10.1_2/plugins/com.st.stm32cube.ide.mcu.externaltools.gnu-tools-for-stm32.13.3.rel1.linux64_1.0.0.202410170706/tools/bin/../lib/gcc/arm-none-eabi/13.3.1/../../../../arm-none-eabi/lib/thumb/v8-m.main+fp/hard/libc_nano.a(libc_a-init.o)
 .debug_frame   0x0000063c       0xb0 /home/psabela/st/stm32cubeide_1.10.1_2/plugins/com.st.stm32cube.ide.mcu.externaltools.gnu-tools-for-stm32.13.3.rel1.linux64_1.0.0.202410170706/tools/bin/../lib/gcc/arm-none-eabi/13.3.1/../../../../arm-none-eabi/lib/thumb/v8-m.main+fp/hard/libc_nano.a(libc_a-lock.o)
 .debug_frame   0x000006ec       0x38 /home/psabela/st/stm32cubeide_1.10.1_2/plugins/com.st.stm32cube.ide.mcu.externaltools.gnu-tools-for-stm32.13.3.rel1.linux64_1.0.0.202410170706/tools/bin/../lib/gcc/arm-none-eabi/13.3.1/../../../../arm-none-eabi/lib/thumb/v8-m.main+fp/hard/libc_nano.a(libc_a-freer.o)
 .debug_frame   0x00000724       0x50 /home/psabela/st/stm32cubeide_1.10.1_2/plugins/com.st.stm32cube.ide.mcu.externaltools.gnu-tools-for-stm32.13.3.rel1.linux64_1.0.0.202410170706/tools/bin/../lib/gcc/arm-none-eabi/13.3.1/../../../../arm-none-eabi/lib/thumb/v8-m.main+fp/hard/libc_nano.a(libc_a-mallocr.o)
 .debug_frame   0x00000774       0x30 /home/psabela/st/stm32cubeide_1.10.1_2/plugins/com.st.stm32cube.ide.mcu.externaltools.gnu-tools-for-stm32.13.3.rel1.linux64_1.0.0.202410170706/tools/bin/../lib/gcc/arm-none-eabi/13.3.1/../../../../arm-none-eabi/lib/thumb/v8-m.main+fp/hard/libc_nano.a(libc_a-mlock.o)
 .debug_frame   0x000007a4       0xa8 /home/psabela/st/stm32cubeide_1.10.1_2/plugins/com.st.stm32cube.ide.mcu.externaltools.gnu-tools-for-stm32.13.3.rel1.linux64_1.0.0.202410170706/tools/bin/../lib/gcc/arm-none-eabi/13.3.1/../../../../arm-none-eabi/lib/thumb/v8-m.main+fp/hard/libc_nano.a(libc_a-nano-vfprintf.o)
 .debug_frame   0x0000084c       0x60 /home/psabela/st/stm32cubeide_1.10.1_2/plugins/com.st.stm32cube.ide.mcu.externaltools.gnu-tools-for-stm32.13.3.rel1.linux64_1.0.0.202410170706/tools/bin/../lib/gcc/arm-none-eabi/13.3.1/../../../../arm-none-eabi/lib/thumb/v8-m.main+fp/hard/libc_nano.a(libc_a-nano-vfprintf_i.o)
 .debug_frame   0x000008ac       0x5c /home/psabela/st/stm32cubeide_1.10.1_2/plugins/com.st.stm32cube.ide.mcu.externaltools.gnu-tools-for-stm32.13.3.rel1.linux64_1.0.0.202410170706/tools/bin/../lib/gcc/arm-none-eabi/13.3.1/../../../../arm-none-eabi/lib/thumb/v8-m.main+fp/hard/libc_nano.a(libc_a-fflush.o)
 .debug_frame   0x00000908       0x40 /home/psabela/st/stm32cubeide_1.10.1_2/plugins/com.st.stm32cube.ide.mcu.externaltools.gnu-tools-for-stm32.13.3.rel1.linux64_1.0.0.202410170706/tools/bin/../lib/gcc/arm-none-eabi/13.3.1/../../../../arm-none-eabi/lib/thumb/v8-m.main+fp/hard/libc_nano.a(libc_a-wbuf.o)
 .debug_frame   0x00000948       0x2c /home/psabela/st/stm32cubeide_1.10.1_2/plugins/com.st.stm32cube.ide.mcu.externaltools.gnu-tools-for-stm32.13.3.rel1.linux64_1.0.0.202410170706/tools/bin/../lib/gcc/arm-none-eabi/13.3.1/../../../../arm-none-eabi/lib/thumb/v8-m.main+fp/hard/libc_nano.a(libc_a-wsetup.o)
 .debug_frame   0x00000974       0x2c /home/psabela/st/stm32cubeide_1.10.1_2/plugins/com.st.stm32cube.ide.mcu.externaltools.gnu-tools-for-stm32.13.3.rel1.linux64_1.0.0.202410170706/tools/bin/../lib/gcc/arm-none-eabi/13.3.1/../../../../arm-none-eabi/lib/thumb/v8-m.main+fp/hard/libc_nano.a(libc_a-sbrkr.o)
 .debug_frame   0x000009a0       0x28 /home/psabela/st/stm32cubeide_1.10.1_2/plugins/com.st.stm32cube.ide.mcu.externaltools.gnu-tools-for-stm32.13.3.rel1.linux64_1.0.0.202410170706/tools/bin/../lib/gcc/arm-none-eabi/13.3.1/../../../../arm-none-eabi/lib/thumb/v8-m.main+fp/hard/libc_nano.a(libc_a-memchr-stub.o)
 .debug_frame   0x000009c8       0x58 /home/psabela/st/stm32cubeide_1.10.1_2/plugins/com.st.stm32cube.ide.mcu.externaltools.gnu-tools-for-stm32.13.3.rel1.linux64_1.0.0.202410170706/tools/bin/../lib/gcc/arm-none-eabi/13.3.1/../../../../arm-none-eabi/lib/thumb/v8-m.main+fp/hard/libc_nano.a(libc_a-makebuf.o)
 .debug_frame   0x00000a20       0x2c /home/psabela/st/stm32cubeide_1.10.1_2/plugins/com.st.stm32cube.ide.mcu.externaltools.gnu-tools-for-stm32.13.3.rel1.linux64_1.0.0.202410170706/tools/bin/../lib/gcc/arm-none-eabi/13.3.1/../../../../arm-none-eabi/lib/thumb/v8-m.main+fp/hard/libc_nano.a(libc_a-fstatr.o)
 .debug_frame   0x00000a4c       0x2c /home/psabela/st/stm32cubeide_1.10.1_2/plugins/com.st.stm32cube.ide.mcu.externaltools.gnu-tools-for-stm32.13.3.rel1.linux64_1.0.0.202410170706/tools/bin/../lib/gcc/arm-none-eabi/13.3.1/../../../../arm-none-eabi/lib/thumb/v8-m.main+fp/hard/libc_nano.a(libc_a-isattyr.o)
 .debug_frame   0x00000a78       0x20 /home/psabela/st/stm32cubeide_1.10.1_2/plugins/com.st.stm32cube.ide.mcu.externaltools.gnu-tools-for-stm32.13.3.rel1.linux64_1.0.0.202410170706/tools/bin/../lib/gcc/arm-none-eabi/13.3.1/../../../../arm-none-eabi/lib/thumb/v8-m.main+fp/hard/libnosys.a(close.o)
 .debug_frame   0x00000a98       0x20 /home/psabela/st/stm32cubeide_1.10.1_2/plugins/com.st.stm32cube.ide.mcu.externaltools.gnu-tools-for-stm32.13.3.rel1.linux64_1.0.0.202410170706/tools/bin/../lib/gcc/arm-none-eabi/13.3.1/../../../../arm-none-eabi/lib/thumb/v8-m.main+fp/hard/libnosys.a(fstat.o)
 .debug_frame   0x00000ab8       0x20 /home/psabela/st/stm32cubeide_1.10.1_2/plugins/com.st.stm32cube.ide.mcu.externaltools.gnu-tools-for-stm32.13.3.rel1.linux64_1.0.0.202410170706/tools/bin/../lib/gcc/arm-none-eabi/13.3.1/../../../../arm-none-eabi/lib/thumb/v8-m.main+fp/hard/libnosys.a(isatty.o)
 .debug_frame   0x00000ad8       0x20 /home/psabela/st/stm32cubeide_1.10.1_2/plugins/com.st.stm32cube.ide.mcu.externaltools.gnu-tools-for-stm32.13.3.rel1.linux64_1.0.0.202410170706/tools/bin/../lib/gcc/arm-none-eabi/13.3.1/../../../../arm-none-eabi/lib/thumb/v8-m.main+fp/hard/libnosys.a(lseek.o)
 .debug_frame   0x00000af8       0x20 /home/psabela/st/stm32cubeide_1.10.1_2/plugins/com.st.stm32cube.ide.mcu.externaltools.gnu-tools-for-stm32.13.3.rel1.linux64_1.0.0.202410170706/tools/bin/../lib/gcc/arm-none-eabi/13.3.1/../../../../arm-none-eabi/lib/thumb/v8-m.main+fp/hard/libnosys.a(read.o)
 .debug_frame   0x00000b18       0x20 /home/psabela/st/stm32cubeide_1.10.1_2/plugins/com.st.stm32cube.ide.mcu.externaltools.gnu-tools-for-stm32.13.3.rel1.linux64_1.0.0.202410170706/tools/bin/../lib/gcc/arm-none-eabi/13.3.1/../../../../arm-none-eabi/lib/thumb/v8-m.main+fp/hard/libnosys.a(sbrk.o)
