Archive member included to satisfy reference by file (symbol)

/opt/st/stm32cubeide_1.15.0_2/plugins/com.st.stm32cube.ide.mcu.externaltools.gnu-tools-for-stm32.12.3.rel1.linux64_1.0.100.202403111256/tools/bin/../lib/gcc/arm-none-eabi/12.3.1/../../../../arm-none-eabi/lib/thumb/v8-m.main+fp/hard/libc_nano.a(libc_a-exit.o)
                              /opt/st/stm32cubeide_1.15.0_2/plugins/com.st.stm32cube.ide.mcu.externaltools.gnu-tools-for-stm32.12.3.rel1.linux64_1.0.100.202403111256/tools/bin/../lib/gcc/arm-none-eabi/12.3.1/../../../../arm-none-eabi/lib/thumb/v8-m.main+fp/hard/crt0.o (exit)
/opt/st/stm32cubeide_1.15.0_2/plugins/com.st.stm32cube.ide.mcu.externaltools.gnu-tools-for-stm32.12.3.rel1.linux64_1.0.100.202403111256/tools/bin/../lib/gcc/arm-none-eabi/12.3.1/../../../../arm-none-eabi/lib/thumb/v8-m.main+fp/hard/libc_nano.a(libc_a-findfp.o)
                              /opt/st/stm32cubeide_1.15.0_2/plugins/com.st.stm32cube.ide.mcu.externaltools.gnu-tools-for-stm32.12.3.rel1.linux64_1.0.100.202403111256/tools/bin/../lib/gcc/arm-none-eabi/12.3.1/../../../../arm-none-eabi/lib/thumb/v8-m.main+fp/hard/libc_nano.a(libc_a-exit.o) (__stdio_exit_handler)
/opt/st/stm32cubeide_1.15.0_2/plugins/com.st.stm32cube.ide.mcu.externaltools.gnu-tools-for-stm32.12.3.rel1.linux64_1.0.100.202403111256/tools/bin/../lib/gcc/arm-none-eabi/12.3.1/../../../../arm-none-eabi/lib/thumb/v8-m.main+fp/hard/libc_nano.a(libc_a-fwalk.o)
                              /opt/st/stm32cubeide_1.15.0_2/plugins/com.st.stm32cube.ide.mcu.externaltools.gnu-tools-for-stm32.12.3.rel1.linux64_1.0.100.202403111256/tools/bin/../lib/gcc/arm-none-eabi/12.3.1/../../../../arm-none-eabi/lib/thumb/v8-m.main+fp/hard/libc_nano.a(libc_a-findfp.o) (_fwalk_sglue)
/opt/st/stm32cubeide_1.15.0_2/plugins/com.st.stm32cube.ide.mcu.externaltools.gnu-tools-for-stm32.12.3.rel1.linux64_1.0.100.202403111256/tools/bin/../lib/gcc/arm-none-eabi/12.3.1/../../../../arm-none-eabi/lib/thumb/v8-m.main+fp/hard/libc_nano.a(libc_a-printf.o)
                              ./Core/Src/main.o (printf)
/opt/st/stm32cubeide_1.15.0_2/plugins/com.st.stm32cube.ide.mcu.externaltools.gnu-tools-for-stm32.12.3.rel1.linux64_1.0.100.202403111256/tools/bin/../lib/gcc/arm-none-eabi/12.3.1/../../../../arm-none-eabi/lib/thumb/v8-m.main+fp/hard/libc_nano.a(libc_a-puts.o)
                              ./Core/Src/main.o (puts)
/opt/st/stm32cubeide_1.15.0_2/plugins/com.st.stm32cube.ide.mcu.externaltools.gnu-tools-for-stm32.12.3.rel1.linux64_1.0.100.202403111256/tools/bin/../lib/gcc/arm-none-eabi/12.3.1/../../../../arm-none-eabi/lib/thumb/v8-m.main+fp/hard/libc_nano.a(libc_a-stdio.o)
                              /opt/st/stm32cubeide_1.15.0_2/plugins/com.st.stm32cube.ide.mcu.externaltools.gnu-tools-for-stm32.12.3.rel1.linux64_1.0.100.202403111256/tools/bin/../lib/gcc/arm-none-eabi/12.3.1/../../../../arm-none-eabi/lib/thumb/v8-m.main+fp/hard/libc_nano.a(libc_a-findfp.o) (__sread)
/opt/st/stm32cubeide_1.15.0_2/plugins/com.st.stm32cube.ide.mcu.externaltools.gnu-tools-for-stm32.12.3.rel1.linux64_1.0.100.202403111256/tools/bin/../lib/gcc/arm-none-eabi/12.3.1/../../../../arm-none-eabi/lib/thumb/v8-m.main+fp/hard/libc_nano.a(libc_a-wbuf.o)
                              /opt/st/stm32cubeide_1.15.0_2/plugins/com.st.stm32cube.ide.mcu.externaltools.gnu-tools-for-stm32.12.3.rel1.linux64_1.0.100.202403111256/tools/bin/../lib/gcc/arm-none-eabi/12.3.1/../../../../arm-none-eabi/lib/thumb/v8-m.main+fp/hard/libc_nano.a(libc_a-puts.o) (__swbuf_r)
/opt/st/stm32cubeide_1.15.0_2/plugins/com.st.stm32cube.ide.mcu.externaltools.gnu-tools-for-stm32.12.3.rel1.linux64_1.0.100.202403111256/tools/bin/../lib/gcc/arm-none-eabi/12.3.1/../../../../arm-none-eabi/lib/thumb/v8-m.main+fp/hard/libc_nano.a(libc_a-wsetup.o)
                              /opt/st/stm32cubeide_1.15.0_2/plugins/com.st.stm32cube.ide.mcu.externaltools.gnu-tools-for-stm32.12.3.rel1.linux64_1.0.100.202403111256/tools/bin/../lib/gcc/arm-none-eabi/12.3.1/../../../../arm-none-eabi/lib/thumb/v8-m.main+fp/hard/libc_nano.a(libc_a-puts.o) (__swsetup_r)
/opt/st/stm32cubeide_1.15.0_2/plugins/com.st.stm32cube.ide.mcu.externaltools.gnu-tools-for-stm32.12.3.rel1.linux64_1.0.100.202403111256/tools/bin/../lib/gcc/arm-none-eabi/12.3.1/../../../../arm-none-eabi/lib/thumb/v8-m.main+fp/hard/libc_nano.a(libc_a-memset.o)
                              /opt/st/stm32cubeide_1.15.0_2/plugins/com.st.stm32cube.ide.mcu.externaltools.gnu-tools-for-stm32.12.3.rel1.linux64_1.0.100.202403111256/tools/bin/../lib/gcc/arm-none-eabi/12.3.1/../../../../arm-none-eabi/lib/thumb/v8-m.main+fp/hard/crt0.o (memset)
/opt/st/stm32cubeide_1.15.0_2/plugins/com.st.stm32cube.ide.mcu.externaltools.gnu-tools-for-stm32.12.3.rel1.linux64_1.0.100.202403111256/tools/bin/../lib/gcc/arm-none-eabi/12.3.1/../../../../arm-none-eabi/lib/thumb/v8-m.main+fp/hard/libc_nano.a(libc_a-closer.o)
[...]
Memory Configuration

Name             Origin             Length             Attributes
RAM              0x20000000         0x000c0000         xrw
SRAM4            0x28000000         0x00004000         xrw
FLASH            0x08000000         0x00200000         xr
*default*        0x00000000         0xffffffff

Linker script and memory map

LOAD /opt/st/stm32cubeide_1.15.0_2/plugins/com.st.stm32cube.ide.mcu.externaltools.gnu-tools-for-stm32.12.3.rel1.linux64_1.0.100.202403111256/tools/bin/../lib/gcc/arm-none-eabi/12.3.1/thumb/v8-m.main+fp/hard/crti.o
LOAD /opt/st/stm32cubeide_1.15.0_2/plugins/com.st.stm32cube.ide.mcu.externaltools.gnu-tools-for-stm32.12.3.rel1.linux64_1.0.100.202403111256/tools/bin/../lib/gcc/arm-none-eabi/12.3.1/thumb/v8-m.main+fp/hard/crtbegin.o
LOAD /opt/st/stm32cubeide_1.15.0_2/plugins/com.st.stm32cube.ide.mcu.externaltools.gnu-tools-for-stm32.12.3.rel1.linux64_1.0.100.202403111256/tools/bin/../lib/gcc/arm-none-eabi/12.3.1/../../../../arm-none-eabi/lib/thumb/v8-m.main+fp/hard/crt0.o
LOAD ./Core/Src/gpio_assembly.o
LOAD ./Core/Src/main.o
LOAD ./Core/Src/nvic_assembly.o
LOAD ./Core/Src/rcc_assembly.o
LOAD ./Core/Src/spi_master_assembly.o
LOAD ./Core/Src/tim8_assembly.o
LOAD ./Core/Startup/startup_stm32u585aiixq.o
START GROUP
LOAD /opt/st/stm32cubeide_1.15.0_2/plugins/com.st.stm32cube.ide.mcu.externaltools.gnu-tools-for-stm32.12.3.rel1.linux64_1.0.100.202403111256/tools/bin/../lib/gcc/arm-none-eabi/12.3.1/../../../../arm-none-eabi/lib/thumb/v8-m.main+fp/hard/libc_nano.a
LOAD /opt/st/stm32cubeide_1.15.0_2/plugins/com.st.stm32cube.ide.mcu.externaltools.gnu-tools-for-stm32.12.3.rel1.linux64_1.0.100.202403111256/tools/bin/../lib/gcc/arm-none-eabi/12.3.1/../../../../arm-none-eabi/lib/thumb/v8-m.main+fp/hard/libm.a
END GROUP
START GROUP
LOAD /opt/st/stm32cubeide_1.15.0_2/plugins/com.st.stm32cube.ide.mcu.externaltools.gnu-tools-for-stm32.12.3.rel1.linux64_1.0.100.202403111256/tools/bin/../lib/gcc/arm-none-eabi/12.3.1/thumb/v8-m.main+fp/hard/libgcc.a
LOAD /opt/st/stm32cubeide_1.15.0_2/plugins/com.st.stm32cube.ide.mcu.externaltools.gnu-tools-for-stm32.12.3.rel1.linux64_1.0.100.202403111256/tools/bin/../lib/gcc/arm-none-eabi/12.3.1/../../../../arm-none-eabi/lib/thumb/v8-m.main+fp/hard/libc_nano.a
END GROUP
START GROUP
LOAD /opt/st/stm32cubeide_1.15.0_2/plugins/com.st.stm32cube.ide.mcu.externaltools.gnu-tools-for-stm32.12.3.rel1.linux64_1.0.100.202403111256/tools/bin/../lib/gcc/arm-none-eabi/12.3.1/thumb/v8-m.main+fp/hard/libgcc.a
LOAD /opt/st/stm32cubeide_1.15.0_2/plugins/com.st.stm32cube.ide.mcu.externaltools.gnu-tools-for-stm32.12.3.rel1.linux64_1.0.100.202403111256/tools/bin/../lib/gcc/arm-none-eabi/12.3.1/../../../../arm-none-eabi/lib/thumb/v8-m.main+fp/hard/libc_nano.a
LOAD /opt/st/stm32cubeide_1.15.0_2/plugins/com.st.stm32cube.ide.mcu.externaltools.gnu-tools-for-stm32.12.3.rel1.linux64_1.0.100.202403111256/tools/bin/../lib/gcc/arm-none-eabi/12.3.1/../../../../arm-none-eabi/lib/thumb/v8-m.main+fp/hard/libnosys.a
END GROUP
START GROUP
LOAD /opt/st/stm32cubeide_1.15.0_2/plugins/com.st.stm32cube.ide.mcu.externaltools.gnu-tools-for-stm32.12.3.rel1.linux64_1.0.100.202403111256/tools/bin/../lib/gcc/arm-none-eabi/12.3.1/thumb/v8-m.main+fp/hard/libgcc.a
LOAD /opt/st/stm32cubeide_1.15.0_2/plugins/com.st.stm32cube.ide.mcu.externaltools.gnu-tools-for-stm32.12.3.rel1.linux64_1.0.100.202403111256/tools/bin/../lib/gcc/arm-none-eabi/12.3.1/../../../../arm-none-eabi/lib/thumb/v8-m.main+fp/hard/libc_nano.a
LOAD /opt/st/stm32cubeide_1.15.0_2/plugins/com.st.stm32cube.ide.mcu.externaltools.gnu-tools-for-stm32.12.3.rel1.linux64_1.0.100.202403111256/tools/bin/../lib/gcc/arm-none-eabi/12.3.1/../../../../arm-none-eabi/lib/thumb/v8-m.main+fp/hard/libnosys.a
END GROUP
LOAD /opt/st/stm32cubeide_1.15.0_2/plugins/com.st.stm32cube.ide.mcu.externaltools.gnu-tools-for-stm32.12.3.rel1.linux64_1.0.100.202403111256/tools/bin/../lib/gcc/arm-none-eabi/12.3.1/thumb/v8-m.main+fp/hard/crtend.o
LOAD /opt/st/stm32cubeide_1.15.0_2/plugins/com.st.stm32cube.ide.mcu.externaltools.gnu-tools-for-stm32.12.3.rel1.linux64_1.0.100.202403111256/tools/bin/../lib/gcc/arm-none-eabi/12.3.1/thumb/v8-m.main+fp/hard/crtn.o
                0x200c0000                        _estack = (ORIGIN (RAM) + LENGTH (RAM))
                0x00000200                        _Min_Heap_Size = 0x200
                0x00000400                        _Min_Stack_Size = 0x400

.isr_vector     0x08000000      0x238
 *(.isr_vector)
 .isr_vector    0x08000000      0x238 ./Core/Startup/startup_stm32u585aiixq.o
                0x08000000                g_pfnVectors

.text           0x08000238     0x1ee0
 *(.text)
 .text          0x08000238       0x40 /opt/st/stm32cubeide_1.15.0_2/plugins/com.st.stm32cube.ide.mcu.externaltools.gnu-tools-for-stm32.12.3.rel1.linux64_1.0.100.202403111256/tools/bin/../lib/gcc/arm-none-eabi/12.3.1/thumb/v8-m.main+fp/hard/crtbegin.o
 .text          0x08000278      0x2e8 ./Core/Src/gpio_assembly.o
                0x08000278                GPIOE_MODER_Set_Alt_Function
                0x080002be                GPIOE_AFRH_Set_Alt_Function
                0x08000304                GPIOE_OSPEEDR_Set
                0x08000324                GPIOE_PUPDR_Set
                0x0800034c                GPIOE_PUPDR_NSS_DOWN
                0x08000360                GPIOE_PUPDR_NSS_UP
                0x08000374                GPIOE_PUPDR_SCK_DOWN
                0x08000388                GPIOE_PUPDR_SCK_UP
                0x0800039c                GPIOE_PUPDR_MISO_DOWN
                0x080003b0                GPIOE_PUPDR_MISO_UP
                0x080003c4                GPIOE_PUPDR_MOSI_DOWN
                0x080003d8                GPIOE_PUPDR_MOSI_UP
                0x080003ec                GPIOC_MODER_Input
                0x08000402                GPIOC_PUPDR_NUND
                0x08000418                GPIOC_PUPDR_RDY_UP
                0x0800042c                GPIOC_PUPDR_RDY_DOWN
                0x08000440                GPIOC_IDR_RDY_GET
                0x0800044c                GPIOC_LCKR_PIN1_LCKK_1
                0x08000464                GPIOC_LCKR_PIN1_LCKK_0
                0x0800047e                GPIOA_MODER_Set_Alt_Function
                0x0800049a                GPIOA_AFRH_Set_Alt_Function
                0x080004ae                GPIOA_OSPEEDR_Set
                0x080004c2                GPIOE_MODER_BUSY_INPUT
                0x080004d8                GPIOE_PURDR_BUSY_NPUPD
                0x080004ee                GPIOE_PURDR_BUSY_UP
                0x0800050a                GPIOE_IDR_BUSY_GET
                0x08000516                GPIOD_MODER_DIO_INPUT
                0x0800052c                GPIOD_PUPDR_DIO_NPUPD
                0x08000542                GPIOD_IDR_DIO_GET
 .text          0x08000560       0x20 ./Core/Src/nvic_assembly.o
                0x08000560                NVIC_TIM8_Enable_Interupt
                0x0800056e                NVIC_SPI1_Enable_Interupt
 .text          0x08000580      0x3c8 ./Core/Src/rcc_assembly.o
                0x08000580                ASM_RCC_APB2ENR_TIM8EN_Set
                0x08000594                ASM_RCC_AHB2ENR1_GPIOEEN_Set
                0x080005a8                ASM_RCC_AHB2ENR1_GPIOAEN_Set
                0x080005ba                ASM_RCC_AHB2ENR1_GPIODEN_Set
                0x080005ce                ASM_RCC_AHB2ENR1_GPIOCEN_Set
                0x080005e2                ASM_RCC_APB2ENR_SPI1_Set
                0x080005f6                ASM_RCC_CCIPR1_SPI1SEL_MSIK
                0x08000612                ASM_RCC_CCIPR1_SPI1SEL_HSI16
                0x0800062e                ASM_RCC_CCIPR1_SPI1SEL_PCLK2
                0x08000644                ASM_RCC_CCIPR1_SPI1SEL_SYSCLK
                0x08000660                ASM_RCC_CFGR2_HPRE_2
                0x08000678                ASM_RCC_CFGR2_PCLK2_2
                0x08000694                ASM_RCC_CFGR1_MCOSEL_HSI16
                0x080006b0                ASM_RCC_CFGR1_MCOSEL_HSE
                0x080006cc                ASM_RCC_CFGR1_MCOSEL_MSIS
                0x080006e8                ASM_RCC_CFGR1_MCOSEL_MSIK
                0x08000704                ASM_RCC_CFGR1_MCOSEL_SYSCLK
                0x08000720                ASM_RCC_CFGR1_MCOSEL_HSI48
                0x0800073c                ASM_RCC_CFGR1_MCOSEL_PLL1
                0x08000758                ASM_RCC_CR_HSI16
                0x08000766                ASM_RCC_CR_HSI16RDY
                0x08000772                ASM_RCC_CR_HSI48
                0x08000780                ASM_RCC_CR_HSI48RDY
                0x0800078c                ASM_RCC_CR_SYSCLK
                0x0800079a                ASM_RCC_CR_SYSCLKRDY
                0x080007a6                ASM_RCC_CR_MSIK
                0x080007b4                ASM_RCC_CR_MSIKRDY
                0x080007c0                ASM_RCC_CR_MSIS
                0x080007ce                ASM_RCC_CR_MSISRDY
                0x080007da                ASM_RCC_CR_HSE
                0x080007e8                ASM_RCC_CR_HSERDY
                0x080007f4                ASM_RCC_CR_PLL1
                0x08000802                ASM_RCC_CR_PLL1RDY
                0x0800080e                ASM_RCC_PLL1CFGR_PLL1SRC_HSI16
                0x08000826                ASM_RCC_PLL1CFGR_PLL1PEN
                0x0800083a                ASM_RCC_PLL1CFGR_PLL1QEN
                0x0800084e                ASM_RCC_PLL1CFGR_PLL1REN
                0x08000862                ASM_RCC_PLL1CFGR_PLL1M_3
                0x0800087e                ASM_RCC_PLL1DIVR_PLL1N_4
                0x080008a0                ASM_RCC_PLL1DIVR_PLL1N_5
                0x080008c2                ASM_RCC_PLL1DIVR_PLL1N_6
                0x080008e4                ASM_RCC_CFGR1_SW_PLL1
                0x080008f6                ASM_RCC_CFGR1_SWS
                0x08000902                RUN_COUNTER
                0x0800090a                RESET_COUNTER
                0x08000910                ASM_RCC_ICSCR1_MSIKRANGE_SET
                0x0800092c                ASM_RCC_ICSCR1_MSIRGSEL_1
 .text          0x08000948      0x324 ./Core/Src/spi_master_assembly.o
                0x08000948                ASM_SPI_IER_EOTIE_Set
                0x0800095c                ASM_SPI_IER_TXPIE_Set
                0x08000970                ASM_SPI_IER_RXPIE_Set
                0x08000982                ASM_SPI_IER_TXTFIE_Set
                0x08000996                ASM_SPI_SR_Get
                0x080009a2                ASM_SPI_IFCR_EOTC_Clear
                0x080009b6                ASM_SPI_IFCR_OVRC
                0x080009ca                ASM_SPI_IFCR_TXTFC
                0x080009de                ASM_SPI_CR2_TSIZE
                0x080009f0                ASM_SPI_CFG2_MASTER_Set
                0x08000a04                ASM_SPI_CFG2_COMM_Full_Duplex
                0x08000a1a                ASM_SPI_CFG2_CPOL_0
                0x08000a30                ASM_SPI_CFG2_CPOL_1
                0x08000a44                ASM_SPI_CFG2_CPHA_0
                0x08000a5a                ASM_SPI_CFG2_SSM_0
                0x08000a70                ASM_SPI_CFG2_SSM_1
                0x08000a84                ASM_SPI_CFG2_SSOE_1
                0x08000a98                ASM_SPI_CFG1_DSIZE_8
                0x08000a9a                ASM_SPI_CFG1_FTHLV_2
                0x08000ab6                ASM_SPI_CFG1_FTHLV_1
                0x08000acc                ASM_SPI_CFG2_SSOM_1
                0x08000ae0                ASM_SPI_CFG2_SSOM_0
                0x08000af6                ASM_SPI_CFG2_MIDI_Set
                0x08000af8                ASM_SPI_CFG2_MSSI_Set
                0x08000afa                ASM_SPI_CFG1_MBR_4
                0x08000b16                ASM_SPI_CFG1_MBR_256
                0x08000b2a                ASM_SPI_CFG1_MBR_64
                0x08000b3e                ASM_SPI_CFG1_BPASS_0
                0x08000b54                ASM_SPI_CFG1_BPASS_1
                0x08000b68                ASM_SPI_CFG2_LSBFRST_MSB
                0x08000b7e                ASM_SPI_CFG2_LSBFRST_LSB
                0x08000b92                ASM_SPI_CFG2_AFCNTR_1
                0x08000ba6                ASM_SPI_CR1_SPE_1
                0x08000bba                ASM_SPI_CR1_SPE_0
                0x08000bd0                ASM_SPI_CR1_CSTART_1
                0x08000be4                ASM_SPI_CR1_SSI_1
                0x08000bf8                ASM_SPI_CR1_SSI_0
                0x08000c0e                ASM_SPI_TXDR_Set
                0x08000c1e                ASM_SPI_RXDR_Get
                0x08000c2a                ASM_SPI_CFG2_SSIOP_0
                0x08000c40                ASM_SPI_CFG2_SSIOP_1
                0x08000c54                ASM_SPI_CFG2_RDIOM_1_SIMULATE_RDY
 .text          0x08000c6c      0x174 ./Core/Src/tim8_assembly.o
                0x08000c6c                TIM8_Set_PSC_Value
                0x08000c80                TIM8_Set_ARR_Value
                0x08000c98                TIM8_Clear_UIF_Flag
                0x08000cac                TIM8_Set_CCnS_To_Channel_Output
                0x08000cc2                TIM8_Set_DITHEN_False
                0x08000cd8                TIM8_Set_CCRn_WaveGen_Value
                0x08000cf0                TIM8_Clear_CC1IF_Flag
                0x08000d06                TIM8_Set_DIR_UpCounter
                0x08000d1c                TIM8_Set_OCnM_To_Toggle_Mode
                0x08000d40                TIM8_Set_CC1P_Polarity_ActiveHigh
                0x08000d56                TIM8_Set_CCnE_Output_Enable_To_GPIO
                0x08000d68                TIM8_Set_CEN_Counter_Enable
                0x08000d7a                TIM8_Set_MMS_Update_Trigger_Output
                0x08000d96                TIM8_Set_UIF_Update_Interrupt_Enable
                0x08000da8                TIM8_Set_CC1IE_Update_Interrupt_Enable
                0x08000dbc                TIM8_Get_SR_Status
                0x08000dc8                TIM8_RCR_Set
 *(.text*)
 .text.ITM_SendChar
                0x08000de0       0x4e ./Core/Src/main.o
 .text._write   0x08000e2e       0x38 ./Core/Src/main.o
                0x08000e2e                _write
 *fill*         0x08000e66        0x2 
 .text.main     0x08000e68       0x3c ./Core/Src/main.o
                0x08000e68                main
 .text.NVIC_Interupts_Enable
                0x08000ea4       0x10 ./Core/Src/main.o
                0x08000ea4                NVIC_Interupts_Enable
 .text.TIM8_UP_IRQHandler
                0x08000eb4       0x3c ./Core/Src/main.o
                0x08000eb4                TIM8_UP_IRQHandler
 .text.SPI1_IRQHandler
                0x08000ef0      0x104 ./Core/Src/main.o
                0x08000ef0                SPI1_IRQHandler
 .text.RCC_init
                0x08000ff4       0x42 ./Core/Src/main.o
                0x08000ff4                RCC_init
 .text.GPIO_SPI_init
                0x08001036       0x34 ./Core/Src/main.o
                0x08001036                GPIO_SPI_init
 .text.SPI_init
                0x0800106a       0x58 ./Core/Src/main.o
                0x0800106a                SPI_init
 .text.SPI_start
                0x080010c2       0x10 ./Core/Src/main.o
                0x080010c2                SPI_start
 .text.TIM8_init
                0x080010d2       0x3c ./Core/Src/main.o
                0x080010d2                TIM8_init
 *fill*         0x0800110e        0x2 
 .text.Reset_Handler
                0x08001110       0x4c ./Core/Startup/startup_stm32u585aiixq.o
                0x08001110                Reset_Handler
 .text.Default_Handler
                0x0800115c        0x2 ./Core/Startup/startup_stm32u585aiixq.o
                0x0800115c                EXTI2_IRQHandler
                0x0800115c                TIM8_TRG_COM_IRQHandler
                0x0800115c                TIM8_CC_IRQHandler
                0x0800115c                EXTI5_IRQHandler
                0x0800115c                DebugMon_Handler
                0x0800115c                FLASH_S_IRQHandler
                0x0800115c                EXTI13_IRQHandler
                0x0800115c                TIM1_CC_IRQHandler
                0x0800115c                TSC_IRQHandler
                0x0800115c                HardFault_Handler
                0x0800115c                TAMP_IRQHandler
                0x0800115c                TIM6_IRQHandler
                0x0800115c                EXTI12_IRQHandler
                0x0800115c                CORDIC_IRQHandler
                0x0800115c                SysTick_Handler
                0x0800115c                PendSV_Handler
                0x0800115c                NMI_Handler
                0x0800115c                EXTI3_IRQHandler
                0x0800115c                LPTIM4_IRQHandler
                0x0800115c                GPDMA1_Channel5_IRQHandler
                0x0800115c                EXTI8_IRQHandler
                0x0800115c                LPTIM2_IRQHandler
                0x0800115c                I2C3_ER_IRQHandler
                0x0800115c                PWR_S3WU_IRQHandler
                0x0800115c                MDF1_FLT2_IRQHandler
                0x0800115c                LPDMA1_Channel3_IRQHandler
                0x0800115c                LPTIM3_IRQHandler
                0x0800115c                EXTI0_IRQHandler
                0x0800115c                I2C2_EV_IRQHandler
                0x0800115c                FPU_IRQHandler
                0x0800115c                GPDMA1_Channel3_IRQHandler
                0x0800115c                GPDMA1_Channel7_IRQHandler
                0x0800115c                MDF1_FLT4_IRQHandler
                0x0800115c                FDCAN1_IT1_IRQHandler
                0x0800115c                RAMCFG_IRQHandler
                0x0800115c                UsageFault_Handler
                0x0800115c                GPDMA1_Channel9_IRQHandler
                0x0800115c                DCACHE1_IRQHandler
                0x0800115c                OCTOSPI1_IRQHandler
                0x0800115c                GPDMA1_Channel2_IRQHandler
                0x0800115c                RCC_S_IRQHandler
                0x0800115c                OCTOSPI2_IRQHandler
                0x0800115c                SAI2_IRQHandler
                0x0800115c                MDF1_FLT1_IRQHandler
                0x0800115c                ADC1_IRQHandler
                0x0800115c                PKA_IRQHandler
                0x0800115c                MDF1_FLT5_IRQHandler
                0x0800115c                EXTI15_IRQHandler
                0x0800115c                TIM17_IRQHandler
                0x0800115c                USART3_IRQHandler
                0x0800115c                RTC_IRQHandler
                0x0800115c                EXTI9_IRQHandler
                0x0800115c                UART5_IRQHandler
                0x0800115c                TIM4_IRQHandler
                0x0800115c                I2C1_EV_IRQHandler
                0x0800115c                GPDMA1_Channel12_IRQHandler
                0x0800115c                GPDMA1_Channel1_IRQHandler
                0x0800115c                TIM16_IRQHandler
                0x0800115c                GPDMA1_Channel15_IRQHandler
                0x0800115c                UART4_IRQHandler
                0x0800115c                SecureFault_Handler
                0x0800115c                TIM3_IRQHandler
                0x0800115c                RCC_IRQHandler
                0x0800115c                TIM1_TRG_COM_IRQHandler
                0x0800115c                Default_Handler
                0x0800115c                GPDMA1_Channel8_IRQHandler
                0x0800115c                FMAC_IRQHandler
                0x0800115c                OTFDEC1_IRQHandler
                0x0800115c                GPDMA1_Channel11_IRQHandler
                0x0800115c                TIM7_IRQHandler
                0x0800115c                SDMMC1_IRQHandler
                0x0800115c                SAES_IRQHandler
                0x0800115c                TIM5_IRQHandler
                0x0800115c                UCPD1_IRQHandler
                0x0800115c                GPDMA1_Channel0_IRQHandler
                0x0800115c                TIM15_IRQHandler
                0x0800115c                I2C3_EV_IRQHandler
                0x0800115c                LPDMA1_Channel0_IRQHandler
                0x0800115c                PVD_PVM_IRQHandler
                0x0800115c                SPI2_IRQHandler
                0x0800115c                MemManage_Handler
                0x0800115c                LPDMA1_Channel1_IRQHandler
                0x0800115c                EXTI14_IRQHandler
                0x0800115c                EXTI11_IRQHandler
                0x0800115c                OTFDEC2_IRQHandler
                0x0800115c                SVC_Handler
                0x0800115c                CRS_IRQHandler
                0x0800115c                GPDMA1_Channel14_IRQHandler
                0x0800115c                LSECSSD_IRQHandler
                0x0800115c                EXTI4_IRQHandler
                0x0800115c                RTC_S_IRQHandler
                0x0800115c                GPDMA1_Channel13_IRQHandler
                0x0800115c                RNG_IRQHandler
                0x0800115c                COMP_IRQHandler
                0x0800115c                TIM1_UP_IRQHandler
                0x0800115c                ADC4_IRQHandler
                0x0800115c                WWDG_IRQHandler
                0x0800115c                I2C4_EV_IRQHandler
                0x0800115c                ADF1_IRQHandler
                0x0800115c                IWDG_IRQHandler
                0x0800115c                LPUART1_IRQHandler
                0x0800115c                MDF1_FLT0_IRQHandler
                0x0800115c                FDCAN1_IT0_IRQHandler
                0x0800115c                TIM2_IRQHandler
                0x0800115c                GPDMA1_Channel4_IRQHandler
                0x0800115c                EXTI7_IRQHandler
                0x0800115c                DMA2D_IRQHandler
                0x0800115c                TIM1_BRK_IRQHandler
                0x0800115c                EXTI1_IRQHandler
                0x0800115c                SDMMC2_IRQHandler
                0x0800115c                AES_IRQHandler
                0x0800115c                DAC1_IRQHandler
                0x0800115c                GTZC_IRQHandler
                0x0800115c                MDF1_FLT3_IRQHandler
                0x0800115c                USART2_IRQHandler
                0x0800115c                GPDMA1_Channel6_IRQHandler
                0x0800115c                I2C2_ER_IRQHandler
                0x0800115c                TIM8_BRK_IRQHandler
                0x0800115c                FLASH_IRQHandler
                0x0800115c                BusFault_Handler
                0x0800115c                USART1_IRQHandler
                0x0800115c                EXTI10_IRQHandler
                0x0800115c                OTG_FS_IRQHandler
                0x0800115c                SPI3_IRQHandler
                0x0800115c                LPDMA1_Channel2_IRQHandler
                0x0800115c                I2C1_ER_IRQHandler
                0x0800115c                FMC_IRQHandler
                0x0800115c                EXTI6_IRQHandler
                0x0800115c                LPTIM1_IRQHandler
                0x0800115c                DCMI_PSSI_IRQHandler
                0x0800115c                I2C4_ER_IRQHandler
                0x0800115c                GPDMA1_Channel10_IRQHandler
                0x0800115c                ICACHE_IRQHandler
                0x0800115c                SAI1_IRQHandler
                0x0800115c                HASH_IRQHandler
 *fill*         0x0800115e        0x2 
 .text.std      0x08001160       0x6c /opt/st/stm32cubeide_1.15.0_2/plugins/com.st.stm32cube.ide.mcu.externaltools.gnu-tools-for-stm32.12.3.rel1.linux64_1.0.100.202403111256/tools/bin/../lib/gcc/arm-none-eabi/12.3.1/../../../../arm-none-eabi/lib/thumb/v8-m.main+fp/hard/libc_nano.a(libc_a-findfp.o)
 .text.stdio_exit_handler
                0x080011cc       0x18 /opt/st/stm32cubeide_1.15.0_2/plugins/com.st.stm32cube.ide.mcu.externaltools.gnu-tools-for-stm32.12.3.rel1.linux64_1.0.100.202403111256/tools/bin/../lib/gcc/arm-none-eabi/12.3.1/../../../../arm-none-eabi/lib/thumb/v8-m.main+fp/hard/libc_nano.a(libc_a-findfp.o)
 .text.cleanup_stdio
                0x080011e4       0x40 /opt/st/stm32cubeide_1.15.0_2/plugins/com.st.stm32cube.ide.mcu.externaltools.gnu-tools-for-stm32.12.3.rel1.linux64_1.0.100.202403111256/tools/bin/../lib/gcc/arm-none-eabi/12.3.1/../../../../arm-none-eabi/lib/thumb/v8-m.main+fp/hard/libc_nano.a(libc_a-findfp.o)
 .text.global_stdio_init.part.0
                0x08001224       0x3c /opt/st/stm32cubeide_1.15.0_2/plugins/com.st.stm32cube.ide.mcu.externaltools.gnu-tools-for-stm32.12.3.rel1.linux64_1.0.100.202403111256/tools/bin/../lib/gcc/arm-none-eabi/12.3.1/../../../../arm-none-eabi/lib/thumb/v8-m.main+fp/hard/libc_nano.a(libc_a-findfp.o)
 .text.__sfp_lock_acquire
                0x08001260        0xc /opt/st/stm32cubeide_1.15.0_2/plugins/com.st.stm32cube.ide.mcu.externaltools.gnu-tools-for-stm32.12.3.rel1.linux64_1.0.100.202403111256/tools/bin/../lib/gcc/arm-none-eabi/12.3.1/../../../../arm-none-eabi/lib/thumb/v8-m.main+fp/hard/libc_nano.a(libc_a-findfp.o)
                0x08001260                __sfp_lock_acquire
 .text.__sfp_lock_release
                0x0800126c        0xc /opt/st/stm32cubeide_1.15.0_2/plugins/com.st.stm32cube.ide.mcu.externaltools.gnu-tools-for-stm32.12.3.rel1.linux64_1.0.100.202403111256/tools/bin/../lib/gcc/arm-none-eabi/12.3.1/../../../../arm-none-eabi/lib/thumb/v8-m.main+fp/hard/libc_nano.a(libc_a-findfp.o)
                0x0800126c                __sfp_lock_release
 .text.__sinit  0x08001278       0x30 /opt/st/stm32cubeide_1.15.0_2/plugins/com.st.stm32cube.ide.mcu.externaltools.gnu-tools-for-stm32.12.3.rel1.linux64_1.0.100.202403111256/tools/bin/../lib/gcc/arm-none-eabi/12.3.1/../../../../arm-none-eabi/lib/thumb/v8-m.main+fp/hard/libc_nano.a(libc_a-findfp.o)
                0x08001278                __sinit
 .text._fwalk_sglue
                0x080012a8       0x3c /opt/st/stm32cubeide_1.15.0_2/plugins/com.st.stm32cube.ide.mcu.externaltools.gnu-tools-for-stm32.12.3.rel1.linux64_1.0.100.202403111256/tools/bin/../lib/gcc/arm-none-eabi/12.3.1/../../../../arm-none-eabi/lib/thumb/v8-m.main+fp/hard/libc_nano.a(libc_a-fwalk.o)
                0x080012a8                _fwalk_sglue
 .text.printf   0x080012e4       0x24 /opt/st/stm32cubeide_1.15.0_2/plugins/com.st.stm32cube.ide.mcu.externaltools.gnu-tools-for-stm32.12.3.rel1.linux64_1.0.100.202403111256/tools/bin/../lib/gcc/arm-none-eabi/12.3.1/../../../../arm-none-eabi/lib/thumb/v8-m.main+fp/hard/libc_nano.a(libc_a-printf.o)
                0x080012e4                printf
                0x080012e4                iprintf
 .text._puts_r  0x08001308       0xaa /opt/st/stm32cubeide_1.15.0_2/plugins/com.st.stm32cube.ide.mcu.externaltools.gnu-tools-for-stm32.12.3.rel1.linux64_1.0.100.202403111256/tools/bin/../lib/gcc/arm-none-eabi/12.3.1/../../../../arm-none-eabi/lib/thumb/v8-m.main+fp/hard/libc_nano.a(libc_a-puts.o)
                0x08001308                _puts_r
 *fill*         0x080013b2        0x2 
 .text.puts     0x080013b4       0x10 /opt/st/stm32cubeide_1.15.0_2/plugins/com.st.stm32cube.ide.mcu.externaltools.gnu-tools-for-stm32.12.3.rel1.linux64_1.0.100.202403111256/tools/bin/../lib/gcc/arm-none-eabi/12.3.1/../../../../arm-none-eabi/lib/thumb/v8-m.main+fp/hard/libc_nano.a(libc_a-puts.o)
                0x080013b4                puts
 .text.__sread  0x080013c4       0x22 /opt/st/stm32cubeide_1.15.0_2/plugins/com.st.stm32cube.ide.mcu.externaltools.gnu-tools-for-stm32.12.3.rel1.linux64_1.0.100.202403111256/tools/bin/../lib/gcc/arm-none-eabi/12.3.1/../../../../arm-none-eabi/lib/thumb/v8-m.main+fp/hard/libc_nano.a(libc_a-stdio.o)
                0x080013c4                __sread
 .text.__swrite
                0x080013e6       0x38 /opt/st/stm32cubeide_1.15.0_2/plugins/com.st.stm32cube.ide.mcu.externaltools.gnu-tools-for-stm32.12.3.rel1.linux64_1.0.100.202403111256/tools/bin/../lib/gcc/arm-none-eabi/12.3.1/../../../../arm-none-eabi/lib/thumb/v8-m.main+fp/hard/libc_nano.a(libc_a-stdio.o)
                0x080013e6                __swrite
 .text.__sseek  0x0800141e       0x24 /opt/st/stm32cubeide_1.15.0_2/plugins/com.st.stm32cube.ide.mcu.externaltools.gnu-tools-for-stm32.12.3.rel1.linux64_1.0.100.202403111256/tools/bin/../lib/gcc/arm-none-eabi/12.3.1/../../../../arm-none-eabi/lib/thumb/v8-m.main+fp/hard/libc_nano.a(libc_a-stdio.o)
                0x0800141e                __sseek
 .text.__sclose
                0x08001442        0x8 /opt/st/stm32cubeide_1.15.0_2/plugins/com.st.stm32cube.ide.mcu.externaltools.gnu-tools-for-stm32.12.3.rel1.linux64_1.0.100.202403111256/tools/bin/../lib/gcc/arm-none-eabi/12.3.1/../../../../arm-none-eabi/lib/thumb/v8-m.main+fp/hard/libc_nano.a(libc_a-stdio.o)
                0x08001442                __sclose
 .text.__swbuf_r
                0x0800144a       0x7c /opt/st/stm32cubeide_1.15.0_2/plugins/com.st.stm32cube.ide.mcu.externaltools.gnu-tools-for-stm32.12.3.rel1.linux64_1.0.100.202403111256/tools/bin/../lib/gcc/arm-none-eabi/12.3.1/../../../../arm-none-eabi/lib/thumb/v8-m.main+fp/hard/libc_nano.a(libc_a-wbuf.o)
                0x0800144a                __swbuf_r
 *fill*         0x080014c6        0x2 
 .text.__swsetup_r
                0x080014c8       0xac /opt/st/stm32cubeide_1.15.0_2/plugins/com.st.stm32cube.ide.mcu.externaltools.gnu-tools-for-stm32.12.3.rel1.linux64_1.0.100.202403111256/tools/bin/../lib/gcc/arm-none-eabi/12.3.1/../../../../arm-none-eabi/lib/thumb/v8-m.main+fp/hard/libc_nano.a(libc_a-wsetup.o)
                0x080014c8                __swsetup_r
 .text.memset   0x08001574       0x10 /opt/st/stm32cubeide_1.15.0_2/plugins/com.st.stm32cube.ide.mcu.externaltools.gnu-tools-for-stm32.12.3.rel1.linux64_1.0.100.202403111256/tools/bin/../lib/gcc/arm-none-eabi/12.3.1/../../../../arm-none-eabi/lib/thumb/v8-m.main+fp/hard/libc_nano.a(libc_a-memset.o)
                0x08001574                memset
 .text._close_r
                0x08001584       0x20 /opt/st/stm32cubeide_1.15.0_2/plugins/com.st.stm32cube.ide.mcu.externaltools.gnu-tools-for-stm32.12.3.rel1.linux64_1.0.100.202403111256/tools/bin/../lib/gcc/arm-none-eabi/12.3.1/../../../../arm-none-eabi/lib/thumb/v8-m.main+fp/hard/libc_nano.a(libc_a-closer.o)
                0x08001584                _close_r
 .text._lseek_r
                0x080015a4       0x24 /opt/st/stm32cubeide_1.15.0_2/plugins/com.st.stm32cube.ide.mcu.externaltools.gnu-tools-for-stm32.12.3.rel1.linux64_1.0.100.202403111256/tools/bin/../lib/gcc/arm-none-eabi/12.3.1/../../../../arm-none-eabi/lib/thumb/v8-m.main+fp/hard/libc_nano.a(libc_a-lseekr.o)
                0x080015a4                _lseek_r
 .text._read_r  0x080015c8       0x24 /opt/st/stm32cubeide_1.15.0_2/plugins/com.st.stm32cube.ide.mcu.externaltools.gnu-tools-for-stm32.12.3.rel1.linux64_1.0.100.202403111256/tools/bin/../lib/gcc/arm-none-eabi/12.3.1/../../../../arm-none-eabi/lib/thumb/v8-m.main+fp/hard/libc_nano.a(libc_a-readr.o)
                0x080015c8                _read_r
 .text._write_r
                0x080015ec       0x24 /opt/st/stm32cubeide_1.15.0_2/plugins/com.st.stm32cube.ide.mcu.externaltools.gnu-tools-for-stm32.12.3.rel1.linux64_1.0.100.202403111256/tools/bin/../lib/gcc/arm-none-eabi/12.3.1/../../../../arm-none-eabi/lib/thumb/v8-m.main+fp/hard/libc_nano.a(libc_a-writer.o)
                0x080015ec                _write_r
 .text.__libc_init_array
                0x08001610       0x48 /opt/st/stm32cubeide_1.15.0_2/plugins/com.st.stm32cube.ide.mcu.externaltools.gnu-tools-for-stm32.12.3.rel1.linux64_1.0.100.202403111256/tools/bin/../lib/gcc/arm-none-eabi/12.3.1/../../../../arm-none-eabi/lib/thumb/v8-m.main+fp/hard/libc_nano.a(libc_a-init.o)
                0x08001610                __libc_init_array
 .text.__retarget_lock_init_recursive
                0x08001658        0x2 /opt/st/stm32cubeide_1.15.0_2/plugins/com.st.stm32cube.ide.mcu.externaltools.gnu-tools-for-stm32.12.3.rel1.linux64_1.0.100.202403111256/tools/bin/../lib/gcc/arm-none-eabi/12.3.1/../../../../arm-none-eabi/lib/thumb/v8-m.main+fp/hard/libc_nano.a(libc_a-lock.o)
                0x08001658                __retarget_lock_init_recursive
 .text.__retarget_lock_acquire_recursive
                0x0800165a        0x2 /opt/st/stm32cubeide_1.15.0_2/plugins/com.st.stm32cube.ide.mcu.externaltools.gnu-tools-for-stm32.12.3.rel1.linux64_1.0.100.202403111256/tools/bin/../lib/gcc/arm-none-eabi/12.3.1/../../../../arm-none-eabi/lib/thumb/v8-m.main+fp/hard/libc_nano.a(libc_a-lock.o)
                0x0800165a                __retarget_lock_acquire_recursive
 .text.__retarget_lock_release_recursive
                0x0800165c        0x2 /opt/st/stm32cubeide_1.15.0_2/plugins/com.st.stm32cube.ide.mcu.externaltools.gnu-tools-for-stm32.12.3.rel1.linux64_1.0.100.202403111256/tools/bin/../lib/gcc/arm-none-eabi/12.3.1/../../../../arm-none-eabi/lib/thumb/v8-m.main+fp/hard/libc_nano.a(libc_a-lock.o)
                0x0800165c                __retarget_lock_release_recursive
 *fill*         0x0800165e        0x2 
 .text._free_r  0x08001660       0x94 /opt/st/stm32cubeide_1.15.0_2/plugins/com.st.stm32cube.ide.mcu.externaltools.gnu-tools-for-stm32.12.3.rel1.linux64_1.0.100.202403111256/tools/bin/../lib/gcc/arm-none-eabi/12.3.1/../../../../arm-none-eabi/lib/thumb/v8-m.main+fp/hard/libc_nano.a(libc_a-freer.o)
                0x08001660                _free_r
 .text.sbrk_aligned
                0x080016f4       0x44 /opt/st/stm32cubeide_1.15.0_2/plugins/com.st.stm32cube.ide.mcu.externaltools.gnu-tools-for-stm32.12.3.rel1.linux64_1.0.100.202403111256/tools/bin/../lib/gcc/arm-none-eabi/12.3.1/../../../../arm-none-eabi/lib/thumb/v8-m.main+fp/hard/libc_nano.a(libc_a-mallocr.o)
 .text._malloc_r
                0x08001738      0x100 /opt/st/stm32cubeide_1.15.0_2/plugins/com.st.stm32cube.ide.mcu.externaltools.gnu-tools-for-stm32.12.3.rel1.linux64_1.0.100.202403111256/tools/bin/../lib/gcc/arm-none-eabi/12.3.1/../../../../arm-none-eabi/lib/thumb/v8-m.main+fp/hard/libc_nano.a(libc_a-mallocr.o)
                0x08001738                _malloc_r
 .text.__malloc_lock
                0x08001838        0xc /opt/st/stm32cubeide_1.15.0_2/plugins/com.st.stm32cube.ide.mcu.externaltools.gnu-tools-for-stm32.12.3.rel1.linux64_1.0.100.202403111256/tools/bin/../lib/gcc/arm-none-eabi/12.3.1/../../../../arm-none-eabi/lib/thumb/v8-m.main+fp/hard/libc_nano.a(libc_a-mlock.o)
                0x08001838                __malloc_lock
 .text.__malloc_unlock
                0x08001844        0xc /opt/st/stm32cubeide_1.15.0_2/plugins/com.st.stm32cube.ide.mcu.externaltools.gnu-tools-for-stm32.12.3.rel1.linux64_1.0.100.202403111256/tools/bin/../lib/gcc/arm-none-eabi/12.3.1/../../../../arm-none-eabi/lib/thumb/v8-m.main+fp/hard/libc_nano.a(libc_a-mlock.o)
                0x08001844                __malloc_unlock
 .text.__sfputc_r
                0x08001850       0x2e /opt/st/stm32cubeide_1.15.0_2/plugins/com.st.stm32cube.ide.mcu.externaltools.gnu-tools-for-stm32.12.3.rel1.linux64_1.0.100.202403111256/tools/bin/../lib/gcc/arm-none-eabi/12.3.1/../../../../arm-none-eabi/lib/thumb/v8-m.main+fp/hard/libc_nano.a(libc_a-nano-vfprintf.o)
 .text.__sfputs_r
                0x0800187e       0x24 /opt/st/stm32cubeide_1.15.0_2/plugins/com.st.stm32cube.ide.mcu.externaltools.gnu-tools-for-stm32.12.3.rel1.linux64_1.0.100.202403111256/tools/bin/../lib/gcc/arm-none-eabi/12.3.1/../../../../arm-none-eabi/lib/thumb/v8-m.main+fp/hard/libc_nano.a(libc_a-nano-vfprintf.o)
                0x0800187e                __sfputs_r
 *fill*         0x080018a2        0x2 
 .text._vfprintf_r
                0x080018a4      0x230 /opt/st/stm32cubeide_1.15.0_2/plugins/com.st.stm32cube.ide.mcu.externaltools.gnu-tools-for-stm32.12.3.rel1.linux64_1.0.100.202403111256/tools/bin/../lib/gcc/arm-none-eabi/12.3.1/../../../../arm-none-eabi/lib/thumb/v8-m.main+fp/hard/libc_nano.a(libc_a-nano-vfprintf.o)
                0x080018a4                _vfiprintf_r
                0x080018a4                _vfprintf_r
 .text._printf_common
                0x08001ad4       0xe4 /opt/st/stm32cubeide_1.15.0_2/plugins/com.st.stm32cube.ide.mcu.externaltools.gnu-tools-for-stm32.12.3.rel1.linux64_1.0.100.202403111256/tools/bin/../lib/gcc/arm-none-eabi/12.3.1/../../../../arm-none-eabi/lib/thumb/v8-m.main+fp/hard/libc_nano.a(libc_a-nano-vfprintf_i.o)
                0x08001ad4                _printf_common
 .text._printf_i
                0x08001bb8      0x240 /opt/st/stm32cubeide_1.15.0_2/plugins/com.st.stm32cube.ide.mcu.externaltools.gnu-tools-for-stm32.12.3.rel1.linux64_1.0.100.202403111256/tools/bin/../lib/gcc/arm-none-eabi/12.3.1/../../../../arm-none-eabi/lib/thumb/v8-m.main+fp/hard/libc_nano.a(libc_a-nano-vfprintf_i.o)
                0x08001bb8                _printf_i
 .text.__sflush_r
                0x08001df8      0x108 /opt/st/stm32cubeide_1.15.0_2/plugins/com.st.stm32cube.ide.mcu.externaltools.gnu-tools-for-stm32.12.3.rel1.linux64_1.0.100.202403111256/tools/bin/../lib/gcc/arm-none-eabi/12.3.1/../../../../arm-none-eabi/lib/thumb/v8-m.main+fp/hard/libc_nano.a(libc_a-fflush.o)
                0x08001df8                __sflush_r
 .text._fflush_r
                0x08001f00       0x50 /opt/st/stm32cubeide_1.15.0_2/plugins/com.st.stm32cube.ide.mcu.externaltools.gnu-tools-for-stm32.12.3.rel1.linux64_1.0.100.202403111256/tools/bin/../lib/gcc/arm-none-eabi/12.3.1/../../../../arm-none-eabi/lib/thumb/v8-m.main+fp/hard/libc_nano.a(libc_a-fflush.o)
                0x08001f00                _fflush_r
 .text.__swhatbuf_r
                0x08001f50       0x4a /opt/st/stm32cubeide_1.15.0_2/plugins/com.st.stm32cube.ide.mcu.externaltools.gnu-tools-for-stm32.12.3.rel1.linux64_1.0.100.202403111256/tools/bin/../lib/gcc/arm-none-eabi/12.3.1/../../../../arm-none-eabi/lib/thumb/v8-m.main+fp/hard/libc_nano.a(libc_a-makebuf.o)
                0x08001f50                __swhatbuf_r
 .text.__smakebuf_r
                0x08001f9a       0x78 /opt/st/stm32cubeide_1.15.0_2/plugins/com.st.stm32cube.ide.mcu.externaltools.gnu-tools-for-stm32.12.3.rel1.linux64_1.0.100.202403111256/tools/bin/../lib/gcc/arm-none-eabi/12.3.1/../../../../arm-none-eabi/lib/thumb/v8-m.main+fp/hard/libc_nano.a(libc_a-makebuf.o)
                0x08001f9a                __smakebuf_r
 *fill*         0x08002012        0x2 
 .text._fstat_r
                0x08002014       0x24 /opt/st/stm32cubeide_1.15.0_2/plugins/com.st.stm32cube.ide.mcu.externaltools.gnu-tools-for-stm32.12.3.rel1.linux64_1.0.100.202403111256/tools/bin/../lib/gcc/arm-none-eabi/12.3.1/../../../../arm-none-eabi/lib/thumb/v8-m.main+fp/hard/libc_nano.a(libc_a-fstatr.o)
                0x08002014                _fstat_r
 .text._isatty_r
                0x08002038       0x20 /opt/st/stm32cubeide_1.15.0_2/plugins/com.st.stm32cube.ide.mcu.externaltools.gnu-tools-for-stm32.12.3.rel1.linux64_1.0.100.202403111256/tools/bin/../lib/gcc/arm-none-eabi/12.3.1/../../../../arm-none-eabi/lib/thumb/v8-m.main+fp/hard/libc_nano.a(libc_a-isattyr.o)
                0x08002038                _isatty_r
 .text._sbrk_r  0x08002058       0x20 /opt/st/stm32cubeide_1.15.0_2/plugins/com.st.stm32cube.ide.mcu.externaltools.gnu-tools-for-stm32.12.3.rel1.linux64_1.0.100.202403111256/tools/bin/../lib/gcc/arm-none-eabi/12.3.1/../../../../arm-none-eabi/lib/thumb/v8-m.main+fp/hard/libc_nano.a(libc_a-sbrkr.o)
                0x08002058                _sbrk_r
 .text.memchr   0x08002078       0x1c /opt/st/stm32cubeide_1.15.0_2/plugins/com.st.stm32cube.ide.mcu.externaltools.gnu-tools-for-stm32.12.3.rel1.linux64_1.0.100.202403111256/tools/bin/../lib/gcc/arm-none-eabi/12.3.1/../../../../arm-none-eabi/lib/thumb/v8-m.main+fp/hard/libc_nano.a(libc_a-memchr-stub.o)
                0x08002078                memchr
 .text._close   0x08002094       0x10 /opt/st/stm32cubeide_1.15.0_2/plugins/com.st.stm32cube.ide.mcu.externaltools.gnu-tools-for-stm32.12.3.rel1.linux64_1.0.100.202403111256/tools/bin/../lib/gcc/arm-none-eabi/12.3.1/../../../../arm-none-eabi/lib/thumb/v8-m.main+fp/hard/libnosys.a(close.o)
                0x08002094                _close
 .text._fstat   0x080020a4       0x10 /opt/st/stm32cubeide_1.15.0_2/plugins/com.st.stm32cube.ide.mcu.externaltools.gnu-tools-for-stm32.12.3.rel1.linux64_1.0.100.202403111256/tools/bin/../lib/gcc/arm-none-eabi/12.3.1/../../../../arm-none-eabi/lib/thumb/v8-m.main+fp/hard/libnosys.a(fstat.o)
                0x080020a4                _fstat
 .text._isatty  0x080020b4       0x10 /opt/st/stm32cubeide_1.15.0_2/plugins/com.st.stm32cube.ide.mcu.externaltools.gnu-tools-for-stm32.12.3.rel1.linux64_1.0.100.202403111256/tools/bin/../lib/gcc/arm-none-eabi/12.3.1/../../../../arm-none-eabi/lib/thumb/v8-m.main+fp/hard/libnosys.a(isatty.o)
                0x080020b4                _isatty
 .text._lseek   0x080020c4       0x10 /opt/st/stm32cubeide_1.15.0_2/plugins/com.st.stm32cube.ide.mcu.externaltools.gnu-tools-for-stm32.12.3.rel1.linux64_1.0.100.202403111256/tools/bin/../lib/gcc/arm-none-eabi/12.3.1/../../../../arm-none-eabi/lib/thumb/v8-m.main+fp/hard/libnosys.a(lseek.o)
                0x080020c4                _lseek
 .text._read    0x080020d4       0x10 /opt/st/stm32cubeide_1.15.0_2/plugins/com.st.stm32cube.ide.mcu.externaltools.gnu-tools-for-stm32.12.3.rel1.linux64_1.0.100.202403111256/tools/bin/../lib/gcc/arm-none-eabi/12.3.1/../../../../arm-none-eabi/lib/thumb/v8-m.main+fp/hard/libnosys.a(read.o)
                0x080020d4                _read
 .text._sbrk    0x080020e4       0x1c /opt/st/stm32cubeide_1.15.0_2/plugins/com.st.stm32cube.ide.mcu.externaltools.gnu-tools-for-stm32.12.3.rel1.linux64_1.0.100.202403111256/tools/bin/../lib/gcc/arm-none-eabi/12.3.1/../../../../arm-none-eabi/lib/thumb/v8-m.main+fp/hard/libnosys.a(sbrk.o)
                0x080020e4                _sbrk
 *(.glue_7)
 .glue_7        0x08002100        0x0 linker stubs
 *(.glue_7t)
 .glue_7t       0x08002100        0x0 linker stubs
 *(.eh_frame)
 .eh_frame      0x08002100        0x0 /opt/st/stm32cubeide_1.15.0_2/plugins/com.st.stm32cube.ide.mcu.externaltools.gnu-tools-for-stm32.12.3.rel1.linux64_1.0.100.202403111256/tools/bin/../lib/gcc/arm-none-eabi/12.3.1/thumb/v8-m.main+fp/hard/crtbegin.o
 *(.init)
 .init          0x08002100        0x4 /opt/st/stm32cubeide_1.15.0_2/plugins/com.st.stm32cube.ide.mcu.externaltools.gnu-tools-for-stm32.12.3.rel1.linux64_1.0.100.202403111256/tools/bin/../lib/gcc/arm-none-eabi/12.3.1/thumb/v8-m.main+fp/hard/crti.o
                0x08002100                _init
 .init          0x08002104        0x8 /opt/st/stm32cubeide_1.15.0_2/plugins/com.st.stm32cube.ide.mcu.externaltools.gnu-tools-for-stm32.12.3.rel1.linux64_1.0.100.202403111256/tools/bin/../lib/gcc/arm-none-eabi/12.3.1/thumb/v8-m.main+fp/hard/crtn.o
 *(.fini)
 .fini          0x0800210c        0x4 /opt/st/stm32cubeide_1.15.0_2/plugins/com.st.stm32cube.ide.mcu.externaltools.gnu-tools-for-stm32.12.3.rel1.linux64_1.0.100.202403111256/tools/bin/../lib/gcc/arm-none-eabi/12.3.1/thumb/v8-m.main+fp/hard/crti.o
                0x0800210c                _fini
 .fini          0x08002110        0x8 /opt/st/stm32cubeide_1.15.0_2/plugins/com.st.stm32cube.ide.mcu.externaltools.gnu-tools-for-stm32.12.3.rel1.linux64_1.0.100.202403111256/tools/bin/../lib/gcc/arm-none-eabi/12.3.1/thumb/v8-m.main+fp/hard/crtn.o
                0x08002118                        _etext = .

.vfp11_veneer   0x08002118        0x0
 .vfp11_veneer  0x08002118        0x0 linker stubs

.v4_bx          0x08002118        0x0
 .v4_bx         0x08002118        0x0 linker stubs

.iplt           0x08002118        0x0
 .iplt          0x08002118        0x0 /opt/st/stm32cubeide_1.15.0_2/plugins/com.st.stm32cube.ide.mcu.externaltools.gnu-tools-for-stm32.12.3.rel1.linux64_1.0.100.202403111256/tools/bin/../lib/gcc/arm-none-eabi/12.3.1/thumb/v8-m.main+fp/hard/crtbegin.o

.rodata         0x08002118       0x68
 *(.rodata)
 .rodata        0x08002118       0x35 ./Core/Src/main.o
 *(.rodata*)
 .rodata._vfprintf_r.str1.1
                0x0800214d       0x11 /opt/st/stm32cubeide_1.15.0_2/plugins/com.st.stm32cube.ide.mcu.externaltools.gnu-tools-for-stm32.12.3.rel1.linux64_1.0.100.202403111256/tools/bin/../lib/gcc/arm-none-eabi/12.3.1/../../../../arm-none-eabi/lib/thumb/v8-m.main+fp/hard/libc_nano.a(libc_a-nano-vfprintf.o)
 .rodata._printf_i.str1.1
                0x0800215e       0x22 /opt/st/stm32cubeide_1.15.0_2/plugins/com.st.stm32cube.ide.mcu.externaltools.gnu-tools-for-stm32.12.3.rel1.linux64_1.0.100.202403111256/tools/bin/../lib/gcc/arm-none-eabi/12.3.1/../../../../arm-none-eabi/lib/thumb/v8-m.main+fp/hard/libc_nano.a(libc_a-nano-vfprintf_i.o)

.ARM.extab
 *(.ARM.extab* .gnu.linkonce.armextab.*)

.ARM            0x08002180        0x0
                0x08002180                        __exidx_start = .
 *(.ARM.exidx*)
                0x08002180                        __exidx_end = .

.preinit_array  0x08002180        0x0
                0x08002180                        PROVIDE (__preinit_array_start = .)
 *(.preinit_array*)
                0x08002180                        PROVIDE (__preinit_array_end = .)

.init_array     0x08002180        0x4
                0x08002180                        PROVIDE (__init_array_start = .)
 *(SORT_BY_NAME(.init_array.*))
 *(.init_array*)
 .init_array    0x08002180        0x4 /opt/st/stm32cubeide_1.15.0_2/plugins/com.st.stm32cube.ide.mcu.externaltools.gnu-tools-for-stm32.12.3.rel1.linux64_1.0.100.202403111256/tools/bin/../lib/gcc/arm-none-eabi/12.3.1/thumb/v8-m.main+fp/hard/crtbegin.o
                0x08002184                        PROVIDE (__init_array_end = .)

.fini_array     0x08002184        0x4
                [!provide]                        PROVIDE (__fini_array_start = .)
 *(SORT_BY_NAME(.fini_array.*))
 *(.fini_array*)
 .fini_array    0x08002184        0x4 /opt/st/stm32cubeide_1.15.0_2/plugins/com.st.stm32cube.ide.mcu.externaltools.gnu-tools-for-stm32.12.3.rel1.linux64_1.0.100.202403111256/tools/bin/../lib/gcc/arm-none-eabi/12.3.1/thumb/v8-m.main+fp/hard/crtbegin.o
                [!provide]                        PROVIDE (__fini_array_end = .)
                0x08002188                        _sidata = LOADADDR (.data)

.rel.dyn        0x08002188        0x0
 .rel.iplt      0x08002188        0x0 /opt/st/stm32cubeide_1.15.0_2/plugins/com.st.stm32cube.ide.mcu.externaltools.gnu-tools-for-stm32.12.3.rel1.linux64_1.0.100.202403111256/tools/bin/../lib/gcc/arm-none-eabi/12.3.1/thumb/v8-m.main+fp/hard/crtbegin.o

.data           0x20000000       0x64 load address 0x08002188
                0x20000000                        _sdata = .
 *(.data)
 *(.data*)
 .data.tx_buffer
                0x20000000        0x6 ./Core/Src/main.o
                0x20000000                tx_buffer
 *fill*         0x20000006        0x2 
 .data.__sglue  0x20000008        0xc /opt/st/stm32cubeide_1.15.0_2/plugins/com.st.stm32cube.ide.mcu.externaltools.gnu-tools-for-stm32.12.3.rel1.linux64_1.0.100.202403111256/tools/bin/../lib/gcc/arm-none-eabi/12.3.1/../../../../arm-none-eabi/lib/thumb/v8-m.main+fp/hard/libc_nano.a(libc_a-findfp.o)
                0x20000008                __sglue
 .data._impure_ptr
                0x20000014        0x4 /opt/st/stm32cubeide_1.15.0_2/plugins/com.st.stm32cube.ide.mcu.externaltools.gnu-tools-for-stm32.12.3.rel1.linux64_1.0.100.202403111256/tools/bin/../lib/gcc/arm-none-eabi/12.3.1/../../../../arm-none-eabi/lib/thumb/v8-m.main+fp/hard/libc_nano.a(libc_a-impure.o)
                0x20000014                _impure_ptr
 .data._impure_data
                0x20000018       0x4c /opt/st/stm32cubeide_1.15.0_2/plugins/com.st.stm32cube.ide.mcu.externaltools.gnu-tools-for-stm32.12.3.rel1.linux64_1.0.100.202403111256/tools/bin/../lib/gcc/arm-none-eabi/12.3.1/../../../../arm-none-eabi/lib/thumb/v8-m.main+fp/hard/libc_nano.a(libc_a-impure.o)
                0x20000018                _impure_data
 *(.RamFunc)
 *(.RamFunc*)
                0x20000064                        _edata = .

.igot.plt       0x20000064        0x0 load address 0x080021ec
 .igot.plt      0x20000064        0x0 /opt/st/stm32cubeide_1.15.0_2/plugins/com.st.stm32cube.ide.mcu.externaltools.gnu-tools-for-stm32.12.3.rel1.linux64_1.0.100.202403111256/tools/bin/../lib/gcc/arm-none-eabi/12.3.1/thumb/v8-m.main+fp/hard/crtbegin.o

.bss            0x20000064      0x17c load address 0x080021ec
                0x20000064                        _sbss = .
                0x20000064                        __bss_start__ = _sbss
 *(.bss)
 .bss           0x20000064       0x1c /opt/st/stm32cubeide_1.15.0_2/plugins/com.st.stm32cube.ide.mcu.externaltools.gnu-tools-for-stm32.12.3.rel1.linux64_1.0.100.202403111256/tools/bin/../lib/gcc/arm-none-eabi/12.3.1/thumb/v8-m.main+fp/hard/crtbegin.o
 *(.bss*)
 .bss.IDR_reg   0x20000080        0x4 ./Core/Src/main.o
                0x20000080                IDR_reg
 .bss.rx_buffer
                0x20000084        0x1 ./Core/Src/main.o
                0x20000084                rx_buffer
 *fill*         0x20000085        0x3 
 .bss.tx_ptr    0x20000088        0x4 ./Core/Src/main.o
                0x20000088                tx_ptr
 .bss.tim_flag  0x2000008c        0x4 ./Core/Src/main.o
                0x2000008c                tim_flag
 .bss.__sf      0x20000090      0x138 /opt/st/stm32cubeide_1.15.0_2/plugins/com.st.stm32cube.ide.mcu.externaltools.gnu-tools-for-stm32.12.3.rel1.linux64_1.0.100.202403111256/tools/bin/../lib/gcc/arm-none-eabi/12.3.1/../../../../arm-none-eabi/lib/thumb/v8-m.main+fp/hard/libc_nano.a(libc_a-findfp.o)
                0x20000090                __sf
 .bss.__stdio_exit_handler
                0x200001c8        0x4 /opt/st/stm32cubeide_1.15.0_2/plugins/com.st.stm32cube.ide.mcu.externaltools.gnu-tools-for-stm32.12.3.rel1.linux64_1.0.100.202403111256/tools/bin/../lib/gcc/arm-none-eabi/12.3.1/../../../../arm-none-eabi/lib/thumb/v8-m.main+fp/hard/libc_nano.a(libc_a-findfp.o)
                0x200001c8                __stdio_exit_handler
 .bss.errno     0x200001cc        0x4 /opt/st/stm32cubeide_1.15.0_2/plugins/com.st.stm32cube.ide.mcu.externaltools.gnu-tools-for-stm32.12.3.rel1.linux64_1.0.100.202403111256/tools/bin/../lib/gcc/arm-none-eabi/12.3.1/../../../../arm-none-eabi/lib/thumb/v8-m.main+fp/hard/libc_nano.a(libc_a-reent.o)
                0x200001cc                errno
 .bss.__lock___malloc_recursive_mutex
                0x200001d0        0x1 /opt/st/stm32cubeide_1.15.0_2/plugins/com.st.stm32cube.ide.mcu.externaltools.gnu-tools-for-stm32.12.3.rel1.linux64_1.0.100.202403111256/tools/bin/../lib/gcc/arm-none-eabi/12.3.1/../../../../arm-none-eabi/lib/thumb/v8-m.main+fp/hard/libc_nano.a(libc_a-lock.o)
                0x200001d0                __lock___malloc_recursive_mutex
 .bss.__lock___sfp_recursive_mutex
                0x200001d1        0x1 /opt/st/stm32cubeide_1.15.0_2/plugins/com.st.stm32cube.ide.mcu.externaltools.gnu-tools-for-stm32.12.3.rel1.linux64_1.0.100.202403111256/tools/bin/../lib/gcc/arm-none-eabi/12.3.1/../../../../arm-none-eabi/lib/thumb/v8-m.main+fp/hard/libc_nano.a(libc_a-lock.o)
                0x200001d1                __lock___sfp_recursive_mutex
 *fill*         0x200001d2        0x2 
 .bss.__malloc_sbrk_start
                0x200001d4        0x4 /opt/st/stm32cubeide_1.15.0_2/plugins/com.st.stm32cube.ide.mcu.externaltools.gnu-tools-for-stm32.12.3.rel1.linux64_1.0.100.202403111256/tools/bin/../lib/gcc/arm-none-eabi/12.3.1/../../../../arm-none-eabi/lib/thumb/v8-m.main+fp/hard/libc_nano.a(libc_a-mallocr.o)
                0x200001d4                __malloc_sbrk_start
 .bss.__malloc_free_list
                0x200001d8        0x4 /opt/st/stm32cubeide_1.15.0_2/plugins/com.st.stm32cube.ide.mcu.externaltools.gnu-tools-for-stm32.12.3.rel1.linux64_1.0.100.202403111256/tools/bin/../lib/gcc/arm-none-eabi/12.3.1/../../../../arm-none-eabi/lib/thumb/v8-m.main+fp/hard/libc_nano.a(libc_a-mallocr.o)
                0x200001d8                __malloc_free_list
 .bss.heap_end.0
                0x200001dc        0x4 /opt/st/stm32cubeide_1.15.0_2/plugins/com.st.stm32cube.ide.mcu.externaltools.gnu-tools-for-stm32.12.3.rel1.linux64_1.0.100.202403111256/tools/bin/../lib/gcc/arm-none-eabi/12.3.1/../../../../arm-none-eabi/lib/thumb/v8-m.main+fp/hard/libnosys.a(sbrk.o)
 *(COMMON)
                0x200001e0                        _ebss = .
                0x200001e0                        __bss_end__ = _ebss

._user_heap_stack
                0x200001e0      0x600 load address 0x080021ec
                0x200001e0                        . = ALIGN (0x8)
                0x200001e0                        PROVIDE (end = .)
                [!provide]                        PROVIDE (_end = .)
                0x200003e0                        . = (. + _Min_Heap_Size)
 *fill*         0x200001e0      0x200 
                0x200007e0                        . = (. + _Min_Stack_Size)
 *fill*         0x200003e0      0x400 
                0x200007e0                        . = ALIGN (0x8)

/DISCARD/
 libc.a(*)
 libm.a(*)
 libgcc.a(*)

.ARM.attributes
                0x00000000       0x36
 *(.ARM.attributes)
 .ARM.attributes
                0x00000000       0x26 /opt/st/stm32cubeide_1.15.0_2/plugins/com.st.stm32cube.ide.mcu.externaltools.gnu-tools-for-stm32.12.3.rel1.linux64_1.0.100.202403111256/tools/bin/../lib/gcc/arm-none-eabi/12.3.1/thumb/v8-m.main+fp/hard/crti.o
 .ARM.attributes
                0x00000026       0x38 /opt/st/stm32cubeide_1.15.0_2/plugins/com.st.stm32cube.ide.mcu.externaltools.gnu-tools-for-stm32.12.3.rel1.linux64_1.0.100.202403111256/tools/bin/../lib/gcc/arm-none-eabi/12.3.1/thumb/v8-m.main+fp/hard/crtbegin.o
 .ARM.attributes
                0x0000005e       0x24 ./Core/Src/gpio_assembly.o
 .ARM.attributes
                0x00000082       0x3a ./Core/Src/main.o
 .ARM.attributes
                0x000000bc       0x24 ./Core/Src/nvic_assembly.o
 .ARM.attributes
                0x000000e0       0x24 ./Core/Src/rcc_assembly.o
 .ARM.attributes
                0x00000104       0x24 ./Core/Src/spi_master_assembly.o
 .ARM.attributes
                0x00000128       0x24 ./Core/Src/tim8_assembly.o
 .ARM.attributes
                0x0000014c       0x24 ./Core/Startup/startup_stm32u585aiixq.o
 .ARM.attributes
                0x00000170       0x38 /opt/st/stm32cubeide_1.15.0_2/plugins/com.st.stm32cube.ide.mcu.externaltools.gnu-tools-for-stm32.12.3.rel1.linux64_1.0.100.202403111256/tools/bin/../lib/gcc/arm-none-eabi/12.3.1/../../../../arm-none-eabi/lib/thumb/v8-m.main+fp/hard/libc_nano.a(libc_a-findfp.o)
 .ARM.attributes
                0x000001a8       0x38 /opt/st/stm32cubeide_1.15.0_2/plugins/com.st.stm32cube.ide.mcu.externaltools.gnu-tools-for-stm32.12.3.rel1.linux64_1.0.100.202403111256/tools/bin/../lib/gcc/arm-none-eabi/12.3.1/../../../../arm-none-eabi/lib/thumb/v8-m.main+fp/hard/libc_nano.a(libc_a-fwalk.o)
 .ARM.attributes
                0x000001e0       0x38 /opt/st/stm32cubeide_1.15.0_2/plugins/com.st.stm32cube.ide.mcu.externaltools.gnu-tools-for-stm32.12.3.rel1.linux64_1.0.100.202403111256/tools/bin/../lib/gcc/arm-none-eabi/12.3.1/../../../../arm-none-eabi/lib/thumb/v8-m.main+fp/hard/libc_nano.a(libc_a-printf.o)
 .ARM.attributes
                0x00000218       0x38 /opt/st/stm32cubeide_1.15.0_2/plugins/com.st.stm32cube.ide.mcu.externaltools.gnu-tools-for-stm32.12.3.rel1.linux64_1.0.100.202403111256/tools/bin/../lib/gcc/arm-none-eabi/12.3.1/../../../../arm-none-eabi/lib/thumb/v8-m.main+fp/hard/libc_nano.a(libc_a-puts.o)
 .ARM.attributes
                0x00000250       0x38 /opt/st/stm32cubeide_1.15.0_2/plugins/com.st.stm32cube.ide.mcu.externaltools.gnu-tools-for-stm32.12.3.rel1.linux64_1.0.100.202403111256/tools/bin/../lib/gcc/arm-none-eabi/12.3.1/../../../../arm-none-eabi/lib/thumb/v8-m.main+fp/hard/libc_nano.a(libc_a-stdio.o)
 .ARM.attributes
                0x00000288       0x38 /opt/st/stm32cubeide_1.15.0_2/plugins/com.st.stm32cube.ide.mcu.externaltools.gnu-tools-for-stm32.12.3.rel1.linux64_1.0.100.202403111256/tools/bin/../lib/gcc/arm-none-eabi/12.3.1/../../../../arm-none-eabi/lib/thumb/v8-m.main+fp/hard/libc_nano.a(libc_a-wbuf.o)
 .ARM.attributes
                0x000002c0       0x38 /opt/st/stm32cubeide_1.15.0_2/plugins/com.st.stm32cube.ide.mcu.externaltools.gnu-tools-for-stm32.12.3.rel1.linux64_1.0.100.202403111256/tools/bin/../lib/gcc/arm-none-eabi/12.3.1/../../../../arm-none-eabi/lib/thumb/v8-m.main+fp/hard/libc_nano.a(libc_a-wsetup.o)
 .ARM.attributes
                0x000002f8       0x38 /opt/st/stm32cubeide_1.15.0_2/plugins/com.st.stm32cube.ide.mcu.externaltools.gnu-tools-for-stm32.12.3.rel1.linux64_1.0.100.202403111256/tools/bin/../lib/gcc/arm-none-eabi/12.3.1/../../../../arm-none-eabi/lib/thumb/v8-m.main+fp/hard/libc_nano.a(libc_a-memset.o)
 .ARM.attributes
                0x00000330       0x38 /opt/st/stm32cubeide_1.15.0_2/plugins/com.st.stm32cube.ide.mcu.externaltools.gnu-tools-for-stm32.12.3.rel1.linux64_1.0.100.202403111256/tools/bin/../lib/gcc/arm-none-eabi/12.3.1/../../../../arm-none-eabi/lib/thumb/v8-m.main+fp/hard/libc_nano.a(libc_a-closer.o)
 .ARM.attributes
                0x00000368       0x38 /opt/st/stm32cubeide_1.15.0_2/plugins/com.st.stm32cube.ide.mcu.externaltools.gnu-tools-for-stm32.12.3.rel1.linux64_1.0.100.202403111256/tools/bin/../lib/gcc/arm-none-eabi/12.3.1/../../../../arm-none-eabi/lib/thumb/v8-m.main+fp/hard/libc_nano.a(libc_a-reent.o)
 .ARM.attributes
                0x000003a0       0x38 /opt/st/stm32cubeide_1.15.0_2/plugins/com.st.stm32cube.ide.mcu.externaltools.gnu-tools-for-stm32.12.3.rel1.linux64_1.0.100.202403111256/tools/bin/../lib/gcc/arm-none-eabi/12.3.1/../../../../arm-none-eabi/lib/thumb/v8-m.main+fp/hard/libc_nano.a(libc_a-impure.o)
 .ARM.attributes
                0x000003d8       0x38 /opt/st/stm32cubeide_1.15.0_2/plugins/com.st.stm32cube.ide.mcu.externaltools.gnu-tools-for-stm32.12.3.rel1.linux64_1.0.100.202403111256/tools/bin/../lib/gcc/arm-none-eabi/12.3.1/../../../../arm-none-eabi/lib/thumb/v8-m.main+fp/hard/libc_nano.a(libc_a-lseekr.o)
 .ARM.attributes
                0x00000410       0x38 /opt/st/stm32cubeide_1.15.0_2/plugins/com.st.stm32cube.ide.mcu.externaltools.gnu-tools-for-stm32.12.3.rel1.linux64_1.0.100.202403111256/tools/bin/../lib/gcc/arm-none-eabi/12.3.1/../../../../arm-none-eabi/lib/thumb/v8-m.main+fp/hard/libc_nano.a(libc_a-readr.o)
 .ARM.attributes
                0x00000448       0x38 /opt/st/stm32cubeide_1.15.0_2/plugins/com.st.stm32cube.ide.mcu.externaltools.gnu-tools-for-stm32.12.3.rel1.linux64_1.0.100.202403111256/tools/bin/../lib/gcc/arm-none-eabi/12.3.1/../../../../arm-none-eabi/lib/thumb/v8-m.main+fp/hard/libc_nano.a(libc_a-writer.o)
 .ARM.attributes
                0x00000480       0x38 /opt/st/stm32cubeide_1.15.0_2/plugins/com.st.stm32cube.ide.mcu.externaltools.gnu-tools-for-stm32.12.3.rel1.linux64_1.0.100.202403111256/tools/bin/../lib/gcc/arm-none-eabi/12.3.1/../../../../arm-none-eabi/lib/thumb/v8-m.main+fp/hard/libc_nano.a(libc_a-init.o)
 .ARM.attributes
                0x000004b8       0x38 /opt/st/stm32cubeide_1.15.0_2/plugins/com.st.stm32cube.ide.mcu.externaltools.gnu-tools-for-stm32.12.3.rel1.linux64_1.0.100.202403111256/tools/bin/../lib/gcc/arm-none-eabi/12.3.1/../../../../arm-none-eabi/lib/thumb/v8-m.main+fp/hard/libc_nano.a(libc_a-lock.o)
 .ARM.attributes
                0x000004f0       0x38 /opt/st/stm32cubeide_1.15.0_2/plugins/com.st.stm32cube.ide.mcu.externaltools.gnu-tools-for-stm32.12.3.rel1.linux64_1.0.100.202403111256/tools/bin/../lib/gcc/arm-none-eabi/12.3.1/../../../../arm-none-eabi/lib/thumb/v8-m.main+fp/hard/libc_nano.a(libc_a-freer.o)
 .ARM.attributes
                0x00000528       0x38 /opt/st/stm32cubeide_1.15.0_2/plugins/com.st.stm32cube.ide.mcu.externaltools.gnu-tools-for-stm32.12.3.rel1.linux64_1.0.100.202403111256/tools/bin/../lib/gcc/arm-none-eabi/12.3.1/../../../../arm-none-eabi/lib/thumb/v8-m.main+fp/hard/libc_nano.a(libc_a-mallocr.o)
 .ARM.attributes
                0x00000560       0x38 /opt/st/stm32cubeide_1.15.0_2/plugins/com.st.stm32cube.ide.mcu.externaltools.gnu-tools-for-stm32.12.3.rel1.linux64_1.0.100.202403111256/tools/bin/../lib/gcc/arm-none-eabi/12.3.1/../../../../arm-none-eabi/lib/thumb/v8-m.main+fp/hard/libc_nano.a(libc_a-mlock.o)
 .ARM.attributes
                0x00000598       0x38 /opt/st/stm32cubeide_1.15.0_2/plugins/com.st.stm32cube.ide.mcu.externaltools.gnu-tools-for-stm32.12.3.rel1.linux64_1.0.100.202403111256/tools/bin/../lib/gcc/arm-none-eabi/12.3.1/../../../../arm-none-eabi/lib/thumb/v8-m.main+fp/hard/libc_nano.a(libc_a-nano-vfprintf.o)
 .ARM.attributes
                0x000005d0       0x38 /opt/st/stm32cubeide_1.15.0_2/plugins/com.st.stm32cube.ide.mcu.externaltools.gnu-tools-for-stm32.12.3.rel1.linux64_1.0.100.202403111256/tools/bin/../lib/gcc/arm-none-eabi/12.3.1/../../../../arm-none-eabi/lib/thumb/v8-m.main+fp/hard/libc_nano.a(libc_a-nano-vfprintf_i.o)
 .ARM.attributes
                0x00000608       0x38 /opt/st/stm32cubeide_1.15.0_2/plugins/com.st.stm32cube.ide.mcu.externaltools.gnu-tools-for-stm32.12.3.rel1.linux64_1.0.100.202403111256/tools/bin/../lib/gcc/arm-none-eabi/12.3.1/../../../../arm-none-eabi/lib/thumb/v8-m.main+fp/hard/libc_nano.a(libc_a-fflush.o)
 .ARM.attributes
                0x00000640       0x38 /opt/st/stm32cubeide_1.15.0_2/plugins/com.st.stm32cube.ide.mcu.externaltools.gnu-tools-for-stm32.12.3.rel1.linux64_1.0.100.202403111256/tools/bin/../lib/gcc/arm-none-eabi/12.3.1/../../../../arm-none-eabi/lib/thumb/v8-m.main+fp/hard/libc_nano.a(libc_a-makebuf.o)
 .ARM.attributes
                0x00000678       0x38 /opt/st/stm32cubeide_1.15.0_2/plugins/com.st.stm32cube.ide.mcu.externaltools.gnu-tools-for-stm32.12.3.rel1.linux64_1.0.100.202403111256/tools/bin/../lib/gcc/arm-none-eabi/12.3.1/../../../../arm-none-eabi/lib/thumb/v8-m.main+fp/hard/libc_nano.a(libc_a-fstatr.o)
 .ARM.attributes
                0x000006b0       0x38 /opt/st/stm32cubeide_1.15.0_2/plugins/com.st.stm32cube.ide.mcu.externaltools.gnu-tools-for-stm32.12.3.rel1.linux64_1.0.100.202403111256/tools/bin/../lib/gcc/arm-none-eabi/12.3.1/../../../../arm-none-eabi/lib/thumb/v8-m.main+fp/hard/libc_nano.a(libc_a-isattyr.o)
 .ARM.attributes
                0x000006e8       0x38 /opt/st/stm32cubeide_1.15.0_2/plugins/com.st.stm32cube.ide.mcu.externaltools.gnu-tools-for-stm32.12.3.rel1.linux64_1.0.100.202403111256/tools/bin/../lib/gcc/arm-none-eabi/12.3.1/../../../../arm-none-eabi/lib/thumb/v8-m.main+fp/hard/libc_nano.a(libc_a-sbrkr.o)
 .ARM.attributes
                0x00000720       0x38 /opt/st/stm32cubeide_1.15.0_2/plugins/com.st.stm32cube.ide.mcu.externaltools.gnu-tools-for-stm32.12.3.rel1.linux64_1.0.100.202403111256/tools/bin/../lib/gcc/arm-none-eabi/12.3.1/../../../../arm-none-eabi/lib/thumb/v8-m.main+fp/hard/libc_nano.a(libc_a-memchr-stub.o)
 .ARM.attributes
                0x00000758       0x38 /opt/st/stm32cubeide_1.15.0_2/plugins/com.st.stm32cube.ide.mcu.externaltools.gnu-tools-for-stm32.12.3.rel1.linux64_1.0.100.202403111256/tools/bin/../lib/gcc/arm-none-eabi/12.3.1/../../../../arm-none-eabi/lib/thumb/v8-m.main+fp/hard/libnosys.a(close.o)
 .ARM.attributes
                0x00000790       0x38 /opt/st/stm32cubeide_1.15.0_2/plugins/com.st.stm32cube.ide.mcu.externaltools.gnu-tools-for-stm32.12.3.rel1.linux64_1.0.100.202403111256/tools/bin/../lib/gcc/arm-none-eabi/12.3.1/../../../../arm-none-eabi/lib/thumb/v8-m.main+fp/hard/libnosys.a(fstat.o)
 .ARM.attributes
                0x000007c8       0x38 /opt/st/stm32cubeide_1.15.0_2/plugins/com.st.stm32cube.ide.mcu.externaltools.gnu-tools-for-stm32.12.3.rel1.linux64_1.0.100.202403111256/tools/bin/../lib/gcc/arm-none-eabi/12.3.1/../../../../arm-none-eabi/lib/thumb/v8-m.main+fp/hard/libnosys.a(isatty.o)
 .ARM.attributes
                0x00000800       0x38 /opt/st/stm32cubeide_1.15.0_2/plugins/com.st.stm32cube.ide.mcu.externaltools.gnu-tools-for-stm32.12.3.rel1.linux64_1.0.100.202403111256/tools/bin/../lib/gcc/arm-none-eabi/12.3.1/../../../../arm-none-eabi/lib/thumb/v8-m.main+fp/hard/libnosys.a(lseek.o)
 .ARM.attributes
                0x00000838       0x38 /opt/st/stm32cubeide_1.15.0_2/plugins/com.st.stm32cube.ide.mcu.externaltools.gnu-tools-for-stm32.12.3.rel1.linux64_1.0.100.202403111256/tools/bin/../lib/gcc/arm-none-eabi/12.3.1/../../../../arm-none-eabi/lib/thumb/v8-m.main+fp/hard/libnosys.a(read.o)
 .ARM.attributes
                0x00000870       0x38 /opt/st/stm32cubeide_1.15.0_2/plugins/com.st.stm32cube.ide.mcu.externaltools.gnu-tools-for-stm32.12.3.rel1.linux64_1.0.100.202403111256/tools/bin/../lib/gcc/arm-none-eabi/12.3.1/../../../../arm-none-eabi/lib/thumb/v8-m.main+fp/hard/libnosys.a(sbrk.o)
 .ARM.attributes
                0x000008a8       0x26 /opt/st/stm32cubeide_1.15.0_2/plugins/com.st.stm32cube.ide.mcu.externaltools.gnu-tools-for-stm32.12.3.rel1.linux64_1.0.100.202403111256/tools/bin/../lib/gcc/arm-none-eabi/12.3.1/thumb/v8-m.main+fp/hard/crtn.o
OUTPUT(STM32U585_LoRa.elf elf32-littlearm)
LOAD linker stubs
LOAD /opt/st/stm32cubeide_1.15.0_2/plugins/com.st.stm32cube.ide.mcu.externaltools.gnu-tools-for-stm32.12.3.rel1.linux64_1.0.100.202403111256/tools/bin/../lib/gcc/arm-none-eabi/12.3.1/../../../../arm-none-eabi/lib/thumb/v8-m.main+fp/hard/libc.a
LOAD /opt/st/stm32cubeide_1.15.0_2/plugins/com.st.stm32cube.ide.mcu.externaltools.gnu-tools-for-stm32.12.3.rel1.linux64_1.0.100.202403111256/tools/bin/../lib/gcc/arm-none-eabi/12.3.1/../../../../arm-none-eabi/lib/thumb/v8-m.main+fp/hard/libm.a
LOAD /opt/st/stm32cubeide_1.15.0_2/plugins/com.st.stm32cube.ide.mcu.externaltools.gnu-tools-for-stm32.12.3.rel1.linux64_1.0.100.202403111256/tools/bin/../lib/gcc/arm-none-eabi/12.3.1/thumb/v8-m.main+fp/hard/libgcc.a

.debug_line     0x00000000     0x102d
 .debug_line    0x00000000      0x1b1 ./Core/Src/gpio_assembly.o
 .debug_line    0x000001b1      0x8d4 ./Core/Src/main.o
 .debug_line    0x00000a85       0x59 ./Core/Src/nvic_assembly.o
 .debug_line    0x00000ade      0x221 ./Core/Src/rcc_assembly.o
 .debug_line    0x00000cff      0x1c6 ./Core/Src/spi_master_assembly.o
 .debug_line    0x00000ec5       0xf0 ./Core/Src/tim8_assembly.o
 .debug_line    0x00000fb5       0x78 ./Core/Startup/startup_stm32u585aiixq.o

.debug_line_str
                0x00000000       0xcf
 .debug_line_str
                0x00000000       0x61 ./Core/Src/gpio_assembly.o
 .debug_line_str
                0x00000061       0x10 ./Core/Src/nvic_assembly.o
                                 0x61 (size before relaxing)
 .debug_line_str
                0x00000071        0xf ./Core/Src/rcc_assembly.o
                                 0x60 (size before relaxing)
 .debug_line_str
                0x00000080       0x16 ./Core/Src/spi_master_assembly.o
                                 0x67 (size before relaxing)
 .debug_line_str
                0x00000096       0x10 ./Core/Src/tim8_assembly.o
                                 0x61 (size before relaxing)
 .debug_line_str
                0x000000a6       0x29 ./Core/Startup/startup_stm32u585aiixq.o
                                 0x6e (size before relaxing)

.debug_info     0x00000000      0x7cf
 .debug_info    0x00000000       0x25 ./Core/Src/gpio_assembly.o
 .debug_info    0x00000025      0x6e7 ./Core/Src/main.o
 .debug_info    0x0000070c       0x24 ./Core/Src/nvic_assembly.o
 .debug_info    0x00000730       0x25 ./Core/Src/rcc_assembly.o
 .debug_info    0x00000755       0x25 ./Core/Src/spi_master_assembly.o
 .debug_info    0x0000077a       0x25 ./Core/Src/tim8_assembly.o
 .debug_info    0x0000079f       0x30 ./Core/Startup/startup_stm32u585aiixq.o

.debug_abbrev   0x00000000      0x2fc
 .debug_abbrev  0x00000000       0x14 ./Core/Src/gpio_assembly.o
 .debug_abbrev  0x00000014      0x274 ./Core/Src/main.o
 .debug_abbrev  0x00000288       0x14 ./Core/Src/nvic_assembly.o
 .debug_abbrev  0x0000029c       0x14 ./Core/Src/rcc_assembly.o
 .debug_abbrev  0x000002b0       0x14 ./Core/Src/spi_master_assembly.o
 .debug_abbrev  0x000002c4       0x14 ./Core/Src/tim8_assembly.o
 .debug_abbrev  0x000002d8       0x24 ./Core/Startup/startup_stm32u585aiixq.o

.debug_aranges  0x00000000      0x140
 .debug_aranges
                0x00000000       0x20 ./Core/Src/gpio_assembly.o
 .debug_aranges
                0x00000020       0x78 ./Core/Src/main.o
 .debug_aranges
                0x00000098       0x20 ./Core/Src/nvic_assembly.o
 .debug_aranges
                0x000000b8       0x20 ./Core/Src/rcc_assembly.o
 .debug_aranges
                0x000000d8       0x20 ./Core/Src/spi_master_assembly.o
 .debug_aranges
                0x000000f8       0x20 ./Core/Src/tim8_assembly.o
 .debug_aranges
                0x00000118       0x28 ./Core/Startup/startup_stm32u585aiixq.o

.debug_str      0x00000000    0xe2439
 .debug_str     0x00000000       0x6f ./Core/Src/gpio_assembly.o
 .debug_str     0x0000006f    0xe231e ./Core/Src/main.o
                              0xe2d48 (size before relaxing)
 .debug_str     0x000e238d       0x1c ./Core/Src/nvic_assembly.o
                                 0x6f (size before relaxing)
 .debug_str     0x000e23a9       0x1b ./Core/Src/rcc_assembly.o
                                 0x6e (size before relaxing)
 .debug_str     0x000e23c4       0x22 ./Core/Src/spi_master_assembly.o
                                 0x75 (size before relaxing)
 .debug_str     0x000e23e6       0x1c ./Core/Src/tim8_assembly.o
                                 0x6f (size before relaxing)
 .debug_str     0x000e2402       0x37 ./Core/Startup/startup_stm32u585aiixq.o
                                 0x8a (size before relaxing)

.debug_rnglists
                0x00000000       0x6f
 .debug_rnglists
                0x00000000       0x56 ./Core/Src/main.o
 .debug_rnglists
                0x00000056       0x19 ./Core/Startup/startup_stm32u585aiixq.o

.debug_macro    0x00000000    0x26d44
 .debug_macro   0x00000000      0x1c1 ./Core/Src/main.o
 .debug_macro   0x000001c1      0xaba ./Core/Src/main.o
 .debug_macro   0x00000c7b       0x22 ./Core/Src/main.o
 .debug_macro   0x00000c9d       0x5b ./Core/Src/main.o
 .debug_macro   0x00000cf8       0x2a ./Core/Src/main.o
 .debug_macro   0x00000d22       0x94 ./Core/Src/main.o
 .debug_macro   0x00000db6       0x43 ./Core/Src/main.o
 .debug_macro   0x00000df9       0x34 ./Core/Src/main.o
 .debug_macro   0x00000e2d       0x16 ./Core/Src/main.o
 .debug_macro   0x00000e43       0x57 ./Core/Src/main.o
 .debug_macro   0x00000e9a       0x9e ./Core/Src/main.o
 .debug_macro   0x00000f38      0x369 ./Core/Src/main.o
 .debug_macro   0x000012a1      0x10b ./Core/Src/main.o
 .debug_macro   0x000013ac       0x10 ./Core/Src/main.o
 .debug_macro   0x000013bc       0x16 ./Core/Src/main.o
 .debug_macro   0x000013d2       0x43 ./Core/Src/main.o
 .debug_macro   0x00001415       0x34 ./Core/Src/main.o
 .debug_macro   0x00001449       0x10 ./Core/Src/main.o
 .debug_macro   0x00001459       0x58 ./Core/Src/main.o
 .debug_macro   0x000014b1       0x8e ./Core/Src/main.o
 .debug_macro   0x0000153f       0x1c ./Core/Src/main.o
 .debug_macro   0x0000155b      0x177 ./Core/Src/main.o
 .debug_macro   0x000016d2       0x16 ./Core/Src/main.o
 .debug_macro   0x000016e8       0x16 ./Core/Src/main.o
 .debug_macro   0x000016fe      0x146 ./Core/Src/main.o
 .debug_macro   0x00001844      0x103 ./Core/Src/main.o
 .debug_macro   0x00001947       0x6a ./Core/Src/main.o
 .debug_macro   0x000019b1      0x1df ./Core/Src/main.o
 .debug_macro   0x00001b90       0x42 ./Core/Src/main.o
 .debug_macro   0x00001bd2       0x1c ./Core/Src/main.o
 .debug_macro   0x00001bee       0x29 ./Core/Src/main.o
 .debug_macro   0x00001c17       0xfb ./Core/Src/main.o
 .debug_macro   0x00001d12     0x1685 ./Core/Src/main.o
 .debug_macro   0x00003397       0x5e ./Core/Src/main.o
 .debug_macro   0x000033f5    0x2394f ./Core/Src/main.o

.comment        0x00000000       0x43
 .comment       0x00000000       0x43 ./Core/Src/main.o
                                 0x44 (size before relaxing)

.debug_frame    0x00000000      0xa54
 .debug_frame   0x00000000      0x17c ./Core/Src/main.o
 .debug_frame   0x0000017c      0x144 /opt/st/stm32cubeide_1.15.0_2/plugins/com.st.stm32cube.ide.mcu.externaltools.gnu-tools-for-stm32.12.3.rel1.linux64_1.0.100.202403111256/tools/bin/../lib/gcc/arm-none-eabi/12.3.1/../../../../arm-none-eabi/lib/thumb/v8-m.main+fp/hard/libc_nano.a(libc_a-findfp.o)
 .debug_frame   0x000002c0       0x34 /opt/st/stm32cubeide_1.15.0_2/plugins/com.st.stm32cube.ide.mcu.externaltools.gnu-tools-for-stm32.12.3.rel1.linux64_1.0.100.202403111256/tools/bin/../lib/gcc/arm-none-eabi/12.3.1/../../../../arm-none-eabi/lib/thumb/v8-m.main+fp/hard/libc_nano.a(libc_a-fwalk.o)
 .debug_frame   0x000002f4       0x6c /opt/st/stm32cubeide_1.15.0_2/plugins/com.st.stm32cube.ide.mcu.externaltools.gnu-tools-for-stm32.12.3.rel1.linux64_1.0.100.202403111256/tools/bin/../lib/gcc/arm-none-eabi/12.3.1/../../../../arm-none-eabi/lib/thumb/v8-m.main+fp/hard/libc_nano.a(libc_a-printf.o)
 .debug_frame   0x00000360       0x3c /opt/st/stm32cubeide_1.15.0_2/plugins/com.st.stm32cube.ide.mcu.externaltools.gnu-tools-for-stm32.12.3.rel1.linux64_1.0.100.202403111256/tools/bin/../lib/gcc/arm-none-eabi/12.3.1/../../../../arm-none-eabi/lib/thumb/v8-m.main+fp/hard/libc_nano.a(libc_a-puts.o)
 .debug_frame   0x0000039c       0x88 /opt/st/stm32cubeide_1.15.0_2/plugins/com.st.stm32cube.ide.mcu.externaltools.gnu-tools-for-stm32.12.3.rel1.linux64_1.0.100.202403111256/tools/bin/../lib/gcc/arm-none-eabi/12.3.1/../../../../arm-none-eabi/lib/thumb/v8-m.main+fp/hard/libc_nano.a(libc_a-stdio.o)
 .debug_frame   0x00000424       0x40 /opt/st/stm32cubeide_1.15.0_2/plugins/com.st.stm32cube.ide.mcu.externaltools.gnu-tools-for-stm32.12.3.rel1.linux64_1.0.100.202403111256/tools/bin/../lib/gcc/arm-none-eabi/12.3.1/../../../../arm-none-eabi/lib/thumb/v8-m.main+fp/hard/libc_nano.a(libc_a-wbuf.o)
 .debug_frame   0x00000464       0x2c /opt/st/stm32cubeide_1.15.0_2/plugins/com.st.stm32cube.ide.mcu.externaltools.gnu-tools-for-stm32.12.3.rel1.linux64_1.0.100.202403111256/tools/bin/../lib/gcc/arm-none-eabi/12.3.1/../../../../arm-none-eabi/lib/thumb/v8-m.main+fp/hard/libc_nano.a(libc_a-wsetup.o)
 .debug_frame   0x00000490       0x20 /opt/st/stm32cubeide_1.15.0_2/plugins/com.st.stm32cube.ide.mcu.externaltools.gnu-tools-for-stm32.12.3.rel1.linux64_1.0.100.202403111256/tools/bin/../lib/gcc/arm-none-eabi/12.3.1/../../../../arm-none-eabi/lib/thumb/v8-m.main+fp/hard/libc_nano.a(libc_a-memset.o)
 .debug_frame   0x000004b0       0x2c /opt/st/stm32cubeide_1.15.0_2/plugins/com.st.stm32cube.ide.mcu.externaltools.gnu-tools-for-stm32.12.3.rel1.linux64_1.0.100.202403111256/tools/bin/../lib/gcc/arm-none-eabi/12.3.1/../../../../arm-none-eabi/lib/thumb/v8-m.main+fp/hard/libc_nano.a(libc_a-closer.o)
 .debug_frame   0x000004dc       0x38 /opt/st/stm32cubeide_1.15.0_2/plugins/com.st.stm32cube.ide.mcu.externaltools.gnu-tools-for-stm32.12.3.rel1.linux64_1.0.100.202403111256/tools/bin/../lib/gcc/arm-none-eabi/12.3.1/../../../../arm-none-eabi/lib/thumb/v8-m.main+fp/hard/libc_nano.a(libc_a-reent.o)
 .debug_frame   0x00000514       0x2c /opt/st/stm32cubeide_1.15.0_2/plugins/com.st.stm32cube.ide.mcu.externaltools.gnu-tools-for-stm32.12.3.rel1.linux64_1.0.100.202403111256/tools/bin/../lib/gcc/arm-none-eabi/12.3.1/../../../../arm-none-eabi/lib/thumb/v8-m.main+fp/hard/libc_nano.a(libc_a-lseekr.o)
 .debug_frame   0x00000540       0x2c /opt/st/stm32cubeide_1.15.0_2/plugins/com.st.stm32cube.ide.mcu.externaltools.gnu-tools-for-stm32.12.3.rel1.linux64_1.0.100.202403111256/tools/bin/../lib/gcc/arm-none-eabi/12.3.1/../../../../arm-none-eabi/lib/thumb/v8-m.main+fp/hard/libc_nano.a(libc_a-readr.o)
 .debug_frame   0x0000056c       0x2c /opt/st/stm32cubeide_1.15.0_2/plugins/com.st.stm32cube.ide.mcu.externaltools.gnu-tools-for-stm32.12.3.rel1.linux64_1.0.100.202403111256/tools/bin/../lib/gcc/arm-none-eabi/12.3.1/../../../../arm-none-eabi/lib/thumb/v8-m.main+fp/hard/libc_nano.a(libc_a-writer.o)
 .debug_frame   0x00000598       0x2c /opt/st/stm32cubeide_1.15.0_2/plugins/com.st.stm32cube.ide.mcu.externaltools.gnu-tools-for-stm32.12.3.rel1.linux64_1.0.100.202403111256/tools/bin/../lib/gcc/arm-none-eabi/12.3.1/../../../../arm-none-eabi/lib/thumb/v8-m.main+fp/hard/libc_nano.a(libc_a-init.o)
 .debug_frame   0x000005c4       0xb0 /opt/st/stm32cubeide_1.15.0_2/plugins/com.st.stm32cube.ide.mcu.externaltools.gnu-tools-for-stm32.12.3.rel1.linux64_1.0.100.202403111256/tools/bin/../lib/gcc/arm-none-eabi/12.3.1/../../../../arm-none-eabi/lib/thumb/v8-m.main+fp/hard/libc_nano.a(libc_a-lock.o)
 .debug_frame   0x00000674       0x38 /opt/st/stm32cubeide_1.15.0_2/plugins/com.st.stm32cube.ide.mcu.externaltools.gnu-tools-for-stm32.12.3.rel1.linux64_1.0.100.202403111256/tools/bin/../lib/gcc/arm-none-eabi/12.3.1/../../../../arm-none-eabi/lib/thumb/v8-m.main+fp/hard/libc_nano.a(libc_a-freer.o)
 .debug_frame   0x000006ac       0x50 /opt/st/stm32cubeide_1.15.0_2/plugins/com.st.stm32cube.ide.mcu.externaltools.gnu-tools-for-stm32.12.3.rel1.linux64_1.0.100.202403111256/tools/bin/../lib/gcc/arm-none-eabi/12.3.1/../../../../arm-none-eabi/lib/thumb/v8-m.main+fp/hard/libc_nano.a(libc_a-mallocr.o)
 .debug_frame   0x000006fc       0x30 /opt/st/stm32cubeide_1.15.0_2/plugins/com.st.stm32cube.ide.mcu.externaltools.gnu-tools-for-stm32.12.3.rel1.linux64_1.0.100.202403111256/tools/bin/../lib/gcc/arm-none-eabi/12.3.1/../../../../arm-none-eabi/lib/thumb/v8-m.main+fp/hard/libc_nano.a(libc_a-mlock.o)
 .debug_frame   0x0000072c       0xa8 /opt/st/stm32cubeide_1.15.0_2/plugins/com.st.stm32cube.ide.mcu.externaltools.gnu-tools-for-stm32.12.3.rel1.linux64_1.0.100.202403111256/tools/bin/../lib/gcc/arm-none-eabi/12.3.1/../../../../arm-none-eabi/lib/thumb/v8-m.main+fp/hard/libc_nano.a(libc_a-nano-vfprintf.o)
 .debug_frame   0x000007d4       0x60 /opt/st/stm32cubeide_1.15.0_2/plugins/com.st.stm32cube.ide.mcu.externaltools.gnu-tools-for-stm32.12.3.rel1.linux64_1.0.100.202403111256/tools/bin/../lib/gcc/arm-none-eabi/12.3.1/../../../../arm-none-eabi/lib/thumb/v8-m.main+fp/hard/libc_nano.a(libc_a-nano-vfprintf_i.o)
 .debug_frame   0x00000834       0x5c /opt/st/stm32cubeide_1.15.0_2/plugins/com.st.stm32cube.ide.mcu.externaltools.gnu-tools-for-stm32.12.3.rel1.linux64_1.0.100.202403111256/tools/bin/../lib/gcc/arm-none-eabi/12.3.1/../../../../arm-none-eabi/lib/thumb/v8-m.main+fp/hard/libc_nano.a(libc_a-fflush.o)
 .debug_frame   0x00000890       0x58 /opt/st/stm32cubeide_1.15.0_2/plugins/com.st.stm32cube.ide.mcu.externaltools.gnu-tools-for-stm32.12.3.rel1.linux64_1.0.100.202403111256/tools/bin/../lib/gcc/arm-none-eabi/12.3.1/../../../../arm-none-eabi/lib/thumb/v8-m.main+fp/hard/libc_nano.a(libc_a-makebuf.o)
 .debug_frame   0x000008e8       0x2c /opt/st/stm32cubeide_1.15.0_2/plugins/com.st.stm32cube.ide.mcu.externaltools.gnu-tools-for-stm32.12.3.rel1.linux64_1.0.100.202403111256/tools/bin/../lib/gcc/arm-none-eabi/12.3.1/../../../../arm-none-eabi/lib/thumb/v8-m.main+fp/hard/libc_nano.a(libc_a-fstatr.o)
 .debug_frame   0x00000914       0x2c /opt/st/stm32cubeide_1.15.0_2/plugins/com.st.stm32cube.ide.mcu.externaltools.gnu-tools-for-stm32.12.3.rel1.linux64_1.0.100.202403111256/tools/bin/../lib/gcc/arm-none-eabi/12.3.1/../../../../arm-none-eabi/lib/thumb/v8-m.main+fp/hard/libc_nano.a(libc_a-isattyr.o)
 .debug_frame   0x00000940       0x2c /opt/st/stm32cubeide_1.15.0_2/plugins/com.st.stm32cube.ide.mcu.externaltools.gnu-tools-for-stm32.12.3.rel1.linux64_1.0.100.202403111256/tools/bin/../lib/gcc/arm-none-eabi/12.3.1/../../../../arm-none-eabi/lib/thumb/v8-m.main+fp/hard/libc_nano.a(libc_a-sbrkr.o)
 .debug_frame   0x0000096c       0x28 /opt/st/stm32cubeide_1.15.0_2/plugins/com.st.stm32cube.ide.mcu.externaltools.gnu-tools-for-stm32.12.3.rel1.linux64_1.0.100.202403111256/tools/bin/../lib/gcc/arm-none-eabi/12.3.1/../../../../arm-none-eabi/lib/thumb/v8-m.main+fp/hard/libc_nano.a(libc_a-memchr-stub.o)
 .debug_frame   0x00000994       0x20 /opt/st/stm32cubeide_1.15.0_2/plugins/com.st.stm32cube.ide.mcu.externaltools.gnu-tools-for-stm32.12.3.rel1.linux64_1.0.100.202403111256/tools/bin/../lib/gcc/arm-none-eabi/12.3.1/../../../../arm-none-eabi/lib/thumb/v8-m.main+fp/hard/libnosys.a(close.o)
 .debug_frame   0x000009b4       0x20 /opt/st/stm32cubeide_1.15.0_2/plugins/com.st.stm32cube.ide.mcu.externaltools.gnu-tools-for-stm32.12.3.rel1.linux64_1.0.100.202403111256/tools/bin/../lib/gcc/arm-none-eabi/12.3.1/../../../../arm-none-eabi/lib/thumb/v8-m.main+fp/hard/libnosys.a(fstat.o)
 .debug_frame   0x000009d4       0x20 /opt/st/stm32cubeide_1.15.0_2/plugins/com.st.stm32cube.ide.mcu.externaltools.gnu-tools-for-stm32.12.3.rel1.linux64_1.0.100.202403111256/tools/bin/../lib/gcc/arm-none-eabi/12.3.1/../../../../arm-none-eabi/lib/thumb/v8-m.main+fp/hard/libnosys.a(isatty.o)
 .debug_frame   0x000009f4       0x20 /opt/st/stm32cubeide_1.15.0_2/plugins/com.st.stm32cube.ide.mcu.externaltools.gnu-tools-for-stm32.12.3.rel1.linux64_1.0.100.202403111256/tools/bin/../lib/gcc/arm-none-eabi/12.3.1/../../../../arm-none-eabi/lib/thumb/v8-m.main+fp/hard/libnosys.a(lseek.o)
 .debug_frame   0x00000a14       0x20 /opt/st/stm32cubeide_1.15.0_2/plugins/com.st.stm32cube.ide.mcu.externaltools.gnu-tools-for-stm32.12.3.rel1.linux64_1.0.100.202403111256/tools/bin/../lib/gcc/arm-none-eabi/12.3.1/../../../../arm-none-eabi/lib/thumb/v8-m.main+fp/hard/libnosys.a(read.o)
 .debug_frame   0x00000a34       0x20 /opt/st/stm32cubeide_1.15.0_2/plugins/com.st.stm32cube.ide.mcu.externaltools.gnu-tools-for-stm32.12.3.rel1.linux64_1.0.100.202403111256/tools/bin/../lib/gcc/arm-none-eabi/12.3.1/../../../../arm-none-eabi/lib/thumb/v8-m.main+fp/hard/libnosys.a(sbrk.o)
