/home/peter/Documents/stm_projects/STM/wks2/spi/STM32U585_LoRa2_TEST/Drivers/CMSIS/Include/core_cm33.h:3212:26:ITM_SendChar	4
../Core/Src/main.c:21:5:_write	2
../Core/Src/main.c:28:5:__io_putchar	1
../Core/Src/main.c:64:5:main	1
../Core/Src/main.c:82:6:SubmitCommand	15
../Core/Src/main.c:147:6:lora_command	2
../Core/Src/main.c:161:6:SPI1_IRQHandler	12
../Core/Src/main.c:231:6:EXTI15_IRQHTandler	1
../Core/Src/main.c:236:6:RCC_init	2
../Core/Src/main.c:277:6:GPIO_SPI_init	1
../Core/Src/main.c:322:6:DIO_EXTI_init	1
../Core/Src/main.c:341:6:SPI_init	1
../Core/Src/main.c:378:6:TIM8_init	1
../Core/Src/main.c:397:6:TIM8_start	1
../Core/Src/main.c:402:6:TIM8_UP_IRQHandler	2
