Archive member included to satisfy reference by file (symbol)

/opt/st/stm32cubeide_1.15.0_2/plugins/com.st.stm32cube.ide.mcu.externaltools.gnu-tools-for-stm32.12.3.rel1.linux64_1.0.100.202403111256/tools/bin/../lib/gcc/arm-none-eabi/12.3.1/../../../../arm-none-eabi/lib/thumb/v8-m.main+fp/hard/libc_nano.a(libc_a-exit.o)
                              /opt/st/stm32cubeide_1.15.0_2/plugins/com.st.stm32cube.ide.mcu.externaltools.gnu-tools-for-stm32.12.3.rel1.linux64_1.0.100.202403111256/tools/bin/../lib/gcc/arm-none-eabi/12.3.1/../../../../arm-none-eabi/lib/thumb/v8-m.main+fp/hard/crt0.o (exit)
/opt/st/stm32cubeide_1.15.0_2/plugins/com.st.stm32cube.ide.mcu.externaltools.gnu-tools-for-stm32.12.3.rel1.linux64_1.0.100.202403111256/tools/bin/../lib/gcc/arm-none-eabi/12.3.1/../../../../arm-none-eabi/lib/thumb/v8-m.main+fp/hard/libc_nano.a(libc_a-findfp.o)
                              /opt/st/stm32cubeide_1.15.0_2/plugins/com.st.stm32cube.ide.mcu.externaltools.gnu-tools-for-stm32.12.3.rel1.linux64_1.0.100.202403111256/tools/bin/../lib/gcc/arm-none-eabi/12.3.1/../../../../arm-none-eabi/lib/thumb/v8-m.main+fp/hard/libc_nano.a(libc_a-exit.o) (__stdio_exit_handler)
/opt/st/stm32cubeide_1.15.0_2/plugins/com.st.stm32cube.ide.mcu.externaltools.gnu-tools-for-stm32.12.3.rel1.linux64_1.0.100.202403111256/tools/bin/../lib/gcc/arm-none-eabi/12.3.1/../../../../arm-none-eabi/lib/thumb/v8-m.main+fp/hard/libc_nano.a(libc_a-fwalk.o)
                              /opt/st/stm32cubeide_1.15.0_2/plugins/com.st.stm32cube.ide.mcu.externaltools.gnu-tools-for-stm32.12.3.rel1.linux64_1.0.100.202403111256/tools/bin/../lib/gcc/arm-none-eabi/12.3.1/../../../../arm-none-eabi/lib/thumb/v8-m.main+fp/hard/libc_nano.a(libc_a-findfp.o) (_fwalk_sglue)
/opt/st/stm32cubeide_1.15.0_2/plugins/com.st.stm32cube.ide.mcu.externaltools.gnu-tools-for-stm32.12.3.rel1.linux64_1.0.100.202403111256/tools/bin/../lib/gcc/arm-none-eabi/12.3.1/../../../../arm-none-eabi/lib/thumb/v8-m.main+fp/hard/libc_nano.a(libc_a-printf.o)
                              ./Core/Src/main.o (printf)
/opt/st/stm32cubeide_1.15.0_2/plugins/com.st.stm32cube.ide.mcu.externaltools.gnu-tools-for-stm32.12.3.rel1.linux64_1.0.100.202403111256/tools/bin/../lib/gcc/arm-none-eabi/12.3.1/../../../../arm-none-eabi/lib/thumb/v8-m.main+fp/hard/libc_nano.a(libc_a-puts.o)
                              ./Core/Src/main.o (puts)
/opt/st/stm32cubeide_1.15.0_2/plugins/com.st.stm32cube.ide.mcu.externaltools.gnu-tools-for-stm32.12.3.rel1.linux64_1.0.100.202403111256/tools/bin/../lib/gcc/arm-none-eabi/12.3.1/../../../../arm-none-eabi/lib/thumb/v8-m.main+fp/hard/libc_nano.a(libc_a-stdio.o)
                              /opt/st/stm32cubeide_1.15.0_2/plugins/com.st.stm32cube.ide.mcu.externaltools.gnu-tools-for-stm32.12.3.rel1.linux64_1.0.100.202403111256/tools/bin/../lib/gcc/arm-none-eabi/12.3.1/../../../../arm-none-eabi/lib/thumb/v8-m.main+fp/hard/libc_nano.a(libc_a-findfp.o) (__sread)
/opt/st/stm32cubeide_1.15.0_2/plugins/com.st.stm32cube.ide.mcu.externaltools.gnu-tools-for-stm32.12.3.rel1.linux64_1.0.100.202403111256/tools/bin/../lib/gcc/arm-none-eabi/12.3.1/../../../../arm-none-eabi/lib/thumb/v8-m.main+fp/hard/libc_nano.a(libc_a-wbuf.o)
                              /opt/st/stm32cubeide_1.15.0_2/plugins/com.st.stm32cube.ide.mcu.externaltools.gnu-tools-for-stm32.12.3.rel1.linux64_1.0.100.202403111256/tools/bin/../lib/gcc/arm-none-eabi/12.3.1/../../../../arm-none-eabi/lib/thumb/v8-m.main+fp/hard/libc_nano.a(libc_a-puts.o) (__swbuf_r)
/opt/st/stm32cubeide_1.15.0_2/plugins/com.st.stm32cube.ide.mcu.externaltools.gnu-tools-for-stm32.12.3.rel1.linux64_1.0.100.202403111256/tools/bin/../lib/gcc/arm-none-eabi/12.3.1/../../../../arm-none-eabi/lib/thumb/v8-m.main+fp/hard/libc_nano.a(libc_a-wsetup.o)
                              /opt/st/stm32cubeide_1.15.0_2/plugins/com.st.stm32cube.ide.mcu.externaltools.gnu-tools-for-stm32.12.3.rel1.linux64_1.0.100.202403111256/tools/bin/../lib/gcc/arm-none-eabi/12.3.1/../../../../arm-none-eabi/lib/thumb/v8-m.main+fp/hard/libc_nano.a(libc_a-puts.o) (__swsetup_r)
/opt/st/stm32cubeide_1.15.0_2/plugins/com.st.stm32cube.ide.mcu.externaltools.gnu-tools-for-stm32.12.3.rel1.linux64_1.0.100.202403111256/tools/bin/../lib/gcc/arm-none-eabi/12.3.1/../../../../arm-none-eabi/lib/thumb/v8-m.main+fp/hard/libc_nano.a(libc_a-memset.o)
                              /opt/st/stm32cubeide_1.15.0_2/plugins/com.st.stm32cube.ide.mcu.externaltools.gnu-tools-for-stm32.12.3.rel1.linux64_1.0.100.202403111256/tools/bin/../lib/gcc/arm-none-eabi/12.3.1/../../../../arm-none-eabi/lib/thumb/v8-m.main+fp/hard/crt0.o (memset)
/opt/st/stm32cubeide_1.15.0_2/plugins/com.st.stm32cube.ide.mcu.externaltools.gnu-tools-for-stm32.12.3.rel1.linux64_1.0.100.202403111256/tools/bin/../lib/gcc/arm-none-eabi/12.3.1/../../../../arm-none-eabi/lib/thumb/v8-m.main+fp/hard/libc_nano.a(libc_a-closer.o)
[...]
Memory Configuration

Name             Origin             Length             Attributes
RAM              0x20000000         0x000c0000         xrw
SRAM4            0x28000000         0x00004000         xrw
FLASH            0x08000000         0x00200000         xr
*default*        0x00000000         0xffffffff

Linker script and memory map

LOAD /opt/st/stm32cubeide_1.15.0_2/plugins/com.st.stm32cube.ide.mcu.externaltools.gnu-tools-for-stm32.12.3.rel1.linux64_1.0.100.202403111256/tools/bin/../lib/gcc/arm-none-eabi/12.3.1/thumb/v8-m.main+fp/hard/crti.o
LOAD /opt/st/stm32cubeide_1.15.0_2/plugins/com.st.stm32cube.ide.mcu.externaltools.gnu-tools-for-stm32.12.3.rel1.linux64_1.0.100.202403111256/tools/bin/../lib/gcc/arm-none-eabi/12.3.1/thumb/v8-m.main+fp/hard/crtbegin.o
LOAD /opt/st/stm32cubeide_1.15.0_2/plugins/com.st.stm32cube.ide.mcu.externaltools.gnu-tools-for-stm32.12.3.rel1.linux64_1.0.100.202403111256/tools/bin/../lib/gcc/arm-none-eabi/12.3.1/../../../../arm-none-eabi/lib/thumb/v8-m.main+fp/hard/crt0.o
LOAD ./Core/Src/exti_assembly.o
LOAD ./Core/Src/gpio_assembly.o
LOAD ./Core/Src/main.o
LOAD ./Core/Src/nvic_assembly.o
LOAD ./Core/Src/rcc_assembly.o
LOAD ./Core/Src/spi_master_assembly.o
LOAD ./Core/Src/tim8_assembly.o
LOAD ./Core/Startup/startup_stm32u585aiixq.o
START GROUP
LOAD /opt/st/stm32cubeide_1.15.0_2/plugins/com.st.stm32cube.ide.mcu.externaltools.gnu-tools-for-stm32.12.3.rel1.linux64_1.0.100.202403111256/tools/bin/../lib/gcc/arm-none-eabi/12.3.1/../../../../arm-none-eabi/lib/thumb/v8-m.main+fp/hard/libc_nano.a
LOAD /opt/st/stm32cubeide_1.15.0_2/plugins/com.st.stm32cube.ide.mcu.externaltools.gnu-tools-for-stm32.12.3.rel1.linux64_1.0.100.202403111256/tools/bin/../lib/gcc/arm-none-eabi/12.3.1/../../../../arm-none-eabi/lib/thumb/v8-m.main+fp/hard/libm.a
END GROUP
START GROUP
LOAD /opt/st/stm32cubeide_1.15.0_2/plugins/com.st.stm32cube.ide.mcu.externaltools.gnu-tools-for-stm32.12.3.rel1.linux64_1.0.100.202403111256/tools/bin/../lib/gcc/arm-none-eabi/12.3.1/thumb/v8-m.main+fp/hard/libgcc.a
LOAD /opt/st/stm32cubeide_1.15.0_2/plugins/com.st.stm32cube.ide.mcu.externaltools.gnu-tools-for-stm32.12.3.rel1.linux64_1.0.100.202403111256/tools/bin/../lib/gcc/arm-none-eabi/12.3.1/../../../../arm-none-eabi/lib/thumb/v8-m.main+fp/hard/libc_nano.a
END GROUP
START GROUP
LOAD /opt/st/stm32cubeide_1.15.0_2/plugins/com.st.stm32cube.ide.mcu.externaltools.gnu-tools-for-stm32.12.3.rel1.linux64_1.0.100.202403111256/tools/bin/../lib/gcc/arm-none-eabi/12.3.1/thumb/v8-m.main+fp/hard/libgcc.a
LOAD /opt/st/stm32cubeide_1.15.0_2/plugins/com.st.stm32cube.ide.mcu.externaltools.gnu-tools-for-stm32.12.3.rel1.linux64_1.0.100.202403111256/tools/bin/../lib/gcc/arm-none-eabi/12.3.1/../../../../arm-none-eabi/lib/thumb/v8-m.main+fp/hard/libc_nano.a
LOAD /opt/st/stm32cubeide_1.15.0_2/plugins/com.st.stm32cube.ide.mcu.externaltools.gnu-tools-for-stm32.12.3.rel1.linux64_1.0.100.202403111256/tools/bin/../lib/gcc/arm-none-eabi/12.3.1/../../../../arm-none-eabi/lib/thumb/v8-m.main+fp/hard/libnosys.a
END GROUP
START GROUP
LOAD /opt/st/stm32cubeide_1.15.0_2/plugins/com.st.stm32cube.ide.mcu.externaltools.gnu-tools-for-stm32.12.3.rel1.linux64_1.0.100.202403111256/tools/bin/../lib/gcc/arm-none-eabi/12.3.1/thumb/v8-m.main+fp/hard/libgcc.a
LOAD /opt/st/stm32cubeide_1.15.0_2/plugins/com.st.stm32cube.ide.mcu.externaltools.gnu-tools-for-stm32.12.3.rel1.linux64_1.0.100.202403111256/tools/bin/../lib/gcc/arm-none-eabi/12.3.1/../../../../arm-none-eabi/lib/thumb/v8-m.main+fp/hard/libc_nano.a
LOAD /opt/st/stm32cubeide_1.15.0_2/plugins/com.st.stm32cube.ide.mcu.externaltools.gnu-tools-for-stm32.12.3.rel1.linux64_1.0.100.202403111256/tools/bin/../lib/gcc/arm-none-eabi/12.3.1/../../../../arm-none-eabi/lib/thumb/v8-m.main+fp/hard/libnosys.a
END GROUP
LOAD /opt/st/stm32cubeide_1.15.0_2/plugins/com.st.stm32cube.ide.mcu.externaltools.gnu-tools-for-stm32.12.3.rel1.linux64_1.0.100.202403111256/tools/bin/../lib/gcc/arm-none-eabi/12.3.1/thumb/v8-m.main+fp/hard/crtend.o
LOAD /opt/st/stm32cubeide_1.15.0_2/plugins/com.st.stm32cube.ide.mcu.externaltools.gnu-tools-for-stm32.12.3.rel1.linux64_1.0.100.202403111256/tools/bin/../lib/gcc/arm-none-eabi/12.3.1/thumb/v8-m.main+fp/hard/crtn.o
                0x200c0000                        _estack = (ORIGIN (RAM) + LENGTH (RAM))
                0x00000200                        _Min_Heap_Size = 0x200
                0x00000400                        _Min_Stack_Size = 0x400

.isr_vector     0x08000000      0x238
 *(.isr_vector)
 .isr_vector    0x08000000      0x238 ./Core/Startup/startup_stm32u585aiixq.o
                0x08000000                g_pfnVectors

.text           0x08000238     0x22cc
 *(.text)
 .text          0x08000238       0x40 /opt/st/stm32cubeide_1.15.0_2/plugins/com.st.stm32cube.ide.mcu.externaltools.gnu-tools-for-stm32.12.3.rel1.linux64_1.0.100.202403111256/tools/bin/../lib/gcc/arm-none-eabi/12.3.1/thumb/v8-m.main+fp/hard/crtbegin.o
 .text          0x08000278       0x54 ./Core/Src/exti_assembly.o
                0x08000278                EXTI_RTSR1_15_SET
                0x0800028c                EXTI_EXTICR15_DPORT
                0x080002a0                EXTI_IMR1_15_SET
                0x080002b4                EXTI_RPR1_15_SET
 .text          0x080002cc      0x354 ./Core/Src/gpio_assembly.o
                0x080002cc                GPIOE_MODER_Set_Alt_Function
                0x08000304                GPIOE_MODER_NSS_Output
                0x08000320                GPIOE_AFRH_Set_Alt_Function
                0x08000358                GPIOE_OSPEEDR_Set
                0x08000378                GPIOE_PUPDR_Set
                0x080003a0                GPIOE_PUPDR_NSS_DOWN
                0x080003b4                GPIOE_PUPDR_NSS_UP
                0x080003c8                GPIOE_BSRR_NSS_SET
                0x080003dc                GPIOE_BSRR_NSS_RESET
                0x080003f0                GPIOE_OSPEEDR_NSS_HIGH
                0x0800040c                GPIOE_PUPDR_SCK_DOWN
                0x08000420                GPIOE_PUPDR_SCK_UP
                0x08000434                GPIOE_PUPDR_MISO_DOWN
                0x08000448                GPIOE_PUPDR_MISO_UP
                0x0800045c                GPIOE_PUPDR_MOSI_DOWN
                0x08000470                GPIOE_PUPDR_MOSI_UP
                0x08000484                GPIOC_MODER_Input
                0x0800049a                GPIOC_PUPDR_NUND
                0x080004b0                GPIOC_PUPDR_RDY_UP
                0x080004c4                GPIOC_PUPDR_RDY_DOWN
                0x080004d8                GPIOC_IDR_RDY_GET
                0x080004e4                GPIOC_LCKR_PIN1_LCKK_1
                0x080004fc                GPIOC_LCKR_PIN1_LCKK_0
                0x08000516                GPIOA_MODER_Set_Alt_Function
                0x08000532                GPIOA_AFRH_Set_Alt_Function
                0x08000546                GPIOA_OSPEEDR_Set
                0x0800055a                GPIOE_MODER_BUSY_INPUT
                0x08000570                GPIOE_PURDR_BUSY_NPUPD
                0x08000586                GPIOE_PURDR_BUSY_UP
                0x080005a2                GPIOE_IDR_BUSY_GET
                0x080005ae                GPIOD_MODER_DIO_INPUT
                0x080005c4                GPIOD_PUPDR_DIO_NPUPD
                0x080005da                GPIOD_PUPDR_DIO_DOWN
                0x080005ee                GPIOD_PUPDR_DIO_UP
                0x08000602                GPIOD_IDR_DIO_GET
 .text          0x08000620       0x4c ./Core/Src/nvic_assembly.o
                0x08000620                NVIC_TIM8_Enable_Interupt
                0x0800062e                NVIC_SPI1_Enable_Interupt
                0x0800063c                NVIC_EXTI15_Enable_Interupt
                0x0800064a                NVIC_IPR6_EXTI15_priority
 .text          0x0800066c      0x3c8 ./Core/Src/rcc_assembly.o
                0x0800066c                ASM_RCC_APB2ENR_TIM8EN_Set
                0x08000680                ASM_RCC_AHB2ENR1_GPIOEEN_Set
                0x08000694                ASM_RCC_AHB2ENR1_GPIOAEN_Set
                0x080006a6                ASM_RCC_AHB2ENR1_GPIODEN_Set
                0x080006ba                ASM_RCC_AHB2ENR1_GPIOCEN_Set
                0x080006ce                ASM_RCC_APB2ENR_SPI1_Set
                0x080006e2                ASM_RCC_CCIPR1_SPI1SEL_MSIK
                0x080006fe                ASM_RCC_CCIPR1_SPI1SEL_HSI16
                0x0800071a                ASM_RCC_CCIPR1_SPI1SEL_PCLK2
                0x08000730                ASM_RCC_CCIPR1_SPI1SEL_SYSCLK
                0x0800074c                ASM_RCC_CFGR2_HPRE_2
                0x08000764                ASM_RCC_CFGR2_PCLK2_2
                0x08000780                ASM_RCC_CFGR1_MCOSEL_HSI16
                0x0800079c                ASM_RCC_CFGR1_MCOSEL_HSE
                0x080007b8                ASM_RCC_CFGR1_MCOSEL_MSIS
                0x080007d4                ASM_RCC_CFGR1_MCOSEL_MSIK
                0x080007f0                ASM_RCC_CFGR1_MCOSEL_SYSCLK
                0x0800080c                ASM_RCC_CFGR1_MCOSEL_HSI48
                0x08000828                ASM_RCC_CFGR1_MCOSEL_PLL1
                0x08000844                ASM_RCC_CR_HSI16
                0x08000852                ASM_RCC_CR_HSI16RDY
                0x0800085e                ASM_RCC_CR_HSI48
                0x0800086c                ASM_RCC_CR_HSI48RDY
                0x08000878                ASM_RCC_CR_SYSCLK
                0x08000886                ASM_RCC_CR_SYSCLKRDY
                0x08000892                ASM_RCC_CR_MSIK
                0x080008a0                ASM_RCC_CR_MSIKRDY
                0x080008ac                ASM_RCC_CR_MSIS
                0x080008ba                ASM_RCC_CR_MSISRDY
                0x080008c6                ASM_RCC_CR_HSE
                0x080008d4                ASM_RCC_CR_HSERDY
                0x080008e0                ASM_RCC_CR_PLL1
                0x080008ee                ASM_RCC_CR_PLL1RDY
                0x080008fa                ASM_RCC_PLL1CFGR_PLL1SRC_HSI16
                0x08000912                ASM_RCC_PLL1CFGR_PLL1PEN
                0x08000926                ASM_RCC_PLL1CFGR_PLL1QEN
                0x0800093a                ASM_RCC_PLL1CFGR_PLL1REN
                0x0800094e                ASM_RCC_PLL1CFGR_PLL1M_3
                0x0800096a                ASM_RCC_PLL1DIVR_PLL1N_4
                0x0800098c                ASM_RCC_PLL1DIVR_PLL1N_5
                0x080009ae                ASM_RCC_PLL1DIVR_PLL1N_6
                0x080009d0                ASM_RCC_CFGR1_SW_PLL1
                0x080009e2                ASM_RCC_CFGR1_SWS
                0x080009ee                RUN_COUNTER
                0x080009f6                RESET_COUNTER
                0x080009fc                ASM_RCC_ICSCR1_MSIKRANGE_SET
                0x08000a18                ASM_RCC_ICSCR1_MSIRGSEL_1
 .text          0x08000a34      0x398 ./Core/Src/spi_master_assembly.o
                0x08000a34                ASM_SPI_IER_EOTIE_Set
                0x08000a48                ASM_SPI_IER_TXPIE_Set
                0x08000a5c                ASM_SPI_IER_RXPIE_Set
                0x08000a6e                ASM_SPI_IER_TXTFIE_Set
                0x08000a82                ASM_SPI_SR_Get
                0x08000a8e                ASM_SPI_IFCR_EOTC_Clear
                0x08000aa2                ASM_SPI_IFCR_OVRC
                0x08000ab6                ASM_SPI_IFCR_TXTFC
                0x08000aca                ASM_SPI_CR2_TSIZE
                0x08000aea                ASM_SPI_CFG2_MASTER_Set
                0x08000afe                ASM_SPI_CFG2_COMM_Full_Duplex
                0x08000b14                ASM_SPI_CFG2_CPOL_0
                0x08000b2a                ASM_SPI_CFG2_CPOL_1
                0x08000b3e                ASM_SPI_CFG2_CPHA_0
                0x08000b54                ASM_SPI_CFG2_SSM_0
                0x08000b6a                ASM_SPI_CFG2_SSM_1
                0x08000b7e                ASM_SPI_CFG2_SSOE_1
                0x08000b92                ASM_SPI_CFG2_SSOE_0
                0x08000ba8                ASM_SPI_CFG1_DSIZE_8
                0x08000baa                ASM_SPI_CFG1_FTHLV_2
                0x08000bc6                ASM_SPI_CFG1_FTHLV
                0x08000be2                ASM_SPI_CFG1_FTHLV_1
                0x08000bf8                ASM_SPI_CFG2_SSOM_1
                0x08000c0c                ASM_SPI_CFG2_SSOM_0
                0x08000c22                ASM_SPI_CFG2_MIDI_Set
                0x08000c3e                ASM_SPI_CFG2_MSSI_Set
                0x08000c5a                ASM_SPI_CFG1_MBR_4
                0x08000c76                ASM_SPI_CFG1_MBR_256
                0x08000c8a                ASM_SPI_CFG1_MBR_64
                0x08000c9e                ASM_SPI_CFG1_BPASS_0
                0x08000cb4                ASM_SPI_CFG1_BPASS_1
                0x08000cc8                ASM_SPI_CFG2_LSBFRST_MSB
                0x08000cde                ASM_SPI_CFG2_LSBFRST_LSB
                0x08000cf2                ASM_SPI_CFG2_AFCNTR_1
                0x08000d06                ASM_SPI_CR1_SPE_1
                0x08000d1a                ASM_SPI_CR1_SPE_0
                0x08000d30                ASM_SPI_CR1_CSTART_1
                0x08000d44                ASM_SPI_CR1_SSI_1
                0x08000d58                ASM_SPI_CR1_SSI_0
                0x08000d6e                ASM_SPI_TXDR_Set
                0x08000d7c                ASM_SPI_RXDR_Get
                0x08000d88                ASM_SPI_CFG2_SSIOP_0
                0x08000d9e                ASM_SPI_CFG2_SSIOP_1
                0x08000db2                ASM_SPI_CFG2_RDIOM_1_SIMULATE_RDY
 .text          0x08000dcc      0x174 ./Core/Src/tim8_assembly.o
                0x08000dcc                TIM8_Set_PSC_Value
                0x08000de0                TIM8_Set_ARR_Value
                0x08000df8                TIM8_Clear_UIF_Flag
                0x08000e0c                TIM8_Set_CCnS_To_Channel_Output
                0x08000e22                TIM8_Set_DITHEN_False
                0x08000e38                TIM8_Set_CCRn_WaveGen_Value
                0x08000e50                TIM8_Clear_CC1IF_Flag
                0x08000e66                TIM8_Set_DIR_UpCounter
                0x08000e7c                TIM8_Set_OCnM_To_Toggle_Mode
                0x08000ea0                TIM8_Set_CC1P_Polarity_ActiveHigh
                0x08000eb6                TIM8_Set_CCnE_Output_Enable_To_GPIO
                0x08000ec8                TIM8_Set_CEN_Counter_Enable
                0x08000eda                TIM8_Set_MMS_Update_Trigger_Output
                0x08000ef6                TIM8_Set_UIF_Update_Interrupt_Enable
                0x08000f08                TIM8_Set_CC1IE_Update_Interrupt_Enable
                0x08000f1c                TIM8_Get_SR_Status
                0x08000f28                TIM8_RCR_Set
 *(.text*)
 .text.ITM_SendChar
                0x08000f40       0x4e ./Core/Src/main.o
 .text._write   0x08000f8e       0x38 ./Core/Src/main.o
                0x08000f8e                _write
 *fill*         0x08000fc6        0x2 
 .text.main     0x08000fc8       0x58 ./Core/Src/main.o
                0x08000fc8                main
 .text.SubmitCommand
                0x08001020      0x1cc ./Core/Src/main.o
                0x08001020                SubmitCommand
 .text.lora_command
                0x080011ec       0x60 ./Core/Src/main.o
                0x080011ec                lora_command
 .text.SPI1_IRQHandler
                0x0800124c      0x134 ./Core/Src/main.o
                0x0800124c                SPI1_IRQHandler
 .text.RCC_init
                0x08001380       0x58 ./Core/Src/main.o
                0x08001380                RCC_init
 .text.GPIO_SPI_init
                0x080013d8       0x34 ./Core/Src/main.o
                0x080013d8                GPIO_SPI_init
 .text.DIO_EXTI_init
                0x0800140c       0x20 ./Core/Src/main.o
                0x0800140c                DIO_EXTI_init
 .text.SPI_init
                0x0800142c       0x5c ./Core/Src/main.o
                0x0800142c                SPI_init
 .text.TIM8_init
                0x08001488       0x3c ./Core/Src/main.o
                0x08001488                TIM8_init
 .text.TIM8_start
                0x080014c4        0xc ./Core/Src/main.o
                0x080014c4                TIM8_start
 .text.TIM8_UP_IRQHandler
                0x080014d0       0x2c ./Core/Src/main.o
                0x080014d0                TIM8_UP_IRQHandler
 .text.Reset_Handler
                0x080014fc       0x4c ./Core/Startup/startup_stm32u585aiixq.o
                0x080014fc                Reset_Handler
 .text.Default_Handler
                0x08001548        0x2 ./Core/Startup/startup_stm32u585aiixq.o
                0x08001548                EXTI2_IRQHandler
                0x08001548                TIM8_TRG_COM_IRQHandler
                0x08001548                TIM8_CC_IRQHandler
                0x08001548                EXTI5_IRQHandler
                0x08001548                DebugMon_Handler
                0x08001548                FLASH_S_IRQHandler
                0x08001548                EXTI13_IRQHandler
                0x08001548                TIM1_CC_IRQHandler
                0x08001548                TSC_IRQHandler
                0x08001548                HardFault_Handler
                0x08001548                TAMP_IRQHandler
                0x08001548                TIM6_IRQHandler
                0x08001548                EXTI12_IRQHandler
                0x08001548                CORDIC_IRQHandler
                0x08001548                SysTick_Handler
                0x08001548                PendSV_Handler
                0x08001548                NMI_Handler
                0x08001548                EXTI3_IRQHandler
                0x08001548                LPTIM4_IRQHandler
                0x08001548                GPDMA1_Channel5_IRQHandler
                0x08001548                EXTI8_IRQHandler
                0x08001548                LPTIM2_IRQHandler
                0x08001548                I2C3_ER_IRQHandler
                0x08001548                PWR_S3WU_IRQHandler
                0x08001548                MDF1_FLT2_IRQHandler
                0x08001548                LPDMA1_Channel3_IRQHandler
                0x08001548                LPTIM3_IRQHandler
                0x08001548                EXTI0_IRQHandler
                0x08001548                I2C2_EV_IRQHandler
                0x08001548                FPU_IRQHandler
                0x08001548                GPDMA1_Channel3_IRQHandler
                0x08001548                GPDMA1_Channel7_IRQHandler
                0x08001548                MDF1_FLT4_IRQHandler
                0x08001548                FDCAN1_IT1_IRQHandler
                0x08001548                RAMCFG_IRQHandler
                0x08001548                UsageFault_Handler
                0x08001548                GPDMA1_Channel9_IRQHandler
                0x08001548                DCACHE1_IRQHandler
                0x08001548                OCTOSPI1_IRQHandler
                0x08001548                GPDMA1_Channel2_IRQHandler
                0x08001548                RCC_S_IRQHandler
                0x08001548                OCTOSPI2_IRQHandler
                0x08001548                SAI2_IRQHandler
                0x08001548                MDF1_FLT1_IRQHandler
                0x08001548                ADC1_IRQHandler
                0x08001548                PKA_IRQHandler
                0x08001548                MDF1_FLT5_IRQHandler
                0x08001548                EXTI15_IRQHandler
                0x08001548                TIM17_IRQHandler
                0x08001548                USART3_IRQHandler
                0x08001548                RTC_IRQHandler
                0x08001548                EXTI9_IRQHandler
                0x08001548                UART5_IRQHandler
                0x08001548                TIM4_IRQHandler
                0x08001548                I2C1_EV_IRQHandler
                0x08001548                GPDMA1_Channel12_IRQHandler
                0x08001548                GPDMA1_Channel1_IRQHandler
                0x08001548                TIM16_IRQHandler
                0x08001548                GPDMA1_Channel15_IRQHandler
                0x08001548                UART4_IRQHandler
                0x08001548                SecureFault_Handler
                0x08001548                TIM3_IRQHandler
                0x08001548                RCC_IRQHandler
                0x08001548                TIM1_TRG_COM_IRQHandler
                0x08001548                Default_Handler
                0x08001548                GPDMA1_Channel8_IRQHandler
                0x08001548                FMAC_IRQHandler
                0x08001548                OTFDEC1_IRQHandler
                0x08001548                GPDMA1_Channel11_IRQHandler
                0x08001548                TIM7_IRQHandler
                0x08001548                SDMMC1_IRQHandler
                0x08001548                SAES_IRQHandler
                0x08001548                TIM5_IRQHandler
                0x08001548                UCPD1_IRQHandler
                0x08001548                GPDMA1_Channel0_IRQHandler
                0x08001548                TIM15_IRQHandler
                0x08001548                I2C3_EV_IRQHandler
                0x08001548                LPDMA1_Channel0_IRQHandler
                0x08001548                PVD_PVM_IRQHandler
                0x08001548                SPI2_IRQHandler
                0x08001548                MemManage_Handler
                0x08001548                LPDMA1_Channel1_IRQHandler
                0x08001548                EXTI14_IRQHandler
                0x08001548                EXTI11_IRQHandler
                0x08001548                OTFDEC2_IRQHandler
                0x08001548                SVC_Handler
                0x08001548                CRS_IRQHandler
                0x08001548                GPDMA1_Channel14_IRQHandler
                0x08001548                LSECSSD_IRQHandler
                0x08001548                EXTI4_IRQHandler
                0x08001548                RTC_S_IRQHandler
                0x08001548                GPDMA1_Channel13_IRQHandler
                0x08001548                RNG_IRQHandler
                0x08001548                COMP_IRQHandler
                0x08001548                TIM1_UP_IRQHandler
                0x08001548                ADC4_IRQHandler
                0x08001548                WWDG_IRQHandler
                0x08001548                I2C4_EV_IRQHandler
                0x08001548                ADF1_IRQHandler
                0x08001548                IWDG_IRQHandler
                0x08001548                LPUART1_IRQHandler
                0x08001548                MDF1_FLT0_IRQHandler
                0x08001548                FDCAN1_IT0_IRQHandler
                0x08001548                TIM2_IRQHandler
                0x08001548                GPDMA1_Channel4_IRQHandler
                0x08001548                EXTI7_IRQHandler
                0x08001548                DMA2D_IRQHandler
                0x08001548                TIM1_BRK_IRQHandler
                0x08001548                EXTI1_IRQHandler
                0x08001548                SDMMC2_IRQHandler
                0x08001548                AES_IRQHandler
                0x08001548                DAC1_IRQHandler
                0x08001548                GTZC_IRQHandler
                0x08001548                MDF1_FLT3_IRQHandler
                0x08001548                USART2_IRQHandler
                0x08001548                GPDMA1_Channel6_IRQHandler
                0x08001548                I2C2_ER_IRQHandler
                0x08001548                TIM8_BRK_IRQHandler
                0x08001548                FLASH_IRQHandler
                0x08001548                BusFault_Handler
                0x08001548                USART1_IRQHandler
                0x08001548                EXTI10_IRQHandler
                0x08001548                OTG_FS_IRQHandler
                0x08001548                SPI3_IRQHandler
                0x08001548                LPDMA1_Channel2_IRQHandler
                0x08001548                I2C1_ER_IRQHandler
                0x08001548                FMC_IRQHandler
                0x08001548                EXTI6_IRQHandler
                0x08001548                LPTIM1_IRQHandler
                0x08001548                DCMI_PSSI_IRQHandler
                0x08001548                I2C4_ER_IRQHandler
                0x08001548                GPDMA1_Channel10_IRQHandler
                0x08001548                ICACHE_IRQHandler
                0x08001548                SAI1_IRQHandler
                0x08001548                HASH_IRQHandler
 *fill*         0x0800154a        0x2 
 .text.std      0x0800154c       0x6c /opt/st/stm32cubeide_1.15.0_2/plugins/com.st.stm32cube.ide.mcu.externaltools.gnu-tools-for-stm32.12.3.rel1.linux64_1.0.100.202403111256/tools/bin/../lib/gcc/arm-none-eabi/12.3.1/../../../../arm-none-eabi/lib/thumb/v8-m.main+fp/hard/libc_nano.a(libc_a-findfp.o)
 .text.stdio_exit_handler
                0x080015b8       0x18 /opt/st/stm32cubeide_1.15.0_2/plugins/com.st.stm32cube.ide.mcu.externaltools.gnu-tools-for-stm32.12.3.rel1.linux64_1.0.100.202403111256/tools/bin/../lib/gcc/arm-none-eabi/12.3.1/../../../../arm-none-eabi/lib/thumb/v8-m.main+fp/hard/libc_nano.a(libc_a-findfp.o)
 .text.cleanup_stdio
                0x080015d0       0x40 /opt/st/stm32cubeide_1.15.0_2/plugins/com.st.stm32cube.ide.mcu.externaltools.gnu-tools-for-stm32.12.3.rel1.linux64_1.0.100.202403111256/tools/bin/../lib/gcc/arm-none-eabi/12.3.1/../../../../arm-none-eabi/lib/thumb/v8-m.main+fp/hard/libc_nano.a(libc_a-findfp.o)
 .text.global_stdio_init.part.0
                0x08001610       0x3c /opt/st/stm32cubeide_1.15.0_2/plugins/com.st.stm32cube.ide.mcu.externaltools.gnu-tools-for-stm32.12.3.rel1.linux64_1.0.100.202403111256/tools/bin/../lib/gcc/arm-none-eabi/12.3.1/../../../../arm-none-eabi/lib/thumb/v8-m.main+fp/hard/libc_nano.a(libc_a-findfp.o)
 .text.__sfp_lock_acquire
                0x0800164c        0xc /opt/st/stm32cubeide_1.15.0_2/plugins/com.st.stm32cube.ide.mcu.externaltools.gnu-tools-for-stm32.12.3.rel1.linux64_1.0.100.202403111256/tools/bin/../lib/gcc/arm-none-eabi/12.3.1/../../../../arm-none-eabi/lib/thumb/v8-m.main+fp/hard/libc_nano.a(libc_a-findfp.o)
                0x0800164c                __sfp_lock_acquire
 .text.__sfp_lock_release
                0x08001658        0xc /opt/st/stm32cubeide_1.15.0_2/plugins/com.st.stm32cube.ide.mcu.externaltools.gnu-tools-for-stm32.12.3.rel1.linux64_1.0.100.202403111256/tools/bin/../lib/gcc/arm-none-eabi/12.3.1/../../../../arm-none-eabi/lib/thumb/v8-m.main+fp/hard/libc_nano.a(libc_a-findfp.o)
                0x08001658                __sfp_lock_release
 .text.__sinit  0x08001664       0x30 /opt/st/stm32cubeide_1.15.0_2/plugins/com.st.stm32cube.ide.mcu.externaltools.gnu-tools-for-stm32.12.3.rel1.linux64_1.0.100.202403111256/tools/bin/../lib/gcc/arm-none-eabi/12.3.1/../../../../arm-none-eabi/lib/thumb/v8-m.main+fp/hard/libc_nano.a(libc_a-findfp.o)
                0x08001664                __sinit
 .text._fwalk_sglue
                0x08001694       0x3c /opt/st/stm32cubeide_1.15.0_2/plugins/com.st.stm32cube.ide.mcu.externaltools.gnu-tools-for-stm32.12.3.rel1.linux64_1.0.100.202403111256/tools/bin/../lib/gcc/arm-none-eabi/12.3.1/../../../../arm-none-eabi/lib/thumb/v8-m.main+fp/hard/libc_nano.a(libc_a-fwalk.o)
                0x08001694                _fwalk_sglue
 .text.printf   0x080016d0       0x24 /opt/st/stm32cubeide_1.15.0_2/plugins/com.st.stm32cube.ide.mcu.externaltools.gnu-tools-for-stm32.12.3.rel1.linux64_1.0.100.202403111256/tools/bin/../lib/gcc/arm-none-eabi/12.3.1/../../../../arm-none-eabi/lib/thumb/v8-m.main+fp/hard/libc_nano.a(libc_a-printf.o)
                0x080016d0                printf
                0x080016d0                iprintf
 .text._puts_r  0x080016f4       0xaa /opt/st/stm32cubeide_1.15.0_2/plugins/com.st.stm32cube.ide.mcu.externaltools.gnu-tools-for-stm32.12.3.rel1.linux64_1.0.100.202403111256/tools/bin/../lib/gcc/arm-none-eabi/12.3.1/../../../../arm-none-eabi/lib/thumb/v8-m.main+fp/hard/libc_nano.a(libc_a-puts.o)
                0x080016f4                _puts_r
 *fill*         0x0800179e        0x2 
 .text.puts     0x080017a0       0x10 /opt/st/stm32cubeide_1.15.0_2/plugins/com.st.stm32cube.ide.mcu.externaltools.gnu-tools-for-stm32.12.3.rel1.linux64_1.0.100.202403111256/tools/bin/../lib/gcc/arm-none-eabi/12.3.1/../../../../arm-none-eabi/lib/thumb/v8-m.main+fp/hard/libc_nano.a(libc_a-puts.o)
                0x080017a0                puts
 .text.__sread  0x080017b0       0x22 /opt/st/stm32cubeide_1.15.0_2/plugins/com.st.stm32cube.ide.mcu.externaltools.gnu-tools-for-stm32.12.3.rel1.linux64_1.0.100.202403111256/tools/bin/../lib/gcc/arm-none-eabi/12.3.1/../../../../arm-none-eabi/lib/thumb/v8-m.main+fp/hard/libc_nano.a(libc_a-stdio.o)
                0x080017b0                __sread
 .text.__swrite
                0x080017d2       0x38 /opt/st/stm32cubeide_1.15.0_2/plugins/com.st.stm32cube.ide.mcu.externaltools.gnu-tools-for-stm32.12.3.rel1.linux64_1.0.100.202403111256/tools/bin/../lib/gcc/arm-none-eabi/12.3.1/../../../../arm-none-eabi/lib/thumb/v8-m.main+fp/hard/libc_nano.a(libc_a-stdio.o)
                0x080017d2                __swrite
 .text.__sseek  0x0800180a       0x24 /opt/st/stm32cubeide_1.15.0_2/plugins/com.st.stm32cube.ide.mcu.externaltools.gnu-tools-for-stm32.12.3.rel1.linux64_1.0.100.202403111256/tools/bin/../lib/gcc/arm-none-eabi/12.3.1/../../../../arm-none-eabi/lib/thumb/v8-m.main+fp/hard/libc_nano.a(libc_a-stdio.o)
                0x0800180a                __sseek
 .text.__sclose
                0x0800182e        0x8 /opt/st/stm32cubeide_1.15.0_2/plugins/com.st.stm32cube.ide.mcu.externaltools.gnu-tools-for-stm32.12.3.rel1.linux64_1.0.100.202403111256/tools/bin/../lib/gcc/arm-none-eabi/12.3.1/../../../../arm-none-eabi/lib/thumb/v8-m.main+fp/hard/libc_nano.a(libc_a-stdio.o)
                0x0800182e                __sclose
 .text.__swbuf_r
                0x08001836       0x7c /opt/st/stm32cubeide_1.15.0_2/plugins/com.st.stm32cube.ide.mcu.externaltools.gnu-tools-for-stm32.12.3.rel1.linux64_1.0.100.202403111256/tools/bin/../lib/gcc/arm-none-eabi/12.3.1/../../../../arm-none-eabi/lib/thumb/v8-m.main+fp/hard/libc_nano.a(libc_a-wbuf.o)
                0x08001836                __swbuf_r
 *fill*         0x080018b2        0x2 
 .text.__swsetup_r
                0x080018b4       0xac /opt/st/stm32cubeide_1.15.0_2/plugins/com.st.stm32cube.ide.mcu.externaltools.gnu-tools-for-stm32.12.3.rel1.linux64_1.0.100.202403111256/tools/bin/../lib/gcc/arm-none-eabi/12.3.1/../../../../arm-none-eabi/lib/thumb/v8-m.main+fp/hard/libc_nano.a(libc_a-wsetup.o)
                0x080018b4                __swsetup_r
 .text.memset   0x08001960       0x10 /opt/st/stm32cubeide_1.15.0_2/plugins/com.st.stm32cube.ide.mcu.externaltools.gnu-tools-for-stm32.12.3.rel1.linux64_1.0.100.202403111256/tools/bin/../lib/gcc/arm-none-eabi/12.3.1/../../../../arm-none-eabi/lib/thumb/v8-m.main+fp/hard/libc_nano.a(libc_a-memset.o)
                0x08001960                memset
 .text._close_r
                0x08001970       0x20 /opt/st/stm32cubeide_1.15.0_2/plugins/com.st.stm32cube.ide.mcu.externaltools.gnu-tools-for-stm32.12.3.rel1.linux64_1.0.100.202403111256/tools/bin/../lib/gcc/arm-none-eabi/12.3.1/../../../../arm-none-eabi/lib/thumb/v8-m.main+fp/hard/libc_nano.a(libc_a-closer.o)
                0x08001970                _close_r
 .text._lseek_r
                0x08001990       0x24 /opt/st/stm32cubeide_1.15.0_2/plugins/com.st.stm32cube.ide.mcu.externaltools.gnu-tools-for-stm32.12.3.rel1.linux64_1.0.100.202403111256/tools/bin/../lib/gcc/arm-none-eabi/12.3.1/../../../../arm-none-eabi/lib/thumb/v8-m.main+fp/hard/libc_nano.a(libc_a-lseekr.o)
                0x08001990                _lseek_r
 .text._read_r  0x080019b4       0x24 /opt/st/stm32cubeide_1.15.0_2/plugins/com.st.stm32cube.ide.mcu.externaltools.gnu-tools-for-stm32.12.3.rel1.linux64_1.0.100.202403111256/tools/bin/../lib/gcc/arm-none-eabi/12.3.1/../../../../arm-none-eabi/lib/thumb/v8-m.main+fp/hard/libc_nano.a(libc_a-readr.o)
                0x080019b4                _read_r
 .text._write_r
                0x080019d8       0x24 /opt/st/stm32cubeide_1.15.0_2/plugins/com.st.stm32cube.ide.mcu.externaltools.gnu-tools-for-stm32.12.3.rel1.linux64_1.0.100.202403111256/tools/bin/../lib/gcc/arm-none-eabi/12.3.1/../../../../arm-none-eabi/lib/thumb/v8-m.main+fp/hard/libc_nano.a(libc_a-writer.o)
                0x080019d8                _write_r
 .text.__libc_init_array
                0x080019fc       0x48 /opt/st/stm32cubeide_1.15.0_2/plugins/com.st.stm32cube.ide.mcu.externaltools.gnu-tools-for-stm32.12.3.rel1.linux64_1.0.100.202403111256/tools/bin/../lib/gcc/arm-none-eabi/12.3.1/../../../../arm-none-eabi/lib/thumb/v8-m.main+fp/hard/libc_nano.a(libc_a-init.o)
                0x080019fc                __libc_init_array
 .text.__retarget_lock_init_recursive
                0x08001a44        0x2 /opt/st/stm32cubeide_1.15.0_2/plugins/com.st.stm32cube.ide.mcu.externaltools.gnu-tools-for-stm32.12.3.rel1.linux64_1.0.100.202403111256/tools/bin/../lib/gcc/arm-none-eabi/12.3.1/../../../../arm-none-eabi/lib/thumb/v8-m.main+fp/hard/libc_nano.a(libc_a-lock.o)
                0x08001a44                __retarget_lock_init_recursive
 .text.__retarget_lock_acquire_recursive
                0x08001a46        0x2 /opt/st/stm32cubeide_1.15.0_2/plugins/com.st.stm32cube.ide.mcu.externaltools.gnu-tools-for-stm32.12.3.rel1.linux64_1.0.100.202403111256/tools/bin/../lib/gcc/arm-none-eabi/12.3.1/../../../../arm-none-eabi/lib/thumb/v8-m.main+fp/hard/libc_nano.a(libc_a-lock.o)
                0x08001a46                __retarget_lock_acquire_recursive
 .text.__retarget_lock_release_recursive
                0x08001a48        0x2 /opt/st/stm32cubeide_1.15.0_2/plugins/com.st.stm32cube.ide.mcu.externaltools.gnu-tools-for-stm32.12.3.rel1.linux64_1.0.100.202403111256/tools/bin/../lib/gcc/arm-none-eabi/12.3.1/../../../../arm-none-eabi/lib/thumb/v8-m.main+fp/hard/libc_nano.a(libc_a-lock.o)
                0x08001a48                __retarget_lock_release_recursive
 *fill*         0x08001a4a        0x2 
 .text._free_r  0x08001a4c       0x94 /opt/st/stm32cubeide_1.15.0_2/plugins/com.st.stm32cube.ide.mcu.externaltools.gnu-tools-for-stm32.12.3.rel1.linux64_1.0.100.202403111256/tools/bin/../lib/gcc/arm-none-eabi/12.3.1/../../../../arm-none-eabi/lib/thumb/v8-m.main+fp/hard/libc_nano.a(libc_a-freer.o)
                0x08001a4c                _free_r
 .text.sbrk_aligned
                0x08001ae0       0x44 /opt/st/stm32cubeide_1.15.0_2/plugins/com.st.stm32cube.ide.mcu.externaltools.gnu-tools-for-stm32.12.3.rel1.linux64_1.0.100.202403111256/tools/bin/../lib/gcc/arm-none-eabi/12.3.1/../../../../arm-none-eabi/lib/thumb/v8-m.main+fp/hard/libc_nano.a(libc_a-mallocr.o)
 .text._malloc_r
                0x08001b24      0x100 /opt/st/stm32cubeide_1.15.0_2/plugins/com.st.stm32cube.ide.mcu.externaltools.gnu-tools-for-stm32.12.3.rel1.linux64_1.0.100.202403111256/tools/bin/../lib/gcc/arm-none-eabi/12.3.1/../../../../arm-none-eabi/lib/thumb/v8-m.main+fp/hard/libc_nano.a(libc_a-mallocr.o)
                0x08001b24                _malloc_r
 .text.__malloc_lock
                0x08001c24        0xc /opt/st/stm32cubeide_1.15.0_2/plugins/com.st.stm32cube.ide.mcu.externaltools.gnu-tools-for-stm32.12.3.rel1.linux64_1.0.100.202403111256/tools/bin/../lib/gcc/arm-none-eabi/12.3.1/../../../../arm-none-eabi/lib/thumb/v8-m.main+fp/hard/libc_nano.a(libc_a-mlock.o)
                0x08001c24                __malloc_lock
 .text.__malloc_unlock
                0x08001c30        0xc /opt/st/stm32cubeide_1.15.0_2/plugins/com.st.stm32cube.ide.mcu.externaltools.gnu-tools-for-stm32.12.3.rel1.linux64_1.0.100.202403111256/tools/bin/../lib/gcc/arm-none-eabi/12.3.1/../../../../arm-none-eabi/lib/thumb/v8-m.main+fp/hard/libc_nano.a(libc_a-mlock.o)
                0x08001c30                __malloc_unlock
 .text.__sfputc_r
                0x08001c3c       0x2e /opt/st/stm32cubeide_1.15.0_2/plugins/com.st.stm32cube.ide.mcu.externaltools.gnu-tools-for-stm32.12.3.rel1.linux64_1.0.100.202403111256/tools/bin/../lib/gcc/arm-none-eabi/12.3.1/../../../../arm-none-eabi/lib/thumb/v8-m.main+fp/hard/libc_nano.a(libc_a-nano-vfprintf.o)
 .text.__sfputs_r
                0x08001c6a       0x24 /opt/st/stm32cubeide_1.15.0_2/plugins/com.st.stm32cube.ide.mcu.externaltools.gnu-tools-for-stm32.12.3.rel1.linux64_1.0.100.202403111256/tools/bin/../lib/gcc/arm-none-eabi/12.3.1/../../../../arm-none-eabi/lib/thumb/v8-m.main+fp/hard/libc_nano.a(libc_a-nano-vfprintf.o)
                0x08001c6a                __sfputs_r
 *fill*         0x08001c8e        0x2 
 .text._vfprintf_r
                0x08001c90      0x230 /opt/st/stm32cubeide_1.15.0_2/plugins/com.st.stm32cube.ide.mcu.externaltools.gnu-tools-for-stm32.12.3.rel1.linux64_1.0.100.202403111256/tools/bin/../lib/gcc/arm-none-eabi/12.3.1/../../../../arm-none-eabi/lib/thumb/v8-m.main+fp/hard/libc_nano.a(libc_a-nano-vfprintf.o)
                0x08001c90                _vfiprintf_r
                0x08001c90                _vfprintf_r
 .text._printf_common
                0x08001ec0       0xe4 /opt/st/stm32cubeide_1.15.0_2/plugins/com.st.stm32cube.ide.mcu.externaltools.gnu-tools-for-stm32.12.3.rel1.linux64_1.0.100.202403111256/tools/bin/../lib/gcc/arm-none-eabi/12.3.1/../../../../arm-none-eabi/lib/thumb/v8-m.main+fp/hard/libc_nano.a(libc_a-nano-vfprintf_i.o)
                0x08001ec0                _printf_common
 .text._printf_i
                0x08001fa4      0x240 /opt/st/stm32cubeide_1.15.0_2/plugins/com.st.stm32cube.ide.mcu.externaltools.gnu-tools-for-stm32.12.3.rel1.linux64_1.0.100.202403111256/tools/bin/../lib/gcc/arm-none-eabi/12.3.1/../../../../arm-none-eabi/lib/thumb/v8-m.main+fp/hard/libc_nano.a(libc_a-nano-vfprintf_i.o)
                0x08001fa4                _printf_i
 .text.__sflush_r
                0x080021e4      0x108 /opt/st/stm32cubeide_1.15.0_2/plugins/com.st.stm32cube.ide.mcu.externaltools.gnu-tools-for-stm32.12.3.rel1.linux64_1.0.100.202403111256/tools/bin/../lib/gcc/arm-none-eabi/12.3.1/../../../../arm-none-eabi/lib/thumb/v8-m.main+fp/hard/libc_nano.a(libc_a-fflush.o)
                0x080021e4                __sflush_r
 .text._fflush_r
                0x080022ec       0x50 /opt/st/stm32cubeide_1.15.0_2/plugins/com.st.stm32cube.ide.mcu.externaltools.gnu-tools-for-stm32.12.3.rel1.linux64_1.0.100.202403111256/tools/bin/../lib/gcc/arm-none-eabi/12.3.1/../../../../arm-none-eabi/lib/thumb/v8-m.main+fp/hard/libc_nano.a(libc_a-fflush.o)
                0x080022ec                _fflush_r
 .text.__swhatbuf_r
                0x0800233c       0x4a /opt/st/stm32cubeide_1.15.0_2/plugins/com.st.stm32cube.ide.mcu.externaltools.gnu-tools-for-stm32.12.3.rel1.linux64_1.0.100.202403111256/tools/bin/../lib/gcc/arm-none-eabi/12.3.1/../../../../arm-none-eabi/lib/thumb/v8-m.main+fp/hard/libc_nano.a(libc_a-makebuf.o)
                0x0800233c                __swhatbuf_r
 .text.__smakebuf_r
                0x08002386       0x78 /opt/st/stm32cubeide_1.15.0_2/plugins/com.st.stm32cube.ide.mcu.externaltools.gnu-tools-for-stm32.12.3.rel1.linux64_1.0.100.202403111256/tools/bin/../lib/gcc/arm-none-eabi/12.3.1/../../../../arm-none-eabi/lib/thumb/v8-m.main+fp/hard/libc_nano.a(libc_a-makebuf.o)
                0x08002386                __smakebuf_r
 *fill*         0x080023fe        0x2 
 .text._fstat_r
                0x08002400       0x24 /opt/st/stm32cubeide_1.15.0_2/plugins/com.st.stm32cube.ide.mcu.externaltools.gnu-tools-for-stm32.12.3.rel1.linux64_1.0.100.202403111256/tools/bin/../lib/gcc/arm-none-eabi/12.3.1/../../../../arm-none-eabi/lib/thumb/v8-m.main+fp/hard/libc_nano.a(libc_a-fstatr.o)
                0x08002400                _fstat_r
 .text._isatty_r
                0x08002424       0x20 /opt/st/stm32cubeide_1.15.0_2/plugins/com.st.stm32cube.ide.mcu.externaltools.gnu-tools-for-stm32.12.3.rel1.linux64_1.0.100.202403111256/tools/bin/../lib/gcc/arm-none-eabi/12.3.1/../../../../arm-none-eabi/lib/thumb/v8-m.main+fp/hard/libc_nano.a(libc_a-isattyr.o)
                0x08002424                _isatty_r
 .text._sbrk_r  0x08002444       0x20 /opt/st/stm32cubeide_1.15.0_2/plugins/com.st.stm32cube.ide.mcu.externaltools.gnu-tools-for-stm32.12.3.rel1.linux64_1.0.100.202403111256/tools/bin/../lib/gcc/arm-none-eabi/12.3.1/../../../../arm-none-eabi/lib/thumb/v8-m.main+fp/hard/libc_nano.a(libc_a-sbrkr.o)
                0x08002444                _sbrk_r
 .text.memchr   0x08002464       0x1c /opt/st/stm32cubeide_1.15.0_2/plugins/com.st.stm32cube.ide.mcu.externaltools.gnu-tools-for-stm32.12.3.rel1.linux64_1.0.100.202403111256/tools/bin/../lib/gcc/arm-none-eabi/12.3.1/../../../../arm-none-eabi/lib/thumb/v8-m.main+fp/hard/libc_nano.a(libc_a-memchr-stub.o)
                0x08002464                memchr
 .text._close   0x08002480       0x10 /opt/st/stm32cubeide_1.15.0_2/plugins/com.st.stm32cube.ide.mcu.externaltools.gnu-tools-for-stm32.12.3.rel1.linux64_1.0.100.202403111256/tools/bin/../lib/gcc/arm-none-eabi/12.3.1/../../../../arm-none-eabi/lib/thumb/v8-m.main+fp/hard/libnosys.a(close.o)
                0x08002480                _close
 .text._fstat   0x08002490       0x10 /opt/st/stm32cubeide_1.15.0_2/plugins/com.st.stm32cube.ide.mcu.externaltools.gnu-tools-for-stm32.12.3.rel1.linux64_1.0.100.202403111256/tools/bin/../lib/gcc/arm-none-eabi/12.3.1/../../../../arm-none-eabi/lib/thumb/v8-m.main+fp/hard/libnosys.a(fstat.o)
                0x08002490                _fstat
 .text._isatty  0x080024a0       0x10 /opt/st/stm32cubeide_1.15.0_2/plugins/com.st.stm32cube.ide.mcu.externaltools.gnu-tools-for-stm32.12.3.rel1.linux64_1.0.100.202403111256/tools/bin/../lib/gcc/arm-none-eabi/12.3.1/../../../../arm-none-eabi/lib/thumb/v8-m.main+fp/hard/libnosys.a(isatty.o)
                0x080024a0                _isatty
 .text._lseek   0x080024b0       0x10 /opt/st/stm32cubeide_1.15.0_2/plugins/com.st.stm32cube.ide.mcu.externaltools.gnu-tools-for-stm32.12.3.rel1.linux64_1.0.100.202403111256/tools/bin/../lib/gcc/arm-none-eabi/12.3.1/../../../../arm-none-eabi/lib/thumb/v8-m.main+fp/hard/libnosys.a(lseek.o)
                0x080024b0                _lseek
 .text._read    0x080024c0       0x10 /opt/st/stm32cubeide_1.15.0_2/plugins/com.st.stm32cube.ide.mcu.externaltools.gnu-tools-for-stm32.12.3.rel1.linux64_1.0.100.202403111256/tools/bin/../lib/gcc/arm-none-eabi/12.3.1/../../../../arm-none-eabi/lib/thumb/v8-m.main+fp/hard/libnosys.a(read.o)
                0x080024c0                _read
 .text._sbrk    0x080024d0       0x1c /opt/st/stm32cubeide_1.15.0_2/plugins/com.st.stm32cube.ide.mcu.externaltools.gnu-tools-for-stm32.12.3.rel1.linux64_1.0.100.202403111256/tools/bin/../lib/gcc/arm-none-eabi/12.3.1/../../../../arm-none-eabi/lib/thumb/v8-m.main+fp/hard/libnosys.a(sbrk.o)
                0x080024d0                _sbrk
 *(.glue_7)
 .glue_7        0x080024ec        0x0 linker stubs
 *(.glue_7t)
 .glue_7t       0x080024ec        0x0 linker stubs
 *(.eh_frame)
 .eh_frame      0x080024ec        0x0 /opt/st/stm32cubeide_1.15.0_2/plugins/com.st.stm32cube.ide.mcu.externaltools.gnu-tools-for-stm32.12.3.rel1.linux64_1.0.100.202403111256/tools/bin/../lib/gcc/arm-none-eabi/12.3.1/thumb/v8-m.main+fp/hard/crtbegin.o
 *(.init)
 .init          0x080024ec        0x4 /opt/st/stm32cubeide_1.15.0_2/plugins/com.st.stm32cube.ide.mcu.externaltools.gnu-tools-for-stm32.12.3.rel1.linux64_1.0.100.202403111256/tools/bin/../lib/gcc/arm-none-eabi/12.3.1/thumb/v8-m.main+fp/hard/crti.o
                0x080024ec                _init
 .init          0x080024f0        0x8 /opt/st/stm32cubeide_1.15.0_2/plugins/com.st.stm32cube.ide.mcu.externaltools.gnu-tools-for-stm32.12.3.rel1.linux64_1.0.100.202403111256/tools/bin/../lib/gcc/arm-none-eabi/12.3.1/thumb/v8-m.main+fp/hard/crtn.o
 *(.fini)
 .fini          0x080024f8        0x4 /opt/st/stm32cubeide_1.15.0_2/plugins/com.st.stm32cube.ide.mcu.externaltools.gnu-tools-for-stm32.12.3.rel1.linux64_1.0.100.202403111256/tools/bin/../lib/gcc/arm-none-eabi/12.3.1/thumb/v8-m.main+fp/hard/crti.o
                0x080024f8                _fini
 .fini          0x080024fc        0x8 /opt/st/stm32cubeide_1.15.0_2/plugins/com.st.stm32cube.ide.mcu.externaltools.gnu-tools-for-stm32.12.3.rel1.linux64_1.0.100.202403111256/tools/bin/../lib/gcc/arm-none-eabi/12.3.1/thumb/v8-m.main+fp/hard/crtn.o
                0x08002504                        _etext = .

.vfp11_veneer   0x08002504        0x0
 .vfp11_veneer  0x08002504        0x0 linker stubs

.v4_bx          0x08002504        0x0
 .v4_bx         0x08002504        0x0 linker stubs

.iplt           0x08002504        0x0
 .iplt          0x08002504        0x0 /opt/st/stm32cubeide_1.15.0_2/plugins/com.st.stm32cube.ide.mcu.externaltools.gnu-tools-for-stm32.12.3.rel1.linux64_1.0.100.202403111256/tools/bin/../lib/gcc/arm-none-eabi/12.3.1/thumb/v8-m.main+fp/hard/crtbegin.o

.rodata         0x08002504      0x1d8
 *(.rodata)
 .rodata        0x08002504      0x1a5 ./Core/Src/main.o
 *(.rodata*)
 .rodata._vfprintf_r.str1.1
                0x080026a9       0x11 /opt/st/stm32cubeide_1.15.0_2/plugins/com.st.stm32cube.ide.mcu.externaltools.gnu-tools-for-stm32.12.3.rel1.linux64_1.0.100.202403111256/tools/bin/../lib/gcc/arm-none-eabi/12.3.1/../../../../arm-none-eabi/lib/thumb/v8-m.main+fp/hard/libc_nano.a(libc_a-nano-vfprintf.o)
 .rodata._printf_i.str1.1
                0x080026ba       0x22 /opt/st/stm32cubeide_1.15.0_2/plugins/com.st.stm32cube.ide.mcu.externaltools.gnu-tools-for-stm32.12.3.rel1.linux64_1.0.100.202403111256/tools/bin/../lib/gcc/arm-none-eabi/12.3.1/../../../../arm-none-eabi/lib/thumb/v8-m.main+fp/hard/libc_nano.a(libc_a-nano-vfprintf_i.o)

.ARM.extab
 *(.ARM.extab* .gnu.linkonce.armextab.*)

.ARM            0x080026dc        0x0
                0x080026dc                        __exidx_start = .
 *(.ARM.exidx*)
                0x080026dc                        __exidx_end = .

.preinit_array  0x080026dc        0x0
                0x080026dc                        PROVIDE (__preinit_array_start = .)
 *(.preinit_array*)
                0x080026dc                        PROVIDE (__preinit_array_end = .)

.init_array     0x080026dc        0x4
                0x080026dc                        PROVIDE (__init_array_start = .)
 *(SORT_BY_NAME(.init_array.*))
 *(.init_array*)
 .init_array    0x080026dc        0x4 /opt/st/stm32cubeide_1.15.0_2/plugins/com.st.stm32cube.ide.mcu.externaltools.gnu-tools-for-stm32.12.3.rel1.linux64_1.0.100.202403111256/tools/bin/../lib/gcc/arm-none-eabi/12.3.1/thumb/v8-m.main+fp/hard/crtbegin.o
                0x080026e0                        PROVIDE (__init_array_end = .)

.fini_array     0x080026e0        0x4
                [!provide]                        PROVIDE (__fini_array_start = .)
 *(SORT_BY_NAME(.fini_array.*))
 *(.fini_array*)
 .fini_array    0x080026e0        0x4 /opt/st/stm32cubeide_1.15.0_2/plugins/com.st.stm32cube.ide.mcu.externaltools.gnu-tools-for-stm32.12.3.rel1.linux64_1.0.100.202403111256/tools/bin/../lib/gcc/arm-none-eabi/12.3.1/thumb/v8-m.main+fp/hard/crtbegin.o
                [!provide]                        PROVIDE (__fini_array_end = .)
                0x080026e4                        _sidata = LOADADDR (.data)

.rel.dyn        0x080026e4        0x0
 .rel.iplt      0x080026e4        0x0 /opt/st/stm32cubeide_1.15.0_2/plugins/com.st.stm32cube.ide.mcu.externaltools.gnu-tools-for-stm32.12.3.rel1.linux64_1.0.100.202403111256/tools/bin/../lib/gcc/arm-none-eabi/12.3.1/thumb/v8-m.main+fp/hard/crtbegin.o

.data           0x20000000       0xb0 load address 0x080026e4
                0x20000000                        _sdata = .
 *(.data)
 *(.data*)
 .data.SetStandby
                0x20000000        0x2 ./Core/Src/main.o
                0x20000000                SetStandby
 *fill*         0x20000002        0x2 
 .data.SetPacketType
                0x20000004        0x2 ./Core/Src/main.o
                0x20000004                SetPacketType
 *fill*         0x20000006        0x2 
 .data.SetModulationParams
                0x20000008        0x5 ./Core/Src/main.o
                0x20000008                SetModulationParams
 *fill*         0x2000000d        0x3 
 .data.SetPacketParams
                0x20000010        0x7 ./Core/Src/main.o
                0x20000010                SetPacketParams
 *fill*         0x20000017        0x1 
 .data.SetTxParams
                0x20000018        0x3 ./Core/Src/main.o
                0x20000018                SetTxParams
 *fill*         0x2000001b        0x1 
 .data.SetRfFrequency
                0x2000001c        0x5 ./Core/Src/main.o
                0x2000001c                SetRfFrequency
 *fill*         0x20000021        0x3 
 .data.syncWord1
                0x20000024        0x4 ./Core/Src/main.o
                0x20000024                syncWord1
 .data.syncWord2
                0x20000028        0x4 ./Core/Src/main.o
                0x20000028                syncWord2
 .data.SetBufferBaseAddress
                0x2000002c        0x3 ./Core/Src/main.o
                0x2000002c                SetBufferBaseAddress
 *fill*         0x2000002f        0x1 
 .data.SetPaConfig
                0x20000030        0x5 ./Core/Src/main.o
                0x20000030                SetPaConfig
 *fill*         0x20000035        0x3 
 .data.WriteBuffer
                0x20000038        0x7 ./Core/Src/main.o
                0x20000038                WriteBuffer
 *fill*         0x2000003f        0x1 
 .data.SetTx    0x20000040        0x4 ./Core/Src/main.o
                0x20000040                SetTx
 .data.SetDioIrqParams
                0x20000044        0x9 ./Core/Src/main.o
                0x20000044                SetDioIrqParams
 *fill*         0x2000004d        0x3 
 .data.ClearIrqStatus
                0x20000050        0x3 ./Core/Src/main.o
                0x20000050                ClearIrqStatus
 *fill*         0x20000053        0x1 
 .data.__sglue  0x20000054        0xc /opt/st/stm32cubeide_1.15.0_2/plugins/com.st.stm32cube.ide.mcu.externaltools.gnu-tools-for-stm32.12.3.rel1.linux64_1.0.100.202403111256/tools/bin/../lib/gcc/arm-none-eabi/12.3.1/../../../../arm-none-eabi/lib/thumb/v8-m.main+fp/hard/libc_nano.a(libc_a-findfp.o)
                0x20000054                __sglue
 .data._impure_ptr
                0x20000060        0x4 /opt/st/stm32cubeide_1.15.0_2/plugins/com.st.stm32cube.ide.mcu.externaltools.gnu-tools-for-stm32.12.3.rel1.linux64_1.0.100.202403111256/tools/bin/../lib/gcc/arm-none-eabi/12.3.1/../../../../arm-none-eabi/lib/thumb/v8-m.main+fp/hard/libc_nano.a(libc_a-impure.o)
                0x20000060                _impure_ptr
 .data._impure_data
                0x20000064       0x4c /opt/st/stm32cubeide_1.15.0_2/plugins/com.st.stm32cube.ide.mcu.externaltools.gnu-tools-for-stm32.12.3.rel1.linux64_1.0.100.202403111256/tools/bin/../lib/gcc/arm-none-eabi/12.3.1/../../../../arm-none-eabi/lib/thumb/v8-m.main+fp/hard/libc_nano.a(libc_a-impure.o)
                0x20000064                _impure_data
 *(.RamFunc)
 *(.RamFunc*)
                0x200000b0                        _edata = .

.igot.plt       0x200000b0        0x0 load address 0x08002794
 .igot.plt      0x200000b0        0x0 /opt/st/stm32cubeide_1.15.0_2/plugins/com.st.stm32cube.ide.mcu.externaltools.gnu-tools-for-stm32.12.3.rel1.linux64_1.0.100.202403111256/tools/bin/../lib/gcc/arm-none-eabi/12.3.1/thumb/v8-m.main+fp/hard/crtbegin.o

.bss            0x200000b0      0x184 load address 0x08002794
                0x200000b0                        _sbss = .
                0x200000b0                        __bss_start__ = _sbss
 *(.bss)
 .bss           0x200000b0       0x1c /opt/st/stm32cubeide_1.15.0_2/plugins/com.st.stm32cube.ide.mcu.externaltools.gnu-tools-for-stm32.12.3.rel1.linux64_1.0.100.202403111256/tools/bin/../lib/gcc/arm-none-eabi/12.3.1/thumb/v8-m.main+fp/hard/crtbegin.o
 *(.bss*)
 .bss.tsize     0x200000cc        0x1 ./Core/Src/main.o
                0x200000cc                tsize
 .bss.cmd_index
                0x200000cd        0x1 ./Core/Src/main.o
                0x200000cd                cmd_index
 *fill*         0x200000ce        0x2 
 .bss.command   0x200000d0        0x4 ./Core/Src/main.o
                0x200000d0                command
 .bss.timer_pulse
                0x200000d4        0x4 ./Core/Src/main.o
                0x200000d4                timer_pulse
 .bss.slave_ready
                0x200000d8        0x4 ./Core/Src/main.o
                0x200000d8                slave_ready
 .bss.rx_buffer
                0x200000dc        0x4 ./Core/Src/main.o
                0x200000dc                rx_buffer
 .bss.tx_buffer
                0x200000e0        0x4 ./Core/Src/main.o
                0x200000e0                tx_buffer
 .bss.__sf      0x200000e4      0x138 /opt/st/stm32cubeide_1.15.0_2/plugins/com.st.stm32cube.ide.mcu.externaltools.gnu-tools-for-stm32.12.3.rel1.linux64_1.0.100.202403111256/tools/bin/../lib/gcc/arm-none-eabi/12.3.1/../../../../arm-none-eabi/lib/thumb/v8-m.main+fp/hard/libc_nano.a(libc_a-findfp.o)
                0x200000e4                __sf
 .bss.__stdio_exit_handler
                0x2000021c        0x4 /opt/st/stm32cubeide_1.15.0_2/plugins/com.st.stm32cube.ide.mcu.externaltools.gnu-tools-for-stm32.12.3.rel1.linux64_1.0.100.202403111256/tools/bin/../lib/gcc/arm-none-eabi/12.3.1/../../../../arm-none-eabi/lib/thumb/v8-m.main+fp/hard/libc_nano.a(libc_a-findfp.o)
                0x2000021c                __stdio_exit_handler
 .bss.errno     0x20000220        0x4 /opt/st/stm32cubeide_1.15.0_2/plugins/com.st.stm32cube.ide.mcu.externaltools.gnu-tools-for-stm32.12.3.rel1.linux64_1.0.100.202403111256/tools/bin/../lib/gcc/arm-none-eabi/12.3.1/../../../../arm-none-eabi/lib/thumb/v8-m.main+fp/hard/libc_nano.a(libc_a-reent.o)
                0x20000220                errno
 .bss.__lock___malloc_recursive_mutex
                0x20000224        0x1 /opt/st/stm32cubeide_1.15.0_2/plugins/com.st.stm32cube.ide.mcu.externaltools.gnu-tools-for-stm32.12.3.rel1.linux64_1.0.100.202403111256/tools/bin/../lib/gcc/arm-none-eabi/12.3.1/../../../../arm-none-eabi/lib/thumb/v8-m.main+fp/hard/libc_nano.a(libc_a-lock.o)
                0x20000224                __lock___malloc_recursive_mutex
 .bss.__lock___sfp_recursive_mutex
                0x20000225        0x1 /opt/st/stm32cubeide_1.15.0_2/plugins/com.st.stm32cube.ide.mcu.externaltools.gnu-tools-for-stm32.12.3.rel1.linux64_1.0.100.202403111256/tools/bin/../lib/gcc/arm-none-eabi/12.3.1/../../../../arm-none-eabi/lib/thumb/v8-m.main+fp/hard/libc_nano.a(libc_a-lock.o)
                0x20000225                __lock___sfp_recursive_mutex
 *fill*         0x20000226        0x2 
 .bss.__malloc_sbrk_start
                0x20000228        0x4 /opt/st/stm32cubeide_1.15.0_2/plugins/com.st.stm32cube.ide.mcu.externaltools.gnu-tools-for-stm32.12.3.rel1.linux64_1.0.100.202403111256/tools/bin/../lib/gcc/arm-none-eabi/12.3.1/../../../../arm-none-eabi/lib/thumb/v8-m.main+fp/hard/libc_nano.a(libc_a-mallocr.o)
                0x20000228                __malloc_sbrk_start
 .bss.__malloc_free_list
                0x2000022c        0x4 /opt/st/stm32cubeide_1.15.0_2/plugins/com.st.stm32cube.ide.mcu.externaltools.gnu-tools-for-stm32.12.3.rel1.linux64_1.0.100.202403111256/tools/bin/../lib/gcc/arm-none-eabi/12.3.1/../../../../arm-none-eabi/lib/thumb/v8-m.main+fp/hard/libc_nano.a(libc_a-mallocr.o)
                0x2000022c                __malloc_free_list
 .bss.heap_end.0
                0x20000230        0x4 /opt/st/stm32cubeide_1.15.0_2/plugins/com.st.stm32cube.ide.mcu.externaltools.gnu-tools-for-stm32.12.3.rel1.linux64_1.0.100.202403111256/tools/bin/../lib/gcc/arm-none-eabi/12.3.1/../../../../arm-none-eabi/lib/thumb/v8-m.main+fp/hard/libnosys.a(sbrk.o)
 *(COMMON)
                0x20000234                        _ebss = .
                0x20000234                        __bss_end__ = _ebss

._user_heap_stack
                0x20000234      0x604 load address 0x08002794
                0x20000238                        . = ALIGN (0x8)
 *fill*         0x20000234        0x4 
                0x20000238                        PROVIDE (end = .)
                [!provide]                        PROVIDE (_end = .)
                0x20000438                        . = (. + _Min_Heap_Size)
 *fill*         0x20000238      0x200 
                0x20000838                        . = (. + _Min_Stack_Size)
 *fill*         0x20000438      0x400 
                0x20000838                        . = ALIGN (0x8)

/DISCARD/
 libc.a(*)
 libm.a(*)
 libgcc.a(*)

.ARM.attributes
                0x00000000       0x36
 *(.ARM.attributes)
 .ARM.attributes
                0x00000000       0x26 /opt/st/stm32cubeide_1.15.0_2/plugins/com.st.stm32cube.ide.mcu.externaltools.gnu-tools-for-stm32.12.3.rel1.linux64_1.0.100.202403111256/tools/bin/../lib/gcc/arm-none-eabi/12.3.1/thumb/v8-m.main+fp/hard/crti.o
 .ARM.attributes
                0x00000026       0x38 /opt/st/stm32cubeide_1.15.0_2/plugins/com.st.stm32cube.ide.mcu.externaltools.gnu-tools-for-stm32.12.3.rel1.linux64_1.0.100.202403111256/tools/bin/../lib/gcc/arm-none-eabi/12.3.1/thumb/v8-m.main+fp/hard/crtbegin.o
 .ARM.attributes
                0x0000005e       0x24 ./Core/Src/exti_assembly.o
 .ARM.attributes
                0x00000082       0x24 ./Core/Src/gpio_assembly.o
 .ARM.attributes
                0x000000a6       0x3a ./Core/Src/main.o
 .ARM.attributes
                0x000000e0       0x24 ./Core/Src/nvic_assembly.o
 .ARM.attributes
                0x00000104       0x24 ./Core/Src/rcc_assembly.o
 .ARM.attributes
                0x00000128       0x24 ./Core/Src/spi_master_assembly.o
 .ARM.attributes
                0x0000014c       0x24 ./Core/Src/tim8_assembly.o
 .ARM.attributes
                0x00000170       0x24 ./Core/Startup/startup_stm32u585aiixq.o
 .ARM.attributes
                0x00000194       0x38 /opt/st/stm32cubeide_1.15.0_2/plugins/com.st.stm32cube.ide.mcu.externaltools.gnu-tools-for-stm32.12.3.rel1.linux64_1.0.100.202403111256/tools/bin/../lib/gcc/arm-none-eabi/12.3.1/../../../../arm-none-eabi/lib/thumb/v8-m.main+fp/hard/libc_nano.a(libc_a-findfp.o)
 .ARM.attributes
                0x000001cc       0x38 /opt/st/stm32cubeide_1.15.0_2/plugins/com.st.stm32cube.ide.mcu.externaltools.gnu-tools-for-stm32.12.3.rel1.linux64_1.0.100.202403111256/tools/bin/../lib/gcc/arm-none-eabi/12.3.1/../../../../arm-none-eabi/lib/thumb/v8-m.main+fp/hard/libc_nano.a(libc_a-fwalk.o)
 .ARM.attributes
                0x00000204       0x38 /opt/st/stm32cubeide_1.15.0_2/plugins/com.st.stm32cube.ide.mcu.externaltools.gnu-tools-for-stm32.12.3.rel1.linux64_1.0.100.202403111256/tools/bin/../lib/gcc/arm-none-eabi/12.3.1/../../../../arm-none-eabi/lib/thumb/v8-m.main+fp/hard/libc_nano.a(libc_a-printf.o)
 .ARM.attributes
                0x0000023c       0x38 /opt/st/stm32cubeide_1.15.0_2/plugins/com.st.stm32cube.ide.mcu.externaltools.gnu-tools-for-stm32.12.3.rel1.linux64_1.0.100.202403111256/tools/bin/../lib/gcc/arm-none-eabi/12.3.1/../../../../arm-none-eabi/lib/thumb/v8-m.main+fp/hard/libc_nano.a(libc_a-puts.o)
 .ARM.attributes
                0x00000274       0x38 /opt/st/stm32cubeide_1.15.0_2/plugins/com.st.stm32cube.ide.mcu.externaltools.gnu-tools-for-stm32.12.3.rel1.linux64_1.0.100.202403111256/tools/bin/../lib/gcc/arm-none-eabi/12.3.1/../../../../arm-none-eabi/lib/thumb/v8-m.main+fp/hard/libc_nano.a(libc_a-stdio.o)
 .ARM.attributes
                0x000002ac       0x38 /opt/st/stm32cubeide_1.15.0_2/plugins/com.st.stm32cube.ide.mcu.externaltools.gnu-tools-for-stm32.12.3.rel1.linux64_1.0.100.202403111256/tools/bin/../lib/gcc/arm-none-eabi/12.3.1/../../../../arm-none-eabi/lib/thumb/v8-m.main+fp/hard/libc_nano.a(libc_a-wbuf.o)
 .ARM.attributes
                0x000002e4       0x38 /opt/st/stm32cubeide_1.15.0_2/plugins/com.st.stm32cube.ide.mcu.externaltools.gnu-tools-for-stm32.12.3.rel1.linux64_1.0.100.202403111256/tools/bin/../lib/gcc/arm-none-eabi/12.3.1/../../../../arm-none-eabi/lib/thumb/v8-m.main+fp/hard/libc_nano.a(libc_a-wsetup.o)
 .ARM.attributes
                0x0000031c       0x38 /opt/st/stm32cubeide_1.15.0_2/plugins/com.st.stm32cube.ide.mcu.externaltools.gnu-tools-for-stm32.12.3.rel1.linux64_1.0.100.202403111256/tools/bin/../lib/gcc/arm-none-eabi/12.3.1/../../../../arm-none-eabi/lib/thumb/v8-m.main+fp/hard/libc_nano.a(libc_a-memset.o)
 .ARM.attributes
                0x00000354       0x38 /opt/st/stm32cubeide_1.15.0_2/plugins/com.st.stm32cube.ide.mcu.externaltools.gnu-tools-for-stm32.12.3.rel1.linux64_1.0.100.202403111256/tools/bin/../lib/gcc/arm-none-eabi/12.3.1/../../../../arm-none-eabi/lib/thumb/v8-m.main+fp/hard/libc_nano.a(libc_a-closer.o)
 .ARM.attributes
                0x0000038c       0x38 /opt/st/stm32cubeide_1.15.0_2/plugins/com.st.stm32cube.ide.mcu.externaltools.gnu-tools-for-stm32.12.3.rel1.linux64_1.0.100.202403111256/tools/bin/../lib/gcc/arm-none-eabi/12.3.1/../../../../arm-none-eabi/lib/thumb/v8-m.main+fp/hard/libc_nano.a(libc_a-reent.o)
 .ARM.attributes
                0x000003c4       0x38 /opt/st/stm32cubeide_1.15.0_2/plugins/com.st.stm32cube.ide.mcu.externaltools.gnu-tools-for-stm32.12.3.rel1.linux64_1.0.100.202403111256/tools/bin/../lib/gcc/arm-none-eabi/12.3.1/../../../../arm-none-eabi/lib/thumb/v8-m.main+fp/hard/libc_nano.a(libc_a-impure.o)
 .ARM.attributes
                0x000003fc       0x38 /opt/st/stm32cubeide_1.15.0_2/plugins/com.st.stm32cube.ide.mcu.externaltools.gnu-tools-for-stm32.12.3.rel1.linux64_1.0.100.202403111256/tools/bin/../lib/gcc/arm-none-eabi/12.3.1/../../../../arm-none-eabi/lib/thumb/v8-m.main+fp/hard/libc_nano.a(libc_a-lseekr.o)
 .ARM.attributes
                0x00000434       0x38 /opt/st/stm32cubeide_1.15.0_2/plugins/com.st.stm32cube.ide.mcu.externaltools.gnu-tools-for-stm32.12.3.rel1.linux64_1.0.100.202403111256/tools/bin/../lib/gcc/arm-none-eabi/12.3.1/../../../../arm-none-eabi/lib/thumb/v8-m.main+fp/hard/libc_nano.a(libc_a-readr.o)
 .ARM.attributes
                0x0000046c       0x38 /opt/st/stm32cubeide_1.15.0_2/plugins/com.st.stm32cube.ide.mcu.externaltools.gnu-tools-for-stm32.12.3.rel1.linux64_1.0.100.202403111256/tools/bin/../lib/gcc/arm-none-eabi/12.3.1/../../../../arm-none-eabi/lib/thumb/v8-m.main+fp/hard/libc_nano.a(libc_a-writer.o)
 .ARM.attributes
                0x000004a4       0x38 /opt/st/stm32cubeide_1.15.0_2/plugins/com.st.stm32cube.ide.mcu.externaltools.gnu-tools-for-stm32.12.3.rel1.linux64_1.0.100.202403111256/tools/bin/../lib/gcc/arm-none-eabi/12.3.1/../../../../arm-none-eabi/lib/thumb/v8-m.main+fp/hard/libc_nano.a(libc_a-init.o)
 .ARM.attributes
                0x000004dc       0x38 /opt/st/stm32cubeide_1.15.0_2/plugins/com.st.stm32cube.ide.mcu.externaltools.gnu-tools-for-stm32.12.3.rel1.linux64_1.0.100.202403111256/tools/bin/../lib/gcc/arm-none-eabi/12.3.1/../../../../arm-none-eabi/lib/thumb/v8-m.main+fp/hard/libc_nano.a(libc_a-lock.o)
 .ARM.attributes
                0x00000514       0x38 /opt/st/stm32cubeide_1.15.0_2/plugins/com.st.stm32cube.ide.mcu.externaltools.gnu-tools-for-stm32.12.3.rel1.linux64_1.0.100.202403111256/tools/bin/../lib/gcc/arm-none-eabi/12.3.1/../../../../arm-none-eabi/lib/thumb/v8-m.main+fp/hard/libc_nano.a(libc_a-freer.o)
 .ARM.attributes
                0x0000054c       0x38 /opt/st/stm32cubeide_1.15.0_2/plugins/com.st.stm32cube.ide.mcu.externaltools.gnu-tools-for-stm32.12.3.rel1.linux64_1.0.100.202403111256/tools/bin/../lib/gcc/arm-none-eabi/12.3.1/../../../../arm-none-eabi/lib/thumb/v8-m.main+fp/hard/libc_nano.a(libc_a-mallocr.o)
 .ARM.attributes
                0x00000584       0x38 /opt/st/stm32cubeide_1.15.0_2/plugins/com.st.stm32cube.ide.mcu.externaltools.gnu-tools-for-stm32.12.3.rel1.linux64_1.0.100.202403111256/tools/bin/../lib/gcc/arm-none-eabi/12.3.1/../../../../arm-none-eabi/lib/thumb/v8-m.main+fp/hard/libc_nano.a(libc_a-mlock.o)
 .ARM.attributes
                0x000005bc       0x38 /opt/st/stm32cubeide_1.15.0_2/plugins/com.st.stm32cube.ide.mcu.externaltools.gnu-tools-for-stm32.12.3.rel1.linux64_1.0.100.202403111256/tools/bin/../lib/gcc/arm-none-eabi/12.3.1/../../../../arm-none-eabi/lib/thumb/v8-m.main+fp/hard/libc_nano.a(libc_a-nano-vfprintf.o)
 .ARM.attributes
                0x000005f4       0x38 /opt/st/stm32cubeide_1.15.0_2/plugins/com.st.stm32cube.ide.mcu.externaltools.gnu-tools-for-stm32.12.3.rel1.linux64_1.0.100.202403111256/tools/bin/../lib/gcc/arm-none-eabi/12.3.1/../../../../arm-none-eabi/lib/thumb/v8-m.main+fp/hard/libc_nano.a(libc_a-nano-vfprintf_i.o)
 .ARM.attributes
                0x0000062c       0x38 /opt/st/stm32cubeide_1.15.0_2/plugins/com.st.stm32cube.ide.mcu.externaltools.gnu-tools-for-stm32.12.3.rel1.linux64_1.0.100.202403111256/tools/bin/../lib/gcc/arm-none-eabi/12.3.1/../../../../arm-none-eabi/lib/thumb/v8-m.main+fp/hard/libc_nano.a(libc_a-fflush.o)
 .ARM.attributes
                0x00000664       0x38 /opt/st/stm32cubeide_1.15.0_2/plugins/com.st.stm32cube.ide.mcu.externaltools.gnu-tools-for-stm32.12.3.rel1.linux64_1.0.100.202403111256/tools/bin/../lib/gcc/arm-none-eabi/12.3.1/../../../../arm-none-eabi/lib/thumb/v8-m.main+fp/hard/libc_nano.a(libc_a-makebuf.o)
 .ARM.attributes
                0x0000069c       0x38 /opt/st/stm32cubeide_1.15.0_2/plugins/com.st.stm32cube.ide.mcu.externaltools.gnu-tools-for-stm32.12.3.rel1.linux64_1.0.100.202403111256/tools/bin/../lib/gcc/arm-none-eabi/12.3.1/../../../../arm-none-eabi/lib/thumb/v8-m.main+fp/hard/libc_nano.a(libc_a-fstatr.o)
 .ARM.attributes
                0x000006d4       0x38 /opt/st/stm32cubeide_1.15.0_2/plugins/com.st.stm32cube.ide.mcu.externaltools.gnu-tools-for-stm32.12.3.rel1.linux64_1.0.100.202403111256/tools/bin/../lib/gcc/arm-none-eabi/12.3.1/../../../../arm-none-eabi/lib/thumb/v8-m.main+fp/hard/libc_nano.a(libc_a-isattyr.o)
 .ARM.attributes
                0x0000070c       0x38 /opt/st/stm32cubeide_1.15.0_2/plugins/com.st.stm32cube.ide.mcu.externaltools.gnu-tools-for-stm32.12.3.rel1.linux64_1.0.100.202403111256/tools/bin/../lib/gcc/arm-none-eabi/12.3.1/../../../../arm-none-eabi/lib/thumb/v8-m.main+fp/hard/libc_nano.a(libc_a-sbrkr.o)
 .ARM.attributes
                0x00000744       0x38 /opt/st/stm32cubeide_1.15.0_2/plugins/com.st.stm32cube.ide.mcu.externaltools.gnu-tools-for-stm32.12.3.rel1.linux64_1.0.100.202403111256/tools/bin/../lib/gcc/arm-none-eabi/12.3.1/../../../../arm-none-eabi/lib/thumb/v8-m.main+fp/hard/libc_nano.a(libc_a-memchr-stub.o)
 .ARM.attributes
                0x0000077c       0x38 /opt/st/stm32cubeide_1.15.0_2/plugins/com.st.stm32cube.ide.mcu.externaltools.gnu-tools-for-stm32.12.3.rel1.linux64_1.0.100.202403111256/tools/bin/../lib/gcc/arm-none-eabi/12.3.1/../../../../arm-none-eabi/lib/thumb/v8-m.main+fp/hard/libnosys.a(close.o)
 .ARM.attributes
                0x000007b4       0x38 /opt/st/stm32cubeide_1.15.0_2/plugins/com.st.stm32cube.ide.mcu.externaltools.gnu-tools-for-stm32.12.3.rel1.linux64_1.0.100.202403111256/tools/bin/../lib/gcc/arm-none-eabi/12.3.1/../../../../arm-none-eabi/lib/thumb/v8-m.main+fp/hard/libnosys.a(fstat.o)
 .ARM.attributes
                0x000007ec       0x38 /opt/st/stm32cubeide_1.15.0_2/plugins/com.st.stm32cube.ide.mcu.externaltools.gnu-tools-for-stm32.12.3.rel1.linux64_1.0.100.202403111256/tools/bin/../lib/gcc/arm-none-eabi/12.3.1/../../../../arm-none-eabi/lib/thumb/v8-m.main+fp/hard/libnosys.a(isatty.o)
 .ARM.attributes
                0x00000824       0x38 /opt/st/stm32cubeide_1.15.0_2/plugins/com.st.stm32cube.ide.mcu.externaltools.gnu-tools-for-stm32.12.3.rel1.linux64_1.0.100.202403111256/tools/bin/../lib/gcc/arm-none-eabi/12.3.1/../../../../arm-none-eabi/lib/thumb/v8-m.main+fp/hard/libnosys.a(lseek.o)
 .ARM.attributes
                0x0000085c       0x38 /opt/st/stm32cubeide_1.15.0_2/plugins/com.st.stm32cube.ide.mcu.externaltools.gnu-tools-for-stm32.12.3.rel1.linux64_1.0.100.202403111256/tools/bin/../lib/gcc/arm-none-eabi/12.3.1/../../../../arm-none-eabi/lib/thumb/v8-m.main+fp/hard/libnosys.a(read.o)
 .ARM.attributes
                0x00000894       0x38 /opt/st/stm32cubeide_1.15.0_2/plugins/com.st.stm32cube.ide.mcu.externaltools.gnu-tools-for-stm32.12.3.rel1.linux64_1.0.100.202403111256/tools/bin/../lib/gcc/arm-none-eabi/12.3.1/../../../../arm-none-eabi/lib/thumb/v8-m.main+fp/hard/libnosys.a(sbrk.o)
 .ARM.attributes
                0x000008cc       0x26 /opt/st/stm32cubeide_1.15.0_2/plugins/com.st.stm32cube.ide.mcu.externaltools.gnu-tools-for-stm32.12.3.rel1.linux64_1.0.100.202403111256/tools/bin/../lib/gcc/arm-none-eabi/12.3.1/thumb/v8-m.main+fp/hard/crtn.o
OUTPUT(STM32U585_LoRa.elf elf32-littlearm)
LOAD linker stubs
LOAD /opt/st/stm32cubeide_1.15.0_2/plugins/com.st.stm32cube.ide.mcu.externaltools.gnu-tools-for-stm32.12.3.rel1.linux64_1.0.100.202403111256/tools/bin/../lib/gcc/arm-none-eabi/12.3.1/../../../../arm-none-eabi/lib/thumb/v8-m.main+fp/hard/libc.a
LOAD /opt/st/stm32cubeide_1.15.0_2/plugins/com.st.stm32cube.ide.mcu.externaltools.gnu-tools-for-stm32.12.3.rel1.linux64_1.0.100.202403111256/tools/bin/../lib/gcc/arm-none-eabi/12.3.1/../../../../arm-none-eabi/lib/thumb/v8-m.main+fp/hard/libm.a
LOAD /opt/st/stm32cubeide_1.15.0_2/plugins/com.st.stm32cube.ide.mcu.externaltools.gnu-tools-for-stm32.12.3.rel1.linux64_1.0.100.202403111256/tools/bin/../lib/gcc/arm-none-eabi/12.3.1/thumb/v8-m.main+fp/hard/libgcc.a

.debug_line     0x00000000     0x1266
 .debug_line    0x00000000       0x6f ./Core/Src/exti_assembly.o
 .debug_line    0x0000006f      0x1e3 ./Core/Src/gpio_assembly.o
 .debug_line    0x00000252      0xa1d ./Core/Src/main.o
 .debug_line    0x00000c6f       0x73 ./Core/Src/nvic_assembly.o
 .debug_line    0x00000ce2      0x221 ./Core/Src/rcc_assembly.o
 .debug_line    0x00000f03      0x1fb ./Core/Src/spi_master_assembly.o
 .debug_line    0x000010fe       0xf0 ./Core/Src/tim8_assembly.o
 .debug_line    0x000011ee       0x78 ./Core/Startup/startup_stm32u585aiixq.o

.debug_line_str
                0x00000000       0xdf
 .debug_line_str
                0x00000000       0x61 ./Core/Src/exti_assembly.o
 .debug_line_str
                0x00000061       0x10 ./Core/Src/gpio_assembly.o
                                 0x61 (size before relaxing)
 .debug_line_str
                0x00000071       0x10 ./Core/Src/nvic_assembly.o
                                 0x61 (size before relaxing)
 .debug_line_str
                0x00000081        0xf ./Core/Src/rcc_assembly.o
                                 0x60 (size before relaxing)
 .debug_line_str
                0x00000090       0x16 ./Core/Src/spi_master_assembly.o
                                 0x67 (size before relaxing)
 .debug_line_str
                0x000000a6       0x10 ./Core/Src/tim8_assembly.o
                                 0x61 (size before relaxing)
 .debug_line_str
                0x000000b6       0x29 ./Core/Startup/startup_stm32u585aiixq.o
                                 0x6e (size before relaxing)

.debug_info     0x00000000      0xc7f
 .debug_info    0x00000000       0x24 ./Core/Src/exti_assembly.o
 .debug_info    0x00000024       0x25 ./Core/Src/gpio_assembly.o
 .debug_info    0x00000049      0xb73 ./Core/Src/main.o
 .debug_info    0x00000bbc       0x24 ./Core/Src/nvic_assembly.o
 .debug_info    0x00000be0       0x25 ./Core/Src/rcc_assembly.o
 .debug_info    0x00000c05       0x25 ./Core/Src/spi_master_assembly.o
 .debug_info    0x00000c2a       0x25 ./Core/Src/tim8_assembly.o
 .debug_info    0x00000c4f       0x30 ./Core/Startup/startup_stm32u585aiixq.o

.debug_abbrev   0x00000000      0x343
 .debug_abbrev  0x00000000       0x14 ./Core/Src/exti_assembly.o
 .debug_abbrev  0x00000014       0x14 ./Core/Src/gpio_assembly.o
 .debug_abbrev  0x00000028      0x2a7 ./Core/Src/main.o
 .debug_abbrev  0x000002cf       0x14 ./Core/Src/nvic_assembly.o
 .debug_abbrev  0x000002e3       0x14 ./Core/Src/rcc_assembly.o
 .debug_abbrev  0x000002f7       0x14 ./Core/Src/spi_master_assembly.o
 .debug_abbrev  0x0000030b       0x14 ./Core/Src/tim8_assembly.o
 .debug_abbrev  0x0000031f       0x24 ./Core/Startup/startup_stm32u585aiixq.o

.debug_aranges  0x00000000      0x178
 .debug_aranges
                0x00000000       0x20 ./Core/Src/exti_assembly.o
 .debug_aranges
                0x00000020       0x20 ./Core/Src/gpio_assembly.o
 .debug_aranges
                0x00000040       0x90 ./Core/Src/main.o
 .debug_aranges
                0x000000d0       0x20 ./Core/Src/nvic_assembly.o
 .debug_aranges
                0x000000f0       0x20 ./Core/Src/rcc_assembly.o
 .debug_aranges
                0x00000110       0x20 ./Core/Src/spi_master_assembly.o
 .debug_aranges
                0x00000130       0x20 ./Core/Src/tim8_assembly.o
 .debug_aranges
                0x00000150       0x28 ./Core/Startup/startup_stm32u585aiixq.o

.debug_str      0x00000000    0xe267f
 .debug_str     0x00000000       0x6f ./Core/Src/exti_assembly.o
 .debug_str     0x0000006f       0x1c ./Core/Src/gpio_assembly.o
                                 0x6f (size before relaxing)
 .debug_str     0x0000008b    0xe2548 ./Core/Src/main.o
                              0xe2f7f (size before relaxing)
 .debug_str     0x000e25d3       0x1c ./Core/Src/nvic_assembly.o
                                 0x6f (size before relaxing)
 .debug_str     0x000e25ef       0x1b ./Core/Src/rcc_assembly.o
                                 0x6e (size before relaxing)
 .debug_str     0x000e260a       0x22 ./Core/Src/spi_master_assembly.o
                                 0x75 (size before relaxing)
 .debug_str     0x000e262c       0x1c ./Core/Src/tim8_assembly.o
                                 0x6f (size before relaxing)
 .debug_str     0x000e2648       0x37 ./Core/Startup/startup_stm32u585aiixq.o
                                 0x8a (size before relaxing)

.debug_rnglists
                0x00000000       0x82
 .debug_rnglists
                0x00000000       0x69 ./Core/Src/main.o
 .debug_rnglists
                0x00000069       0x19 ./Core/Startup/startup_stm32u585aiixq.o

.debug_macro    0x00000000    0x26d4e
 .debug_macro   0x00000000      0x1cb ./Core/Src/main.o
 .debug_macro   0x000001cb      0xaba ./Core/Src/main.o
 .debug_macro   0x00000c85       0x22 ./Core/Src/main.o
 .debug_macro   0x00000ca7       0x5b ./Core/Src/main.o
 .debug_macro   0x00000d02       0x2a ./Core/Src/main.o
 .debug_macro   0x00000d2c       0x94 ./Core/Src/main.o
 .debug_macro   0x00000dc0       0x43 ./Core/Src/main.o
 .debug_macro   0x00000e03       0x34 ./Core/Src/main.o
 .debug_macro   0x00000e37       0x16 ./Core/Src/main.o
 .debug_macro   0x00000e4d       0x57 ./Core/Src/main.o
 .debug_macro   0x00000ea4       0x9e ./Core/Src/main.o
 .debug_macro   0x00000f42      0x369 ./Core/Src/main.o
 .debug_macro   0x000012ab      0x10b ./Core/Src/main.o
 .debug_macro   0x000013b6       0x10 ./Core/Src/main.o
 .debug_macro   0x000013c6       0x16 ./Core/Src/main.o
 .debug_macro   0x000013dc       0x43 ./Core/Src/main.o
 .debug_macro   0x0000141f       0x34 ./Core/Src/main.o
 .debug_macro   0x00001453       0x10 ./Core/Src/main.o
 .debug_macro   0x00001463       0x58 ./Core/Src/main.o
 .debug_macro   0x000014bb       0x8e ./Core/Src/main.o
 .debug_macro   0x00001549       0x1c ./Core/Src/main.o
 .debug_macro   0x00001565      0x177 ./Core/Src/main.o
 .debug_macro   0x000016dc       0x16 ./Core/Src/main.o
 .debug_macro   0x000016f2       0x16 ./Core/Src/main.o
 .debug_macro   0x00001708      0x146 ./Core/Src/main.o
 .debug_macro   0x0000184e      0x103 ./Core/Src/main.o
 .debug_macro   0x00001951       0x6a ./Core/Src/main.o
 .debug_macro   0x000019bb      0x1df ./Core/Src/main.o
 .debug_macro   0x00001b9a       0x42 ./Core/Src/main.o
 .debug_macro   0x00001bdc       0x1c ./Core/Src/main.o
 .debug_macro   0x00001bf8       0x29 ./Core/Src/main.o
 .debug_macro   0x00001c21       0xfb ./Core/Src/main.o
 .debug_macro   0x00001d1c     0x1685 ./Core/Src/main.o
 .debug_macro   0x000033a1       0x5e ./Core/Src/main.o
 .debug_macro   0x000033ff    0x2394f ./Core/Src/main.o

.comment        0x00000000       0x43
 .comment       0x00000000       0x43 ./Core/Src/main.o
                                 0x44 (size before relaxing)

.debug_frame    0x00000000      0xac8
 .debug_frame   0x00000000      0x1f0 ./Core/Src/main.o
 .debug_frame   0x000001f0      0x144 /opt/st/stm32cubeide_1.15.0_2/plugins/com.st.stm32cube.ide.mcu.externaltools.gnu-tools-for-stm32.12.3.rel1.linux64_1.0.100.202403111256/tools/bin/../lib/gcc/arm-none-eabi/12.3.1/../../../../arm-none-eabi/lib/thumb/v8-m.main+fp/hard/libc_nano.a(libc_a-findfp.o)
 .debug_frame   0x00000334       0x34 /opt/st/stm32cubeide_1.15.0_2/plugins/com.st.stm32cube.ide.mcu.externaltools.gnu-tools-for-stm32.12.3.rel1.linux64_1.0.100.202403111256/tools/bin/../lib/gcc/arm-none-eabi/12.3.1/../../../../arm-none-eabi/lib/thumb/v8-m.main+fp/hard/libc_nano.a(libc_a-fwalk.o)
 .debug_frame   0x00000368       0x6c /opt/st/stm32cubeide_1.15.0_2/plugins/com.st.stm32cube.ide.mcu.externaltools.gnu-tools-for-stm32.12.3.rel1.linux64_1.0.100.202403111256/tools/bin/../lib/gcc/arm-none-eabi/12.3.1/../../../../arm-none-eabi/lib/thumb/v8-m.main+fp/hard/libc_nano.a(libc_a-printf.o)
 .debug_frame   0x000003d4       0x3c /opt/st/stm32cubeide_1.15.0_2/plugins/com.st.stm32cube.ide.mcu.externaltools.gnu-tools-for-stm32.12.3.rel1.linux64_1.0.100.202403111256/tools/bin/../lib/gcc/arm-none-eabi/12.3.1/../../../../arm-none-eabi/lib/thumb/v8-m.main+fp/hard/libc_nano.a(libc_a-puts.o)
 .debug_frame   0x00000410       0x88 /opt/st/stm32cubeide_1.15.0_2/plugins/com.st.stm32cube.ide.mcu.externaltools.gnu-tools-for-stm32.12.3.rel1.linux64_1.0.100.202403111256/tools/bin/../lib/gcc/arm-none-eabi/12.3.1/../../../../arm-none-eabi/lib/thumb/v8-m.main+fp/hard/libc_nano.a(libc_a-stdio.o)
 .debug_frame   0x00000498       0x40 /opt/st/stm32cubeide_1.15.0_2/plugins/com.st.stm32cube.ide.mcu.externaltools.gnu-tools-for-stm32.12.3.rel1.linux64_1.0.100.202403111256/tools/bin/../lib/gcc/arm-none-eabi/12.3.1/../../../../arm-none-eabi/lib/thumb/v8-m.main+fp/hard/libc_nano.a(libc_a-wbuf.o)
 .debug_frame   0x000004d8       0x2c /opt/st/stm32cubeide_1.15.0_2/plugins/com.st.stm32cube.ide.mcu.externaltools.gnu-tools-for-stm32.12.3.rel1.linux64_1.0.100.202403111256/tools/bin/../lib/gcc/arm-none-eabi/12.3.1/../../../../arm-none-eabi/lib/thumb/v8-m.main+fp/hard/libc_nano.a(libc_a-wsetup.o)
 .debug_frame   0x00000504       0x20 /opt/st/stm32cubeide_1.15.0_2/plugins/com.st.stm32cube.ide.mcu.externaltools.gnu-tools-for-stm32.12.3.rel1.linux64_1.0.100.202403111256/tools/bin/../lib/gcc/arm-none-eabi/12.3.1/../../../../arm-none-eabi/lib/thumb/v8-m.main+fp/hard/libc_nano.a(libc_a-memset.o)
 .debug_frame   0x00000524       0x2c /opt/st/stm32cubeide_1.15.0_2/plugins/com.st.stm32cube.ide.mcu.externaltools.gnu-tools-for-stm32.12.3.rel1.linux64_1.0.100.202403111256/tools/bin/../lib/gcc/arm-none-eabi/12.3.1/../../../../arm-none-eabi/lib/thumb/v8-m.main+fp/hard/libc_nano.a(libc_a-closer.o)
 .debug_frame   0x00000550       0x38 /opt/st/stm32cubeide_1.15.0_2/plugins/com.st.stm32cube.ide.mcu.externaltools.gnu-tools-for-stm32.12.3.rel1.linux64_1.0.100.202403111256/tools/bin/../lib/gcc/arm-none-eabi/12.3.1/../../../../arm-none-eabi/lib/thumb/v8-m.main+fp/hard/libc_nano.a(libc_a-reent.o)
 .debug_frame   0x00000588       0x2c /opt/st/stm32cubeide_1.15.0_2/plugins/com.st.stm32cube.ide.mcu.externaltools.gnu-tools-for-stm32.12.3.rel1.linux64_1.0.100.202403111256/tools/bin/../lib/gcc/arm-none-eabi/12.3.1/../../../../arm-none-eabi/lib/thumb/v8-m.main+fp/hard/libc_nano.a(libc_a-lseekr.o)
 .debug_frame   0x000005b4       0x2c /opt/st/stm32cubeide_1.15.0_2/plugins/com.st.stm32cube.ide.mcu.externaltools.gnu-tools-for-stm32.12.3.rel1.linux64_1.0.100.202403111256/tools/bin/../lib/gcc/arm-none-eabi/12.3.1/../../../../arm-none-eabi/lib/thumb/v8-m.main+fp/hard/libc_nano.a(libc_a-readr.o)
 .debug_frame   0x000005e0       0x2c /opt/st/stm32cubeide_1.15.0_2/plugins/com.st.stm32cube.ide.mcu.externaltools.gnu-tools-for-stm32.12.3.rel1.linux64_1.0.100.202403111256/tools/bin/../lib/gcc/arm-none-eabi/12.3.1/../../../../arm-none-eabi/lib/thumb/v8-m.main+fp/hard/libc_nano.a(libc_a-writer.o)
 .debug_frame   0x0000060c       0x2c /opt/st/stm32cubeide_1.15.0_2/plugins/com.st.stm32cube.ide.mcu.externaltools.gnu-tools-for-stm32.12.3.rel1.linux64_1.0.100.202403111256/tools/bin/../lib/gcc/arm-none-eabi/12.3.1/../../../../arm-none-eabi/lib/thumb/v8-m.main+fp/hard/libc_nano.a(libc_a-init.o)
 .debug_frame   0x00000638       0xb0 /opt/st/stm32cubeide_1.15.0_2/plugins/com.st.stm32cube.ide.mcu.externaltools.gnu-tools-for-stm32.12.3.rel1.linux64_1.0.100.202403111256/tools/bin/../lib/gcc/arm-none-eabi/12.3.1/../../../../arm-none-eabi/lib/thumb/v8-m.main+fp/hard/libc_nano.a(libc_a-lock.o)
 .debug_frame   0x000006e8       0x38 /opt/st/stm32cubeide_1.15.0_2/plugins/com.st.stm32cube.ide.mcu.externaltools.gnu-tools-for-stm32.12.3.rel1.linux64_1.0.100.202403111256/tools/bin/../lib/gcc/arm-none-eabi/12.3.1/../../../../arm-none-eabi/lib/thumb/v8-m.main+fp/hard/libc_nano.a(libc_a-freer.o)
 .debug_frame   0x00000720       0x50 /opt/st/stm32cubeide_1.15.0_2/plugins/com.st.stm32cube.ide.mcu.externaltools.gnu-tools-for-stm32.12.3.rel1.linux64_1.0.100.202403111256/tools/bin/../lib/gcc/arm-none-eabi/12.3.1/../../../../arm-none-eabi/lib/thumb/v8-m.main+fp/hard/libc_nano.a(libc_a-mallocr.o)
 .debug_frame   0x00000770       0x30 /opt/st/stm32cubeide_1.15.0_2/plugins/com.st.stm32cube.ide.mcu.externaltools.gnu-tools-for-stm32.12.3.rel1.linux64_1.0.100.202403111256/tools/bin/../lib/gcc/arm-none-eabi/12.3.1/../../../../arm-none-eabi/lib/thumb/v8-m.main+fp/hard/libc_nano.a(libc_a-mlock.o)
 .debug_frame   0x000007a0       0xa8 /opt/st/stm32cubeide_1.15.0_2/plugins/com.st.stm32cube.ide.mcu.externaltools.gnu-tools-for-stm32.12.3.rel1.linux64_1.0.100.202403111256/tools/bin/../lib/gcc/arm-none-eabi/12.3.1/../../../../arm-none-eabi/lib/thumb/v8-m.main+fp/hard/libc_nano.a(libc_a-nano-vfprintf.o)
 .debug_frame   0x00000848       0x60 /opt/st/stm32cubeide_1.15.0_2/plugins/com.st.stm32cube.ide.mcu.externaltools.gnu-tools-for-stm32.12.3.rel1.linux64_1.0.100.202403111256/tools/bin/../lib/gcc/arm-none-eabi/12.3.1/../../../../arm-none-eabi/lib/thumb/v8-m.main+fp/hard/libc_nano.a(libc_a-nano-vfprintf_i.o)
 .debug_frame   0x000008a8       0x5c /opt/st/stm32cubeide_1.15.0_2/plugins/com.st.stm32cube.ide.mcu.externaltools.gnu-tools-for-stm32.12.3.rel1.linux64_1.0.100.202403111256/tools/bin/../lib/gcc/arm-none-eabi/12.3.1/../../../../arm-none-eabi/lib/thumb/v8-m.main+fp/hard/libc_nano.a(libc_a-fflush.o)
 .debug_frame   0x00000904       0x58 /opt/st/stm32cubeide_1.15.0_2/plugins/com.st.stm32cube.ide.mcu.externaltools.gnu-tools-for-stm32.12.3.rel1.linux64_1.0.100.202403111256/tools/bin/../lib/gcc/arm-none-eabi/12.3.1/../../../../arm-none-eabi/lib/thumb/v8-m.main+fp/hard/libc_nano.a(libc_a-makebuf.o)
 .debug_frame   0x0000095c       0x2c /opt/st/stm32cubeide_1.15.0_2/plugins/com.st.stm32cube.ide.mcu.externaltools.gnu-tools-for-stm32.12.3.rel1.linux64_1.0.100.202403111256/tools/bin/../lib/gcc/arm-none-eabi/12.3.1/../../../../arm-none-eabi/lib/thumb/v8-m.main+fp/hard/libc_nano.a(libc_a-fstatr.o)
 .debug_frame   0x00000988       0x2c /opt/st/stm32cubeide_1.15.0_2/plugins/com.st.stm32cube.ide.mcu.externaltools.gnu-tools-for-stm32.12.3.rel1.linux64_1.0.100.202403111256/tools/bin/../lib/gcc/arm-none-eabi/12.3.1/../../../../arm-none-eabi/lib/thumb/v8-m.main+fp/hard/libc_nano.a(libc_a-isattyr.o)
 .debug_frame   0x000009b4       0x2c /opt/st/stm32cubeide_1.15.0_2/plugins/com.st.stm32cube.ide.mcu.externaltools.gnu-tools-for-stm32.12.3.rel1.linux64_1.0.100.202403111256/tools/bin/../lib/gcc/arm-none-eabi/12.3.1/../../../../arm-none-eabi/lib/thumb/v8-m.main+fp/hard/libc_nano.a(libc_a-sbrkr.o)
 .debug_frame   0x000009e0       0x28 /opt/st/stm32cubeide_1.15.0_2/plugins/com.st.stm32cube.ide.mcu.externaltools.gnu-tools-for-stm32.12.3.rel1.linux64_1.0.100.202403111256/tools/bin/../lib/gcc/arm-none-eabi/12.3.1/../../../../arm-none-eabi/lib/thumb/v8-m.main+fp/hard/libc_nano.a(libc_a-memchr-stub.o)
 .debug_frame   0x00000a08       0x20 /opt/st/stm32cubeide_1.15.0_2/plugins/com.st.stm32cube.ide.mcu.externaltools.gnu-tools-for-stm32.12.3.rel1.linux64_1.0.100.202403111256/tools/bin/../lib/gcc/arm-none-eabi/12.3.1/../../../../arm-none-eabi/lib/thumb/v8-m.main+fp/hard/libnosys.a(close.o)
 .debug_frame   0x00000a28       0x20 /opt/st/stm32cubeide_1.15.0_2/plugins/com.st.stm32cube.ide.mcu.externaltools.gnu-tools-for-stm32.12.3.rel1.linux64_1.0.100.202403111256/tools/bin/../lib/gcc/arm-none-eabi/12.3.1/../../../../arm-none-eabi/lib/thumb/v8-m.main+fp/hard/libnosys.a(fstat.o)
 .debug_frame   0x00000a48       0x20 /opt/st/stm32cubeide_1.15.0_2/plugins/com.st.stm32cube.ide.mcu.externaltools.gnu-tools-for-stm32.12.3.rel1.linux64_1.0.100.202403111256/tools/bin/../lib/gcc/arm-none-eabi/12.3.1/../../../../arm-none-eabi/lib/thumb/v8-m.main+fp/hard/libnosys.a(isatty.o)
 .debug_frame   0x00000a68       0x20 /opt/st/stm32cubeide_1.15.0_2/plugins/com.st.stm32cube.ide.mcu.externaltools.gnu-tools-for-stm32.12.3.rel1.linux64_1.0.100.202403111256/tools/bin/../lib/gcc/arm-none-eabi/12.3.1/../../../../arm-none-eabi/lib/thumb/v8-m.main+fp/hard/libnosys.a(lseek.o)
 .debug_frame   0x00000a88       0x20 /opt/st/stm32cubeide_1.15.0_2/plugins/com.st.stm32cube.ide.mcu.externaltools.gnu-tools-for-stm32.12.3.rel1.linux64_1.0.100.202403111256/tools/bin/../lib/gcc/arm-none-eabi/12.3.1/../../../../arm-none-eabi/lib/thumb/v8-m.main+fp/hard/libnosys.a(read.o)
 .debug_frame   0x00000aa8       0x20 /opt/st/stm32cubeide_1.15.0_2/plugins/com.st.stm32cube.ide.mcu.externaltools.gnu-tools-for-stm32.12.3.rel1.linux64_1.0.100.202403111256/tools/bin/../lib/gcc/arm-none-eabi/12.3.1/../../../../arm-none-eabi/lib/thumb/v8-m.main+fp/hard/libnosys.a(sbrk.o)
