/home/peter/Documents/stm_projects/STM/wks2/spi/STM32U585_LoRa/Drivers/CMSIS/Include/core_cm33.h:3212:26:ITM_SendChar	16	static,ignoring_inline_asm
../Core/Src/main.c:27:5:_write	32	static
../Core/Src/main.c:34:5:__io_putchar	16	static
../Core/Src/main.c:81:5:main	8	static
../Core/Src/main.c:110:6:SubmitCommand	16	static
../Core/Src/main.c:149:6:lora_command	16	static
../Core/Src/main.c:163:6:SPI1_IRQHandler	16	static
../Core/Src/main.c:231:6:EXTI15_IRQHandler	8	static
../Core/Src/main.c:236:6:RCC_init	16	static
../Core/Src/main.c:277:6:GPIO_Lora_Init	8	static
../Core/Src/main.c:292:6:Lora_Reset	8	static
../Core/Src/main.c:299:6:GPIO_SPI_init	8	static
../Core/Src/main.c:344:6:DIO_EXTI_init	8	static
../Core/Src/main.c:364:6:SPI_init	8	static
../Core/Src/main.c:401:6:TIM8_init	8	static
../Core/Src/main.c:422:6:TIM8_start	8	static
../Core/Src/main.c:427:6:TIM8_UP_IRQHandler	8	static
../Core/Src/main.c:440:10:Get_SYSCLK_Freq	56	static
../Core/Src/main.c:485:6:DWT_Init	4	static
../Core/Src/main.c:494:6:delay_us	24	static
