/home/psabela/git/spi/STM32U585_LoRa/Drivers/CMSIS/Include/core_cm33.h:3212:26:ITM_SendChar	16	static,ignoring_inline_asm
../Core/Src/main.c:29:5:_write	32	static
../Core/Src/main.c:36:5:__io_putchar	16	static
../Core/Src/main.c:78:5:main	8	static
../Core/Src/main.c:107:6:SubmitCommand	16	static
../Core/Src/main.c:128:6:lora_command	16	static
../Core/Src/main.c:142:6:SPI1_IRQHandler	16	static
../Core/Src/main.c:209:6:EXTI15_IRQHandler	8	static
../Core/Src/main.c:214:6:RCC_init	16	static
../Core/Src/main.c:255:6:GPIO_Lora_Init	8	static
../Core/Src/main.c:270:6:Lora_Reset	8	static
../Core/Src/main.c:277:6:GPIO_SPI_init	8	static
../Core/Src/main.c:322:6:DIO_EXTI_init	8	static
../Core/Src/main.c:342:6:SPI_init	8	static
../Core/Src/main.c:379:6:TIM8_init	8	static
../Core/Src/main.c:400:6:TIM8_start	8	static
../Core/Src/main.c:405:6:TIM8_UP_IRQHandler	8	static
../Core/Src/main.c:418:10:Get_SYSCLK_Freq	56	static
../Core/Src/main.c:463:6:DWT_Init	4	static
../Core/Src/main.c:472:6:delay_us	24	static
