/home/psabela/git/spi/STM32U585_LoRa/Drivers/CMSIS/Include/core_cm33.h:3212:26:ITM_SendChar	16	static,ignoring_inline_asm
../Core/Src/main.c:19:5:_write	32	static
../Core/Src/main.c:30:5:main	8	static
../Core/Src/main.c:44:6:NVIC_Interupts_Enable	8	static
../Core/Src/main.c:49:6:TIM8_UP_IRQHandler	8	static
../Core/Src/main.c:61:6:SPI1_IRQHandler	8	static
../Core/Src/main.c:148:6:RCC_init	8	static
../Core/Src/main.c:183:6:GPIO_SPI_init	8	static
../Core/Src/main.c:213:6:SPI_init	8	static
../Core/Src/main.c:397:6:SPI_start	8	static
../Core/Src/main.c:407:6:TIM8_init	8	static
../Core/Src/main.c:426:6:TIM8_start	8	static
