2026-08-10 22:53:54,655 [ERROR] LogOutputStream:75 - [STDERR_REDIRECT] Aug 10, 2026 10:53:54 PM java.util.prefs.FileSystemPreferences checkLockFile0ErrorCode
2026-08-10 22:53:54,913 [ERROR] LogOutputStream:75 - [STDERR_REDIRECT] WARNING: Could not lock System prefs. Unix error code 5.
2026-08-10 22:53:54,913 [ERROR] LogOutputStream:75 - [STDERR_REDIRECT] 
2026-08-10 22:53:54,917 [ERROR] LogOutputStream:75 - [STDERR_REDIRECT] Aug 10, 2026 10:53:54 PM java.util.prefs.FileSystemPreferences syncWorld
2026-08-10 22:53:54,922 [ERROR] LogOutputStream:75 - [STDERR_REDIRECT] WARNING: Couldn't flush system prefs: java.util.prefs.BackingStoreException: Couldn't get file lock.
2026-08-10 22:53:54,923 [ERROR] LogOutputStream:75 - [STDERR_REDIRECT] 
2026-08-10 22:54:24,119 [ERROR] LogOutputStream:75 - [STDERR_REDIRECT] Aug 10, 2026 10:54:24 PM java.util.prefs.FileSystemPreferences checkLockFile0ErrorCode
2026-08-10 22:54:24,119 [ERROR] LogOutputStream:75 - [STDERR_REDIRECT] WARNING: Could not lock System prefs. Unix error code 5.
2026-08-10 22:54:24,119 [ERROR] LogOutputStream:75 - [STDERR_REDIRECT] 
2026-08-10 22:54:24,119 [ERROR] LogOutputStream:75 - [STDERR_REDIRECT] Aug 10, 2026 10:54:24 PM java.util.prefs.FileSystemPreferences syncWorld
2026-08-10 22:54:24,119 [ERROR] LogOutputStream:75 - [STDERR_REDIRECT] WARNING: Couldn't flush system prefs: java.util.prefs.BackingStoreException: Couldn't get file lock.
2026-08-10 22:54:24,119 [ERROR] LogOutputStream:75 - [STDERR_REDIRECT] 
2026-08-10 22:54:54,144 [ERROR] LogOutputStream:75 - [STDERR_REDIRECT] Aug 10, 2026 10:54:54 PM java.util.prefs.FileSystemPreferences checkLockFile0ErrorCode
2026-08-10 22:54:54,145 [ERROR] LogOutputStream:75 - [STDERR_REDIRECT] WARNING: Could not lock System prefs. Unix error code 5.
2026-08-10 22:54:54,145 [ERROR] LogOutputStream:75 - [STDERR_REDIRECT] 
2026-08-10 22:54:54,145 [ERROR] LogOutputStream:75 - [STDERR_REDIRECT] Aug 10, 2026 10:54:54 PM java.util.prefs.FileSystemPreferences syncWorld
2026-08-10 22:54:54,145 [ERROR] LogOutputStream:75 - [STDERR_REDIRECT] WARNING: Couldn't flush system prefs: java.util.prefs.BackingStoreException: Couldn't get file lock.
2026-08-10 22:54:54,145 [ERROR] LogOutputStream:75 - [STDERR_REDIRECT] 
2026-08-10 22:55:22,816 [ERROR] LogOutputStream:75 - [STDERR_REDIRECT] 
2026-08-10 22:55:22,831 [ERROR] LogOutputStream:75 - [STDERR_REDIRECT] 
