2026-09-30 21:51:54,055 [ERROR] LogOutputStream:75 - [STDERR_REDIRECT] Sep 30, 2026 9:51:54 PM java.util.prefs.FileSystemPreferences checkLockFile0ErrorCode
2026-09-30 21:51:54,056 [ERROR] LogOutputStream:75 - [STDERR_REDIRECT] WARNING: Could not lock System prefs. Unix error code 5.
2026-09-30 21:51:54,057 [ERROR] LogOutputStream:75 - [STDERR_REDIRECT] 
2026-09-30 21:51:54,058 [ERROR] LogOutputStream:75 - [STDERR_REDIRECT] Sep 30, 2026 9:51:54 PM java.util.prefs.FileSystemPreferences syncWorld
2026-09-30 21:51:54,058 [ERROR] LogOutputStream:75 - [STDERR_REDIRECT] WARNING: Couldn't flush system prefs: java.util.prefs.BackingStoreException: Couldn't get file lock.
2026-09-30 21:51:54,058 [ERROR] LogOutputStream:75 - [STDERR_REDIRECT] 
2026-09-30 21:52:23,775 [ERROR] LogOutputStream:75 - [STDERR_REDIRECT] Sep 30, 2026 9:52:23 PM java.util.prefs.FileSystemPreferences checkLockFile0ErrorCode
2026-09-30 21:52:23,777 [ERROR] LogOutputStream:75 - [STDERR_REDIRECT] WARNING: Could not lock System prefs. Unix error code 5.
2026-09-30 21:52:23,777 [ERROR] LogOutputStream:75 - [STDERR_REDIRECT] 
2026-09-30 21:52:23,777 [ERROR] LogOutputStream:75 - [STDERR_REDIRECT] Sep 30, 2026 9:52:23 PM java.util.prefs.FileSystemPreferences syncWorld
2026-09-30 21:52:23,777 [ERROR] LogOutputStream:75 - [STDERR_REDIRECT] WARNING: Couldn't flush system prefs: java.util.prefs.BackingStoreException: Couldn't get file lock.
2026-09-30 21:52:23,777 [ERROR] LogOutputStream:75 - [STDERR_REDIRECT] 
2026-09-30 21:52:53,766 [ERROR] LogOutputStream:75 - [STDERR_REDIRECT] Sep 30, 2026 9:52:53 PM java.util.prefs.FileSystemPreferences checkLockFile0ErrorCode
2026-09-30 21:52:53,766 [ERROR] LogOutputStream:75 - [STDERR_REDIRECT] WARNING: Could not lock System prefs. Unix error code 5.
2026-09-30 21:52:53,766 [ERROR] LogOutputStream:75 - [STDERR_REDIRECT] 
2026-09-30 21:52:53,769 [ERROR] LogOutputStream:75 - [STDERR_REDIRECT] Sep 30, 2026 9:52:53 PM java.util.prefs.FileSystemPreferences syncWorld
2026-09-30 21:52:53,770 [ERROR] LogOutputStream:75 - [STDERR_REDIRECT] WARNING: Couldn't flush system prefs: java.util.prefs.BackingStoreException: Couldn't get file lock.
2026-09-30 21:52:53,770 [ERROR] LogOutputStream:75 - [STDERR_REDIRECT] 
2026-09-30 21:53:23,765 [ERROR] LogOutputStream:75 - [STDERR_REDIRECT] Sep 30, 2026 9:53:23 PM java.util.prefs.FileSystemPreferences checkLockFile0ErrorCode
2026-09-30 21:53:23,766 [ERROR] LogOutputStream:75 - [STDERR_REDIRECT] WARNING: Could not lock System prefs. Unix error code 5.
2026-09-30 21:53:23,766 [ERROR] LogOutputStream:75 - [STDERR_REDIRECT] 
2026-09-30 21:53:23,766 [ERROR] LogOutputStream:75 - [STDERR_REDIRECT] Sep 30, 2026 9:53:23 PM java.util.prefs.FileSystemPreferences syncWorld
2026-09-30 21:53:23,766 [ERROR] LogOutputStream:75 - [STDERR_REDIRECT] WARNING: Couldn't flush system prefs: java.util.prefs.BackingStoreException: Couldn't get file lock.
2026-09-30 21:53:23,766 [ERROR] LogOutputStream:75 - [STDERR_REDIRECT] 
2026-09-30 21:53:53,766 [ERROR] LogOutputStream:75 - [STDERR_REDIRECT] Sep 30, 2026 9:53:53 PM java.util.prefs.FileSystemPreferences checkLockFile0ErrorCode
2026-09-30 21:53:53,766 [ERROR] LogOutputStream:75 - [STDERR_REDIRECT] WARNING: Could not lock System prefs. Unix error code 5.
2026-09-30 21:53:53,766 [ERROR] LogOutputStream:75 - [STDERR_REDIRECT] 
2026-09-30 21:53:53,767 [ERROR] LogOutputStream:75 - [STDERR_REDIRECT] Sep 30, 2026 9:53:53 PM java.util.prefs.FileSystemPreferences syncWorld
2026-09-30 21:53:53,767 [ERROR] LogOutputStream:75 - [STDERR_REDIRECT] WARNING: Couldn't flush system prefs: java.util.prefs.BackingStoreException: Couldn't get file lock.
2026-09-30 21:53:53,767 [ERROR] LogOutputStream:75 - [STDERR_REDIRECT] 
2026-09-30 21:54:23,766 [ERROR] LogOutputStream:75 - [STDERR_REDIRECT] Sep 30, 2026 9:54:23 PM java.util.prefs.FileSystemPreferences checkLockFile0ErrorCode
2026-09-30 21:54:23,766 [ERROR] LogOutputStream:75 - [STDERR_REDIRECT] WARNING: Could not lock System prefs. Unix error code 5.
2026-09-30 21:54:23,766 [ERROR] LogOutputStream:75 - [STDERR_REDIRECT] 
2026-09-30 21:54:23,767 [ERROR] LogOutputStream:75 - [STDERR_REDIRECT] Sep 30, 2026 9:54:23 PM java.util.prefs.FileSystemPreferences syncWorld
2026-09-30 21:54:23,767 [ERROR] LogOutputStream:75 - [STDERR_REDIRECT] WARNING: Couldn't flush system prefs: java.util.prefs.BackingStoreException: Couldn't get file lock.
2026-09-30 21:54:23,767 [ERROR] LogOutputStream:75 - [STDERR_REDIRECT] 
2026-09-30 21:54:53,766 [ERROR] LogOutputStream:75 - [STDERR_REDIRECT] Sep 30, 2026 9:54:53 PM java.util.prefs.FileSystemPreferences checkLockFile0ErrorCode
2026-09-30 21:54:53,766 [ERROR] LogOutputStream:75 - [STDERR_REDIRECT] WARNING: Could not lock System prefs. Unix error code 5.
2026-09-30 21:54:53,766 [ERROR] LogOutputStream:75 - [STDERR_REDIRECT] 
2026-09-30 21:54:53,766 [ERROR] LogOutputStream:75 - [STDERR_REDIRECT] Sep 30, 2026 9:54:53 PM java.util.prefs.FileSystemPreferences syncWorld
2026-09-30 21:54:53,766 [ERROR] LogOutputStream:75 - [STDERR_REDIRECT] WARNING: Couldn't flush system prefs: java.util.prefs.BackingStoreException: Couldn't get file lock.
2026-09-30 21:54:53,766 [ERROR] LogOutputStream:75 - [STDERR_REDIRECT] 
2026-09-30 21:55:23,766 [ERROR] LogOutputStream:75 - [STDERR_REDIRECT] Sep 30, 2026 9:55:23 PM java.util.prefs.FileSystemPreferences checkLockFile0ErrorCode
2026-09-30 21:55:23,766 [ERROR] LogOutputStream:75 - [STDERR_REDIRECT] WARNING: Could not lock System prefs. Unix error code 5.
2026-09-30 21:55:23,766 [ERROR] LogOutputStream:75 - [STDERR_REDIRECT] 
2026-09-30 21:55:23,766 [ERROR] LogOutputStream:75 - [STDERR_REDIRECT] Sep 30, 2026 9:55:23 PM java.util.prefs.FileSystemPreferences syncWorld
2026-09-30 21:55:23,766 [ERROR] LogOutputStream:75 - [STDERR_REDIRECT] WARNING: Couldn't flush system prefs: java.util.prefs.BackingStoreException: Couldn't get file lock.
2026-09-30 21:55:23,766 [ERROR] LogOutputStream:75 - [STDERR_REDIRECT] 
2026-09-30 21:55:53,766 [ERROR] LogOutputStream:75 - [STDERR_REDIRECT] Sep 30, 2026 9:55:53 PM java.util.prefs.FileSystemPreferences checkLockFile0ErrorCode
2026-09-30 21:55:53,766 [ERROR] LogOutputStream:75 - [STDERR_REDIRECT] WARNING: Could not lock System prefs. Unix error code 5.
2026-09-30 21:55:53,766 [ERROR] LogOutputStream:75 - [STDERR_REDIRECT] 
2026-09-30 21:55:53,766 [ERROR] LogOutputStream:75 - [STDERR_REDIRECT] Sep 30, 2026 9:55:53 PM java.util.prefs.FileSystemPreferences syncWorld
2026-09-30 21:55:53,767 [ERROR] LogOutputStream:75 - [STDERR_REDIRECT] WARNING: Couldn't flush system prefs: java.util.prefs.BackingStoreException: Couldn't get file lock.
2026-09-30 21:55:53,767 [ERROR] LogOutputStream:75 - [STDERR_REDIRECT] 
2026-09-30 21:56:23,770 [ERROR] LogOutputStream:75 - [STDERR_REDIRECT] Sep 30, 2026 9:56:23 PM java.util.prefs.FileSystemPreferences checkLockFile0ErrorCode
2026-09-30 21:56:23,770 [ERROR] LogOutputStream:75 - [STDERR_REDIRECT] WARNING: Could not lock System prefs. Unix error code 5.
2026-09-30 21:56:23,770 [ERROR] LogOutputStream:75 - [STDERR_REDIRECT] 
2026-09-30 21:56:23,771 [ERROR] LogOutputStream:75 - [STDERR_REDIRECT] Sep 30, 2026 9:56:23 PM java.util.prefs.FileSystemPreferences syncWorld
2026-09-30 21:56:23,771 [ERROR] LogOutputStream:75 - [STDERR_REDIRECT] WARNING: Couldn't flush system prefs: java.util.prefs.BackingStoreException: Couldn't get file lock.
2026-09-30 21:56:23,771 [ERROR] LogOutputStream:75 - [STDERR_REDIRECT] 
2026-09-30 21:56:53,765 [ERROR] LogOutputStream:75 - [STDERR_REDIRECT] Sep 30, 2026 9:56:53 PM java.util.prefs.FileSystemPreferences checkLockFile0ErrorCode
2026-09-30 21:56:53,765 [ERROR] LogOutputStream:75 - [STDERR_REDIRECT] WARNING: Could not lock System prefs. Unix error code 5.
2026-09-30 21:56:53,766 [ERROR] LogOutputStream:75 - [STDERR_REDIRECT] 
2026-09-30 21:56:53,766 [ERROR] LogOutputStream:75 - [STDERR_REDIRECT] Sep 30, 2026 9:56:53 PM java.util.prefs.FileSystemPreferences syncWorld
2026-09-30 21:56:53,766 [ERROR] LogOutputStream:75 - [STDERR_REDIRECT] WARNING: Couldn't flush system prefs: java.util.prefs.BackingStoreException: Couldn't get file lock.
2026-09-30 21:56:53,766 [ERROR] LogOutputStream:75 - [STDERR_REDIRECT] 
2026-09-30 21:57:23,767 [ERROR] LogOutputStream:75 - [STDERR_REDIRECT] Sep 30, 2026 9:57:23 PM java.util.prefs.FileSystemPreferences checkLockFile0ErrorCode
2026-09-30 21:57:23,767 [ERROR] LogOutputStream:75 - [STDERR_REDIRECT] WARNING: Could not lock System prefs. Unix error code 5.
2026-09-30 21:57:23,767 [ERROR] LogOutputStream:75 - [STDERR_REDIRECT] 
2026-09-30 21:57:23,767 [ERROR] LogOutputStream:75 - [STDERR_REDIRECT] Sep 30, 2026 9:57:23 PM java.util.prefs.FileSystemPreferences syncWorld
2026-09-30 21:57:23,767 [ERROR] LogOutputStream:75 - [STDERR_REDIRECT] WARNING: Couldn't flush system prefs: java.util.prefs.BackingStoreException: Couldn't get file lock.
2026-09-30 21:57:23,767 [ERROR] LogOutputStream:75 - [STDERR_REDIRECT] 
2026-09-30 21:57:53,766 [ERROR] LogOutputStream:75 - [STDERR_REDIRECT] Sep 30, 2026 9:57:53 PM java.util.prefs.FileSystemPreferences checkLockFile0ErrorCode
2026-09-30 21:57:53,766 [ERROR] LogOutputStream:75 - [STDERR_REDIRECT] WARNING: Could not lock System prefs. Unix error code 5.
2026-09-30 21:57:53,766 [ERROR] LogOutputStream:75 - [STDERR_REDIRECT] 
2026-09-30 21:57:53,767 [ERROR] LogOutputStream:75 - [STDERR_REDIRECT] Sep 30, 2026 9:57:53 PM java.util.prefs.FileSystemPreferences syncWorld
2026-09-30 21:57:53,767 [ERROR] LogOutputStream:75 - [STDERR_REDIRECT] WARNING: Couldn't flush system prefs: java.util.prefs.BackingStoreException: Couldn't get file lock.
2026-09-30 21:57:53,767 [ERROR] LogOutputStream:75 - [STDERR_REDIRECT] 
2026-09-30 21:58:23,766 [ERROR] LogOutputStream:75 - [STDERR_REDIRECT] Sep 30, 2026 9:58:23 PM java.util.prefs.FileSystemPreferences checkLockFile0ErrorCode
2026-09-30 21:58:23,766 [ERROR] LogOutputStream:75 - [STDERR_REDIRECT] WARNING: Could not lock System prefs. Unix error code 5.
2026-09-30 21:58:23,766 [ERROR] LogOutputStream:75 - [STDERR_REDIRECT] 
2026-09-30 21:58:23,766 [ERROR] LogOutputStream:75 - [STDERR_REDIRECT] Sep 30, 2026 9:58:23 PM java.util.prefs.FileSystemPreferences syncWorld
2026-09-30 21:58:23,766 [ERROR] LogOutputStream:75 - [STDERR_REDIRECT] WARNING: Couldn't flush system prefs: java.util.prefs.BackingStoreException: Couldn't get file lock.
2026-09-30 21:58:23,766 [ERROR] LogOutputStream:75 - [STDERR_REDIRECT] 
2026-09-30 21:58:53,766 [ERROR] LogOutputStream:75 - [STDERR_REDIRECT] Sep 30, 2026 9:58:53 PM java.util.prefs.FileSystemPreferences checkLockFile0ErrorCode
2026-09-30 21:58:53,766 [ERROR] LogOutputStream:75 - [STDERR_REDIRECT] WARNING: Could not lock System prefs. Unix error code 5.
2026-09-30 21:58:53,766 [ERROR] LogOutputStream:75 - [STDERR_REDIRECT] 
2026-09-30 21:58:53,766 [ERROR] LogOutputStream:75 - [STDERR_REDIRECT] Sep 30, 2026 9:58:53 PM java.util.prefs.FileSystemPreferences syncWorld
2026-09-30 21:58:53,766 [ERROR] LogOutputStream:75 - [STDERR_REDIRECT] WARNING: Couldn't flush system prefs: java.util.prefs.BackingStoreException: Couldn't get file lock.
2026-09-30 21:58:53,767 [ERROR] LogOutputStream:75 - [STDERR_REDIRECT] 
2026-09-30 21:59:23,767 [ERROR] LogOutputStream:75 - [STDERR_REDIRECT] Sep 30, 2026 9:59:23 PM java.util.prefs.FileSystemPreferences checkLockFile0ErrorCode
2026-09-30 21:59:23,767 [ERROR] LogOutputStream:75 - [STDERR_REDIRECT] WARNING: Could not lock System prefs. Unix error code 5.
2026-09-30 21:59:23,767 [ERROR] LogOutputStream:75 - [STDERR_REDIRECT] 
2026-09-30 21:59:23,768 [ERROR] LogOutputStream:75 - [STDERR_REDIRECT] Sep 30, 2026 9:59:23 PM java.util.prefs.FileSystemPreferences syncWorld
2026-09-30 21:59:23,768 [ERROR] LogOutputStream:75 - [STDERR_REDIRECT] WARNING: Couldn't flush system prefs: java.util.prefs.BackingStoreException: Couldn't get file lock.
2026-09-30 21:59:23,768 [ERROR] LogOutputStream:75 - [STDERR_REDIRECT] 
2026-09-30 21:59:53,765 [ERROR] LogOutputStream:75 - [STDERR_REDIRECT] Sep 30, 2026 9:59:53 PM java.util.prefs.FileSystemPreferences checkLockFile0ErrorCode
2026-09-30 21:59:53,766 [ERROR] LogOutputStream:75 - [STDERR_REDIRECT] WARNING: Could not lock System prefs. Unix error code 5.
2026-09-30 21:59:53,766 [ERROR] LogOutputStream:75 - [STDERR_REDIRECT] 
2026-09-30 21:59:53,766 [ERROR] LogOutputStream:75 - [STDERR_REDIRECT] Sep 30, 2026 9:59:53 PM java.util.prefs.FileSystemPreferences syncWorld
2026-09-30 21:59:53,766 [ERROR] LogOutputStream:75 - [STDERR_REDIRECT] WARNING: Couldn't flush system prefs: java.util.prefs.BackingStoreException: Couldn't get file lock.
2026-09-30 21:59:53,766 [ERROR] LogOutputStream:75 - [STDERR_REDIRECT] 
2026-09-30 22:00:23,766 [ERROR] LogOutputStream:75 - [STDERR_REDIRECT] Sep 30, 2026 10:00:23 PM java.util.prefs.FileSystemPreferences checkLockFile0ErrorCode
2026-09-30 22:00:23,766 [ERROR] LogOutputStream:75 - [STDERR_REDIRECT] WARNING: Could not lock System prefs. Unix error code 5.
2026-09-30 22:00:23,766 [ERROR] LogOutputStream:75 - [STDERR_REDIRECT] 
2026-09-30 22:00:23,767 [ERROR] LogOutputStream:75 - [STDERR_REDIRECT] Sep 30, 2026 10:00:23 PM java.util.prefs.FileSystemPreferences syncWorld
2026-09-30 22:00:23,767 [ERROR] LogOutputStream:75 - [STDERR_REDIRECT] WARNING: Couldn't flush system prefs: java.util.prefs.BackingStoreException: Couldn't get file lock.
2026-09-30 22:00:23,767 [ERROR] LogOutputStream:75 - [STDERR_REDIRECT] 
2026-09-30 22:00:53,766 [ERROR] LogOutputStream:75 - [STDERR_REDIRECT] Sep 30, 2026 10:00:53 PM java.util.prefs.FileSystemPreferences checkLockFile0ErrorCode
2026-09-30 22:00:53,766 [ERROR] LogOutputStream:75 - [STDERR_REDIRECT] WARNING: Could not lock System prefs. Unix error code 5.
2026-09-30 22:00:53,766 [ERROR] LogOutputStream:75 - [STDERR_REDIRECT] 
2026-09-30 22:00:53,766 [ERROR] LogOutputStream:75 - [STDERR_REDIRECT] Sep 30, 2026 10:00:53 PM java.util.prefs.FileSystemPreferences syncWorld
2026-09-30 22:00:53,766 [ERROR] LogOutputStream:75 - [STDERR_REDIRECT] WARNING: Couldn't flush system prefs: java.util.prefs.BackingStoreException: Couldn't get file lock.
2026-09-30 22:00:53,766 [ERROR] LogOutputStream:75 - [STDERR_REDIRECT] 
2026-09-30 22:01:23,766 [ERROR] LogOutputStream:75 - [STDERR_REDIRECT] Sep 30, 2026 10:01:23 PM java.util.prefs.FileSystemPreferences checkLockFile0ErrorCode
2026-09-30 22:01:23,766 [ERROR] LogOutputStream:75 - [STDERR_REDIRECT] WARNING: Could not lock System prefs. Unix error code 5.
2026-09-30 22:01:23,766 [ERROR] LogOutputStream:75 - [STDERR_REDIRECT] 
2026-09-30 22:01:23,766 [ERROR] LogOutputStream:75 - [STDERR_REDIRECT] Sep 30, 2026 10:01:23 PM java.util.prefs.FileSystemPreferences syncWorld
2026-09-30 22:01:23,766 [ERROR] LogOutputStream:75 - [STDERR_REDIRECT] WARNING: Couldn't flush system prefs: java.util.prefs.BackingStoreException: Couldn't get file lock.
2026-09-30 22:01:23,766 [ERROR] LogOutputStream:75 - [STDERR_REDIRECT] 
2026-09-30 22:01:53,766 [ERROR] LogOutputStream:75 - [STDERR_REDIRECT] Sep 30, 2026 10:01:53 PM java.util.prefs.FileSystemPreferences checkLockFile0ErrorCode
2026-09-30 22:01:53,766 [ERROR] LogOutputStream:75 - [STDERR_REDIRECT] WARNING: Could not lock System prefs. Unix error code 5.
2026-09-30 22:01:53,766 [ERROR] LogOutputStream:75 - [STDERR_REDIRECT] 
2026-09-30 22:01:53,766 [ERROR] LogOutputStream:75 - [STDERR_REDIRECT] Sep 30, 2026 10:01:53 PM java.util.prefs.FileSystemPreferences syncWorld
2026-09-30 22:01:53,766 [ERROR] LogOutputStream:75 - [STDERR_REDIRECT] WARNING: Couldn't flush system prefs: java.util.prefs.BackingStoreException: Couldn't get file lock.
2026-09-30 22:01:53,767 [ERROR] LogOutputStream:75 - [STDERR_REDIRECT] 
2026-09-30 22:02:23,765 [ERROR] LogOutputStream:75 - [STDERR_REDIRECT] Sep 30, 2026 10:02:23 PM java.util.prefs.FileSystemPreferences checkLockFile0ErrorCode
2026-09-30 22:02:23,765 [ERROR] LogOutputStream:75 - [STDERR_REDIRECT] WARNING: Could not lock System prefs. Unix error code 5.
2026-09-30 22:02:23,766 [ERROR] LogOutputStream:75 - [STDERR_REDIRECT] 
2026-09-30 22:02:23,766 [ERROR] LogOutputStream:75 - [STDERR_REDIRECT] Sep 30, 2026 10:02:23 PM java.util.prefs.FileSystemPreferences syncWorld
2026-09-30 22:02:23,766 [ERROR] LogOutputStream:75 - [STDERR_REDIRECT] WARNING: Couldn't flush system prefs: java.util.prefs.BackingStoreException: Couldn't get file lock.
2026-09-30 22:02:23,766 [ERROR] LogOutputStream:75 - [STDERR_REDIRECT] 
2026-09-30 22:02:53,766 [ERROR] LogOutputStream:75 - [STDERR_REDIRECT] Sep 30, 2026 10:02:53 PM java.util.prefs.FileSystemPreferences checkLockFile0ErrorCode
2026-09-30 22:02:53,766 [ERROR] LogOutputStream:75 - [STDERR_REDIRECT] WARNING: Could not lock System prefs. Unix error code 5.
2026-09-30 22:02:53,766 [ERROR] LogOutputStream:75 - [STDERR_REDIRECT] 
2026-09-30 22:02:53,767 [ERROR] LogOutputStream:75 - [STDERR_REDIRECT] Sep 30, 2026 10:02:53 PM java.util.prefs.FileSystemPreferences syncWorld
2026-09-30 22:02:53,767 [ERROR] LogOutputStream:75 - [STDERR_REDIRECT] WARNING: Couldn't flush system prefs: java.util.prefs.BackingStoreException: Couldn't get file lock.
2026-09-30 22:02:53,767 [ERROR] LogOutputStream:75 - [STDERR_REDIRECT] 
2026-09-30 22:03:23,766 [ERROR] LogOutputStream:75 - [STDERR_REDIRECT] Sep 30, 2026 10:03:23 PM java.util.prefs.FileSystemPreferences checkLockFile0ErrorCode
2026-09-30 22:03:23,766 [ERROR] LogOutputStream:75 - [STDERR_REDIRECT] WARNING: Could not lock System prefs. Unix error code 5.
2026-09-30 22:03:23,766 [ERROR] LogOutputStream:75 - [STDERR_REDIRECT] 
2026-09-30 22:03:23,766 [ERROR] LogOutputStream:75 - [STDERR_REDIRECT] Sep 30, 2026 10:03:23 PM java.util.prefs.FileSystemPreferences syncWorld
2026-09-30 22:03:23,766 [ERROR] LogOutputStream:75 - [STDERR_REDIRECT] WARNING: Couldn't flush system prefs: java.util.prefs.BackingStoreException: Couldn't get file lock.
2026-09-30 22:03:23,766 [ERROR] LogOutputStream:75 - [STDERR_REDIRECT] 
2026-09-30 22:03:53,766 [ERROR] LogOutputStream:75 - [STDERR_REDIRECT] Sep 30, 2026 10:03:53 PM java.util.prefs.FileSystemPreferences checkLockFile0ErrorCode
2026-09-30 22:03:53,766 [ERROR] LogOutputStream:75 - [STDERR_REDIRECT] WARNING: Could not lock System prefs. Unix error code 5.
2026-09-30 22:03:53,766 [ERROR] LogOutputStream:75 - [STDERR_REDIRECT] 
2026-09-30 22:03:53,766 [ERROR] LogOutputStream:75 - [STDERR_REDIRECT] Sep 30, 2026 10:03:53 PM java.util.prefs.FileSystemPreferences syncWorld
2026-09-30 22:03:53,766 [ERROR] LogOutputStream:75 - [STDERR_REDIRECT] WARNING: Couldn't flush system prefs: java.util.prefs.BackingStoreException: Couldn't get file lock.
2026-09-30 22:03:53,767 [ERROR] LogOutputStream:75 - [STDERR_REDIRECT] 
2026-09-30 22:04:23,765 [ERROR] LogOutputStream:75 - [STDERR_REDIRECT] Sep 30, 2026 10:04:23 PM java.util.prefs.FileSystemPreferences checkLockFile0ErrorCode
2026-09-30 22:04:23,765 [ERROR] LogOutputStream:75 - [STDERR_REDIRECT] WARNING: Could not lock System prefs. Unix error code 5.
2026-09-30 22:04:23,765 [ERROR] LogOutputStream:75 - [STDERR_REDIRECT] 
2026-09-30 22:04:23,766 [ERROR] LogOutputStream:75 - [STDERR_REDIRECT] Sep 30, 2026 10:04:23 PM java.util.prefs.FileSystemPreferences syncWorld
2026-09-30 22:04:23,766 [ERROR] LogOutputStream:75 - [STDERR_REDIRECT] WARNING: Couldn't flush system prefs: java.util.prefs.BackingStoreException: Couldn't get file lock.
2026-09-30 22:04:23,766 [ERROR] LogOutputStream:75 - [STDERR_REDIRECT] 
2026-09-30 22:04:53,765 [ERROR] LogOutputStream:75 - [STDERR_REDIRECT] Sep 30, 2026 10:04:53 PM java.util.prefs.FileSystemPreferences checkLockFile0ErrorCode
2026-09-30 22:04:53,765 [ERROR] LogOutputStream:75 - [STDERR_REDIRECT] WARNING: Could not lock System prefs. Unix error code 5.
2026-09-30 22:04:53,766 [ERROR] LogOutputStream:75 - [STDERR_REDIRECT] 
2026-09-30 22:04:53,766 [ERROR] LogOutputStream:75 - [STDERR_REDIRECT] Sep 30, 2026 10:04:53 PM java.util.prefs.FileSystemPreferences syncWorld
2026-09-30 22:04:53,766 [ERROR] LogOutputStream:75 - [STDERR_REDIRECT] WARNING: Couldn't flush system prefs: java.util.prefs.BackingStoreException: Couldn't get file lock.
2026-09-30 22:04:53,766 [ERROR] LogOutputStream:75 - [STDERR_REDIRECT] 
2026-09-30 22:05:23,766 [ERROR] LogOutputStream:75 - [STDERR_REDIRECT] Sep 30, 2026 10:05:23 PM java.util.prefs.FileSystemPreferences checkLockFile0ErrorCode
2026-09-30 22:05:23,766 [ERROR] LogOutputStream:75 - [STDERR_REDIRECT] WARNING: Could not lock System prefs. Unix error code 5.
2026-09-30 22:05:23,766 [ERROR] LogOutputStream:75 - [STDERR_REDIRECT] 
2026-09-30 22:05:23,766 [ERROR] LogOutputStream:75 - [STDERR_REDIRECT] Sep 30, 2026 10:05:23 PM java.util.prefs.FileSystemPreferences syncWorld
2026-09-30 22:05:23,766 [ERROR] LogOutputStream:75 - [STDERR_REDIRECT] WARNING: Couldn't flush system prefs: java.util.prefs.BackingStoreException: Couldn't get file lock.
2026-09-30 22:05:23,766 [ERROR] LogOutputStream:75 - [STDERR_REDIRECT] 
2026-09-30 22:05:53,766 [ERROR] LogOutputStream:75 - [STDERR_REDIRECT] Sep 30, 2026 10:05:53 PM java.util.prefs.FileSystemPreferences checkLockFile0ErrorCode
2026-09-30 22:05:53,766 [ERROR] LogOutputStream:75 - [STDERR_REDIRECT] WARNING: Could not lock System prefs. Unix error code 5.
2026-09-30 22:05:53,766 [ERROR] LogOutputStream:75 - [STDERR_REDIRECT] 
2026-09-30 22:05:53,766 [ERROR] LogOutputStream:75 - [STDERR_REDIRECT] Sep 30, 2026 10:05:53 PM java.util.prefs.FileSystemPreferences syncWorld
2026-09-30 22:05:53,766 [ERROR] LogOutputStream:75 - [STDERR_REDIRECT] WARNING: Couldn't flush system prefs: java.util.prefs.BackingStoreException: Couldn't get file lock.
2026-09-30 22:05:53,767 [ERROR] LogOutputStream:75 - [STDERR_REDIRECT] 
2026-09-30 22:06:23,766 [ERROR] LogOutputStream:75 - [STDERR_REDIRECT] Sep 30, 2026 10:06:23 PM java.util.prefs.FileSystemPreferences checkLockFile0ErrorCode
2026-09-30 22:06:23,766 [ERROR] LogOutputStream:75 - [STDERR_REDIRECT] WARNING: Could not lock System prefs. Unix error code 5.
2026-09-30 22:06:23,767 [ERROR] LogOutputStream:75 - [STDERR_REDIRECT] 
2026-09-30 22:06:23,767 [ERROR] LogOutputStream:75 - [STDERR_REDIRECT] Sep 30, 2026 10:06:23 PM java.util.prefs.FileSystemPreferences syncWorld
2026-09-30 22:06:23,767 [ERROR] LogOutputStream:75 - [STDERR_REDIRECT] WARNING: Couldn't flush system prefs: java.util.prefs.BackingStoreException: Couldn't get file lock.
2026-09-30 22:06:23,767 [ERROR] LogOutputStream:75 - [STDERR_REDIRECT] 
2026-09-30 22:06:53,766 [ERROR] LogOutputStream:75 - [STDERR_REDIRECT] Sep 30, 2026 10:06:53 PM java.util.prefs.FileSystemPreferences checkLockFile0ErrorCode
2026-09-30 22:06:53,766 [ERROR] LogOutputStream:75 - [STDERR_REDIRECT] WARNING: Could not lock System prefs. Unix error code 5.
2026-09-30 22:06:53,766 [ERROR] LogOutputStream:75 - [STDERR_REDIRECT] 
2026-09-30 22:06:53,767 [ERROR] LogOutputStream:75 - [STDERR_REDIRECT] Sep 30, 2026 10:06:53 PM java.util.prefs.FileSystemPreferences syncWorld
2026-09-30 22:06:53,767 [ERROR] LogOutputStream:75 - [STDERR_REDIRECT] WARNING: Couldn't flush system prefs: java.util.prefs.BackingStoreException: Couldn't get file lock.
2026-09-30 22:06:53,767 [ERROR] LogOutputStream:75 - [STDERR_REDIRECT] 
2026-09-30 22:07:23,765 [ERROR] LogOutputStream:75 - [STDERR_REDIRECT] Sep 30, 2026 10:07:23 PM java.util.prefs.FileSystemPreferences checkLockFile0ErrorCode
2026-09-30 22:07:23,765 [ERROR] LogOutputStream:75 - [STDERR_REDIRECT] WARNING: Could not lock System prefs. Unix error code 5.
2026-09-30 22:07:23,765 [ERROR] LogOutputStream:75 - [STDERR_REDIRECT] 
2026-09-30 22:07:23,766 [ERROR] LogOutputStream:75 - [STDERR_REDIRECT] Sep 30, 2026 10:07:23 PM java.util.prefs.FileSystemPreferences syncWorld
2026-09-30 22:07:23,766 [ERROR] LogOutputStream:75 - [STDERR_REDIRECT] WARNING: Couldn't flush system prefs: java.util.prefs.BackingStoreException: Couldn't get file lock.
2026-09-30 22:07:23,766 [ERROR] LogOutputStream:75 - [STDERR_REDIRECT] 
2026-09-30 22:07:53,767 [ERROR] LogOutputStream:75 - [STDERR_REDIRECT] Sep 30, 2026 10:07:53 PM java.util.prefs.FileSystemPreferences checkLockFile0ErrorCode
2026-09-30 22:07:53,767 [ERROR] LogOutputStream:75 - [STDERR_REDIRECT] WARNING: Could not lock System prefs. Unix error code 5.
2026-09-30 22:07:53,767 [ERROR] LogOutputStream:75 - [STDERR_REDIRECT] 
2026-09-30 22:07:53,767 [ERROR] LogOutputStream:75 - [STDERR_REDIRECT] Sep 30, 2026 10:07:53 PM java.util.prefs.FileSystemPreferences syncWorld
2026-09-30 22:07:53,767 [ERROR] LogOutputStream:75 - [STDERR_REDIRECT] WARNING: Couldn't flush system prefs: java.util.prefs.BackingStoreException: Couldn't get file lock.
2026-09-30 22:07:53,767 [ERROR] LogOutputStream:75 - [STDERR_REDIRECT] 
2026-09-30 22:08:23,766 [ERROR] LogOutputStream:75 - [STDERR_REDIRECT] Sep 30, 2026 10:08:23 PM java.util.prefs.FileSystemPreferences checkLockFile0ErrorCode
2026-09-30 22:08:23,766 [ERROR] LogOutputStream:75 - [STDERR_REDIRECT] WARNING: Could not lock System prefs. Unix error code 5.
2026-09-30 22:08:23,766 [ERROR] LogOutputStream:75 - [STDERR_REDIRECT] 
2026-09-30 22:08:23,766 [ERROR] LogOutputStream:75 - [STDERR_REDIRECT] Sep 30, 2026 10:08:23 PM java.util.prefs.FileSystemPreferences syncWorld
2026-09-30 22:08:23,766 [ERROR] LogOutputStream:75 - [STDERR_REDIRECT] WARNING: Couldn't flush system prefs: java.util.prefs.BackingStoreException: Couldn't get file lock.
2026-09-30 22:08:23,766 [ERROR] LogOutputStream:75 - [STDERR_REDIRECT] 
2026-09-30 22:08:53,765 [ERROR] LogOutputStream:75 - [STDERR_REDIRECT] Sep 30, 2026 10:08:53 PM java.util.prefs.FileSystemPreferences checkLockFile0ErrorCode
2026-09-30 22:08:53,765 [ERROR] LogOutputStream:75 - [STDERR_REDIRECT] WARNING: Could not lock System prefs. Unix error code 5.
2026-09-30 22:08:53,765 [ERROR] LogOutputStream:75 - [STDERR_REDIRECT] 
2026-09-30 22:08:53,766 [ERROR] LogOutputStream:75 - [STDERR_REDIRECT] Sep 30, 2026 10:08:53 PM java.util.prefs.FileSystemPreferences syncWorld
2026-09-30 22:08:53,766 [ERROR] LogOutputStream:75 - [STDERR_REDIRECT] WARNING: Couldn't flush system prefs: java.util.prefs.BackingStoreException: Couldn't get file lock.
2026-09-30 22:08:53,766 [ERROR] LogOutputStream:75 - [STDERR_REDIRECT] 
2026-09-30 22:09:23,765 [ERROR] LogOutputStream:75 - [STDERR_REDIRECT] Sep 30, 2026 10:09:23 PM java.util.prefs.FileSystemPreferences checkLockFile0ErrorCode
2026-09-30 22:09:23,766 [ERROR] LogOutputStream:75 - [STDERR_REDIRECT] WARNING: Could not lock System prefs. Unix error code 5.
2026-09-30 22:09:23,766 [ERROR] LogOutputStream:75 - [STDERR_REDIRECT] 
2026-09-30 22:09:23,766 [ERROR] LogOutputStream:75 - [STDERR_REDIRECT] Sep 30, 2026 10:09:23 PM java.util.prefs.FileSystemPreferences syncWorld
2026-09-30 22:09:23,766 [ERROR] LogOutputStream:75 - [STDERR_REDIRECT] WARNING: Couldn't flush system prefs: java.util.prefs.BackingStoreException: Couldn't get file lock.
2026-09-30 22:09:23,766 [ERROR] LogOutputStream:75 - [STDERR_REDIRECT] 
2026-09-30 22:09:53,766 [ERROR] LogOutputStream:75 - [STDERR_REDIRECT] Sep 30, 2026 10:09:53 PM java.util.prefs.FileSystemPreferences checkLockFile0ErrorCode
2026-09-30 22:09:53,766 [ERROR] LogOutputStream:75 - [STDERR_REDIRECT] WARNING: Could not lock System prefs. Unix error code 5.
2026-09-30 22:09:53,766 [ERROR] LogOutputStream:75 - [STDERR_REDIRECT] 
2026-09-30 22:09:53,766 [ERROR] LogOutputStream:75 - [STDERR_REDIRECT] Sep 30, 2026 10:09:53 PM java.util.prefs.FileSystemPreferences syncWorld
2026-09-30 22:09:53,766 [ERROR] LogOutputStream:75 - [STDERR_REDIRECT] WARNING: Couldn't flush system prefs: java.util.prefs.BackingStoreException: Couldn't get file lock.
2026-09-30 22:09:53,766 [ERROR] LogOutputStream:75 - [STDERR_REDIRECT] 
2026-09-30 22:10:23,766 [ERROR] LogOutputStream:75 - [STDERR_REDIRECT] Sep 30, 2026 10:10:23 PM java.util.prefs.FileSystemPreferences checkLockFile0ErrorCode
2026-09-30 22:10:23,766 [ERROR] LogOutputStream:75 - [STDERR_REDIRECT] WARNING: Could not lock System prefs. Unix error code 5.
2026-09-30 22:10:23,767 [ERROR] LogOutputStream:75 - [STDERR_REDIRECT] 
2026-09-30 22:10:23,767 [ERROR] LogOutputStream:75 - [STDERR_REDIRECT] Sep 30, 2026 10:10:23 PM java.util.prefs.FileSystemPreferences syncWorld
2026-09-30 22:10:23,767 [ERROR] LogOutputStream:75 - [STDERR_REDIRECT] WARNING: Couldn't flush system prefs: java.util.prefs.BackingStoreException: Couldn't get file lock.
2026-09-30 22:10:23,767 [ERROR] LogOutputStream:75 - [STDERR_REDIRECT] 
2026-09-30 22:10:53,766 [ERROR] LogOutputStream:75 - [STDERR_REDIRECT] Sep 30, 2026 10:10:53 PM java.util.prefs.FileSystemPreferences checkLockFile0ErrorCode
2026-09-30 22:10:53,766 [ERROR] LogOutputStream:75 - [STDERR_REDIRECT] WARNING: Could not lock System prefs. Unix error code 5.
2026-09-30 22:10:53,766 [ERROR] LogOutputStream:75 - [STDERR_REDIRECT] 
2026-09-30 22:10:53,766 [ERROR] LogOutputStream:75 - [STDERR_REDIRECT] Sep 30, 2026 10:10:53 PM java.util.prefs.FileSystemPreferences syncWorld
2026-09-30 22:10:53,766 [ERROR] LogOutputStream:75 - [STDERR_REDIRECT] WARNING: Couldn't flush system prefs: java.util.prefs.BackingStoreException: Couldn't get file lock.
2026-09-30 22:10:53,766 [ERROR] LogOutputStream:75 - [STDERR_REDIRECT] 
2026-09-30 22:11:23,766 [ERROR] LogOutputStream:75 - [STDERR_REDIRECT] Sep 30, 2026 10:11:23 PM java.util.prefs.FileSystemPreferences checkLockFile0ErrorCode
2026-09-30 22:11:23,766 [ERROR] LogOutputStream:75 - [STDERR_REDIRECT] WARNING: Could not lock System prefs. Unix error code 5.
2026-09-30 22:11:23,766 [ERROR] LogOutputStream:75 - [STDERR_REDIRECT] 
2026-09-30 22:11:23,767 [ERROR] LogOutputStream:75 - [STDERR_REDIRECT] Sep 30, 2026 10:11:23 PM java.util.prefs.FileSystemPreferences syncWorld
2026-09-30 22:11:23,767 [ERROR] LogOutputStream:75 - [STDERR_REDIRECT] WARNING: Couldn't flush system prefs: java.util.prefs.BackingStoreException: Couldn't get file lock.
2026-09-30 22:11:23,767 [ERROR] LogOutputStream:75 - [STDERR_REDIRECT] 
2026-09-30 22:11:53,766 [ERROR] LogOutputStream:75 - [STDERR_REDIRECT] Sep 30, 2026 10:11:53 PM java.util.prefs.FileSystemPreferences checkLockFile0ErrorCode
2026-09-30 22:11:53,767 [ERROR] LogOutputStream:75 - [STDERR_REDIRECT] WARNING: Could not lock System prefs. Unix error code 5.
2026-09-30 22:11:53,767 [ERROR] LogOutputStream:75 - [STDERR_REDIRECT] 
2026-09-30 22:11:53,767 [ERROR] LogOutputStream:75 - [STDERR_REDIRECT] Sep 30, 2026 10:11:53 PM java.util.prefs.FileSystemPreferences syncWorld
2026-09-30 22:11:53,767 [ERROR] LogOutputStream:75 - [STDERR_REDIRECT] WARNING: Couldn't flush system prefs: java.util.prefs.BackingStoreException: Couldn't get file lock.
2026-09-30 22:11:53,767 [ERROR] LogOutputStream:75 - [STDERR_REDIRECT] 
2026-09-30 22:12:23,766 [ERROR] LogOutputStream:75 - [STDERR_REDIRECT] Sep 30, 2026 10:12:23 PM java.util.prefs.FileSystemPreferences checkLockFile0ErrorCode
2026-09-30 22:12:23,767 [ERROR] LogOutputStream:75 - [STDERR_REDIRECT] WARNING: Could not lock System prefs. Unix error code 5.
2026-09-30 22:12:23,767 [ERROR] LogOutputStream:75 - [STDERR_REDIRECT] 
2026-09-30 22:12:23,767 [ERROR] LogOutputStream:75 - [STDERR_REDIRECT] Sep 30, 2026 10:12:23 PM java.util.prefs.FileSystemPreferences syncWorld
2026-09-30 22:12:23,767 [ERROR] LogOutputStream:75 - [STDERR_REDIRECT] WARNING: Couldn't flush system prefs: java.util.prefs.BackingStoreException: Couldn't get file lock.
2026-09-30 22:12:23,767 [ERROR] LogOutputStream:75 - [STDERR_REDIRECT] 
2026-09-30 22:12:53,767 [ERROR] LogOutputStream:75 - [STDERR_REDIRECT] Sep 30, 2026 10:12:53 PM java.util.prefs.FileSystemPreferences checkLockFile0ErrorCode
2026-09-30 22:12:53,767 [ERROR] LogOutputStream:75 - [STDERR_REDIRECT] WARNING: Could not lock System prefs. Unix error code 5.
2026-09-30 22:12:53,767 [ERROR] LogOutputStream:75 - [STDERR_REDIRECT] 
2026-09-30 22:12:53,767 [ERROR] LogOutputStream:75 - [STDERR_REDIRECT] Sep 30, 2026 10:12:53 PM java.util.prefs.FileSystemPreferences syncWorld
2026-09-30 22:12:53,767 [ERROR] LogOutputStream:75 - [STDERR_REDIRECT] WARNING: Couldn't flush system prefs: java.util.prefs.BackingStoreException: Couldn't get file lock.
2026-09-30 22:12:53,767 [ERROR] LogOutputStream:75 - [STDERR_REDIRECT] 
2026-09-30 22:13:23,767 [ERROR] LogOutputStream:75 - [STDERR_REDIRECT] Sep 30, 2026 10:13:23 PM java.util.prefs.FileSystemPreferences checkLockFile0ErrorCode
2026-09-30 22:13:23,767 [ERROR] LogOutputStream:75 - [STDERR_REDIRECT] WARNING: Could not lock System prefs. Unix error code 5.
2026-09-30 22:13:23,767 [ERROR] LogOutputStream:75 - [STDERR_REDIRECT] 
2026-09-30 22:13:23,767 [ERROR] LogOutputStream:75 - [STDERR_REDIRECT] Sep 30, 2026 10:13:23 PM java.util.prefs.FileSystemPreferences syncWorld
2026-09-30 22:13:23,767 [ERROR] LogOutputStream:75 - [STDERR_REDIRECT] WARNING: Couldn't flush system prefs: java.util.prefs.BackingStoreException: Couldn't get file lock.
2026-09-30 22:13:23,767 [ERROR] LogOutputStream:75 - [STDERR_REDIRECT] 
2026-09-30 22:13:53,767 [ERROR] LogOutputStream:75 - [STDERR_REDIRECT] Sep 30, 2026 10:13:53 PM java.util.prefs.FileSystemPreferences checkLockFile0ErrorCode
2026-09-30 22:13:53,767 [ERROR] LogOutputStream:75 - [STDERR_REDIRECT] WARNING: Could not lock System prefs. Unix error code 5.
2026-09-30 22:13:53,767 [ERROR] LogOutputStream:75 - [STDERR_REDIRECT] 
2026-09-30 22:13:53,768 [ERROR] LogOutputStream:75 - [STDERR_REDIRECT] Sep 30, 2026 10:13:53 PM java.util.prefs.FileSystemPreferences syncWorld
2026-09-30 22:13:53,768 [ERROR] LogOutputStream:75 - [STDERR_REDIRECT] WARNING: Couldn't flush system prefs: java.util.prefs.BackingStoreException: Couldn't get file lock.
2026-09-30 22:13:53,768 [ERROR] LogOutputStream:75 - [STDERR_REDIRECT] 
2026-09-30 22:14:23,767 [ERROR] LogOutputStream:75 - [STDERR_REDIRECT] Sep 30, 2026 10:14:23 PM java.util.prefs.FileSystemPreferences checkLockFile0ErrorCode
2026-09-30 22:14:23,767 [ERROR] LogOutputStream:75 - [STDERR_REDIRECT] WARNING: Could not lock System prefs. Unix error code 5.
2026-09-30 22:14:23,767 [ERROR] LogOutputStream:75 - [STDERR_REDIRECT] 
2026-09-30 22:14:23,767 [ERROR] LogOutputStream:75 - [STDERR_REDIRECT] Sep 30, 2026 10:14:23 PM java.util.prefs.FileSystemPreferences syncWorld
2026-09-30 22:14:23,767 [ERROR] LogOutputStream:75 - [STDERR_REDIRECT] WARNING: Couldn't flush system prefs: java.util.prefs.BackingStoreException: Couldn't get file lock.
2026-09-30 22:14:23,767 [ERROR] LogOutputStream:75 - [STDERR_REDIRECT] 
2026-09-30 22:14:53,767 [ERROR] LogOutputStream:75 - [STDERR_REDIRECT] Sep 30, 2026 10:14:53 PM java.util.prefs.FileSystemPreferences checkLockFile0ErrorCode
2026-09-30 22:14:53,767 [ERROR] LogOutputStream:75 - [STDERR_REDIRECT] WARNING: Could not lock System prefs. Unix error code 5.
2026-09-30 22:14:53,767 [ERROR] LogOutputStream:75 - [STDERR_REDIRECT] 
2026-09-30 22:14:53,767 [ERROR] LogOutputStream:75 - [STDERR_REDIRECT] Sep 30, 2026 10:14:53 PM java.util.prefs.FileSystemPreferences syncWorld
2026-09-30 22:14:53,768 [ERROR] LogOutputStream:75 - [STDERR_REDIRECT] WARNING: Couldn't flush system prefs: java.util.prefs.BackingStoreException: Couldn't get file lock.
2026-09-30 22:14:53,768 [ERROR] LogOutputStream:75 - [STDERR_REDIRECT] 
2026-09-30 22:15:23,766 [ERROR] LogOutputStream:75 - [STDERR_REDIRECT] Sep 30, 2026 10:15:23 PM java.util.prefs.FileSystemPreferences checkLockFile0ErrorCode
2026-09-30 22:15:23,766 [ERROR] LogOutputStream:75 - [STDERR_REDIRECT] WARNING: Could not lock System prefs. Unix error code 5.
2026-09-30 22:15:23,766 [ERROR] LogOutputStream:75 - [STDERR_REDIRECT] 
2026-09-30 22:15:23,767 [ERROR] LogOutputStream:75 - [STDERR_REDIRECT] Sep 30, 2026 10:15:23 PM java.util.prefs.FileSystemPreferences syncWorld
2026-09-30 22:15:23,767 [ERROR] LogOutputStream:75 - [STDERR_REDIRECT] WARNING: Couldn't flush system prefs: java.util.prefs.BackingStoreException: Couldn't get file lock.
2026-09-30 22:15:23,767 [ERROR] LogOutputStream:75 - [STDERR_REDIRECT] 
2026-09-30 22:15:53,766 [ERROR] LogOutputStream:75 - [STDERR_REDIRECT] Sep 30, 2026 10:15:53 PM java.util.prefs.FileSystemPreferences checkLockFile0ErrorCode
2026-09-30 22:15:53,766 [ERROR] LogOutputStream:75 - [STDERR_REDIRECT] WARNING: Could not lock System prefs. Unix error code 5.
2026-09-30 22:15:53,767 [ERROR] LogOutputStream:75 - [STDERR_REDIRECT] 
2026-09-30 22:15:53,767 [ERROR] LogOutputStream:75 - [STDERR_REDIRECT] Sep 30, 2026 10:15:53 PM java.util.prefs.FileSystemPreferences syncWorld
2026-09-30 22:15:53,767 [ERROR] LogOutputStream:75 - [STDERR_REDIRECT] WARNING: Couldn't flush system prefs: java.util.prefs.BackingStoreException: Couldn't get file lock.
2026-09-30 22:15:53,767 [ERROR] LogOutputStream:75 - [STDERR_REDIRECT] 
2026-09-30 22:16:23,767 [ERROR] LogOutputStream:75 - [STDERR_REDIRECT] Sep 30, 2026 10:16:23 PM java.util.prefs.FileSystemPreferences checkLockFile0ErrorCode
2026-09-30 22:16:23,767 [ERROR] LogOutputStream:75 - [STDERR_REDIRECT] WARNING: Could not lock System prefs. Unix error code 5.
2026-09-30 22:16:23,767 [ERROR] LogOutputStream:75 - [STDERR_REDIRECT] 
2026-09-30 22:16:23,767 [ERROR] LogOutputStream:75 - [STDERR_REDIRECT] Sep 30, 2026 10:16:23 PM java.util.prefs.FileSystemPreferences syncWorld
2026-09-30 22:16:23,767 [ERROR] LogOutputStream:75 - [STDERR_REDIRECT] WARNING: Couldn't flush system prefs: java.util.prefs.BackingStoreException: Couldn't get file lock.
2026-09-30 22:16:23,767 [ERROR] LogOutputStream:75 - [STDERR_REDIRECT] 
2026-09-30 22:16:53,767 [ERROR] LogOutputStream:75 - [STDERR_REDIRECT] Sep 30, 2026 10:16:53 PM java.util.prefs.FileSystemPreferences checkLockFile0ErrorCode
2026-09-30 22:16:53,767 [ERROR] LogOutputStream:75 - [STDERR_REDIRECT] WARNING: Could not lock System prefs. Unix error code 5.
2026-09-30 22:16:53,767 [ERROR] LogOutputStream:75 - [STDERR_REDIRECT] 
2026-09-30 22:16:53,767 [ERROR] LogOutputStream:75 - [STDERR_REDIRECT] Sep 30, 2026 10:16:53 PM java.util.prefs.FileSystemPreferences syncWorld
2026-09-30 22:16:53,767 [ERROR] LogOutputStream:75 - [STDERR_REDIRECT] WARNING: Couldn't flush system prefs: java.util.prefs.BackingStoreException: Couldn't get file lock.
2026-09-30 22:16:53,767 [ERROR] LogOutputStream:75 - [STDERR_REDIRECT] 
2026-09-30 22:17:23,767 [ERROR] LogOutputStream:75 - [STDERR_REDIRECT] Sep 30, 2026 10:17:23 PM java.util.prefs.FileSystemPreferences checkLockFile0ErrorCode
2026-09-30 22:17:23,768 [ERROR] LogOutputStream:75 - [STDERR_REDIRECT] WARNING: Could not lock System prefs. Unix error code 5.
2026-09-30 22:17:23,768 [ERROR] LogOutputStream:75 - [STDERR_REDIRECT] 
2026-09-30 22:17:23,768 [ERROR] LogOutputStream:75 - [STDERR_REDIRECT] Sep 30, 2026 10:17:23 PM java.util.prefs.FileSystemPreferences syncWorld
2026-09-30 22:17:23,768 [ERROR] LogOutputStream:75 - [STDERR_REDIRECT] WARNING: Couldn't flush system prefs: java.util.prefs.BackingStoreException: Couldn't get file lock.
2026-09-30 22:17:23,768 [ERROR] LogOutputStream:75 - [STDERR_REDIRECT] 
2026-09-30 22:17:53,768 [ERROR] LogOutputStream:75 - [STDERR_REDIRECT] Sep 30, 2026 10:17:53 PM java.util.prefs.FileSystemPreferences checkLockFile0ErrorCode
2026-09-30 22:17:53,768 [ERROR] LogOutputStream:75 - [STDERR_REDIRECT] WARNING: Could not lock System prefs. Unix error code 5.
2026-09-30 22:17:53,768 [ERROR] LogOutputStream:75 - [STDERR_REDIRECT] 
2026-09-30 22:17:53,768 [ERROR] LogOutputStream:75 - [STDERR_REDIRECT] Sep 30, 2026 10:17:53 PM java.util.prefs.FileSystemPreferences syncWorld
2026-09-30 22:17:53,768 [ERROR] LogOutputStream:75 - [STDERR_REDIRECT] WARNING: Couldn't flush system prefs: java.util.prefs.BackingStoreException: Couldn't get file lock.
2026-09-30 22:17:53,768 [ERROR] LogOutputStream:75 - [STDERR_REDIRECT] 
2026-09-30 22:18:23,769 [ERROR] LogOutputStream:75 - [STDERR_REDIRECT] Sep 30, 2026 10:18:23 PM java.util.prefs.FileSystemPreferences checkLockFile0ErrorCode
2026-09-30 22:18:23,769 [ERROR] LogOutputStream:75 - [STDERR_REDIRECT] WARNING: Could not lock System prefs. Unix error code 5.
2026-09-30 22:18:23,769 [ERROR] LogOutputStream:75 - [STDERR_REDIRECT] 
2026-09-30 22:18:23,770 [ERROR] LogOutputStream:75 - [STDERR_REDIRECT] Sep 30, 2026 10:18:23 PM java.util.prefs.FileSystemPreferences syncWorld
2026-09-30 22:18:23,770 [ERROR] LogOutputStream:75 - [STDERR_REDIRECT] WARNING: Couldn't flush system prefs: java.util.prefs.BackingStoreException: Couldn't get file lock.
2026-09-30 22:18:23,770 [ERROR] LogOutputStream:75 - [STDERR_REDIRECT] 
2026-09-30 22:18:53,769 [ERROR] LogOutputStream:75 - [STDERR_REDIRECT] Sep 30, 2026 10:18:53 PM java.util.prefs.FileSystemPreferences checkLockFile0ErrorCode
2026-09-30 22:18:53,769 [ERROR] LogOutputStream:75 - [STDERR_REDIRECT] WARNING: Could not lock System prefs. Unix error code 5.
2026-09-30 22:18:53,769 [ERROR] LogOutputStream:75 - [STDERR_REDIRECT] 
2026-09-30 22:18:53,769 [ERROR] LogOutputStream:75 - [STDERR_REDIRECT] Sep 30, 2026 10:18:53 PM java.util.prefs.FileSystemPreferences syncWorld
2026-09-30 22:18:53,769 [ERROR] LogOutputStream:75 - [STDERR_REDIRECT] WARNING: Couldn't flush system prefs: java.util.prefs.BackingStoreException: Couldn't get file lock.
2026-09-30 22:18:53,769 [ERROR] LogOutputStream:75 - [STDERR_REDIRECT] 
2026-09-30 22:19:23,768 [ERROR] LogOutputStream:75 - [STDERR_REDIRECT] Sep 30, 2026 10:19:23 PM java.util.prefs.FileSystemPreferences checkLockFile0ErrorCode
2026-09-30 22:19:23,768 [ERROR] LogOutputStream:75 - [STDERR_REDIRECT] WARNING: Could not lock System prefs. Unix error code 5.
2026-09-30 22:19:23,768 [ERROR] LogOutputStream:75 - [STDERR_REDIRECT] 
2026-09-30 22:19:23,769 [ERROR] LogOutputStream:75 - [STDERR_REDIRECT] Sep 30, 2026 10:19:23 PM java.util.prefs.FileSystemPreferences syncWorld
2026-09-30 22:19:23,769 [ERROR] LogOutputStream:75 - [STDERR_REDIRECT] WARNING: Couldn't flush system prefs: java.util.prefs.BackingStoreException: Couldn't get file lock.
2026-09-30 22:19:23,769 [ERROR] LogOutputStream:75 - [STDERR_REDIRECT] 
2026-09-30 22:19:53,768 [ERROR] LogOutputStream:75 - [STDERR_REDIRECT] Sep 30, 2026 10:19:53 PM java.util.prefs.FileSystemPreferences checkLockFile0ErrorCode
2026-09-30 22:19:53,768 [ERROR] LogOutputStream:75 - [STDERR_REDIRECT] WARNING: Could not lock System prefs. Unix error code 5.
2026-09-30 22:19:53,768 [ERROR] LogOutputStream:75 - [STDERR_REDIRECT] 
2026-09-30 22:19:53,768 [ERROR] LogOutputStream:75 - [STDERR_REDIRECT] Sep 30, 2026 10:19:53 PM java.util.prefs.FileSystemPreferences syncWorld
2026-09-30 22:19:53,768 [ERROR] LogOutputStream:75 - [STDERR_REDIRECT] WARNING: Couldn't flush system prefs: java.util.prefs.BackingStoreException: Couldn't get file lock.
2026-09-30 22:19:53,768 [ERROR] LogOutputStream:75 - [STDERR_REDIRECT] 
2026-09-30 22:20:23,768 [ERROR] LogOutputStream:75 - [STDERR_REDIRECT] Sep 30, 2026 10:20:23 PM java.util.prefs.FileSystemPreferences checkLockFile0ErrorCode
2026-09-30 22:20:23,768 [ERROR] LogOutputStream:75 - [STDERR_REDIRECT] WARNING: Could not lock System prefs. Unix error code 5.
2026-09-30 22:20:23,768 [ERROR] LogOutputStream:75 - [STDERR_REDIRECT] 
2026-09-30 22:20:23,768 [ERROR] LogOutputStream:75 - [STDERR_REDIRECT] Sep 30, 2026 10:20:23 PM java.util.prefs.FileSystemPreferences syncWorld
2026-09-30 22:20:23,769 [ERROR] LogOutputStream:75 - [STDERR_REDIRECT] WARNING: Couldn't flush system prefs: java.util.prefs.BackingStoreException: Couldn't get file lock.
2026-09-30 22:20:23,769 [ERROR] LogOutputStream:75 - [STDERR_REDIRECT] 
2026-09-30 22:20:53,768 [ERROR] LogOutputStream:75 - [STDERR_REDIRECT] Sep 30, 2026 10:20:53 PM java.util.prefs.FileSystemPreferences checkLockFile0ErrorCode
2026-09-30 22:20:53,769 [ERROR] LogOutputStream:75 - [STDERR_REDIRECT] WARNING: Could not lock System prefs. Unix error code 5.
2026-09-30 22:20:53,769 [ERROR] LogOutputStream:75 - [STDERR_REDIRECT] 
2026-09-30 22:20:53,769 [ERROR] LogOutputStream:75 - [STDERR_REDIRECT] Sep 30, 2026 10:20:53 PM java.util.prefs.FileSystemPreferences syncWorld
2026-09-30 22:20:53,769 [ERROR] LogOutputStream:75 - [STDERR_REDIRECT] WARNING: Couldn't flush system prefs: java.util.prefs.BackingStoreException: Couldn't get file lock.
2026-09-30 22:20:53,769 [ERROR] LogOutputStream:75 - [STDERR_REDIRECT] 
2026-09-30 22:21:23,769 [ERROR] LogOutputStream:75 - [STDERR_REDIRECT] Sep 30, 2026 10:21:23 PM java.util.prefs.FileSystemPreferences checkLockFile0ErrorCode
2026-09-30 22:21:23,769 [ERROR] LogOutputStream:75 - [STDERR_REDIRECT] WARNING: Could not lock System prefs. Unix error code 5.
2026-09-30 22:21:23,769 [ERROR] LogOutputStream:75 - [STDERR_REDIRECT] 
2026-09-30 22:21:23,769 [ERROR] LogOutputStream:75 - [STDERR_REDIRECT] Sep 30, 2026 10:21:23 PM java.util.prefs.FileSystemPreferences syncWorld
2026-09-30 22:21:23,769 [ERROR] LogOutputStream:75 - [STDERR_REDIRECT] WARNING: Couldn't flush system prefs: java.util.prefs.BackingStoreException: Couldn't get file lock.
2026-09-30 22:21:23,769 [ERROR] LogOutputStream:75 - [STDERR_REDIRECT] 
2026-09-30 22:21:53,769 [ERROR] LogOutputStream:75 - [STDERR_REDIRECT] Sep 30, 2026 10:21:53 PM java.util.prefs.FileSystemPreferences checkLockFile0ErrorCode
2026-09-30 22:21:53,769 [ERROR] LogOutputStream:75 - [STDERR_REDIRECT] WARNING: Could not lock System prefs. Unix error code 5.
2026-09-30 22:21:53,769 [ERROR] LogOutputStream:75 - [STDERR_REDIRECT] 
2026-09-30 22:21:53,769 [ERROR] LogOutputStream:75 - [STDERR_REDIRECT] Sep 30, 2026 10:21:53 PM java.util.prefs.FileSystemPreferences syncWorld
2026-09-30 22:21:53,769 [ERROR] LogOutputStream:75 - [STDERR_REDIRECT] WARNING: Couldn't flush system prefs: java.util.prefs.BackingStoreException: Couldn't get file lock.
2026-09-30 22:21:53,769 [ERROR] LogOutputStream:75 - [STDERR_REDIRECT] 
2026-09-30 22:22:23,769 [ERROR] LogOutputStream:75 - [STDERR_REDIRECT] Sep 30, 2026 10:22:23 PM java.util.prefs.FileSystemPreferences checkLockFile0ErrorCode
2026-09-30 22:22:23,769 [ERROR] LogOutputStream:75 - [STDERR_REDIRECT] WARNING: Could not lock System prefs. Unix error code 5.
2026-09-30 22:22:23,769 [ERROR] LogOutputStream:75 - [STDERR_REDIRECT] 
2026-09-30 22:22:23,769 [ERROR] LogOutputStream:75 - [STDERR_REDIRECT] Sep 30, 2026 10:22:23 PM java.util.prefs.FileSystemPreferences syncWorld
2026-09-30 22:22:23,770 [ERROR] LogOutputStream:75 - [STDERR_REDIRECT] WARNING: Couldn't flush system prefs: java.util.prefs.BackingStoreException: Couldn't get file lock.
2026-09-30 22:22:23,770 [ERROR] LogOutputStream:75 - [STDERR_REDIRECT] 
2026-09-30 22:22:53,768 [ERROR] LogOutputStream:75 - [STDERR_REDIRECT] Sep 30, 2026 10:22:53 PM java.util.prefs.FileSystemPreferences checkLockFile0ErrorCode
2026-09-30 22:22:53,768 [ERROR] LogOutputStream:75 - [STDERR_REDIRECT] WARNING: Could not lock System prefs. Unix error code 5.
2026-09-30 22:22:53,768 [ERROR] LogOutputStream:75 - [STDERR_REDIRECT] 
2026-09-30 22:22:53,769 [ERROR] LogOutputStream:75 - [STDERR_REDIRECT] Sep 30, 2026 10:22:53 PM java.util.prefs.FileSystemPreferences syncWorld
2026-09-30 22:22:53,769 [ERROR] LogOutputStream:75 - [STDERR_REDIRECT] WARNING: Couldn't flush system prefs: java.util.prefs.BackingStoreException: Couldn't get file lock.
2026-09-30 22:22:53,769 [ERROR] LogOutputStream:75 - [STDERR_REDIRECT] 
2026-09-30 22:23:23,768 [ERROR] LogOutputStream:75 - [STDERR_REDIRECT] Sep 30, 2026 10:23:23 PM java.util.prefs.FileSystemPreferences checkLockFile0ErrorCode
2026-09-30 22:23:23,769 [ERROR] LogOutputStream:75 - [STDERR_REDIRECT] WARNING: Could not lock System prefs. Unix error code 5.
2026-09-30 22:23:23,769 [ERROR] LogOutputStream:75 - [STDERR_REDIRECT] 
2026-09-30 22:23:23,769 [ERROR] LogOutputStream:75 - [STDERR_REDIRECT] Sep 30, 2026 10:23:23 PM java.util.prefs.FileSystemPreferences syncWorld
2026-09-30 22:23:23,769 [ERROR] LogOutputStream:75 - [STDERR_REDIRECT] WARNING: Couldn't flush system prefs: java.util.prefs.BackingStoreException: Couldn't get file lock.
2026-09-30 22:23:23,769 [ERROR] LogOutputStream:75 - [STDERR_REDIRECT] 
2026-09-30 22:23:53,769 [ERROR] LogOutputStream:75 - [STDERR_REDIRECT] Sep 30, 2026 10:23:53 PM java.util.prefs.FileSystemPreferences checkLockFile0ErrorCode
2026-09-30 22:23:53,769 [ERROR] LogOutputStream:75 - [STDERR_REDIRECT] WARNING: Could not lock System prefs. Unix error code 5.
2026-09-30 22:23:53,769 [ERROR] LogOutputStream:75 - [STDERR_REDIRECT] 
2026-09-30 22:23:53,770 [ERROR] LogOutputStream:75 - [STDERR_REDIRECT] Sep 30, 2026 10:23:53 PM java.util.prefs.FileSystemPreferences syncWorld
2026-09-30 22:23:53,770 [ERROR] LogOutputStream:75 - [STDERR_REDIRECT] WARNING: Couldn't flush system prefs: java.util.prefs.BackingStoreException: Couldn't get file lock.
2026-09-30 22:23:53,770 [ERROR] LogOutputStream:75 - [STDERR_REDIRECT] 
2026-09-30 22:24:23,769 [ERROR] LogOutputStream:75 - [STDERR_REDIRECT] Sep 30, 2026 10:24:23 PM java.util.prefs.FileSystemPreferences checkLockFile0ErrorCode
2026-09-30 22:24:23,769 [ERROR] LogOutputStream:75 - [STDERR_REDIRECT] WARNING: Could not lock System prefs. Unix error code 5.
2026-09-30 22:24:23,769 [ERROR] LogOutputStream:75 - [STDERR_REDIRECT] 
2026-09-30 22:24:23,769 [ERROR] LogOutputStream:75 - [STDERR_REDIRECT] Sep 30, 2026 10:24:23 PM java.util.prefs.FileSystemPreferences syncWorld
2026-09-30 22:24:23,769 [ERROR] LogOutputStream:75 - [STDERR_REDIRECT] WARNING: Couldn't flush system prefs: java.util.prefs.BackingStoreException: Couldn't get file lock.
2026-09-30 22:24:23,769 [ERROR] LogOutputStream:75 - [STDERR_REDIRECT] 
2026-09-30 22:24:53,769 [ERROR] LogOutputStream:75 - [STDERR_REDIRECT] Sep 30, 2026 10:24:53 PM java.util.prefs.FileSystemPreferences checkLockFile0ErrorCode
2026-09-30 22:24:53,769 [ERROR] LogOutputStream:75 - [STDERR_REDIRECT] WARNING: Could not lock System prefs. Unix error code 5.
2026-09-30 22:24:53,769 [ERROR] LogOutputStream:75 - [STDERR_REDIRECT] 
2026-09-30 22:24:53,769 [ERROR] LogOutputStream:75 - [STDERR_REDIRECT] Sep 30, 2026 10:24:53 PM java.util.prefs.FileSystemPreferences syncWorld
2026-09-30 22:24:53,769 [ERROR] LogOutputStream:75 - [STDERR_REDIRECT] WARNING: Couldn't flush system prefs: java.util.prefs.BackingStoreException: Couldn't get file lock.
2026-09-30 22:24:53,769 [ERROR] LogOutputStream:75 - [STDERR_REDIRECT] 
2026-09-30 22:25:23,769 [ERROR] LogOutputStream:75 - [STDERR_REDIRECT] Sep 30, 2026 10:25:23 PM java.util.prefs.FileSystemPreferences checkLockFile0ErrorCode
2026-09-30 22:25:23,769 [ERROR] LogOutputStream:75 - [STDERR_REDIRECT] WARNING: Could not lock System prefs. Unix error code 5.
2026-09-30 22:25:23,769 [ERROR] LogOutputStream:75 - [STDERR_REDIRECT] 
2026-09-30 22:25:23,769 [ERROR] LogOutputStream:75 - [STDERR_REDIRECT] Sep 30, 2026 10:25:23 PM java.util.prefs.FileSystemPreferences syncWorld
2026-09-30 22:25:23,770 [ERROR] LogOutputStream:75 - [STDERR_REDIRECT] WARNING: Couldn't flush system prefs: java.util.prefs.BackingStoreException: Couldn't get file lock.
2026-09-30 22:25:23,770 [ERROR] LogOutputStream:75 - [STDERR_REDIRECT] 
2026-09-30 22:25:53,768 [ERROR] LogOutputStream:75 - [STDERR_REDIRECT] Sep 30, 2026 10:25:53 PM java.util.prefs.FileSystemPreferences checkLockFile0ErrorCode
2026-09-30 22:25:53,768 [ERROR] LogOutputStream:75 - [STDERR_REDIRECT] WARNING: Could not lock System prefs. Unix error code 5.
2026-09-30 22:25:53,768 [ERROR] LogOutputStream:75 - [STDERR_REDIRECT] 
2026-09-30 22:25:53,769 [ERROR] LogOutputStream:75 - [STDERR_REDIRECT] Sep 30, 2026 10:25:53 PM java.util.prefs.FileSystemPreferences syncWorld
2026-09-30 22:25:53,769 [ERROR] LogOutputStream:75 - [STDERR_REDIRECT] WARNING: Couldn't flush system prefs: java.util.prefs.BackingStoreException: Couldn't get file lock.
2026-09-30 22:25:53,769 [ERROR] LogOutputStream:75 - [STDERR_REDIRECT] 
2026-09-30 22:26:23,769 [ERROR] LogOutputStream:75 - [STDERR_REDIRECT] Sep 30, 2026 10:26:23 PM java.util.prefs.FileSystemPreferences checkLockFile0ErrorCode
2026-09-30 22:26:23,769 [ERROR] LogOutputStream:75 - [STDERR_REDIRECT] WARNING: Could not lock System prefs. Unix error code 5.
2026-09-30 22:26:23,769 [ERROR] LogOutputStream:75 - [STDERR_REDIRECT] 
2026-09-30 22:26:23,769 [ERROR] LogOutputStream:75 - [STDERR_REDIRECT] Sep 30, 2026 10:26:23 PM java.util.prefs.FileSystemPreferences syncWorld
2026-09-30 22:26:23,769 [ERROR] LogOutputStream:75 - [STDERR_REDIRECT] WARNING: Couldn't flush system prefs: java.util.prefs.BackingStoreException: Couldn't get file lock.
2026-09-30 22:26:23,769 [ERROR] LogOutputStream:75 - [STDERR_REDIRECT] 
2026-09-30 22:26:53,769 [ERROR] LogOutputStream:75 - [STDERR_REDIRECT] Sep 30, 2026 10:26:53 PM java.util.prefs.FileSystemPreferences checkLockFile0ErrorCode
2026-09-30 22:26:53,769 [ERROR] LogOutputStream:75 - [STDERR_REDIRECT] WARNING: Could not lock System prefs. Unix error code 5.
2026-09-30 22:26:53,769 [ERROR] LogOutputStream:75 - [STDERR_REDIRECT] 
2026-09-30 22:26:53,769 [ERROR] LogOutputStream:75 - [STDERR_REDIRECT] Sep 30, 2026 10:26:53 PM java.util.prefs.FileSystemPreferences syncWorld
2026-09-30 22:26:53,769 [ERROR] LogOutputStream:75 - [STDERR_REDIRECT] WARNING: Couldn't flush system prefs: java.util.prefs.BackingStoreException: Couldn't get file lock.
2026-09-30 22:26:53,769 [ERROR] LogOutputStream:75 - [STDERR_REDIRECT] 
2026-09-30 22:27:23,769 [ERROR] LogOutputStream:75 - [STDERR_REDIRECT] Sep 30, 2026 10:27:23 PM java.util.prefs.FileSystemPreferences checkLockFile0ErrorCode
2026-09-30 22:27:23,769 [ERROR] LogOutputStream:75 - [STDERR_REDIRECT] WARNING: Could not lock System prefs. Unix error code 5.
2026-09-30 22:27:23,769 [ERROR] LogOutputStream:75 - [STDERR_REDIRECT] 
2026-09-30 22:27:23,770 [ERROR] LogOutputStream:75 - [STDERR_REDIRECT] Sep 30, 2026 10:27:23 PM java.util.prefs.FileSystemPreferences syncWorld
2026-09-30 22:27:23,770 [ERROR] LogOutputStream:75 - [STDERR_REDIRECT] WARNING: Couldn't flush system prefs: java.util.prefs.BackingStoreException: Couldn't get file lock.
2026-09-30 22:27:23,770 [ERROR] LogOutputStream:75 - [STDERR_REDIRECT] 
2026-09-30 22:27:53,770 [ERROR] LogOutputStream:75 - [STDERR_REDIRECT] Sep 30, 2026 10:27:53 PM java.util.prefs.FileSystemPreferences checkLockFile0ErrorCode
2026-09-30 22:27:53,770 [ERROR] LogOutputStream:75 - [STDERR_REDIRECT] WARNING: Could not lock System prefs. Unix error code 5.
2026-09-30 22:27:53,770 [ERROR] LogOutputStream:75 - [STDERR_REDIRECT] 
2026-09-30 22:27:53,770 [ERROR] LogOutputStream:75 - [STDERR_REDIRECT] Sep 30, 2026 10:27:53 PM java.util.prefs.FileSystemPreferences syncWorld
2026-09-30 22:27:53,770 [ERROR] LogOutputStream:75 - [STDERR_REDIRECT] WARNING: Couldn't flush system prefs: java.util.prefs.BackingStoreException: Couldn't get file lock.
2026-09-30 22:27:53,770 [ERROR] LogOutputStream:75 - [STDERR_REDIRECT] 
2026-09-30 22:28:23,770 [ERROR] LogOutputStream:75 - [STDERR_REDIRECT] Sep 30, 2026 10:28:23 PM java.util.prefs.FileSystemPreferences checkLockFile0ErrorCode
2026-09-30 22:28:23,770 [ERROR] LogOutputStream:75 - [STDERR_REDIRECT] WARNING: Could not lock System prefs. Unix error code 5.
2026-09-30 22:28:23,770 [ERROR] LogOutputStream:75 - [STDERR_REDIRECT] 
2026-09-30 22:28:23,771 [ERROR] LogOutputStream:75 - [STDERR_REDIRECT] Sep 30, 2026 10:28:23 PM java.util.prefs.FileSystemPreferences syncWorld
2026-09-30 22:28:23,771 [ERROR] LogOutputStream:75 - [STDERR_REDIRECT] WARNING: Couldn't flush system prefs: java.util.prefs.BackingStoreException: Couldn't get file lock.
2026-09-30 22:28:23,771 [ERROR] LogOutputStream:75 - [STDERR_REDIRECT] 
2026-09-30 22:28:53,770 [ERROR] LogOutputStream:75 - [STDERR_REDIRECT] Sep 30, 2026 10:28:53 PM java.util.prefs.FileSystemPreferences checkLockFile0ErrorCode
2026-09-30 22:28:53,770 [ERROR] LogOutputStream:75 - [STDERR_REDIRECT] WARNING: Could not lock System prefs. Unix error code 5.
2026-09-30 22:28:53,770 [ERROR] LogOutputStream:75 - [STDERR_REDIRECT] 
2026-09-30 22:28:53,770 [ERROR] LogOutputStream:75 - [STDERR_REDIRECT] Sep 30, 2026 10:28:53 PM java.util.prefs.FileSystemPreferences syncWorld
2026-09-30 22:28:53,770 [ERROR] LogOutputStream:75 - [STDERR_REDIRECT] WARNING: Couldn't flush system prefs: java.util.prefs.BackingStoreException: Couldn't get file lock.
2026-09-30 22:28:53,770 [ERROR] LogOutputStream:75 - [STDERR_REDIRECT] 
2026-09-30 22:29:23,770 [ERROR] LogOutputStream:75 - [STDERR_REDIRECT] Sep 30, 2026 10:29:23 PM java.util.prefs.FileSystemPreferences checkLockFile0ErrorCode
2026-09-30 22:29:23,770 [ERROR] LogOutputStream:75 - [STDERR_REDIRECT] WARNING: Could not lock System prefs. Unix error code 5.
2026-09-30 22:29:23,770 [ERROR] LogOutputStream:75 - [STDERR_REDIRECT] 
2026-09-30 22:29:23,770 [ERROR] LogOutputStream:75 - [STDERR_REDIRECT] Sep 30, 2026 10:29:23 PM java.util.prefs.FileSystemPreferences syncWorld
2026-09-30 22:29:23,770 [ERROR] LogOutputStream:75 - [STDERR_REDIRECT] WARNING: Couldn't flush system prefs: java.util.prefs.BackingStoreException: Couldn't get file lock.
2026-09-30 22:29:23,770 [ERROR] LogOutputStream:75 - [STDERR_REDIRECT] 
2026-09-30 22:29:53,770 [ERROR] LogOutputStream:75 - [STDERR_REDIRECT] Sep 30, 2026 10:29:53 PM java.util.prefs.FileSystemPreferences checkLockFile0ErrorCode
2026-09-30 22:29:53,770 [ERROR] LogOutputStream:75 - [STDERR_REDIRECT] WARNING: Could not lock System prefs. Unix error code 5.
2026-09-30 22:29:53,770 [ERROR] LogOutputStream:75 - [STDERR_REDIRECT] 
2026-09-30 22:29:53,771 [ERROR] LogOutputStream:75 - [STDERR_REDIRECT] Sep 30, 2026 10:29:53 PM java.util.prefs.FileSystemPreferences syncWorld
2026-09-30 22:29:53,771 [ERROR] LogOutputStream:75 - [STDERR_REDIRECT] WARNING: Couldn't flush system prefs: java.util.prefs.BackingStoreException: Couldn't get file lock.
2026-09-30 22:29:53,771 [ERROR] LogOutputStream:75 - [STDERR_REDIRECT] 
2026-09-30 22:30:23,770 [ERROR] LogOutputStream:75 - [STDERR_REDIRECT] Sep 30, 2026 10:30:23 PM java.util.prefs.FileSystemPreferences checkLockFile0ErrorCode
2026-09-30 22:30:23,770 [ERROR] LogOutputStream:75 - [STDERR_REDIRECT] WARNING: Could not lock System prefs. Unix error code 5.
2026-09-30 22:30:23,771 [ERROR] LogOutputStream:75 - [STDERR_REDIRECT] 
2026-09-30 22:30:23,771 [ERROR] LogOutputStream:75 - [STDERR_REDIRECT] Sep 30, 2026 10:30:23 PM java.util.prefs.FileSystemPreferences syncWorld
2026-09-30 22:30:23,771 [ERROR] LogOutputStream:75 - [STDERR_REDIRECT] WARNING: Couldn't flush system prefs: java.util.prefs.BackingStoreException: Couldn't get file lock.
2026-09-30 22:30:23,771 [ERROR] LogOutputStream:75 - [STDERR_REDIRECT] 
2026-09-30 22:30:53,771 [ERROR] LogOutputStream:75 - [STDERR_REDIRECT] Sep 30, 2026 10:30:53 PM java.util.prefs.FileSystemPreferences checkLockFile0ErrorCode
2026-09-30 22:30:53,771 [ERROR] LogOutputStream:75 - [STDERR_REDIRECT] WARNING: Could not lock System prefs. Unix error code 5.
2026-09-30 22:30:53,771 [ERROR] LogOutputStream:75 - [STDERR_REDIRECT] 
2026-09-30 22:30:53,771 [ERROR] LogOutputStream:75 - [STDERR_REDIRECT] Sep 30, 2026 10:30:53 PM java.util.prefs.FileSystemPreferences syncWorld
2026-09-30 22:30:53,771 [ERROR] LogOutputStream:75 - [STDERR_REDIRECT] WARNING: Couldn't flush system prefs: java.util.prefs.BackingStoreException: Couldn't get file lock.
2026-09-30 22:30:53,771 [ERROR] LogOutputStream:75 - [STDERR_REDIRECT] 
2026-09-30 22:31:23,771 [ERROR] LogOutputStream:75 - [STDERR_REDIRECT] Sep 30, 2026 10:31:23 PM java.util.prefs.FileSystemPreferences checkLockFile0ErrorCode
2026-09-30 22:31:23,771 [ERROR] LogOutputStream:75 - [STDERR_REDIRECT] WARNING: Could not lock System prefs. Unix error code 5.
2026-09-30 22:31:23,771 [ERROR] LogOutputStream:75 - [STDERR_REDIRECT] 
2026-09-30 22:31:23,771 [ERROR] LogOutputStream:75 - [STDERR_REDIRECT] Sep 30, 2026 10:31:23 PM java.util.prefs.FileSystemPreferences syncWorld
2026-09-30 22:31:23,771 [ERROR] LogOutputStream:75 - [STDERR_REDIRECT] WARNING: Couldn't flush system prefs: java.util.prefs.BackingStoreException: Couldn't get file lock.
2026-09-30 22:31:23,771 [ERROR] LogOutputStream:75 - [STDERR_REDIRECT] 
2026-09-30 22:31:53,772 [ERROR] LogOutputStream:75 - [STDERR_REDIRECT] Sep 30, 2026 10:31:53 PM java.util.prefs.FileSystemPreferences checkLockFile0ErrorCode
2026-09-30 22:31:53,773 [ERROR] LogOutputStream:75 - [STDERR_REDIRECT] WARNING: Could not lock System prefs. Unix error code 5.
2026-09-30 22:31:53,773 [ERROR] LogOutputStream:75 - [STDERR_REDIRECT] 
2026-09-30 22:31:53,773 [ERROR] LogOutputStream:75 - [STDERR_REDIRECT] Sep 30, 2026 10:31:53 PM java.util.prefs.FileSystemPreferences syncWorld
2026-09-30 22:31:53,773 [ERROR] LogOutputStream:75 - [STDERR_REDIRECT] WARNING: Couldn't flush system prefs: java.util.prefs.BackingStoreException: Couldn't get file lock.
2026-09-30 22:31:53,773 [ERROR] LogOutputStream:75 - [STDERR_REDIRECT] 
2026-09-30 22:32:23,771 [ERROR] LogOutputStream:75 - [STDERR_REDIRECT] Sep 30, 2026 10:32:23 PM java.util.prefs.FileSystemPreferences checkLockFile0ErrorCode
2026-09-30 22:32:23,771 [ERROR] LogOutputStream:75 - [STDERR_REDIRECT] WARNING: Could not lock System prefs. Unix error code 5.
2026-09-30 22:32:23,771 [ERROR] LogOutputStream:75 - [STDERR_REDIRECT] 
2026-09-30 22:32:23,771 [ERROR] LogOutputStream:75 - [STDERR_REDIRECT] Sep 30, 2026 10:32:23 PM java.util.prefs.FileSystemPreferences syncWorld
2026-09-30 22:32:23,771 [ERROR] LogOutputStream:75 - [STDERR_REDIRECT] WARNING: Couldn't flush system prefs: java.util.prefs.BackingStoreException: Couldn't get file lock.
2026-09-30 22:32:23,771 [ERROR] LogOutputStream:75 - [STDERR_REDIRECT] 
2026-09-30 22:32:53,771 [ERROR] LogOutputStream:75 - [STDERR_REDIRECT] Sep 30, 2026 10:32:53 PM java.util.prefs.FileSystemPreferences checkLockFile0ErrorCode
2026-09-30 22:32:53,771 [ERROR] LogOutputStream:75 - [STDERR_REDIRECT] WARNING: Could not lock System prefs. Unix error code 5.
2026-09-30 22:32:53,771 [ERROR] LogOutputStream:75 - [STDERR_REDIRECT] 
2026-09-30 22:32:53,771 [ERROR] LogOutputStream:75 - [STDERR_REDIRECT] Sep 30, 2026 10:32:53 PM java.util.prefs.FileSystemPreferences syncWorld
2026-09-30 22:32:53,771 [ERROR] LogOutputStream:75 - [STDERR_REDIRECT] WARNING: Couldn't flush system prefs: java.util.prefs.BackingStoreException: Couldn't get file lock.
2026-09-30 22:32:53,771 [ERROR] LogOutputStream:75 - [STDERR_REDIRECT] 
2026-09-30 22:33:23,771 [ERROR] LogOutputStream:75 - [STDERR_REDIRECT] Sep 30, 2026 10:33:23 PM java.util.prefs.FileSystemPreferences checkLockFile0ErrorCode
2026-09-30 22:33:23,771 [ERROR] LogOutputStream:75 - [STDERR_REDIRECT] WARNING: Could not lock System prefs. Unix error code 5.
2026-09-30 22:33:23,771 [ERROR] LogOutputStream:75 - [STDERR_REDIRECT] 
2026-09-30 22:33:23,771 [ERROR] LogOutputStream:75 - [STDERR_REDIRECT] Sep 30, 2026 10:33:23 PM java.util.prefs.FileSystemPreferences syncWorld
2026-09-30 22:33:23,771 [ERROR] LogOutputStream:75 - [STDERR_REDIRECT] WARNING: Couldn't flush system prefs: java.util.prefs.BackingStoreException: Couldn't get file lock.
2026-09-30 22:33:23,771 [ERROR] LogOutputStream:75 - [STDERR_REDIRECT] 
2026-09-30 22:33:53,772 [ERROR] LogOutputStream:75 - [STDERR_REDIRECT] Sep 30, 2026 10:33:53 PM java.util.prefs.FileSystemPreferences checkLockFile0ErrorCode
2026-09-30 22:33:53,772 [ERROR] LogOutputStream:75 - [STDERR_REDIRECT] WARNING: Could not lock System prefs. Unix error code 5.
2026-09-30 22:33:53,772 [ERROR] LogOutputStream:75 - [STDERR_REDIRECT] 
2026-09-30 22:33:53,773 [ERROR] LogOutputStream:75 - [STDERR_REDIRECT] Sep 30, 2026 10:33:53 PM java.util.prefs.FileSystemPreferences syncWorld
2026-09-30 22:33:53,773 [ERROR] LogOutputStream:75 - [STDERR_REDIRECT] WARNING: Couldn't flush system prefs: java.util.prefs.BackingStoreException: Couldn't get file lock.
2026-09-30 22:33:53,773 [ERROR] LogOutputStream:75 - [STDERR_REDIRECT] 
2026-09-30 22:34:23,771 [ERROR] LogOutputStream:75 - [STDERR_REDIRECT] Sep 30, 2026 10:34:23 PM java.util.prefs.FileSystemPreferences checkLockFile0ErrorCode
2026-09-30 22:34:23,772 [ERROR] LogOutputStream:75 - [STDERR_REDIRECT] WARNING: Could not lock System prefs. Unix error code 5.
2026-09-30 22:34:23,772 [ERROR] LogOutputStream:75 - [STDERR_REDIRECT] 
2026-09-30 22:34:23,772 [ERROR] LogOutputStream:75 - [STDERR_REDIRECT] Sep 30, 2026 10:34:23 PM java.util.prefs.FileSystemPreferences syncWorld
2026-09-30 22:34:23,772 [ERROR] LogOutputStream:75 - [STDERR_REDIRECT] WARNING: Couldn't flush system prefs: java.util.prefs.BackingStoreException: Couldn't get file lock.
2026-09-30 22:34:23,772 [ERROR] LogOutputStream:75 - [STDERR_REDIRECT] 
2026-09-30 22:34:53,772 [ERROR] LogOutputStream:75 - [STDERR_REDIRECT] Sep 30, 2026 10:34:53 PM java.util.prefs.FileSystemPreferences checkLockFile0ErrorCode
2026-09-30 22:34:53,772 [ERROR] LogOutputStream:75 - [STDERR_REDIRECT] WARNING: Could not lock System prefs. Unix error code 5.
2026-09-30 22:34:53,772 [ERROR] LogOutputStream:75 - [STDERR_REDIRECT] 
2026-09-30 22:34:53,772 [ERROR] LogOutputStream:75 - [STDERR_REDIRECT] Sep 30, 2026 10:34:53 PM java.util.prefs.FileSystemPreferences syncWorld
2026-09-30 22:34:53,772 [ERROR] LogOutputStream:75 - [STDERR_REDIRECT] WARNING: Couldn't flush system prefs: java.util.prefs.BackingStoreException: Couldn't get file lock.
2026-09-30 22:34:53,772 [ERROR] LogOutputStream:75 - [STDERR_REDIRECT] 
2026-09-30 22:35:23,772 [ERROR] LogOutputStream:75 - [STDERR_REDIRECT] Sep 30, 2026 10:35:23 PM java.util.prefs.FileSystemPreferences checkLockFile0ErrorCode
2026-09-30 22:35:23,772 [ERROR] LogOutputStream:75 - [STDERR_REDIRECT] WARNING: Could not lock System prefs. Unix error code 5.
2026-09-30 22:35:23,772 [ERROR] LogOutputStream:75 - [STDERR_REDIRECT] 
2026-09-30 22:35:23,773 [ERROR] LogOutputStream:75 - [STDERR_REDIRECT] Sep 30, 2026 10:35:23 PM java.util.prefs.FileSystemPreferences syncWorld
2026-09-30 22:35:23,773 [ERROR] LogOutputStream:75 - [STDERR_REDIRECT] WARNING: Couldn't flush system prefs: java.util.prefs.BackingStoreException: Couldn't get file lock.
2026-09-30 22:35:23,773 [ERROR] LogOutputStream:75 - [STDERR_REDIRECT] 
2026-09-30 22:35:53,771 [ERROR] LogOutputStream:75 - [STDERR_REDIRECT] Sep 30, 2026 10:35:53 PM java.util.prefs.FileSystemPreferences checkLockFile0ErrorCode
2026-09-30 22:35:53,772 [ERROR] LogOutputStream:75 - [STDERR_REDIRECT] WARNING: Could not lock System prefs. Unix error code 5.
2026-09-30 22:35:53,772 [ERROR] LogOutputStream:75 - [STDERR_REDIRECT] 
2026-09-30 22:35:53,772 [ERROR] LogOutputStream:75 - [STDERR_REDIRECT] Sep 30, 2026 10:35:53 PM java.util.prefs.FileSystemPreferences syncWorld
2026-09-30 22:35:53,772 [ERROR] LogOutputStream:75 - [STDERR_REDIRECT] WARNING: Couldn't flush system prefs: java.util.prefs.BackingStoreException: Couldn't get file lock.
2026-09-30 22:35:53,772 [ERROR] LogOutputStream:75 - [STDERR_REDIRECT] 
2026-09-30 22:36:23,772 [ERROR] LogOutputStream:75 - [STDERR_REDIRECT] Sep 30, 2026 10:36:23 PM java.util.prefs.FileSystemPreferences checkLockFile0ErrorCode
2026-09-30 22:36:23,772 [ERROR] LogOutputStream:75 - [STDERR_REDIRECT] WARNING: Could not lock System prefs. Unix error code 5.
2026-09-30 22:36:23,772 [ERROR] LogOutputStream:75 - [STDERR_REDIRECT] 
2026-09-30 22:36:23,772 [ERROR] LogOutputStream:75 - [STDERR_REDIRECT] Sep 30, 2026 10:36:23 PM java.util.prefs.FileSystemPreferences syncWorld
2026-09-30 22:36:23,772 [ERROR] LogOutputStream:75 - [STDERR_REDIRECT] WARNING: Couldn't flush system prefs: java.util.prefs.BackingStoreException: Couldn't get file lock.
2026-09-30 22:36:23,772 [ERROR] LogOutputStream:75 - [STDERR_REDIRECT] 
2026-09-30 22:36:53,772 [ERROR] LogOutputStream:75 - [STDERR_REDIRECT] Sep 30, 2026 10:36:53 PM java.util.prefs.FileSystemPreferences checkLockFile0ErrorCode
2026-09-30 22:36:53,772 [ERROR] LogOutputStream:75 - [STDERR_REDIRECT] WARNING: Could not lock System prefs. Unix error code 5.
2026-09-30 22:36:53,772 [ERROR] LogOutputStream:75 - [STDERR_REDIRECT] 
2026-09-30 22:36:53,772 [ERROR] LogOutputStream:75 - [STDERR_REDIRECT] Sep 30, 2026 10:36:53 PM java.util.prefs.FileSystemPreferences syncWorld
2026-09-30 22:36:53,772 [ERROR] LogOutputStream:75 - [STDERR_REDIRECT] WARNING: Couldn't flush system prefs: java.util.prefs.BackingStoreException: Couldn't get file lock.
2026-09-30 22:36:53,772 [ERROR] LogOutputStream:75 - [STDERR_REDIRECT] 
2026-09-30 22:37:23,772 [ERROR] LogOutputStream:75 - [STDERR_REDIRECT] Sep 30, 2026 10:37:23 PM java.util.prefs.FileSystemPreferences checkLockFile0ErrorCode
2026-09-30 22:37:23,772 [ERROR] LogOutputStream:75 - [STDERR_REDIRECT] WARNING: Could not lock System prefs. Unix error code 5.
2026-09-30 22:37:23,772 [ERROR] LogOutputStream:75 - [STDERR_REDIRECT] 
2026-09-30 22:37:23,773 [ERROR] LogOutputStream:75 - [STDERR_REDIRECT] Sep 30, 2026 10:37:23 PM java.util.prefs.FileSystemPreferences syncWorld
2026-09-30 22:37:23,773 [ERROR] LogOutputStream:75 - [STDERR_REDIRECT] WARNING: Couldn't flush system prefs: java.util.prefs.BackingStoreException: Couldn't get file lock.
2026-09-30 22:37:23,773 [ERROR] LogOutputStream:75 - [STDERR_REDIRECT] 
2026-09-30 22:37:53,772 [ERROR] LogOutputStream:75 - [STDERR_REDIRECT] Sep 30, 2026 10:37:53 PM java.util.prefs.FileSystemPreferences checkLockFile0ErrorCode
2026-09-30 22:37:53,772 [ERROR] LogOutputStream:75 - [STDERR_REDIRECT] WARNING: Could not lock System prefs. Unix error code 5.
2026-09-30 22:37:53,772 [ERROR] LogOutputStream:75 - [STDERR_REDIRECT] 
2026-09-30 22:37:53,773 [ERROR] LogOutputStream:75 - [STDERR_REDIRECT] Sep 30, 2026 10:37:53 PM java.util.prefs.FileSystemPreferences syncWorld
2026-09-30 22:37:53,773 [ERROR] LogOutputStream:75 - [STDERR_REDIRECT] WARNING: Couldn't flush system prefs: java.util.prefs.BackingStoreException: Couldn't get file lock.
2026-09-30 22:37:53,773 [ERROR] LogOutputStream:75 - [STDERR_REDIRECT] 
2026-09-30 22:38:23,773 [ERROR] LogOutputStream:75 - [STDERR_REDIRECT] Sep 30, 2026 10:38:23 PM java.util.prefs.FileSystemPreferences checkLockFile0ErrorCode
2026-09-30 22:38:23,773 [ERROR] LogOutputStream:75 - [STDERR_REDIRECT] WARNING: Could not lock System prefs. Unix error code 5.
2026-09-30 22:38:23,773 [ERROR] LogOutputStream:75 - [STDERR_REDIRECT] 
2026-09-30 22:38:23,773 [ERROR] LogOutputStream:75 - [STDERR_REDIRECT] Sep 30, 2026 10:38:23 PM java.util.prefs.FileSystemPreferences syncWorld
2026-09-30 22:38:23,773 [ERROR] LogOutputStream:75 - [STDERR_REDIRECT] WARNING: Couldn't flush system prefs: java.util.prefs.BackingStoreException: Couldn't get file lock.
2026-09-30 22:38:23,774 [ERROR] LogOutputStream:75 - [STDERR_REDIRECT] 
2026-09-30 22:38:53,773 [ERROR] LogOutputStream:75 - [STDERR_REDIRECT] Sep 30, 2026 10:38:53 PM java.util.prefs.FileSystemPreferences checkLockFile0ErrorCode
2026-09-30 22:38:53,773 [ERROR] LogOutputStream:75 - [STDERR_REDIRECT] WARNING: Could not lock System prefs. Unix error code 5.
2026-09-30 22:38:53,773 [ERROR] LogOutputStream:75 - [STDERR_REDIRECT] 
2026-09-30 22:38:53,774 [ERROR] LogOutputStream:75 - [STDERR_REDIRECT] Sep 30, 2026 10:38:53 PM java.util.prefs.FileSystemPreferences syncWorld
2026-09-30 22:38:53,774 [ERROR] LogOutputStream:75 - [STDERR_REDIRECT] WARNING: Couldn't flush system prefs: java.util.prefs.BackingStoreException: Couldn't get file lock.
2026-09-30 22:38:53,774 [ERROR] LogOutputStream:75 - [STDERR_REDIRECT] 
2026-09-30 22:39:23,773 [ERROR] LogOutputStream:75 - [STDERR_REDIRECT] Sep 30, 2026 10:39:23 PM java.util.prefs.FileSystemPreferences checkLockFile0ErrorCode
2026-09-30 22:39:23,773 [ERROR] LogOutputStream:75 - [STDERR_REDIRECT] WARNING: Could not lock System prefs. Unix error code 5.
2026-09-30 22:39:23,773 [ERROR] LogOutputStream:75 - [STDERR_REDIRECT] 
2026-09-30 22:39:23,774 [ERROR] LogOutputStream:75 - [STDERR_REDIRECT] Sep 30, 2026 10:39:23 PM java.util.prefs.FileSystemPreferences syncWorld
2026-09-30 22:39:23,774 [ERROR] LogOutputStream:75 - [STDERR_REDIRECT] WARNING: Couldn't flush system prefs: java.util.prefs.BackingStoreException: Couldn't get file lock.
2026-09-30 22:39:23,774 [ERROR] LogOutputStream:75 - [STDERR_REDIRECT] 
2026-09-30 22:39:53,773 [ERROR] LogOutputStream:75 - [STDERR_REDIRECT] Sep 30, 2026 10:39:53 PM java.util.prefs.FileSystemPreferences checkLockFile0ErrorCode
2026-09-30 22:39:53,773 [ERROR] LogOutputStream:75 - [STDERR_REDIRECT] WARNING: Could not lock System prefs. Unix error code 5.
2026-09-30 22:39:53,773 [ERROR] LogOutputStream:75 - [STDERR_REDIRECT] 
2026-09-30 22:39:53,773 [ERROR] LogOutputStream:75 - [STDERR_REDIRECT] Sep 30, 2026 10:39:53 PM java.util.prefs.FileSystemPreferences syncWorld
2026-09-30 22:39:53,773 [ERROR] LogOutputStream:75 - [STDERR_REDIRECT] WARNING: Couldn't flush system prefs: java.util.prefs.BackingStoreException: Couldn't get file lock.
2026-09-30 22:39:53,773 [ERROR] LogOutputStream:75 - [STDERR_REDIRECT] 
2026-09-30 22:40:23,773 [ERROR] LogOutputStream:75 - [STDERR_REDIRECT] Sep 30, 2026 10:40:23 PM java.util.prefs.FileSystemPreferences checkLockFile0ErrorCode
2026-09-30 22:40:23,773 [ERROR] LogOutputStream:75 - [STDERR_REDIRECT] WARNING: Could not lock System prefs. Unix error code 5.
2026-09-30 22:40:23,773 [ERROR] LogOutputStream:75 - [STDERR_REDIRECT] 
2026-09-30 22:40:23,773 [ERROR] LogOutputStream:75 - [STDERR_REDIRECT] Sep 30, 2026 10:40:23 PM java.util.prefs.FileSystemPreferences syncWorld
2026-09-30 22:40:23,773 [ERROR] LogOutputStream:75 - [STDERR_REDIRECT] WARNING: Couldn't flush system prefs: java.util.prefs.BackingStoreException: Couldn't get file lock.
2026-09-30 22:40:23,773 [ERROR] LogOutputStream:75 - [STDERR_REDIRECT] 
2026-09-30 22:40:53,773 [ERROR] LogOutputStream:75 - [STDERR_REDIRECT] Sep 30, 2026 10:40:53 PM java.util.prefs.FileSystemPreferences checkLockFile0ErrorCode
2026-09-30 22:40:53,773 [ERROR] LogOutputStream:75 - [STDERR_REDIRECT] WARNING: Could not lock System prefs. Unix error code 5.
2026-09-30 22:40:53,773 [ERROR] LogOutputStream:75 - [STDERR_REDIRECT] 
2026-09-30 22:40:53,773 [ERROR] LogOutputStream:75 - [STDERR_REDIRECT] Sep 30, 2026 10:40:53 PM java.util.prefs.FileSystemPreferences syncWorld
2026-09-30 22:40:53,773 [ERROR] LogOutputStream:75 - [STDERR_REDIRECT] WARNING: Couldn't flush system prefs: java.util.prefs.BackingStoreException: Couldn't get file lock.
2026-09-30 22:40:53,773 [ERROR] LogOutputStream:75 - [STDERR_REDIRECT] 
2026-09-30 22:41:23,773 [ERROR] LogOutputStream:75 - [STDERR_REDIRECT] Sep 30, 2026 10:41:23 PM java.util.prefs.FileSystemPreferences checkLockFile0ErrorCode
2026-09-30 22:41:23,773 [ERROR] LogOutputStream:75 - [STDERR_REDIRECT] WARNING: Could not lock System prefs. Unix error code 5.
2026-09-30 22:41:23,773 [ERROR] LogOutputStream:75 - [STDERR_REDIRECT] 
2026-09-30 22:41:23,773 [ERROR] LogOutputStream:75 - [STDERR_REDIRECT] Sep 30, 2026 10:41:23 PM java.util.prefs.FileSystemPreferences syncWorld
2026-09-30 22:41:23,773 [ERROR] LogOutputStream:75 - [STDERR_REDIRECT] WARNING: Couldn't flush system prefs: java.util.prefs.BackingStoreException: Couldn't get file lock.
2026-09-30 22:41:23,773 [ERROR] LogOutputStream:75 - [STDERR_REDIRECT] 
2026-09-30 22:41:53,773 [ERROR] LogOutputStream:75 - [STDERR_REDIRECT] Sep 30, 2026 10:41:53 PM java.util.prefs.FileSystemPreferences checkLockFile0ErrorCode
2026-09-30 22:41:53,773 [ERROR] LogOutputStream:75 - [STDERR_REDIRECT] WARNING: Could not lock System prefs. Unix error code 5.
2026-09-30 22:41:53,774 [ERROR] LogOutputStream:75 - [STDERR_REDIRECT] 
2026-09-30 22:41:53,774 [ERROR] LogOutputStream:75 - [STDERR_REDIRECT] Sep 30, 2026 10:41:53 PM java.util.prefs.FileSystemPreferences syncWorld
2026-09-30 22:41:53,774 [ERROR] LogOutputStream:75 - [STDERR_REDIRECT] WARNING: Couldn't flush system prefs: java.util.prefs.BackingStoreException: Couldn't get file lock.
2026-09-30 22:41:53,774 [ERROR] LogOutputStream:75 - [STDERR_REDIRECT] 
2026-09-30 22:42:23,774 [ERROR] LogOutputStream:75 - [STDERR_REDIRECT] Sep 30, 2026 10:42:23 PM java.util.prefs.FileSystemPreferences checkLockFile0ErrorCode
2026-09-30 22:42:23,774 [ERROR] LogOutputStream:75 - [STDERR_REDIRECT] WARNING: Could not lock System prefs. Unix error code 5.
2026-09-30 22:42:23,774 [ERROR] LogOutputStream:75 - [STDERR_REDIRECT] 
2026-09-30 22:42:23,775 [ERROR] LogOutputStream:75 - [STDERR_REDIRECT] Sep 30, 2026 10:42:23 PM java.util.prefs.FileSystemPreferences syncWorld
2026-09-30 22:42:23,775 [ERROR] LogOutputStream:75 - [STDERR_REDIRECT] WARNING: Couldn't flush system prefs: java.util.prefs.BackingStoreException: Couldn't get file lock.
2026-09-30 22:42:23,775 [ERROR] LogOutputStream:75 - [STDERR_REDIRECT] 
2026-09-30 22:42:53,775 [ERROR] LogOutputStream:75 - [STDERR_REDIRECT] Sep 30, 2026 10:42:53 PM java.util.prefs.FileSystemPreferences checkLockFile0ErrorCode
2026-09-30 22:42:53,775 [ERROR] LogOutputStream:75 - [STDERR_REDIRECT] WARNING: Could not lock System prefs. Unix error code 5.
2026-09-30 22:42:53,775 [ERROR] LogOutputStream:75 - [STDERR_REDIRECT] 
2026-09-30 22:42:53,775 [ERROR] LogOutputStream:75 - [STDERR_REDIRECT] Sep 30, 2026 10:42:53 PM java.util.prefs.FileSystemPreferences syncWorld
2026-09-30 22:42:53,775 [ERROR] LogOutputStream:75 - [STDERR_REDIRECT] WARNING: Couldn't flush system prefs: java.util.prefs.BackingStoreException: Couldn't get file lock.
2026-09-30 22:42:53,776 [ERROR] LogOutputStream:75 - [STDERR_REDIRECT] 
2026-09-30 22:43:23,774 [ERROR] LogOutputStream:75 - [STDERR_REDIRECT] Sep 30, 2026 10:43:23 PM java.util.prefs.FileSystemPreferences checkLockFile0ErrorCode
2026-09-30 22:43:23,775 [ERROR] LogOutputStream:75 - [STDERR_REDIRECT] WARNING: Could not lock System prefs. Unix error code 5.
2026-09-30 22:43:23,775 [ERROR] LogOutputStream:75 - [STDERR_REDIRECT] 
2026-09-30 22:43:23,775 [ERROR] LogOutputStream:75 - [STDERR_REDIRECT] Sep 30, 2026 10:43:23 PM java.util.prefs.FileSystemPreferences syncWorld
2026-09-30 22:43:23,775 [ERROR] LogOutputStream:75 - [STDERR_REDIRECT] WARNING: Couldn't flush system prefs: java.util.prefs.BackingStoreException: Couldn't get file lock.
2026-09-30 22:43:23,775 [ERROR] LogOutputStream:75 - [STDERR_REDIRECT] 
2026-09-30 22:43:53,775 [ERROR] LogOutputStream:75 - [STDERR_REDIRECT] Sep 30, 2026 10:43:53 PM java.util.prefs.FileSystemPreferences checkLockFile0ErrorCode
2026-09-30 22:43:53,776 [ERROR] LogOutputStream:75 - [STDERR_REDIRECT] WARNING: Could not lock System prefs. Unix error code 5.
2026-09-30 22:43:53,776 [ERROR] LogOutputStream:75 - [STDERR_REDIRECT] 
2026-09-30 22:43:53,776 [ERROR] LogOutputStream:75 - [STDERR_REDIRECT] Sep 30, 2026 10:43:53 PM java.util.prefs.FileSystemPreferences syncWorld
2026-09-30 22:43:53,776 [ERROR] LogOutputStream:75 - [STDERR_REDIRECT] WARNING: Couldn't flush system prefs: java.util.prefs.BackingStoreException: Couldn't get file lock.
2026-09-30 22:43:53,776 [ERROR] LogOutputStream:75 - [STDERR_REDIRECT] 
2026-09-30 22:44:23,775 [ERROR] LogOutputStream:75 - [STDERR_REDIRECT] Sep 30, 2026 10:44:23 PM java.util.prefs.FileSystemPreferences checkLockFile0ErrorCode
2026-09-30 22:44:23,775 [ERROR] LogOutputStream:75 - [STDERR_REDIRECT] WARNING: Could not lock System prefs. Unix error code 5.
2026-09-30 22:44:23,775 [ERROR] LogOutputStream:75 - [STDERR_REDIRECT] 
2026-09-30 22:44:23,775 [ERROR] LogOutputStream:75 - [STDERR_REDIRECT] Sep 30, 2026 10:44:23 PM java.util.prefs.FileSystemPreferences syncWorld
2026-09-30 22:44:23,775 [ERROR] LogOutputStream:75 - [STDERR_REDIRECT] WARNING: Couldn't flush system prefs: java.util.prefs.BackingStoreException: Couldn't get file lock.
2026-09-30 22:44:23,775 [ERROR] LogOutputStream:75 - [STDERR_REDIRECT] 
2026-09-30 22:44:53,775 [ERROR] LogOutputStream:75 - [STDERR_REDIRECT] Sep 30, 2026 10:44:53 PM java.util.prefs.FileSystemPreferences checkLockFile0ErrorCode
2026-09-30 22:44:53,775 [ERROR] LogOutputStream:75 - [STDERR_REDIRECT] WARNING: Could not lock System prefs. Unix error code 5.
2026-09-30 22:44:53,775 [ERROR] LogOutputStream:75 - [STDERR_REDIRECT] 
2026-09-30 22:44:53,775 [ERROR] LogOutputStream:75 - [STDERR_REDIRECT] Sep 30, 2026 10:44:53 PM java.util.prefs.FileSystemPreferences syncWorld
2026-09-30 22:44:53,775 [ERROR] LogOutputStream:75 - [STDERR_REDIRECT] WARNING: Couldn't flush system prefs: java.util.prefs.BackingStoreException: Couldn't get file lock.
2026-09-30 22:44:53,775 [ERROR] LogOutputStream:75 - [STDERR_REDIRECT] 
2026-09-30 22:45:23,775 [ERROR] LogOutputStream:75 - [STDERR_REDIRECT] Sep 30, 2026 10:45:23 PM java.util.prefs.FileSystemPreferences checkLockFile0ErrorCode
2026-09-30 22:45:23,775 [ERROR] LogOutputStream:75 - [STDERR_REDIRECT] WARNING: Could not lock System prefs. Unix error code 5.
2026-09-30 22:45:23,775 [ERROR] LogOutputStream:75 - [STDERR_REDIRECT] 
2026-09-30 22:45:23,776 [ERROR] LogOutputStream:75 - [STDERR_REDIRECT] Sep 30, 2026 10:45:23 PM java.util.prefs.FileSystemPreferences syncWorld
2026-09-30 22:45:23,776 [ERROR] LogOutputStream:75 - [STDERR_REDIRECT] WARNING: Couldn't flush system prefs: java.util.prefs.BackingStoreException: Couldn't get file lock.
2026-09-30 22:45:23,776 [ERROR] LogOutputStream:75 - [STDERR_REDIRECT] 
2026-09-30 22:45:53,775 [ERROR] LogOutputStream:75 - [STDERR_REDIRECT] Sep 30, 2026 10:45:53 PM java.util.prefs.FileSystemPreferences checkLockFile0ErrorCode
2026-09-30 22:45:53,776 [ERROR] LogOutputStream:75 - [STDERR_REDIRECT] WARNING: Could not lock System prefs. Unix error code 5.
2026-09-30 22:45:53,776 [ERROR] LogOutputStream:75 - [STDERR_REDIRECT] 
2026-09-30 22:45:53,776 [ERROR] LogOutputStream:75 - [STDERR_REDIRECT] Sep 30, 2026 10:45:53 PM java.util.prefs.FileSystemPreferences syncWorld
2026-09-30 22:45:53,776 [ERROR] LogOutputStream:75 - [STDERR_REDIRECT] WARNING: Couldn't flush system prefs: java.util.prefs.BackingStoreException: Couldn't get file lock.
2026-09-30 22:45:53,776 [ERROR] LogOutputStream:75 - [STDERR_REDIRECT] 
2026-09-30 22:46:23,776 [ERROR] LogOutputStream:75 - [STDERR_REDIRECT] Sep 30, 2026 10:46:23 PM java.util.prefs.FileSystemPreferences checkLockFile0ErrorCode
2026-09-30 22:46:23,776 [ERROR] LogOutputStream:75 - [STDERR_REDIRECT] WARNING: Could not lock System prefs. Unix error code 5.
2026-09-30 22:46:23,776 [ERROR] LogOutputStream:75 - [STDERR_REDIRECT] 
2026-09-30 22:46:23,776 [ERROR] LogOutputStream:75 - [STDERR_REDIRECT] Sep 30, 2026 10:46:23 PM java.util.prefs.FileSystemPreferences syncWorld
2026-09-30 22:46:23,777 [ERROR] LogOutputStream:75 - [STDERR_REDIRECT] WARNING: Couldn't flush system prefs: java.util.prefs.BackingStoreException: Couldn't get file lock.
2026-09-30 22:46:23,777 [ERROR] LogOutputStream:75 - [STDERR_REDIRECT] 
2026-09-30 22:46:53,775 [ERROR] LogOutputStream:75 - [STDERR_REDIRECT] Sep 30, 2026 10:46:53 PM java.util.prefs.FileSystemPreferences checkLockFile0ErrorCode
2026-09-30 22:46:53,776 [ERROR] LogOutputStream:75 - [STDERR_REDIRECT] WARNING: Could not lock System prefs. Unix error code 5.
2026-09-30 22:46:53,776 [ERROR] LogOutputStream:75 - [STDERR_REDIRECT] 
2026-09-30 22:46:53,776 [ERROR] LogOutputStream:75 - [STDERR_REDIRECT] Sep 30, 2026 10:46:53 PM java.util.prefs.FileSystemPreferences syncWorld
2026-09-30 22:46:53,776 [ERROR] LogOutputStream:75 - [STDERR_REDIRECT] WARNING: Couldn't flush system prefs: java.util.prefs.BackingStoreException: Couldn't get file lock.
2026-09-30 22:46:53,776 [ERROR] LogOutputStream:75 - [STDERR_REDIRECT] 
2026-09-30 22:47:23,776 [ERROR] LogOutputStream:75 - [STDERR_REDIRECT] Sep 30, 2026 10:47:23 PM java.util.prefs.FileSystemPreferences checkLockFile0ErrorCode
2026-09-30 22:47:23,776 [ERROR] LogOutputStream:75 - [STDERR_REDIRECT] WARNING: Could not lock System prefs. Unix error code 5.
2026-09-30 22:47:23,776 [ERROR] LogOutputStream:75 - [STDERR_REDIRECT] 
2026-09-30 22:47:23,777 [ERROR] LogOutputStream:75 - [STDERR_REDIRECT] Sep 30, 2026 10:47:23 PM java.util.prefs.FileSystemPreferences syncWorld
2026-09-30 22:47:23,777 [ERROR] LogOutputStream:75 - [STDERR_REDIRECT] WARNING: Couldn't flush system prefs: java.util.prefs.BackingStoreException: Couldn't get file lock.
2026-09-30 22:47:23,777 [ERROR] LogOutputStream:75 - [STDERR_REDIRECT] 
2026-09-30 22:47:53,776 [ERROR] LogOutputStream:75 - [STDERR_REDIRECT] Sep 30, 2026 10:47:53 PM java.util.prefs.FileSystemPreferences checkLockFile0ErrorCode
2026-09-30 22:47:53,776 [ERROR] LogOutputStream:75 - [STDERR_REDIRECT] WARNING: Could not lock System prefs. Unix error code 5.
2026-09-30 22:47:53,776 [ERROR] LogOutputStream:75 - [STDERR_REDIRECT] 
2026-09-30 22:47:53,776 [ERROR] LogOutputStream:75 - [STDERR_REDIRECT] Sep 30, 2026 10:47:53 PM java.util.prefs.FileSystemPreferences syncWorld
2026-09-30 22:47:53,776 [ERROR] LogOutputStream:75 - [STDERR_REDIRECT] WARNING: Couldn't flush system prefs: java.util.prefs.BackingStoreException: Couldn't get file lock.
2026-09-30 22:47:53,776 [ERROR] LogOutputStream:75 - [STDERR_REDIRECT] 
2026-09-30 22:48:23,776 [ERROR] LogOutputStream:75 - [STDERR_REDIRECT] Sep 30, 2026 10:48:23 PM java.util.prefs.FileSystemPreferences checkLockFile0ErrorCode
2026-09-30 22:48:23,776 [ERROR] LogOutputStream:75 - [STDERR_REDIRECT] WARNING: Could not lock System prefs. Unix error code 5.
2026-09-30 22:48:23,776 [ERROR] LogOutputStream:75 - [STDERR_REDIRECT] 
2026-09-30 22:48:23,776 [ERROR] LogOutputStream:75 - [STDERR_REDIRECT] Sep 30, 2026 10:48:23 PM java.util.prefs.FileSystemPreferences syncWorld
2026-09-30 22:48:23,776 [ERROR] LogOutputStream:75 - [STDERR_REDIRECT] WARNING: Couldn't flush system prefs: java.util.prefs.BackingStoreException: Couldn't get file lock.
2026-09-30 22:48:23,776 [ERROR] LogOutputStream:75 - [STDERR_REDIRECT] 
2026-09-30 22:48:53,776 [ERROR] LogOutputStream:75 - [STDERR_REDIRECT] Sep 30, 2026 10:48:53 PM java.util.prefs.FileSystemPreferences checkLockFile0ErrorCode
2026-09-30 22:48:53,776 [ERROR] LogOutputStream:75 - [STDERR_REDIRECT] WARNING: Could not lock System prefs. Unix error code 5.
2026-09-30 22:48:53,776 [ERROR] LogOutputStream:75 - [STDERR_REDIRECT] 
2026-09-30 22:48:53,776 [ERROR] LogOutputStream:75 - [STDERR_REDIRECT] Sep 30, 2026 10:48:53 PM java.util.prefs.FileSystemPreferences syncWorld
2026-09-30 22:48:53,777 [ERROR] LogOutputStream:75 - [STDERR_REDIRECT] WARNING: Couldn't flush system prefs: java.util.prefs.BackingStoreException: Couldn't get file lock.
2026-09-30 22:48:53,777 [ERROR] LogOutputStream:75 - [STDERR_REDIRECT] 
2026-09-30 22:49:23,777 [ERROR] LogOutputStream:75 - [STDERR_REDIRECT] Sep 30, 2026 10:49:23 PM java.util.prefs.FileSystemPreferences checkLockFile0ErrorCode
2026-09-30 22:49:23,778 [ERROR] LogOutputStream:75 - [STDERR_REDIRECT] WARNING: Could not lock System prefs. Unix error code 5.
2026-09-30 22:49:23,778 [ERROR] LogOutputStream:75 - [STDERR_REDIRECT] 
2026-09-30 22:49:23,778 [ERROR] LogOutputStream:75 - [STDERR_REDIRECT] Sep 30, 2026 10:49:23 PM java.util.prefs.FileSystemPreferences syncWorld
2026-09-30 22:49:23,778 [ERROR] LogOutputStream:75 - [STDERR_REDIRECT] WARNING: Couldn't flush system prefs: java.util.prefs.BackingStoreException: Couldn't get file lock.
2026-09-30 22:49:23,778 [ERROR] LogOutputStream:75 - [STDERR_REDIRECT] 
2026-09-30 22:49:53,777 [ERROR] LogOutputStream:75 - [STDERR_REDIRECT] Sep 30, 2026 10:49:53 PM java.util.prefs.FileSystemPreferences checkLockFile0ErrorCode
2026-09-30 22:49:53,777 [ERROR] LogOutputStream:75 - [STDERR_REDIRECT] WARNING: Could not lock System prefs. Unix error code 5.
2026-09-30 22:49:53,777 [ERROR] LogOutputStream:75 - [STDERR_REDIRECT] 
2026-09-30 22:49:53,777 [ERROR] LogOutputStream:75 - [STDERR_REDIRECT] Sep 30, 2026 10:49:53 PM java.util.prefs.FileSystemPreferences syncWorld
2026-09-30 22:49:53,777 [ERROR] LogOutputStream:75 - [STDERR_REDIRECT] WARNING: Couldn't flush system prefs: java.util.prefs.BackingStoreException: Couldn't get file lock.
2026-09-30 22:49:53,777 [ERROR] LogOutputStream:75 - [STDERR_REDIRECT] 
2026-09-30 22:50:23,777 [ERROR] LogOutputStream:75 - [STDERR_REDIRECT] Sep 30, 2026 10:50:23 PM java.util.prefs.FileSystemPreferences checkLockFile0ErrorCode
2026-09-30 22:50:23,777 [ERROR] LogOutputStream:75 - [STDERR_REDIRECT] WARNING: Could not lock System prefs. Unix error code 5.
2026-09-30 22:50:23,777 [ERROR] LogOutputStream:75 - [STDERR_REDIRECT] 
2026-09-30 22:50:23,778 [ERROR] LogOutputStream:75 - [STDERR_REDIRECT] Sep 30, 2026 10:50:23 PM java.util.prefs.FileSystemPreferences syncWorld
2026-09-30 22:50:23,778 [ERROR] LogOutputStream:75 - [STDERR_REDIRECT] WARNING: Couldn't flush system prefs: java.util.prefs.BackingStoreException: Couldn't get file lock.
2026-09-30 22:50:23,778 [ERROR] LogOutputStream:75 - [STDERR_REDIRECT] 
2026-09-30 22:50:53,776 [ERROR] LogOutputStream:75 - [STDERR_REDIRECT] Sep 30, 2026 10:50:53 PM java.util.prefs.FileSystemPreferences checkLockFile0ErrorCode
2026-09-30 22:50:53,777 [ERROR] LogOutputStream:75 - [STDERR_REDIRECT] WARNING: Could not lock System prefs. Unix error code 5.
2026-09-30 22:50:53,777 [ERROR] LogOutputStream:75 - [STDERR_REDIRECT] 
2026-09-30 22:50:53,777 [ERROR] LogOutputStream:75 - [STDERR_REDIRECT] Sep 30, 2026 10:50:53 PM java.util.prefs.FileSystemPreferences syncWorld
2026-09-30 22:50:53,777 [ERROR] LogOutputStream:75 - [STDERR_REDIRECT] WARNING: Couldn't flush system prefs: java.util.prefs.BackingStoreException: Couldn't get file lock.
2026-09-30 22:50:53,777 [ERROR] LogOutputStream:75 - [STDERR_REDIRECT] 
2026-09-30 22:51:23,777 [ERROR] LogOutputStream:75 - [STDERR_REDIRECT] Sep 30, 2026 10:51:23 PM java.util.prefs.FileSystemPreferences checkLockFile0ErrorCode
2026-09-30 22:51:23,777 [ERROR] LogOutputStream:75 - [STDERR_REDIRECT] WARNING: Could not lock System prefs. Unix error code 5.
2026-09-30 22:51:23,777 [ERROR] LogOutputStream:75 - [STDERR_REDIRECT] 
2026-09-30 22:51:23,778 [ERROR] LogOutputStream:75 - [STDERR_REDIRECT] Sep 30, 2026 10:51:23 PM java.util.prefs.FileSystemPreferences syncWorld
2026-09-30 22:51:23,778 [ERROR] LogOutputStream:75 - [STDERR_REDIRECT] WARNING: Couldn't flush system prefs: java.util.prefs.BackingStoreException: Couldn't get file lock.
2026-09-30 22:51:23,778 [ERROR] LogOutputStream:75 - [STDERR_REDIRECT] 
2026-09-30 22:51:53,776 [ERROR] LogOutputStream:75 - [STDERR_REDIRECT] Sep 30, 2026 10:51:53 PM java.util.prefs.FileSystemPreferences checkLockFile0ErrorCode
2026-09-30 22:51:53,777 [ERROR] LogOutputStream:75 - [STDERR_REDIRECT] WARNING: Could not lock System prefs. Unix error code 5.
2026-09-30 22:51:53,777 [ERROR] LogOutputStream:75 - [STDERR_REDIRECT] 
2026-09-30 22:51:53,777 [ERROR] LogOutputStream:75 - [STDERR_REDIRECT] Sep 30, 2026 10:51:53 PM java.util.prefs.FileSystemPreferences syncWorld
2026-09-30 22:51:53,777 [ERROR] LogOutputStream:75 - [STDERR_REDIRECT] WARNING: Couldn't flush system prefs: java.util.prefs.BackingStoreException: Couldn't get file lock.
2026-09-30 22:51:53,777 [ERROR] LogOutputStream:75 - [STDERR_REDIRECT] 
