2026-09-05 06:36:35,716 [ERROR] LogOutputStream:75 - [STDERR_REDIRECT] Sep 05, 2026 6:36:35 AM java.util.prefs.FileSystemPreferences checkLockFile0ErrorCode
2026-09-05 06:36:35,720 [ERROR] LogOutputStream:75 - [STDERR_REDIRECT] WARNING: Could not lock System prefs. Unix error code 31840.
2026-09-05 06:36:35,720 [ERROR] LogOutputStream:75 - [STDERR_REDIRECT] 
2026-09-05 06:36:35,720 [ERROR] LogOutputStream:75 - [STDERR_REDIRECT] Sep 05, 2026 6:36:35 AM java.util.prefs.FileSystemPreferences syncWorld
2026-09-05 06:36:35,720 [ERROR] LogOutputStream:75 - [STDERR_REDIRECT] WARNING: Couldn't flush system prefs: java.util.prefs.BackingStoreException: Couldn't get file lock.
2026-09-05 06:36:35,720 [ERROR] LogOutputStream:75 - [STDERR_REDIRECT] 
2026-09-05 06:37:05,716 [ERROR] LogOutputStream:75 - [STDERR_REDIRECT] Sep 05, 2026 6:37:05 AM java.util.prefs.FileSystemPreferences checkLockFile0ErrorCode
2026-09-05 06:37:05,716 [ERROR] LogOutputStream:75 - [STDERR_REDIRECT] WARNING: Could not lock System prefs. Unix error code 31840.
2026-09-05 06:37:05,716 [ERROR] LogOutputStream:75 - [STDERR_REDIRECT] 
2026-09-05 06:37:05,717 [ERROR] LogOutputStream:75 - [STDERR_REDIRECT] Sep 05, 2026 6:37:05 AM java.util.prefs.FileSystemPreferences syncWorld
2026-09-05 06:37:05,717 [ERROR] LogOutputStream:75 - [STDERR_REDIRECT] WARNING: Couldn't flush system prefs: java.util.prefs.BackingStoreException: Couldn't get file lock.
2026-09-05 06:37:05,717 [ERROR] LogOutputStream:75 - [STDERR_REDIRECT] 
2026-09-05 06:37:35,716 [ERROR] LogOutputStream:75 - [STDERR_REDIRECT] Sep 05, 2026 6:37:35 AM java.util.prefs.FileSystemPreferences checkLockFile0ErrorCode
2026-09-05 06:37:35,717 [ERROR] LogOutputStream:75 - [STDERR_REDIRECT] WARNING: Could not lock System prefs. Unix error code 31840.
2026-09-05 06:37:35,717 [ERROR] LogOutputStream:75 - [STDERR_REDIRECT] 
2026-09-05 06:37:35,717 [ERROR] LogOutputStream:75 - [STDERR_REDIRECT] Sep 05, 2026 6:37:35 AM java.util.prefs.FileSystemPreferences syncWorld
2026-09-05 06:37:35,717 [ERROR] LogOutputStream:75 - [STDERR_REDIRECT] WARNING: Couldn't flush system prefs: java.util.prefs.BackingStoreException: Couldn't get file lock.
2026-09-05 06:37:35,717 [ERROR] LogOutputStream:75 - [STDERR_REDIRECT] 
2026-09-05 06:38:05,717 [ERROR] LogOutputStream:75 - [STDERR_REDIRECT] Sep 05, 2026 6:38:05 AM java.util.prefs.FileSystemPreferences checkLockFile0ErrorCode
2026-09-05 06:38:05,717 [ERROR] LogOutputStream:75 - [STDERR_REDIRECT] WARNING: Could not lock System prefs. Unix error code 31840.
2026-09-05 06:38:05,717 [ERROR] LogOutputStream:75 - [STDERR_REDIRECT] 
2026-09-05 06:38:05,718 [ERROR] LogOutputStream:75 - [STDERR_REDIRECT] Sep 05, 2026 6:38:05 AM java.util.prefs.FileSystemPreferences syncWorld
2026-09-05 06:38:05,718 [ERROR] LogOutputStream:75 - [STDERR_REDIRECT] WARNING: Couldn't flush system prefs: java.util.prefs.BackingStoreException: Couldn't get file lock.
2026-09-05 06:38:05,718 [ERROR] LogOutputStream:75 - [STDERR_REDIRECT] 
2026-09-05 06:38:35,717 [ERROR] LogOutputStream:75 - [STDERR_REDIRECT] Sep 05, 2026 6:38:35 AM java.util.prefs.FileSystemPreferences checkLockFile0ErrorCode
2026-09-05 06:38:35,717 [ERROR] LogOutputStream:75 - [STDERR_REDIRECT] WARNING: Could not lock System prefs. Unix error code 31840.
2026-09-05 06:38:35,717 [ERROR] LogOutputStream:75 - [STDERR_REDIRECT] 
2026-09-05 06:38:35,718 [ERROR] LogOutputStream:75 - [STDERR_REDIRECT] Sep 05, 2026 6:38:35 AM java.util.prefs.FileSystemPreferences syncWorld
2026-09-05 06:38:35,718 [ERROR] LogOutputStream:75 - [STDERR_REDIRECT] WARNING: Couldn't flush system prefs: java.util.prefs.BackingStoreException: Couldn't get file lock.
2026-09-05 06:38:35,718 [ERROR] LogOutputStream:75 - [STDERR_REDIRECT] 
2026-09-05 06:39:05,718 [ERROR] LogOutputStream:75 - [STDERR_REDIRECT] Sep 05, 2026 6:39:05 AM java.util.prefs.FileSystemPreferences checkLockFile0ErrorCode
2026-09-05 06:39:05,718 [ERROR] LogOutputStream:75 - [STDERR_REDIRECT] WARNING: Could not lock System prefs. Unix error code 31840.
2026-09-05 06:39:05,718 [ERROR] LogOutputStream:75 - [STDERR_REDIRECT] 
2026-09-05 06:39:05,718 [ERROR] LogOutputStream:75 - [STDERR_REDIRECT] Sep 05, 2026 6:39:05 AM java.util.prefs.FileSystemPreferences syncWorld
2026-09-05 06:39:05,718 [ERROR] LogOutputStream:75 - [STDERR_REDIRECT] WARNING: Couldn't flush system prefs: java.util.prefs.BackingStoreException: Couldn't get file lock.
2026-09-05 06:39:05,719 [ERROR] LogOutputStream:75 - [STDERR_REDIRECT] 
2026-09-05 06:39:35,717 [ERROR] LogOutputStream:75 - [STDERR_REDIRECT] Sep 05, 2026 6:39:35 AM java.util.prefs.FileSystemPreferences checkLockFile0ErrorCode
2026-09-05 06:39:35,717 [ERROR] LogOutputStream:75 - [STDERR_REDIRECT] WARNING: Could not lock System prefs. Unix error code 31840.
2026-09-05 06:39:35,717 [ERROR] LogOutputStream:75 - [STDERR_REDIRECT] 
2026-09-05 06:39:35,718 [ERROR] LogOutputStream:75 - [STDERR_REDIRECT] Sep 05, 2026 6:39:35 AM java.util.prefs.FileSystemPreferences syncWorld
2026-09-05 06:39:35,718 [ERROR] LogOutputStream:75 - [STDERR_REDIRECT] WARNING: Couldn't flush system prefs: java.util.prefs.BackingStoreException: Couldn't get file lock.
2026-09-05 06:39:35,718 [ERROR] LogOutputStream:75 - [STDERR_REDIRECT] 
2026-09-05 06:40:05,717 [ERROR] LogOutputStream:75 - [STDERR_REDIRECT] Sep 05, 2026 6:40:05 AM java.util.prefs.FileSystemPreferences checkLockFile0ErrorCode
2026-09-05 06:40:05,717 [ERROR] LogOutputStream:75 - [STDERR_REDIRECT] WARNING: Could not lock System prefs. Unix error code 31840.
2026-09-05 06:40:05,718 [ERROR] LogOutputStream:75 - [STDERR_REDIRECT] 
2026-09-05 06:40:05,718 [ERROR] LogOutputStream:75 - [STDERR_REDIRECT] Sep 05, 2026 6:40:05 AM java.util.prefs.FileSystemPreferences syncWorld
2026-09-05 06:40:05,718 [ERROR] LogOutputStream:75 - [STDERR_REDIRECT] WARNING: Couldn't flush system prefs: java.util.prefs.BackingStoreException: Couldn't get file lock.
2026-09-05 06:40:05,718 [ERROR] LogOutputStream:75 - [STDERR_REDIRECT] 
2026-09-05 06:40:35,717 [ERROR] LogOutputStream:75 - [STDERR_REDIRECT] Sep 05, 2026 6:40:35 AM java.util.prefs.FileSystemPreferences checkLockFile0ErrorCode
2026-09-05 06:40:35,717 [ERROR] LogOutputStream:75 - [STDERR_REDIRECT] WARNING: Could not lock System prefs. Unix error code 31840.
2026-09-05 06:40:35,717 [ERROR] LogOutputStream:75 - [STDERR_REDIRECT] 
2026-09-05 06:40:35,718 [ERROR] LogOutputStream:75 - [STDERR_REDIRECT] Sep 05, 2026 6:40:35 AM java.util.prefs.FileSystemPreferences syncWorld
2026-09-05 06:40:35,718 [ERROR] LogOutputStream:75 - [STDERR_REDIRECT] WARNING: Couldn't flush system prefs: java.util.prefs.BackingStoreException: Couldn't get file lock.
2026-09-05 06:40:35,718 [ERROR] LogOutputStream:75 - [STDERR_REDIRECT] 
2026-09-05 06:41:05,718 [ERROR] LogOutputStream:75 - [STDERR_REDIRECT] Sep 05, 2026 6:41:05 AM java.util.prefs.FileSystemPreferences checkLockFile0ErrorCode
2026-09-05 06:41:05,718 [ERROR] LogOutputStream:75 - [STDERR_REDIRECT] WARNING: Could not lock System prefs. Unix error code 31840.
2026-09-05 06:41:05,718 [ERROR] LogOutputStream:75 - [STDERR_REDIRECT] 
2026-09-05 06:41:05,718 [ERROR] LogOutputStream:75 - [STDERR_REDIRECT] Sep 05, 2026 6:41:05 AM java.util.prefs.FileSystemPreferences syncWorld
2026-09-05 06:41:05,719 [ERROR] LogOutputStream:75 - [STDERR_REDIRECT] WARNING: Couldn't flush system prefs: java.util.prefs.BackingStoreException: Couldn't get file lock.
2026-09-05 06:41:05,719 [ERROR] LogOutputStream:75 - [STDERR_REDIRECT] 
2026-09-05 06:41:35,717 [ERROR] LogOutputStream:75 - [STDERR_REDIRECT] Sep 05, 2026 6:41:35 AM java.util.prefs.FileSystemPreferences checkLockFile0ErrorCode
2026-09-05 06:41:35,718 [ERROR] LogOutputStream:75 - [STDERR_REDIRECT] WARNING: Could not lock System prefs. Unix error code 31840.
2026-09-05 06:41:35,718 [ERROR] LogOutputStream:75 - [STDERR_REDIRECT] 
2026-09-05 06:41:35,718 [ERROR] LogOutputStream:75 - [STDERR_REDIRECT] Sep 05, 2026 6:41:35 AM java.util.prefs.FileSystemPreferences syncWorld
2026-09-05 06:41:35,718 [ERROR] LogOutputStream:75 - [STDERR_REDIRECT] WARNING: Couldn't flush system prefs: java.util.prefs.BackingStoreException: Couldn't get file lock.
2026-09-05 06:41:35,718 [ERROR] LogOutputStream:75 - [STDERR_REDIRECT] 
2026-09-05 06:42:05,718 [ERROR] LogOutputStream:75 - [STDERR_REDIRECT] Sep 05, 2026 6:42:05 AM java.util.prefs.FileSystemPreferences checkLockFile0ErrorCode
2026-09-05 06:42:05,718 [ERROR] LogOutputStream:75 - [STDERR_REDIRECT] WARNING: Could not lock System prefs. Unix error code 31840.
2026-09-05 06:42:05,718 [ERROR] LogOutputStream:75 - [STDERR_REDIRECT] 
2026-09-05 06:42:05,719 [ERROR] LogOutputStream:75 - [STDERR_REDIRECT] Sep 05, 2026 6:42:05 AM java.util.prefs.FileSystemPreferences syncWorld
2026-09-05 06:42:05,719 [ERROR] LogOutputStream:75 - [STDERR_REDIRECT] WARNING: Couldn't flush system prefs: java.util.prefs.BackingStoreException: Couldn't get file lock.
2026-09-05 06:42:05,719 [ERROR] LogOutputStream:75 - [STDERR_REDIRECT] 
2026-09-05 06:42:35,718 [ERROR] LogOutputStream:75 - [STDERR_REDIRECT] Sep 05, 2026 6:42:35 AM java.util.prefs.FileSystemPreferences checkLockFile0ErrorCode
2026-09-05 06:42:35,719 [ERROR] LogOutputStream:75 - [STDERR_REDIRECT] WARNING: Could not lock System prefs. Unix error code 31840.
2026-09-05 06:42:35,719 [ERROR] LogOutputStream:75 - [STDERR_REDIRECT] 
2026-09-05 06:42:35,719 [ERROR] LogOutputStream:75 - [STDERR_REDIRECT] Sep 05, 2026 6:42:35 AM java.util.prefs.FileSystemPreferences syncWorld
2026-09-05 06:42:35,719 [ERROR] LogOutputStream:75 - [STDERR_REDIRECT] WARNING: Couldn't flush system prefs: java.util.prefs.BackingStoreException: Couldn't get file lock.
2026-09-05 06:42:35,719 [ERROR] LogOutputStream:75 - [STDERR_REDIRECT] 
2026-09-05 06:43:05,719 [ERROR] LogOutputStream:75 - [STDERR_REDIRECT] Sep 05, 2026 6:43:05 AM java.util.prefs.FileSystemPreferences checkLockFile0ErrorCode
2026-09-05 06:43:05,719 [ERROR] LogOutputStream:75 - [STDERR_REDIRECT] WARNING: Could not lock System prefs. Unix error code 31840.
2026-09-05 06:43:05,719 [ERROR] LogOutputStream:75 - [STDERR_REDIRECT] 
2026-09-05 06:43:05,720 [ERROR] LogOutputStream:75 - [STDERR_REDIRECT] Sep 05, 2026 6:43:05 AM java.util.prefs.FileSystemPreferences syncWorld
2026-09-05 06:43:05,720 [ERROR] LogOutputStream:75 - [STDERR_REDIRECT] WARNING: Couldn't flush system prefs: java.util.prefs.BackingStoreException: Couldn't get file lock.
2026-09-05 06:43:05,720 [ERROR] LogOutputStream:75 - [STDERR_REDIRECT] 
2026-09-05 06:43:35,719 [ERROR] LogOutputStream:75 - [STDERR_REDIRECT] Sep 05, 2026 6:43:35 AM java.util.prefs.FileSystemPreferences checkLockFile0ErrorCode
2026-09-05 06:43:35,720 [ERROR] LogOutputStream:75 - [STDERR_REDIRECT] WARNING: Could not lock System prefs. Unix error code 31840.
2026-09-05 06:43:35,720 [ERROR] LogOutputStream:75 - [STDERR_REDIRECT] 
2026-09-05 06:43:35,720 [ERROR] LogOutputStream:75 - [STDERR_REDIRECT] Sep 05, 2026 6:43:35 AM java.util.prefs.FileSystemPreferences syncWorld
2026-09-05 06:43:35,720 [ERROR] LogOutputStream:75 - [STDERR_REDIRECT] WARNING: Couldn't flush system prefs: java.util.prefs.BackingStoreException: Couldn't get file lock.
2026-09-05 06:43:35,720 [ERROR] LogOutputStream:75 - [STDERR_REDIRECT] 
2026-09-05 06:44:05,720 [ERROR] LogOutputStream:75 - [STDERR_REDIRECT] Sep 05, 2026 6:44:05 AM java.util.prefs.FileSystemPreferences checkLockFile0ErrorCode
2026-09-05 06:44:05,720 [ERROR] LogOutputStream:75 - [STDERR_REDIRECT] WARNING: Could not lock System prefs. Unix error code 31840.
2026-09-05 06:44:05,720 [ERROR] LogOutputStream:75 - [STDERR_REDIRECT] 
2026-09-05 06:44:05,721 [ERROR] LogOutputStream:75 - [STDERR_REDIRECT] Sep 05, 2026 6:44:05 AM java.util.prefs.FileSystemPreferences syncWorld
2026-09-05 06:44:05,721 [ERROR] LogOutputStream:75 - [STDERR_REDIRECT] WARNING: Couldn't flush system prefs: java.util.prefs.BackingStoreException: Couldn't get file lock.
2026-09-05 06:44:05,721 [ERROR] LogOutputStream:75 - [STDERR_REDIRECT] 
2026-09-05 06:44:35,720 [ERROR] LogOutputStream:75 - [STDERR_REDIRECT] Sep 05, 2026 6:44:35 AM java.util.prefs.FileSystemPreferences checkLockFile0ErrorCode
2026-09-05 06:44:35,720 [ERROR] LogOutputStream:75 - [STDERR_REDIRECT] WARNING: Could not lock System prefs. Unix error code 31840.
2026-09-05 06:44:35,720 [ERROR] LogOutputStream:75 - [STDERR_REDIRECT] 
2026-09-05 06:44:35,720 [ERROR] LogOutputStream:75 - [STDERR_REDIRECT] Sep 05, 2026 6:44:35 AM java.util.prefs.FileSystemPreferences syncWorld
2026-09-05 06:44:35,721 [ERROR] LogOutputStream:75 - [STDERR_REDIRECT] WARNING: Couldn't flush system prefs: java.util.prefs.BackingStoreException: Couldn't get file lock.
2026-09-05 06:44:35,721 [ERROR] LogOutputStream:75 - [STDERR_REDIRECT] 
2026-09-05 06:45:05,719 [ERROR] LogOutputStream:75 - [STDERR_REDIRECT] Sep 05, 2026 6:45:05 AM java.util.prefs.FileSystemPreferences checkLockFile0ErrorCode
2026-09-05 06:45:05,719 [ERROR] LogOutputStream:75 - [STDERR_REDIRECT] WARNING: Could not lock System prefs. Unix error code 31840.
2026-09-05 06:45:05,719 [ERROR] LogOutputStream:75 - [STDERR_REDIRECT] 
2026-09-05 06:45:05,720 [ERROR] LogOutputStream:75 - [STDERR_REDIRECT] Sep 05, 2026 6:45:05 AM java.util.prefs.FileSystemPreferences syncWorld
2026-09-05 06:45:05,720 [ERROR] LogOutputStream:75 - [STDERR_REDIRECT] WARNING: Couldn't flush system prefs: java.util.prefs.BackingStoreException: Couldn't get file lock.
2026-09-05 06:45:05,720 [ERROR] LogOutputStream:75 - [STDERR_REDIRECT] 
2026-09-05 06:45:35,719 [ERROR] LogOutputStream:75 - [STDERR_REDIRECT] Sep 05, 2026 6:45:35 AM java.util.prefs.FileSystemPreferences checkLockFile0ErrorCode
2026-09-05 06:45:35,719 [ERROR] LogOutputStream:75 - [STDERR_REDIRECT] WARNING: Could not lock System prefs. Unix error code 31840.
2026-09-05 06:45:35,719 [ERROR] LogOutputStream:75 - [STDERR_REDIRECT] 
2026-09-05 06:45:35,720 [ERROR] LogOutputStream:75 - [STDERR_REDIRECT] Sep 05, 2026 6:45:35 AM java.util.prefs.FileSystemPreferences syncWorld
2026-09-05 06:45:35,720 [ERROR] LogOutputStream:75 - [STDERR_REDIRECT] WARNING: Couldn't flush system prefs: java.util.prefs.BackingStoreException: Couldn't get file lock.
2026-09-05 06:45:35,720 [ERROR] LogOutputStream:75 - [STDERR_REDIRECT] 
2026-09-05 06:46:05,719 [ERROR] LogOutputStream:75 - [STDERR_REDIRECT] Sep 05, 2026 6:46:05 AM java.util.prefs.FileSystemPreferences checkLockFile0ErrorCode
2026-09-05 06:46:05,720 [ERROR] LogOutputStream:75 - [STDERR_REDIRECT] WARNING: Could not lock System prefs. Unix error code 31840.
2026-09-05 06:46:05,720 [ERROR] LogOutputStream:75 - [STDERR_REDIRECT] 
2026-09-05 06:46:05,720 [ERROR] LogOutputStream:75 - [STDERR_REDIRECT] Sep 05, 2026 6:46:05 AM java.util.prefs.FileSystemPreferences syncWorld
2026-09-05 06:46:05,720 [ERROR] LogOutputStream:75 - [STDERR_REDIRECT] WARNING: Couldn't flush system prefs: java.util.prefs.BackingStoreException: Couldn't get file lock.
2026-09-05 06:46:05,720 [ERROR] LogOutputStream:75 - [STDERR_REDIRECT] 
2026-09-05 06:46:35,719 [ERROR] LogOutputStream:75 - [STDERR_REDIRECT] Sep 05, 2026 6:46:35 AM java.util.prefs.FileSystemPreferences checkLockFile0ErrorCode
2026-09-05 06:46:35,720 [ERROR] LogOutputStream:75 - [STDERR_REDIRECT] WARNING: Could not lock System prefs. Unix error code 31840.
2026-09-05 06:46:35,720 [ERROR] LogOutputStream:75 - [STDERR_REDIRECT] 
2026-09-05 06:46:35,720 [ERROR] LogOutputStream:75 - [STDERR_REDIRECT] Sep 05, 2026 6:46:35 AM java.util.prefs.FileSystemPreferences syncWorld
2026-09-05 06:46:35,720 [ERROR] LogOutputStream:75 - [STDERR_REDIRECT] WARNING: Couldn't flush system prefs: java.util.prefs.BackingStoreException: Couldn't get file lock.
2026-09-05 06:46:35,720 [ERROR] LogOutputStream:75 - [STDERR_REDIRECT] 
2026-09-05 06:47:05,720 [ERROR] LogOutputStream:75 - [STDERR_REDIRECT] Sep 05, 2026 6:47:05 AM java.util.prefs.FileSystemPreferences checkLockFile0ErrorCode
2026-09-05 06:47:05,721 [ERROR] LogOutputStream:75 - [STDERR_REDIRECT] WARNING: Could not lock System prefs. Unix error code 31840.
2026-09-05 06:47:05,721 [ERROR] LogOutputStream:75 - [STDERR_REDIRECT] 
2026-09-05 06:47:05,721 [ERROR] LogOutputStream:75 - [STDERR_REDIRECT] Sep 05, 2026 6:47:05 AM java.util.prefs.FileSystemPreferences syncWorld
2026-09-05 06:47:05,721 [ERROR] LogOutputStream:75 - [STDERR_REDIRECT] WARNING: Couldn't flush system prefs: java.util.prefs.BackingStoreException: Couldn't get file lock.
2026-09-05 06:47:05,721 [ERROR] LogOutputStream:75 - [STDERR_REDIRECT] 
2026-09-05 06:47:35,722 [ERROR] LogOutputStream:75 - [STDERR_REDIRECT] Sep 05, 2026 6:47:35 AM java.util.prefs.FileSystemPreferences checkLockFile0ErrorCode
2026-09-05 06:47:35,722 [ERROR] LogOutputStream:75 - [STDERR_REDIRECT] WARNING: Could not lock System prefs. Unix error code 31840.
2026-09-05 06:47:35,722 [ERROR] LogOutputStream:75 - [STDERR_REDIRECT] 
2026-09-05 06:47:35,723 [ERROR] LogOutputStream:75 - [STDERR_REDIRECT] Sep 05, 2026 6:47:35 AM java.util.prefs.FileSystemPreferences syncWorld
2026-09-05 06:47:35,723 [ERROR] LogOutputStream:75 - [STDERR_REDIRECT] WARNING: Couldn't flush system prefs: java.util.prefs.BackingStoreException: Couldn't get file lock.
2026-09-05 06:47:35,723 [ERROR] LogOutputStream:75 - [STDERR_REDIRECT] 
2026-09-05 06:48:05,722 [ERROR] LogOutputStream:75 - [STDERR_REDIRECT] Sep 05, 2026 6:48:05 AM java.util.prefs.FileSystemPreferences checkLockFile0ErrorCode
2026-09-05 06:48:05,723 [ERROR] LogOutputStream:75 - [STDERR_REDIRECT] WARNING: Could not lock System prefs. Unix error code 31840.
2026-09-05 06:48:05,723 [ERROR] LogOutputStream:75 - [STDERR_REDIRECT] 
2026-09-05 06:48:05,723 [ERROR] LogOutputStream:75 - [STDERR_REDIRECT] Sep 05, 2026 6:48:05 AM java.util.prefs.FileSystemPreferences syncWorld
2026-09-05 06:48:05,723 [ERROR] LogOutputStream:75 - [STDERR_REDIRECT] WARNING: Couldn't flush system prefs: java.util.prefs.BackingStoreException: Couldn't get file lock.
2026-09-05 06:48:05,723 [ERROR] LogOutputStream:75 - [STDERR_REDIRECT] 
2026-09-05 06:48:35,723 [ERROR] LogOutputStream:75 - [STDERR_REDIRECT] Sep 05, 2026 6:48:35 AM java.util.prefs.FileSystemPreferences checkLockFile0ErrorCode
2026-09-05 06:48:35,723 [ERROR] LogOutputStream:75 - [STDERR_REDIRECT] WARNING: Could not lock System prefs. Unix error code 31840.
2026-09-05 06:48:35,723 [ERROR] LogOutputStream:75 - [STDERR_REDIRECT] 
2026-09-05 06:48:35,724 [ERROR] LogOutputStream:75 - [STDERR_REDIRECT] Sep 05, 2026 6:48:35 AM java.util.prefs.FileSystemPreferences syncWorld
2026-09-05 06:48:35,724 [ERROR] LogOutputStream:75 - [STDERR_REDIRECT] WARNING: Couldn't flush system prefs: java.util.prefs.BackingStoreException: Couldn't get file lock.
2026-09-05 06:48:35,724 [ERROR] LogOutputStream:75 - [STDERR_REDIRECT] 
2026-09-05 06:49:05,723 [ERROR] LogOutputStream:75 - [STDERR_REDIRECT] Sep 05, 2026 6:49:05 AM java.util.prefs.FileSystemPreferences checkLockFile0ErrorCode
2026-09-05 06:49:05,724 [ERROR] LogOutputStream:75 - [STDERR_REDIRECT] WARNING: Could not lock System prefs. Unix error code 31840.
2026-09-05 06:49:05,724 [ERROR] LogOutputStream:75 - [STDERR_REDIRECT] 
2026-09-05 06:49:05,724 [ERROR] LogOutputStream:75 - [STDERR_REDIRECT] Sep 05, 2026 6:49:05 AM java.util.prefs.FileSystemPreferences syncWorld
2026-09-05 06:49:05,724 [ERROR] LogOutputStream:75 - [STDERR_REDIRECT] WARNING: Couldn't flush system prefs: java.util.prefs.BackingStoreException: Couldn't get file lock.
2026-09-05 06:49:05,724 [ERROR] LogOutputStream:75 - [STDERR_REDIRECT] 
2026-09-05 06:49:35,724 [ERROR] LogOutputStream:75 - [STDERR_REDIRECT] Sep 05, 2026 6:49:35 AM java.util.prefs.FileSystemPreferences checkLockFile0ErrorCode
2026-09-05 06:49:35,724 [ERROR] LogOutputStream:75 - [STDERR_REDIRECT] WARNING: Could not lock System prefs. Unix error code 31840.
2026-09-05 06:49:35,724 [ERROR] LogOutputStream:75 - [STDERR_REDIRECT] 
2026-09-05 06:49:35,724 [ERROR] LogOutputStream:75 - [STDERR_REDIRECT] Sep 05, 2026 6:49:35 AM java.util.prefs.FileSystemPreferences syncWorld
2026-09-05 06:49:35,725 [ERROR] LogOutputStream:75 - [STDERR_REDIRECT] WARNING: Couldn't flush system prefs: java.util.prefs.BackingStoreException: Couldn't get file lock.
2026-09-05 06:49:35,725 [ERROR] LogOutputStream:75 - [STDERR_REDIRECT] 
2026-09-05 06:50:05,724 [ERROR] LogOutputStream:75 - [STDERR_REDIRECT] Sep 05, 2026 6:50:05 AM java.util.prefs.FileSystemPreferences checkLockFile0ErrorCode
2026-09-05 06:50:05,725 [ERROR] LogOutputStream:75 - [STDERR_REDIRECT] WARNING: Could not lock System prefs. Unix error code 31840.
2026-09-05 06:50:05,725 [ERROR] LogOutputStream:75 - [STDERR_REDIRECT] 
2026-09-05 06:50:05,725 [ERROR] LogOutputStream:75 - [STDERR_REDIRECT] Sep 05, 2026 6:50:05 AM java.util.prefs.FileSystemPreferences syncWorld
2026-09-05 06:50:05,725 [ERROR] LogOutputStream:75 - [STDERR_REDIRECT] WARNING: Couldn't flush system prefs: java.util.prefs.BackingStoreException: Couldn't get file lock.
2026-09-05 06:50:05,725 [ERROR] LogOutputStream:75 - [STDERR_REDIRECT] 
2026-09-05 06:50:35,724 [ERROR] LogOutputStream:75 - [STDERR_REDIRECT] Sep 05, 2026 6:50:35 AM java.util.prefs.FileSystemPreferences checkLockFile0ErrorCode
2026-09-05 06:50:35,725 [ERROR] LogOutputStream:75 - [STDERR_REDIRECT] WARNING: Could not lock System prefs. Unix error code 31840.
2026-09-05 06:50:35,725 [ERROR] LogOutputStream:75 - [STDERR_REDIRECT] 
2026-09-05 06:50:35,725 [ERROR] LogOutputStream:75 - [STDERR_REDIRECT] Sep 05, 2026 6:50:35 AM java.util.prefs.FileSystemPreferences syncWorld
2026-09-05 06:50:35,725 [ERROR] LogOutputStream:75 - [STDERR_REDIRECT] WARNING: Couldn't flush system prefs: java.util.prefs.BackingStoreException: Couldn't get file lock.
2026-09-05 06:50:35,725 [ERROR] LogOutputStream:75 - [STDERR_REDIRECT] 
2026-09-05 06:51:05,725 [ERROR] LogOutputStream:75 - [STDERR_REDIRECT] Sep 05, 2026 6:51:05 AM java.util.prefs.FileSystemPreferences checkLockFile0ErrorCode
2026-09-05 06:51:05,726 [ERROR] LogOutputStream:75 - [STDERR_REDIRECT] WARNING: Could not lock System prefs. Unix error code 31840.
2026-09-05 06:51:05,726 [ERROR] LogOutputStream:75 - [STDERR_REDIRECT] 
2026-09-05 06:51:05,726 [ERROR] LogOutputStream:75 - [STDERR_REDIRECT] Sep 05, 2026 6:51:05 AM java.util.prefs.FileSystemPreferences syncWorld
2026-09-05 06:51:05,726 [ERROR] LogOutputStream:75 - [STDERR_REDIRECT] WARNING: Couldn't flush system prefs: java.util.prefs.BackingStoreException: Couldn't get file lock.
2026-09-05 06:51:05,726 [ERROR] LogOutputStream:75 - [STDERR_REDIRECT] 
2026-09-05 06:51:35,725 [ERROR] LogOutputStream:75 - [STDERR_REDIRECT] Sep 05, 2026 6:51:35 AM java.util.prefs.FileSystemPreferences checkLockFile0ErrorCode
2026-09-05 06:51:35,726 [ERROR] LogOutputStream:75 - [STDERR_REDIRECT] WARNING: Could not lock System prefs. Unix error code 31840.
2026-09-05 06:51:35,726 [ERROR] LogOutputStream:75 - [STDERR_REDIRECT] 
2026-09-05 06:51:35,726 [ERROR] LogOutputStream:75 - [STDERR_REDIRECT] Sep 05, 2026 6:51:35 AM java.util.prefs.FileSystemPreferences syncWorld
2026-09-05 06:51:35,726 [ERROR] LogOutputStream:75 - [STDERR_REDIRECT] WARNING: Couldn't flush system prefs: java.util.prefs.BackingStoreException: Couldn't get file lock.
2026-09-05 06:51:35,726 [ERROR] LogOutputStream:75 - [STDERR_REDIRECT] 
2026-09-05 06:52:05,726 [ERROR] LogOutputStream:75 - [STDERR_REDIRECT] Sep 05, 2026 6:52:05 AM java.util.prefs.FileSystemPreferences checkLockFile0ErrorCode
2026-09-05 06:52:05,726 [ERROR] LogOutputStream:75 - [STDERR_REDIRECT] WARNING: Could not lock System prefs. Unix error code 31840.
2026-09-05 06:52:05,726 [ERROR] LogOutputStream:75 - [STDERR_REDIRECT] 
2026-09-05 06:52:05,727 [ERROR] LogOutputStream:75 - [STDERR_REDIRECT] Sep 05, 2026 6:52:05 AM java.util.prefs.FileSystemPreferences syncWorld
2026-09-05 06:52:05,727 [ERROR] LogOutputStream:75 - [STDERR_REDIRECT] WARNING: Couldn't flush system prefs: java.util.prefs.BackingStoreException: Couldn't get file lock.
2026-09-05 06:52:05,727 [ERROR] LogOutputStream:75 - [STDERR_REDIRECT] 
2026-09-05 06:52:35,726 [ERROR] LogOutputStream:75 - [STDERR_REDIRECT] Sep 05, 2026 6:52:35 AM java.util.prefs.FileSystemPreferences checkLockFile0ErrorCode
2026-09-05 06:52:35,727 [ERROR] LogOutputStream:75 - [STDERR_REDIRECT] WARNING: Could not lock System prefs. Unix error code 31840.
2026-09-05 06:52:35,727 [ERROR] LogOutputStream:75 - [STDERR_REDIRECT] 
2026-09-05 06:52:35,727 [ERROR] LogOutputStream:75 - [STDERR_REDIRECT] Sep 05, 2026 6:52:35 AM java.util.prefs.FileSystemPreferences syncWorld
2026-09-05 06:52:35,727 [ERROR] LogOutputStream:75 - [STDERR_REDIRECT] WARNING: Couldn't flush system prefs: java.util.prefs.BackingStoreException: Couldn't get file lock.
2026-09-05 06:52:35,727 [ERROR] LogOutputStream:75 - [STDERR_REDIRECT] 
2026-09-05 06:53:05,727 [ERROR] LogOutputStream:75 - [STDERR_REDIRECT] Sep 05, 2026 6:53:05 AM java.util.prefs.FileSystemPreferences checkLockFile0ErrorCode
2026-09-05 06:53:05,727 [ERROR] LogOutputStream:75 - [STDERR_REDIRECT] WARNING: Could not lock System prefs. Unix error code 31840.
2026-09-05 06:53:05,727 [ERROR] LogOutputStream:75 - [STDERR_REDIRECT] 
2026-09-05 06:53:05,727 [ERROR] LogOutputStream:75 - [STDERR_REDIRECT] Sep 05, 2026 6:53:05 AM java.util.prefs.FileSystemPreferences syncWorld
2026-09-05 06:53:05,727 [ERROR] LogOutputStream:75 - [STDERR_REDIRECT] WARNING: Couldn't flush system prefs: java.util.prefs.BackingStoreException: Couldn't get file lock.
2026-09-05 06:53:05,728 [ERROR] LogOutputStream:75 - [STDERR_REDIRECT] 
2026-09-05 06:53:35,727 [ERROR] LogOutputStream:75 - [STDERR_REDIRECT] Sep 05, 2026 6:53:35 AM java.util.prefs.FileSystemPreferences checkLockFile0ErrorCode
2026-09-05 06:53:35,727 [ERROR] LogOutputStream:75 - [STDERR_REDIRECT] WARNING: Could not lock System prefs. Unix error code 31840.
2026-09-05 06:53:35,728 [ERROR] LogOutputStream:75 - [STDERR_REDIRECT] 
2026-09-05 06:53:35,728 [ERROR] LogOutputStream:75 - [STDERR_REDIRECT] Sep 05, 2026 6:53:35 AM java.util.prefs.FileSystemPreferences syncWorld
2026-09-05 06:53:35,728 [ERROR] LogOutputStream:75 - [STDERR_REDIRECT] WARNING: Couldn't flush system prefs: java.util.prefs.BackingStoreException: Couldn't get file lock.
2026-09-05 06:53:35,728 [ERROR] LogOutputStream:75 - [STDERR_REDIRECT] 
2026-09-05 06:54:05,728 [ERROR] LogOutputStream:75 - [STDERR_REDIRECT] Sep 05, 2026 6:54:05 AM java.util.prefs.FileSystemPreferences checkLockFile0ErrorCode
2026-09-05 06:54:05,728 [ERROR] LogOutputStream:75 - [STDERR_REDIRECT] WARNING: Could not lock System prefs. Unix error code 31840.
2026-09-05 06:54:05,728 [ERROR] LogOutputStream:75 - [STDERR_REDIRECT] 
2026-09-05 06:54:05,728 [ERROR] LogOutputStream:75 - [STDERR_REDIRECT] Sep 05, 2026 6:54:05 AM java.util.prefs.FileSystemPreferences syncWorld
2026-09-05 06:54:05,729 [ERROR] LogOutputStream:75 - [STDERR_REDIRECT] WARNING: Couldn't flush system prefs: java.util.prefs.BackingStoreException: Couldn't get file lock.
2026-09-05 06:54:05,729 [ERROR] LogOutputStream:75 - [STDERR_REDIRECT] 
2026-09-05 06:54:35,727 [ERROR] LogOutputStream:75 - [STDERR_REDIRECT] Sep 05, 2026 6:54:35 AM java.util.prefs.FileSystemPreferences checkLockFile0ErrorCode
2026-09-05 06:54:35,727 [ERROR] LogOutputStream:75 - [STDERR_REDIRECT] WARNING: Could not lock System prefs. Unix error code 31840.
2026-09-05 06:54:35,727 [ERROR] LogOutputStream:75 - [STDERR_REDIRECT] 
2026-09-05 06:54:35,728 [ERROR] LogOutputStream:75 - [STDERR_REDIRECT] Sep 05, 2026 6:54:35 AM java.util.prefs.FileSystemPreferences syncWorld
2026-09-05 06:54:35,728 [ERROR] LogOutputStream:75 - [STDERR_REDIRECT] WARNING: Couldn't flush system prefs: java.util.prefs.BackingStoreException: Couldn't get file lock.
2026-09-05 06:54:35,728 [ERROR] LogOutputStream:75 - [STDERR_REDIRECT] 
2026-09-05 06:55:05,727 [ERROR] LogOutputStream:75 - [STDERR_REDIRECT] Sep 05, 2026 6:55:05 AM java.util.prefs.FileSystemPreferences checkLockFile0ErrorCode
2026-09-05 06:55:05,727 [ERROR] LogOutputStream:75 - [STDERR_REDIRECT] WARNING: Could not lock System prefs. Unix error code 31840.
2026-09-05 06:55:05,727 [ERROR] LogOutputStream:75 - [STDERR_REDIRECT] 
2026-09-05 06:55:05,728 [ERROR] LogOutputStream:75 - [STDERR_REDIRECT] Sep 05, 2026 6:55:05 AM java.util.prefs.FileSystemPreferences syncWorld
2026-09-05 06:55:05,728 [ERROR] LogOutputStream:75 - [STDERR_REDIRECT] WARNING: Couldn't flush system prefs: java.util.prefs.BackingStoreException: Couldn't get file lock.
2026-09-05 06:55:05,728 [ERROR] LogOutputStream:75 - [STDERR_REDIRECT] 
2026-09-05 06:55:35,727 [ERROR] LogOutputStream:75 - [STDERR_REDIRECT] Sep 05, 2026 6:55:35 AM java.util.prefs.FileSystemPreferences checkLockFile0ErrorCode
2026-09-05 06:55:35,727 [ERROR] LogOutputStream:75 - [STDERR_REDIRECT] WARNING: Could not lock System prefs. Unix error code 31840.
2026-09-05 06:55:35,727 [ERROR] LogOutputStream:75 - [STDERR_REDIRECT] 
2026-09-05 06:55:35,728 [ERROR] LogOutputStream:75 - [STDERR_REDIRECT] Sep 05, 2026 6:55:35 AM java.util.prefs.FileSystemPreferences syncWorld
2026-09-05 06:55:35,728 [ERROR] LogOutputStream:75 - [STDERR_REDIRECT] WARNING: Couldn't flush system prefs: java.util.prefs.BackingStoreException: Couldn't get file lock.
2026-09-05 06:55:35,728 [ERROR] LogOutputStream:75 - [STDERR_REDIRECT] 
2026-09-05 06:56:05,727 [ERROR] LogOutputStream:75 - [STDERR_REDIRECT] Sep 05, 2026 6:56:05 AM java.util.prefs.FileSystemPreferences checkLockFile0ErrorCode
2026-09-05 06:56:05,727 [ERROR] LogOutputStream:75 - [STDERR_REDIRECT] WARNING: Could not lock System prefs. Unix error code 31840.
2026-09-05 06:56:05,727 [ERROR] LogOutputStream:75 - [STDERR_REDIRECT] 
2026-09-05 06:56:05,728 [ERROR] LogOutputStream:75 - [STDERR_REDIRECT] Sep 05, 2026 6:56:05 AM java.util.prefs.FileSystemPreferences syncWorld
2026-09-05 06:56:05,728 [ERROR] LogOutputStream:75 - [STDERR_REDIRECT] WARNING: Couldn't flush system prefs: java.util.prefs.BackingStoreException: Couldn't get file lock.
2026-09-05 06:56:05,728 [ERROR] LogOutputStream:75 - [STDERR_REDIRECT] 
