2026-08-30 11:18:15,363 [ERROR] LogOutputStream:75 - [STDERR_REDIRECT] Aug 30, 2026 11:18:15 AM java.util.prefs.FileSystemPreferences checkLockFile0ErrorCode
2026-08-30 11:18:15,387 [ERROR] LogOutputStream:75 - [STDERR_REDIRECT] WARNING: Could not lock System prefs. Unix error code 5.
2026-08-30 11:18:15,388 [ERROR] LogOutputStream:75 - [STDERR_REDIRECT] 
2026-08-30 11:18:15,388 [ERROR] LogOutputStream:75 - [STDERR_REDIRECT] Aug 30, 2026 11:18:15 AM java.util.prefs.FileSystemPreferences syncWorld
2026-08-30 11:18:15,388 [ERROR] LogOutputStream:75 - [STDERR_REDIRECT] WARNING: Couldn't flush system prefs: java.util.prefs.BackingStoreException: Couldn't get file lock.
2026-08-30 11:18:15,388 [ERROR] LogOutputStream:75 - [STDERR_REDIRECT] 
2026-08-30 11:18:45,361 [ERROR] LogOutputStream:75 - [STDERR_REDIRECT] Aug 30, 2026 11:18:45 AM java.util.prefs.FileSystemPreferences checkLockFile0ErrorCode
2026-08-30 11:18:45,362 [ERROR] LogOutputStream:75 - [STDERR_REDIRECT] WARNING: Could not lock System prefs. Unix error code 5.
2026-08-30 11:18:45,363 [ERROR] LogOutputStream:75 - [STDERR_REDIRECT] 
2026-08-30 11:18:45,364 [ERROR] LogOutputStream:75 - [STDERR_REDIRECT] Aug 30, 2026 11:18:45 AM java.util.prefs.FileSystemPreferences syncWorld
2026-08-30 11:18:45,365 [ERROR] LogOutputStream:75 - [STDERR_REDIRECT] WARNING: Couldn't flush system prefs: java.util.prefs.BackingStoreException: Couldn't get file lock.
2026-08-30 11:18:45,365 [ERROR] LogOutputStream:75 - [STDERR_REDIRECT] 
2026-08-30 11:19:15,358 [ERROR] LogOutputStream:75 - [STDERR_REDIRECT] Aug 30, 2026 11:19:15 AM java.util.prefs.FileSystemPreferences checkLockFile0ErrorCode
2026-08-30 11:19:15,358 [ERROR] LogOutputStream:75 - [STDERR_REDIRECT] WARNING: Could not lock System prefs. Unix error code 5.
2026-08-30 11:19:15,358 [ERROR] LogOutputStream:75 - [STDERR_REDIRECT] 
2026-08-30 11:19:15,358 [ERROR] LogOutputStream:75 - [STDERR_REDIRECT] Aug 30, 2026 11:19:15 AM java.util.prefs.FileSystemPreferences syncWorld
2026-08-30 11:19:15,359 [ERROR] LogOutputStream:75 - [STDERR_REDIRECT] WARNING: Couldn't flush system prefs: java.util.prefs.BackingStoreException: Couldn't get file lock.
2026-08-30 11:19:15,359 [ERROR] LogOutputStream:75 - [STDERR_REDIRECT] 
2026-08-30 11:19:45,365 [ERROR] LogOutputStream:75 - [STDERR_REDIRECT] Aug 30, 2026 11:19:45 AM java.util.prefs.FileSystemPreferences checkLockFile0ErrorCode
2026-08-30 11:19:45,365 [ERROR] LogOutputStream:75 - [STDERR_REDIRECT] WARNING: Could not lock System prefs. Unix error code 5.
2026-08-30 11:19:45,365 [ERROR] LogOutputStream:75 - [STDERR_REDIRECT] 
2026-08-30 11:19:45,378 [ERROR] LogOutputStream:75 - [STDERR_REDIRECT] Aug 30, 2026 11:19:45 AM java.util.prefs.FileSystemPreferences syncWorld
2026-08-30 11:19:45,378 [ERROR] LogOutputStream:75 - [STDERR_REDIRECT] WARNING: Couldn't flush system prefs: java.util.prefs.BackingStoreException: Couldn't get file lock.
2026-08-30 11:19:45,378 [ERROR] LogOutputStream:75 - [STDERR_REDIRECT] 
2026-08-30 11:20:15,369 [ERROR] LogOutputStream:75 - [STDERR_REDIRECT] Aug 30, 2026 11:20:15 AM java.util.prefs.FileSystemPreferences checkLockFile0ErrorCode
2026-08-30 11:20:15,370 [ERROR] LogOutputStream:75 - [STDERR_REDIRECT] WARNING: Could not lock System prefs. Unix error code 5.
2026-08-30 11:20:15,370 [ERROR] LogOutputStream:75 - [STDERR_REDIRECT] 
2026-08-30 11:20:15,373 [ERROR] LogOutputStream:75 - [STDERR_REDIRECT] Aug 30, 2026 11:20:15 AM java.util.prefs.FileSystemPreferences syncWorld
2026-08-30 11:20:15,374 [ERROR] LogOutputStream:75 - [STDERR_REDIRECT] WARNING: Couldn't flush system prefs: java.util.prefs.BackingStoreException: Couldn't get file lock.
2026-08-30 11:20:15,375 [ERROR] LogOutputStream:75 - [STDERR_REDIRECT] 
2026-08-30 11:20:45,367 [ERROR] LogOutputStream:75 - [STDERR_REDIRECT] Aug 30, 2026 11:20:45 AM java.util.prefs.FileSystemPreferences checkLockFile0ErrorCode
2026-08-30 11:20:45,368 [ERROR] LogOutputStream:75 - [STDERR_REDIRECT] WARNING: Could not lock System prefs. Unix error code 5.
2026-08-30 11:20:45,368 [ERROR] LogOutputStream:75 - [STDERR_REDIRECT] 
2026-08-30 11:20:45,368 [ERROR] LogOutputStream:75 - [STDERR_REDIRECT] Aug 30, 2026 11:20:45 AM java.util.prefs.FileSystemPreferences syncWorld
2026-08-30 11:20:45,368 [ERROR] LogOutputStream:75 - [STDERR_REDIRECT] WARNING: Couldn't flush system prefs: java.util.prefs.BackingStoreException: Couldn't get file lock.
2026-08-30 11:20:45,369 [ERROR] LogOutputStream:75 - [STDERR_REDIRECT] 
2026-08-30 11:21:15,365 [ERROR] LogOutputStream:75 - [STDERR_REDIRECT] Aug 30, 2026 11:21:15 AM java.util.prefs.FileSystemPreferences checkLockFile0ErrorCode
2026-08-30 11:21:15,366 [ERROR] LogOutputStream:75 - [STDERR_REDIRECT] WARNING: Could not lock System prefs. Unix error code 5.
2026-08-30 11:21:15,366 [ERROR] LogOutputStream:75 - [STDERR_REDIRECT] 
2026-08-30 11:21:15,368 [ERROR] LogOutputStream:75 - [STDERR_REDIRECT] Aug 30, 2026 11:21:15 AM java.util.prefs.FileSystemPreferences syncWorld
2026-08-30 11:21:15,368 [ERROR] LogOutputStream:75 - [STDERR_REDIRECT] WARNING: Couldn't flush system prefs: java.util.prefs.BackingStoreException: Couldn't get file lock.
2026-08-30 11:21:15,370 [ERROR] LogOutputStream:75 - [STDERR_REDIRECT] 
2026-08-30 11:21:45,366 [ERROR] LogOutputStream:75 - [STDERR_REDIRECT] Aug 30, 2026 11:21:45 AM java.util.prefs.FileSystemPreferences checkLockFile0ErrorCode
2026-08-30 11:21:45,366 [ERROR] LogOutputStream:75 - [STDERR_REDIRECT] WARNING: Could not lock System prefs. Unix error code 5.
2026-08-30 11:21:45,366 [ERROR] LogOutputStream:75 - [STDERR_REDIRECT] 
2026-08-30 11:21:45,367 [ERROR] LogOutputStream:75 - [STDERR_REDIRECT] Aug 30, 2026 11:21:45 AM java.util.prefs.FileSystemPreferences syncWorld
2026-08-30 11:21:45,367 [ERROR] LogOutputStream:75 - [STDERR_REDIRECT] WARNING: Couldn't flush system prefs: java.util.prefs.BackingStoreException: Couldn't get file lock.
2026-08-30 11:21:45,368 [ERROR] LogOutputStream:75 - [STDERR_REDIRECT] 
2026-08-30 11:22:15,365 [ERROR] LogOutputStream:75 - [STDERR_REDIRECT] Aug 30, 2026 11:22:15 AM java.util.prefs.FileSystemPreferences checkLockFile0ErrorCode
2026-08-30 11:22:15,366 [ERROR] LogOutputStream:75 - [STDERR_REDIRECT] WARNING: Could not lock System prefs. Unix error code 5.
2026-08-30 11:22:15,366 [ERROR] LogOutputStream:75 - [STDERR_REDIRECT] 
2026-08-30 11:22:15,366 [ERROR] LogOutputStream:75 - [STDERR_REDIRECT] Aug 30, 2026 11:22:15 AM java.util.prefs.FileSystemPreferences syncWorld
2026-08-30 11:22:15,366 [ERROR] LogOutputStream:75 - [STDERR_REDIRECT] WARNING: Couldn't flush system prefs: java.util.prefs.BackingStoreException: Couldn't get file lock.
2026-08-30 11:22:15,366 [ERROR] LogOutputStream:75 - [STDERR_REDIRECT] 
2026-08-30 11:22:46,517 [ERROR] LogOutputStream:75 - [STDERR_REDIRECT] Aug 30, 2026 11:22:46 AM java.util.prefs.FileSystemPreferences checkLockFile0ErrorCode
2026-08-30 11:22:46,518 [ERROR] LogOutputStream:75 - [STDERR_REDIRECT] WARNING: Could not lock System prefs. Unix error code 5.
2026-08-30 11:22:46,518 [ERROR] LogOutputStream:75 - [STDERR_REDIRECT] 
2026-08-30 11:22:46,518 [ERROR] LogOutputStream:75 - [STDERR_REDIRECT] Aug 30, 2026 11:22:46 AM java.util.prefs.FileSystemPreferences syncWorld
2026-08-30 11:22:46,518 [ERROR] LogOutputStream:75 - [STDERR_REDIRECT] WARNING: Couldn't flush system prefs: java.util.prefs.BackingStoreException: Couldn't get file lock.
2026-08-30 11:22:46,518 [ERROR] LogOutputStream:75 - [STDERR_REDIRECT] 
2026-08-30 11:23:16,517 [ERROR] LogOutputStream:75 - [STDERR_REDIRECT] Aug 30, 2026 11:23:16 AM java.util.prefs.FileSystemPreferences checkLockFile0ErrorCode
2026-08-30 11:23:16,518 [ERROR] LogOutputStream:75 - [STDERR_REDIRECT] WARNING: Could not lock System prefs. Unix error code 5.
2026-08-30 11:23:16,518 [ERROR] LogOutputStream:75 - [STDERR_REDIRECT] 
2026-08-30 11:23:16,518 [ERROR] LogOutputStream:75 - [STDERR_REDIRECT] Aug 30, 2026 11:23:16 AM java.util.prefs.FileSystemPreferences syncWorld
2026-08-30 11:23:16,518 [ERROR] LogOutputStream:75 - [STDERR_REDIRECT] WARNING: Couldn't flush system prefs: java.util.prefs.BackingStoreException: Couldn't get file lock.
2026-08-30 11:23:16,519 [ERROR] LogOutputStream:75 - [STDERR_REDIRECT] 
2026-08-30 11:23:46,517 [ERROR] LogOutputStream:75 - [STDERR_REDIRECT] Aug 30, 2026 11:23:46 AM java.util.prefs.FileSystemPreferences checkLockFile0ErrorCode
2026-08-30 11:23:46,518 [ERROR] LogOutputStream:75 - [STDERR_REDIRECT] WARNING: Could not lock System prefs. Unix error code 5.
2026-08-30 11:23:46,518 [ERROR] LogOutputStream:75 - [STDERR_REDIRECT] 
2026-08-30 11:23:46,518 [ERROR] LogOutputStream:75 - [STDERR_REDIRECT] Aug 30, 2026 11:23:46 AM java.util.prefs.FileSystemPreferences syncWorld
2026-08-30 11:23:46,518 [ERROR] LogOutputStream:75 - [STDERR_REDIRECT] WARNING: Couldn't flush system prefs: java.util.prefs.BackingStoreException: Couldn't get file lock.
2026-08-30 11:23:46,518 [ERROR] LogOutputStream:75 - [STDERR_REDIRECT] 
2026-08-30 11:24:16,520 [ERROR] LogOutputStream:75 - [STDERR_REDIRECT] Aug 30, 2026 11:24:16 AM java.util.prefs.FileSystemPreferences checkLockFile0ErrorCode
2026-08-30 11:24:16,520 [ERROR] LogOutputStream:75 - [STDERR_REDIRECT] WARNING: Could not lock System prefs. Unix error code 5.
2026-08-30 11:24:16,520 [ERROR] LogOutputStream:75 - [STDERR_REDIRECT] 
2026-08-30 11:24:16,520 [ERROR] LogOutputStream:75 - [STDERR_REDIRECT] Aug 30, 2026 11:24:16 AM java.util.prefs.FileSystemPreferences syncWorld
2026-08-30 11:24:16,520 [ERROR] LogOutputStream:75 - [STDERR_REDIRECT] WARNING: Couldn't flush system prefs: java.util.prefs.BackingStoreException: Couldn't get file lock.
2026-08-30 11:24:16,521 [ERROR] LogOutputStream:75 - [STDERR_REDIRECT] 
2026-08-30 11:24:46,518 [ERROR] LogOutputStream:75 - [STDERR_REDIRECT] Aug 30, 2026 11:24:46 AM java.util.prefs.FileSystemPreferences checkLockFile0ErrorCode
2026-08-30 11:24:46,518 [ERROR] LogOutputStream:75 - [STDERR_REDIRECT] WARNING: Could not lock System prefs. Unix error code 5.
2026-08-30 11:24:46,518 [ERROR] LogOutputStream:75 - [STDERR_REDIRECT] 
2026-08-30 11:24:46,518 [ERROR] LogOutputStream:75 - [STDERR_REDIRECT] Aug 30, 2026 11:24:46 AM java.util.prefs.FileSystemPreferences syncWorld
2026-08-30 11:24:46,518 [ERROR] LogOutputStream:75 - [STDERR_REDIRECT] WARNING: Couldn't flush system prefs: java.util.prefs.BackingStoreException: Couldn't get file lock.
2026-08-30 11:24:46,519 [ERROR] LogOutputStream:75 - [STDERR_REDIRECT] 
2026-08-30 11:25:16,517 [ERROR] LogOutputStream:75 - [STDERR_REDIRECT] Aug 30, 2026 11:25:16 AM java.util.prefs.FileSystemPreferences checkLockFile0ErrorCode
2026-08-30 11:25:16,518 [ERROR] LogOutputStream:75 - [STDERR_REDIRECT] WARNING: Could not lock System prefs. Unix error code 5.
2026-08-30 11:25:16,518 [ERROR] LogOutputStream:75 - [STDERR_REDIRECT] 
2026-08-30 11:25:16,518 [ERROR] LogOutputStream:75 - [STDERR_REDIRECT] Aug 30, 2026 11:25:16 AM java.util.prefs.FileSystemPreferences syncWorld
2026-08-30 11:25:16,518 [ERROR] LogOutputStream:75 - [STDERR_REDIRECT] WARNING: Couldn't flush system prefs: java.util.prefs.BackingStoreException: Couldn't get file lock.
2026-08-30 11:25:16,518 [ERROR] LogOutputStream:75 - [STDERR_REDIRECT] 
2026-08-30 11:25:46,520 [ERROR] LogOutputStream:75 - [STDERR_REDIRECT] Aug 30, 2026 11:25:46 AM java.util.prefs.FileSystemPreferences checkLockFile0ErrorCode
2026-08-30 11:25:46,520 [ERROR] LogOutputStream:75 - [STDERR_REDIRECT] WARNING: Could not lock System prefs. Unix error code 5.
2026-08-30 11:25:46,520 [ERROR] LogOutputStream:75 - [STDERR_REDIRECT] 
2026-08-30 11:25:46,522 [ERROR] LogOutputStream:75 - [STDERR_REDIRECT] Aug 30, 2026 11:25:46 AM java.util.prefs.FileSystemPreferences syncWorld
2026-08-30 11:25:46,523 [ERROR] LogOutputStream:75 - [STDERR_REDIRECT] WARNING: Couldn't flush system prefs: java.util.prefs.BackingStoreException: Couldn't get file lock.
2026-08-30 11:25:46,523 [ERROR] LogOutputStream:75 - [STDERR_REDIRECT] 
2026-08-30 11:26:16,519 [ERROR] LogOutputStream:75 - [STDERR_REDIRECT] Aug 30, 2026 11:26:16 AM java.util.prefs.FileSystemPreferences checkLockFile0ErrorCode
2026-08-30 11:26:16,519 [ERROR] LogOutputStream:75 - [STDERR_REDIRECT] WARNING: Could not lock System prefs. Unix error code 5.
2026-08-30 11:26:16,519 [ERROR] LogOutputStream:75 - [STDERR_REDIRECT] 
2026-08-30 11:26:16,520 [ERROR] LogOutputStream:75 - [STDERR_REDIRECT] Aug 30, 2026 11:26:16 AM java.util.prefs.FileSystemPreferences syncWorld
2026-08-30 11:26:16,520 [ERROR] LogOutputStream:75 - [STDERR_REDIRECT] WARNING: Couldn't flush system prefs: java.util.prefs.BackingStoreException: Couldn't get file lock.
2026-08-30 11:26:16,521 [ERROR] LogOutputStream:75 - [STDERR_REDIRECT] 
2026-08-30 11:26:46,519 [ERROR] LogOutputStream:75 - [STDERR_REDIRECT] Aug 30, 2026 11:26:46 AM java.util.prefs.FileSystemPreferences checkLockFile0ErrorCode
2026-08-30 11:26:46,519 [ERROR] LogOutputStream:75 - [STDERR_REDIRECT] WARNING: Could not lock System prefs. Unix error code 5.
2026-08-30 11:26:46,519 [ERROR] LogOutputStream:75 - [STDERR_REDIRECT] 
2026-08-30 11:26:46,519 [ERROR] LogOutputStream:75 - [STDERR_REDIRECT] Aug 30, 2026 11:26:46 AM java.util.prefs.FileSystemPreferences syncWorld
2026-08-30 11:26:46,519 [ERROR] LogOutputStream:75 - [STDERR_REDIRECT] WARNING: Couldn't flush system prefs: java.util.prefs.BackingStoreException: Couldn't get file lock.
2026-08-30 11:26:46,519 [ERROR] LogOutputStream:75 - [STDERR_REDIRECT] 
2026-08-30 11:27:16,523 [ERROR] LogOutputStream:75 - [STDERR_REDIRECT] Aug 30, 2026 11:27:16 AM java.util.prefs.FileSystemPreferences checkLockFile0ErrorCode
2026-08-30 11:27:16,524 [ERROR] LogOutputStream:75 - [STDERR_REDIRECT] WARNING: Could not lock System prefs. Unix error code 5.
2026-08-30 11:27:16,524 [ERROR] LogOutputStream:75 - [STDERR_REDIRECT] 
2026-08-30 11:27:16,524 [ERROR] LogOutputStream:75 - [STDERR_REDIRECT] Aug 30, 2026 11:27:16 AM java.util.prefs.FileSystemPreferences syncWorld
2026-08-30 11:27:16,524 [ERROR] LogOutputStream:75 - [STDERR_REDIRECT] WARNING: Couldn't flush system prefs: java.util.prefs.BackingStoreException: Couldn't get file lock.
2026-08-30 11:27:16,526 [ERROR] LogOutputStream:75 - [STDERR_REDIRECT] 
2026-08-30 11:27:46,522 [ERROR] LogOutputStream:75 - [STDERR_REDIRECT] Aug 30, 2026 11:27:46 AM java.util.prefs.FileSystemPreferences checkLockFile0ErrorCode
2026-08-30 11:27:46,522 [ERROR] LogOutputStream:75 - [STDERR_REDIRECT] WARNING: Could not lock System prefs. Unix error code 5.
2026-08-30 11:27:46,522 [ERROR] LogOutputStream:75 - [STDERR_REDIRECT] 
2026-08-30 11:27:46,522 [ERROR] LogOutputStream:75 - [STDERR_REDIRECT] Aug 30, 2026 11:27:46 AM java.util.prefs.FileSystemPreferences syncWorld
2026-08-30 11:27:46,522 [ERROR] LogOutputStream:75 - [STDERR_REDIRECT] WARNING: Couldn't flush system prefs: java.util.prefs.BackingStoreException: Couldn't get file lock.
2026-08-30 11:27:46,522 [ERROR] LogOutputStream:75 - [STDERR_REDIRECT] 
2026-08-30 11:28:16,521 [ERROR] LogOutputStream:75 - [STDERR_REDIRECT] Aug 30, 2026 11:28:16 AM java.util.prefs.FileSystemPreferences checkLockFile0ErrorCode
2026-08-30 11:28:16,522 [ERROR] LogOutputStream:75 - [STDERR_REDIRECT] WARNING: Could not lock System prefs. Unix error code 5.
2026-08-30 11:28:16,522 [ERROR] LogOutputStream:75 - [STDERR_REDIRECT] 
2026-08-30 11:28:16,522 [ERROR] LogOutputStream:75 - [STDERR_REDIRECT] Aug 30, 2026 11:28:16 AM java.util.prefs.FileSystemPreferences syncWorld
2026-08-30 11:28:16,522 [ERROR] LogOutputStream:75 - [STDERR_REDIRECT] WARNING: Couldn't flush system prefs: java.util.prefs.BackingStoreException: Couldn't get file lock.
2026-08-30 11:28:16,524 [ERROR] LogOutputStream:75 - [STDERR_REDIRECT] 
2026-08-30 11:28:46,522 [ERROR] LogOutputStream:75 - [STDERR_REDIRECT] Aug 30, 2026 11:28:46 AM java.util.prefs.FileSystemPreferences checkLockFile0ErrorCode
2026-08-30 11:28:46,523 [ERROR] LogOutputStream:75 - [STDERR_REDIRECT] WARNING: Could not lock System prefs. Unix error code 5.
2026-08-30 11:28:46,523 [ERROR] LogOutputStream:75 - [STDERR_REDIRECT] 
2026-08-30 11:28:46,523 [ERROR] LogOutputStream:75 - [STDERR_REDIRECT] Aug 30, 2026 11:28:46 AM java.util.prefs.FileSystemPreferences syncWorld
2026-08-30 11:28:46,525 [ERROR] LogOutputStream:75 - [STDERR_REDIRECT] WARNING: Couldn't flush system prefs: java.util.prefs.BackingStoreException: Couldn't get file lock.
2026-08-30 11:28:46,525 [ERROR] LogOutputStream:75 - [STDERR_REDIRECT] 
2026-08-30 11:29:16,522 [ERROR] LogOutputStream:75 - [STDERR_REDIRECT] Aug 30, 2026 11:29:16 AM java.util.prefs.FileSystemPreferences checkLockFile0ErrorCode
2026-08-30 11:29:16,523 [ERROR] LogOutputStream:75 - [STDERR_REDIRECT] WARNING: Could not lock System prefs. Unix error code 5.
2026-08-30 11:29:16,523 [ERROR] LogOutputStream:75 - [STDERR_REDIRECT] 
2026-08-30 11:29:16,523 [ERROR] LogOutputStream:75 - [STDERR_REDIRECT] Aug 30, 2026 11:29:16 AM java.util.prefs.FileSystemPreferences syncWorld
2026-08-30 11:29:16,524 [ERROR] LogOutputStream:75 - [STDERR_REDIRECT] WARNING: Couldn't flush system prefs: java.util.prefs.BackingStoreException: Couldn't get file lock.
2026-08-30 11:29:16,524 [ERROR] LogOutputStream:75 - [STDERR_REDIRECT] 
2026-08-30 11:29:46,522 [ERROR] LogOutputStream:75 - [STDERR_REDIRECT] Aug 30, 2026 11:29:46 AM java.util.prefs.FileSystemPreferences checkLockFile0ErrorCode
2026-08-30 11:29:46,522 [ERROR] LogOutputStream:75 - [STDERR_REDIRECT] WARNING: Could not lock System prefs. Unix error code 5.
2026-08-30 11:29:46,522 [ERROR] LogOutputStream:75 - [STDERR_REDIRECT] 
2026-08-30 11:29:46,522 [ERROR] LogOutputStream:75 - [STDERR_REDIRECT] Aug 30, 2026 11:29:46 AM java.util.prefs.FileSystemPreferences syncWorld
2026-08-30 11:29:46,523 [ERROR] LogOutputStream:75 - [STDERR_REDIRECT] WARNING: Couldn't flush system prefs: java.util.prefs.BackingStoreException: Couldn't get file lock.
2026-08-30 11:29:46,523 [ERROR] LogOutputStream:75 - [STDERR_REDIRECT] 
2026-08-30 11:30:16,522 [ERROR] LogOutputStream:75 - [STDERR_REDIRECT] Aug 30, 2026 11:30:16 AM java.util.prefs.FileSystemPreferences checkLockFile0ErrorCode
2026-08-30 11:30:16,522 [ERROR] LogOutputStream:75 - [STDERR_REDIRECT] WARNING: Could not lock System prefs. Unix error code 5.
2026-08-30 11:30:16,522 [ERROR] LogOutputStream:75 - [STDERR_REDIRECT] 
2026-08-30 11:30:16,522 [ERROR] LogOutputStream:75 - [STDERR_REDIRECT] Aug 30, 2026 11:30:16 AM java.util.prefs.FileSystemPreferences syncWorld
2026-08-30 11:30:16,522 [ERROR] LogOutputStream:75 - [STDERR_REDIRECT] WARNING: Couldn't flush system prefs: java.util.prefs.BackingStoreException: Couldn't get file lock.
2026-08-30 11:30:16,523 [ERROR] LogOutputStream:75 - [STDERR_REDIRECT] 
2026-08-30 11:30:46,521 [ERROR] LogOutputStream:75 - [STDERR_REDIRECT] Aug 30, 2026 11:30:46 AM java.util.prefs.FileSystemPreferences checkLockFile0ErrorCode
2026-08-30 11:30:46,522 [ERROR] LogOutputStream:75 - [STDERR_REDIRECT] WARNING: Could not lock System prefs. Unix error code 5.
2026-08-30 11:30:46,522 [ERROR] LogOutputStream:75 - [STDERR_REDIRECT] 
2026-08-30 11:30:46,522 [ERROR] LogOutputStream:75 - [STDERR_REDIRECT] Aug 30, 2026 11:30:46 AM java.util.prefs.FileSystemPreferences syncWorld
2026-08-30 11:30:46,522 [ERROR] LogOutputStream:75 - [STDERR_REDIRECT] WARNING: Couldn't flush system prefs: java.util.prefs.BackingStoreException: Couldn't get file lock.
2026-08-30 11:30:46,522 [ERROR] LogOutputStream:75 - [STDERR_REDIRECT] 
2026-08-30 11:31:16,522 [ERROR] LogOutputStream:75 - [STDERR_REDIRECT] Aug 30, 2026 11:31:16 AM java.util.prefs.FileSystemPreferences checkLockFile0ErrorCode
2026-08-30 11:31:16,523 [ERROR] LogOutputStream:75 - [STDERR_REDIRECT] WARNING: Could not lock System prefs. Unix error code 5.
2026-08-30 11:31:16,523 [ERROR] LogOutputStream:75 - [STDERR_REDIRECT] 
2026-08-30 11:31:16,523 [ERROR] LogOutputStream:75 - [STDERR_REDIRECT] Aug 30, 2026 11:31:16 AM java.util.prefs.FileSystemPreferences syncWorld
2026-08-30 11:31:16,524 [ERROR] LogOutputStream:75 - [STDERR_REDIRECT] WARNING: Couldn't flush system prefs: java.util.prefs.BackingStoreException: Couldn't get file lock.
2026-08-30 11:31:16,525 [ERROR] LogOutputStream:75 - [STDERR_REDIRECT] 
2026-08-30 11:31:46,524 [ERROR] LogOutputStream:75 - [STDERR_REDIRECT] Aug 30, 2026 11:31:46 AM java.util.prefs.FileSystemPreferences checkLockFile0ErrorCode
2026-08-30 11:31:46,525 [ERROR] LogOutputStream:75 - [STDERR_REDIRECT] WARNING: Could not lock System prefs. Unix error code 5.
2026-08-30 11:31:46,525 [ERROR] LogOutputStream:75 - [STDERR_REDIRECT] 
2026-08-30 11:31:46,525 [ERROR] LogOutputStream:75 - [STDERR_REDIRECT] Aug 30, 2026 11:31:46 AM java.util.prefs.FileSystemPreferences syncWorld
2026-08-30 11:31:46,525 [ERROR] LogOutputStream:75 - [STDERR_REDIRECT] WARNING: Couldn't flush system prefs: java.util.prefs.BackingStoreException: Couldn't get file lock.
2026-08-30 11:31:46,525 [ERROR] LogOutputStream:75 - [STDERR_REDIRECT] 
2026-08-30 11:32:16,522 [ERROR] LogOutputStream:75 - [STDERR_REDIRECT] Aug 30, 2026 11:32:16 AM java.util.prefs.FileSystemPreferences checkLockFile0ErrorCode
2026-08-30 11:32:16,522 [ERROR] LogOutputStream:75 - [STDERR_REDIRECT] WARNING: Could not lock System prefs. Unix error code 5.
2026-08-30 11:32:16,523 [ERROR] LogOutputStream:75 - [STDERR_REDIRECT] 
2026-08-30 11:32:16,523 [ERROR] LogOutputStream:75 - [STDERR_REDIRECT] Aug 30, 2026 11:32:16 AM java.util.prefs.FileSystemPreferences syncWorld
2026-08-30 11:32:16,523 [ERROR] LogOutputStream:75 - [STDERR_REDIRECT] WARNING: Couldn't flush system prefs: java.util.prefs.BackingStoreException: Couldn't get file lock.
2026-08-30 11:32:16,523 [ERROR] LogOutputStream:75 - [STDERR_REDIRECT] 
2026-08-30 11:32:46,522 [ERROR] LogOutputStream:75 - [STDERR_REDIRECT] Aug 30, 2026 11:32:46 AM java.util.prefs.FileSystemPreferences checkLockFile0ErrorCode
2026-08-30 11:32:46,523 [ERROR] LogOutputStream:75 - [STDERR_REDIRECT] WARNING: Could not lock System prefs. Unix error code 5.
2026-08-30 11:32:46,523 [ERROR] LogOutputStream:75 - [STDERR_REDIRECT] 
2026-08-30 11:32:46,523 [ERROR] LogOutputStream:75 - [STDERR_REDIRECT] Aug 30, 2026 11:32:46 AM java.util.prefs.FileSystemPreferences syncWorld
2026-08-30 11:32:46,523 [ERROR] LogOutputStream:75 - [STDERR_REDIRECT] WARNING: Couldn't flush system prefs: java.util.prefs.BackingStoreException: Couldn't get file lock.
2026-08-30 11:32:46,527 [ERROR] LogOutputStream:75 - [STDERR_REDIRECT] 
2026-08-30 11:33:16,526 [ERROR] LogOutputStream:75 - [STDERR_REDIRECT] Aug 30, 2026 11:33:16 AM java.util.prefs.FileSystemPreferences checkLockFile0ErrorCode
2026-08-30 11:33:16,526 [ERROR] LogOutputStream:75 - [STDERR_REDIRECT] WARNING: Could not lock System prefs. Unix error code 5.
2026-08-30 11:33:16,526 [ERROR] LogOutputStream:75 - [STDERR_REDIRECT] 
2026-08-30 11:33:16,526 [ERROR] LogOutputStream:75 - [STDERR_REDIRECT] Aug 30, 2026 11:33:16 AM java.util.prefs.FileSystemPreferences syncWorld
2026-08-30 11:33:16,532 [ERROR] LogOutputStream:75 - [STDERR_REDIRECT] WARNING: Couldn't flush system prefs: java.util.prefs.BackingStoreException: Couldn't get file lock.
2026-08-30 11:33:16,533 [ERROR] LogOutputStream:75 - [STDERR_REDIRECT] 
2026-08-30 11:33:46,523 [ERROR] LogOutputStream:75 - [STDERR_REDIRECT] Aug 30, 2026 11:33:46 AM java.util.prefs.FileSystemPreferences checkLockFile0ErrorCode
2026-08-30 11:33:46,524 [ERROR] LogOutputStream:75 - [STDERR_REDIRECT] WARNING: Could not lock System prefs. Unix error code 5.
2026-08-30 11:33:46,524 [ERROR] LogOutputStream:75 - [STDERR_REDIRECT] 
2026-08-30 11:33:46,524 [ERROR] LogOutputStream:75 - [STDERR_REDIRECT] Aug 30, 2026 11:33:46 AM java.util.prefs.FileSystemPreferences syncWorld
2026-08-30 11:33:46,525 [ERROR] LogOutputStream:75 - [STDERR_REDIRECT] WARNING: Couldn't flush system prefs: java.util.prefs.BackingStoreException: Couldn't get file lock.
2026-08-30 11:33:46,525 [ERROR] LogOutputStream:75 - [STDERR_REDIRECT] 
2026-08-30 11:34:16,524 [ERROR] LogOutputStream:75 - [STDERR_REDIRECT] Aug 30, 2026 11:34:16 AM java.util.prefs.FileSystemPreferences checkLockFile0ErrorCode
2026-08-30 11:34:16,524 [ERROR] LogOutputStream:75 - [STDERR_REDIRECT] WARNING: Could not lock System prefs. Unix error code 5.
2026-08-30 11:34:16,524 [ERROR] LogOutputStream:75 - [STDERR_REDIRECT] 
2026-08-30 11:34:16,524 [ERROR] LogOutputStream:75 - [STDERR_REDIRECT] Aug 30, 2026 11:34:16 AM java.util.prefs.FileSystemPreferences syncWorld
2026-08-30 11:34:16,525 [ERROR] LogOutputStream:75 - [STDERR_REDIRECT] WARNING: Couldn't flush system prefs: java.util.prefs.BackingStoreException: Couldn't get file lock.
2026-08-30 11:34:16,525 [ERROR] LogOutputStream:75 - [STDERR_REDIRECT] 
2026-08-30 11:34:46,523 [ERROR] LogOutputStream:75 - [STDERR_REDIRECT] Aug 30, 2026 11:34:46 AM java.util.prefs.FileSystemPreferences checkLockFile0ErrorCode
2026-08-30 11:34:46,523 [ERROR] LogOutputStream:75 - [STDERR_REDIRECT] WARNING: Could not lock System prefs. Unix error code 5.
2026-08-30 11:34:46,524 [ERROR] LogOutputStream:75 - [STDERR_REDIRECT] 
2026-08-30 11:34:46,526 [ERROR] LogOutputStream:75 - [STDERR_REDIRECT] Aug 30, 2026 11:34:46 AM java.util.prefs.FileSystemPreferences syncWorld
2026-08-30 11:34:46,526 [ERROR] LogOutputStream:75 - [STDERR_REDIRECT] WARNING: Couldn't flush system prefs: java.util.prefs.BackingStoreException: Couldn't get file lock.
2026-08-30 11:34:46,526 [ERROR] LogOutputStream:75 - [STDERR_REDIRECT] 
2026-08-30 11:35:16,523 [ERROR] LogOutputStream:75 - [STDERR_REDIRECT] Aug 30, 2026 11:35:16 AM java.util.prefs.FileSystemPreferences checkLockFile0ErrorCode
2026-08-30 11:35:16,524 [ERROR] LogOutputStream:75 - [STDERR_REDIRECT] WARNING: Could not lock System prefs. Unix error code 5.
2026-08-30 11:35:16,524 [ERROR] LogOutputStream:75 - [STDERR_REDIRECT] 
2026-08-30 11:35:16,525 [ERROR] LogOutputStream:75 - [STDERR_REDIRECT] Aug 30, 2026 11:35:16 AM java.util.prefs.FileSystemPreferences syncWorld
2026-08-30 11:35:16,526 [ERROR] LogOutputStream:75 - [STDERR_REDIRECT] WARNING: Couldn't flush system prefs: java.util.prefs.BackingStoreException: Couldn't get file lock.
2026-08-30 11:35:16,526 [ERROR] LogOutputStream:75 - [STDERR_REDIRECT] 
2026-08-30 11:35:46,523 [ERROR] LogOutputStream:75 - [STDERR_REDIRECT] Aug 30, 2026 11:35:46 AM java.util.prefs.FileSystemPreferences checkLockFile0ErrorCode
2026-08-30 11:35:46,523 [ERROR] LogOutputStream:75 - [STDERR_REDIRECT] WARNING: Could not lock System prefs. Unix error code 5.
2026-08-30 11:35:46,523 [ERROR] LogOutputStream:75 - [STDERR_REDIRECT] 
2026-08-30 11:35:46,523 [ERROR] LogOutputStream:75 - [STDERR_REDIRECT] Aug 30, 2026 11:35:46 AM java.util.prefs.FileSystemPreferences syncWorld
2026-08-30 11:35:46,523 [ERROR] LogOutputStream:75 - [STDERR_REDIRECT] WARNING: Couldn't flush system prefs: java.util.prefs.BackingStoreException: Couldn't get file lock.
2026-08-30 11:35:46,524 [ERROR] LogOutputStream:75 - [STDERR_REDIRECT] 
2026-08-30 11:36:16,522 [ERROR] LogOutputStream:75 - [STDERR_REDIRECT] Aug 30, 2026 11:36:16 AM java.util.prefs.FileSystemPreferences checkLockFile0ErrorCode
2026-08-30 11:36:16,523 [ERROR] LogOutputStream:75 - [STDERR_REDIRECT] WARNING: Could not lock System prefs. Unix error code 5.
2026-08-30 11:36:16,540 [ERROR] LogOutputStream:75 - [STDERR_REDIRECT] 
2026-08-30 11:36:16,541 [ERROR] LogOutputStream:75 - [STDERR_REDIRECT] Aug 30, 2026 11:36:16 AM java.util.prefs.FileSystemPreferences syncWorld
2026-08-30 11:36:16,541 [ERROR] LogOutputStream:75 - [STDERR_REDIRECT] WARNING: Couldn't flush system prefs: java.util.prefs.BackingStoreException: Couldn't get file lock.
2026-08-30 11:36:16,542 [ERROR] LogOutputStream:75 - [STDERR_REDIRECT] 
2026-08-30 11:36:46,526 [ERROR] LogOutputStream:75 - [STDERR_REDIRECT] Aug 30, 2026 11:36:46 AM java.util.prefs.FileSystemPreferences checkLockFile0ErrorCode
2026-08-30 11:36:46,526 [ERROR] LogOutputStream:75 - [STDERR_REDIRECT] WARNING: Could not lock System prefs. Unix error code 5.
2026-08-30 11:36:46,526 [ERROR] LogOutputStream:75 - [STDERR_REDIRECT] 
2026-08-30 11:36:46,526 [ERROR] LogOutputStream:75 - [STDERR_REDIRECT] Aug 30, 2026 11:36:46 AM java.util.prefs.FileSystemPreferences syncWorld
2026-08-30 11:36:46,527 [ERROR] LogOutputStream:75 - [STDERR_REDIRECT] WARNING: Couldn't flush system prefs: java.util.prefs.BackingStoreException: Couldn't get file lock.
2026-08-30 11:36:46,527 [ERROR] LogOutputStream:75 - [STDERR_REDIRECT] 
2026-08-30 11:37:16,525 [ERROR] LogOutputStream:75 - [STDERR_REDIRECT] Aug 30, 2026 11:37:16 AM java.util.prefs.FileSystemPreferences checkLockFile0ErrorCode
2026-08-30 11:37:16,526 [ERROR] LogOutputStream:75 - [STDERR_REDIRECT] WARNING: Could not lock System prefs. Unix error code 5.
2026-08-30 11:37:16,526 [ERROR] LogOutputStream:75 - [STDERR_REDIRECT] 
2026-08-30 11:37:16,526 [ERROR] LogOutputStream:75 - [STDERR_REDIRECT] Aug 30, 2026 11:37:16 AM java.util.prefs.FileSystemPreferences syncWorld
2026-08-30 11:37:16,526 [ERROR] LogOutputStream:75 - [STDERR_REDIRECT] WARNING: Couldn't flush system prefs: java.util.prefs.BackingStoreException: Couldn't get file lock.
2026-08-30 11:37:16,526 [ERROR] LogOutputStream:75 - [STDERR_REDIRECT] 
2026-08-30 11:37:46,525 [ERROR] LogOutputStream:75 - [STDERR_REDIRECT] Aug 30, 2026 11:37:46 AM java.util.prefs.FileSystemPreferences checkLockFile0ErrorCode
2026-08-30 11:37:46,525 [ERROR] LogOutputStream:75 - [STDERR_REDIRECT] WARNING: Could not lock System prefs. Unix error code 5.
2026-08-30 11:37:46,525 [ERROR] LogOutputStream:75 - [STDERR_REDIRECT] 
2026-08-30 11:37:46,527 [ERROR] LogOutputStream:75 - [STDERR_REDIRECT] Aug 30, 2026 11:37:46 AM java.util.prefs.FileSystemPreferences syncWorld
2026-08-30 11:37:46,528 [ERROR] LogOutputStream:75 - [STDERR_REDIRECT] WARNING: Couldn't flush system prefs: java.util.prefs.BackingStoreException: Couldn't get file lock.
2026-08-30 11:37:46,528 [ERROR] LogOutputStream:75 - [STDERR_REDIRECT] 
2026-08-30 11:38:16,526 [ERROR] LogOutputStream:75 - [STDERR_REDIRECT] Aug 30, 2026 11:38:16 AM java.util.prefs.FileSystemPreferences checkLockFile0ErrorCode
2026-08-30 11:38:16,526 [ERROR] LogOutputStream:75 - [STDERR_REDIRECT] WARNING: Could not lock System prefs. Unix error code 5.
2026-08-30 11:38:16,526 [ERROR] LogOutputStream:75 - [STDERR_REDIRECT] 
2026-08-30 11:38:16,527 [ERROR] LogOutputStream:75 - [STDERR_REDIRECT] Aug 30, 2026 11:38:16 AM java.util.prefs.FileSystemPreferences syncWorld
2026-08-30 11:38:16,527 [ERROR] LogOutputStream:75 - [STDERR_REDIRECT] WARNING: Couldn't flush system prefs: java.util.prefs.BackingStoreException: Couldn't get file lock.
2026-08-30 11:38:16,529 [ERROR] LogOutputStream:75 - [STDERR_REDIRECT] 
2026-08-30 11:38:46,526 [ERROR] LogOutputStream:75 - [STDERR_REDIRECT] Aug 30, 2026 11:38:46 AM java.util.prefs.FileSystemPreferences checkLockFile0ErrorCode
2026-08-30 11:38:46,526 [ERROR] LogOutputStream:75 - [STDERR_REDIRECT] WARNING: Could not lock System prefs. Unix error code 5.
2026-08-30 11:38:46,527 [ERROR] LogOutputStream:75 - [STDERR_REDIRECT] 
2026-08-30 11:38:46,528 [ERROR] LogOutputStream:75 - [STDERR_REDIRECT] Aug 30, 2026 11:38:46 AM java.util.prefs.FileSystemPreferences syncWorld
2026-08-30 11:38:46,528 [ERROR] LogOutputStream:75 - [STDERR_REDIRECT] WARNING: Couldn't flush system prefs: java.util.prefs.BackingStoreException: Couldn't get file lock.
2026-08-30 11:38:46,528 [ERROR] LogOutputStream:75 - [STDERR_REDIRECT] 
2026-08-30 11:39:16,526 [ERROR] LogOutputStream:75 - [STDERR_REDIRECT] Aug 30, 2026 11:39:16 AM java.util.prefs.FileSystemPreferences checkLockFile0ErrorCode
2026-08-30 11:39:16,526 [ERROR] LogOutputStream:75 - [STDERR_REDIRECT] WARNING: Could not lock System prefs. Unix error code 5.
2026-08-30 11:39:16,526 [ERROR] LogOutputStream:75 - [STDERR_REDIRECT] 
2026-08-30 11:39:16,527 [ERROR] LogOutputStream:75 - [STDERR_REDIRECT] Aug 30, 2026 11:39:16 AM java.util.prefs.FileSystemPreferences syncWorld
2026-08-30 11:39:16,527 [ERROR] LogOutputStream:75 - [STDERR_REDIRECT] WARNING: Couldn't flush system prefs: java.util.prefs.BackingStoreException: Couldn't get file lock.
2026-08-30 11:39:16,528 [ERROR] LogOutputStream:75 - [STDERR_REDIRECT] 
2026-08-30 11:39:46,525 [ERROR] LogOutputStream:75 - [STDERR_REDIRECT] Aug 30, 2026 11:39:46 AM java.util.prefs.FileSystemPreferences checkLockFile0ErrorCode
2026-08-30 11:39:46,526 [ERROR] LogOutputStream:75 - [STDERR_REDIRECT] WARNING: Could not lock System prefs. Unix error code 5.
2026-08-30 11:39:46,526 [ERROR] LogOutputStream:75 - [STDERR_REDIRECT] 
2026-08-30 11:39:46,526 [ERROR] LogOutputStream:75 - [STDERR_REDIRECT] Aug 30, 2026 11:39:46 AM java.util.prefs.FileSystemPreferences syncWorld
2026-08-30 11:39:46,526 [ERROR] LogOutputStream:75 - [STDERR_REDIRECT] WARNING: Couldn't flush system prefs: java.util.prefs.BackingStoreException: Couldn't get file lock.
2026-08-30 11:39:46,526 [ERROR] LogOutputStream:75 - [STDERR_REDIRECT] 
2026-08-30 11:40:16,527 [ERROR] LogOutputStream:75 - [STDERR_REDIRECT] Aug 30, 2026 11:40:16 AM java.util.prefs.FileSystemPreferences checkLockFile0ErrorCode
2026-08-30 11:40:16,527 [ERROR] LogOutputStream:75 - [STDERR_REDIRECT] WARNING: Could not lock System prefs. Unix error code 5.
2026-08-30 11:40:16,528 [ERROR] LogOutputStream:75 - [STDERR_REDIRECT] 
2026-08-30 11:40:16,528 [ERROR] LogOutputStream:75 - [STDERR_REDIRECT] Aug 30, 2026 11:40:16 AM java.util.prefs.FileSystemPreferences syncWorld
2026-08-30 11:40:16,528 [ERROR] LogOutputStream:75 - [STDERR_REDIRECT] WARNING: Couldn't flush system prefs: java.util.prefs.BackingStoreException: Couldn't get file lock.
2026-08-30 11:40:16,528 [ERROR] LogOutputStream:75 - [STDERR_REDIRECT] 
2026-08-30 11:40:46,526 [ERROR] LogOutputStream:75 - [STDERR_REDIRECT] Aug 30, 2026 11:40:46 AM java.util.prefs.FileSystemPreferences checkLockFile0ErrorCode
2026-08-30 11:40:46,526 [ERROR] LogOutputStream:75 - [STDERR_REDIRECT] WARNING: Could not lock System prefs. Unix error code 5.
2026-08-30 11:40:46,526 [ERROR] LogOutputStream:75 - [STDERR_REDIRECT] 
2026-08-30 11:40:46,527 [ERROR] LogOutputStream:75 - [STDERR_REDIRECT] Aug 30, 2026 11:40:46 AM java.util.prefs.FileSystemPreferences syncWorld
2026-08-30 11:40:46,527 [ERROR] LogOutputStream:75 - [STDERR_REDIRECT] WARNING: Couldn't flush system prefs: java.util.prefs.BackingStoreException: Couldn't get file lock.
2026-08-30 11:40:46,527 [ERROR] LogOutputStream:75 - [STDERR_REDIRECT] 
2026-08-30 11:41:16,527 [ERROR] LogOutputStream:75 - [STDERR_REDIRECT] Aug 30, 2026 11:41:16 AM java.util.prefs.FileSystemPreferences checkLockFile0ErrorCode
2026-08-30 11:41:16,527 [ERROR] LogOutputStream:75 - [STDERR_REDIRECT] WARNING: Could not lock System prefs. Unix error code 5.
2026-08-30 11:41:16,527 [ERROR] LogOutputStream:75 - [STDERR_REDIRECT] 
2026-08-30 11:41:16,528 [ERROR] LogOutputStream:75 - [STDERR_REDIRECT] Aug 30, 2026 11:41:16 AM java.util.prefs.FileSystemPreferences syncWorld
2026-08-30 11:41:16,528 [ERROR] LogOutputStream:75 - [STDERR_REDIRECT] WARNING: Couldn't flush system prefs: java.util.prefs.BackingStoreException: Couldn't get file lock.
2026-08-30 11:41:16,528 [ERROR] LogOutputStream:75 - [STDERR_REDIRECT] 
2026-08-30 11:41:46,526 [ERROR] LogOutputStream:75 - [STDERR_REDIRECT] Aug 30, 2026 11:41:46 AM java.util.prefs.FileSystemPreferences checkLockFile0ErrorCode
2026-08-30 11:41:46,527 [ERROR] LogOutputStream:75 - [STDERR_REDIRECT] WARNING: Could not lock System prefs. Unix error code 5.
2026-08-30 11:41:46,527 [ERROR] LogOutputStream:75 - [STDERR_REDIRECT] 
2026-08-30 11:41:46,529 [ERROR] LogOutputStream:75 - [STDERR_REDIRECT] Aug 30, 2026 11:41:46 AM java.util.prefs.FileSystemPreferences syncWorld
2026-08-30 11:41:46,530 [ERROR] LogOutputStream:75 - [STDERR_REDIRECT] WARNING: Couldn't flush system prefs: java.util.prefs.BackingStoreException: Couldn't get file lock.
2026-08-30 11:41:46,531 [ERROR] LogOutputStream:75 - [STDERR_REDIRECT] 
2026-08-30 11:42:16,528 [ERROR] LogOutputStream:75 - [STDERR_REDIRECT] Aug 30, 2026 11:42:16 AM java.util.prefs.FileSystemPreferences checkLockFile0ErrorCode
2026-08-30 11:42:16,528 [ERROR] LogOutputStream:75 - [STDERR_REDIRECT] WARNING: Could not lock System prefs. Unix error code 5.
2026-08-30 11:42:16,528 [ERROR] LogOutputStream:75 - [STDERR_REDIRECT] 
2026-08-30 11:42:16,528 [ERROR] LogOutputStream:75 - [STDERR_REDIRECT] Aug 30, 2026 11:42:16 AM java.util.prefs.FileSystemPreferences syncWorld
2026-08-30 11:42:16,530 [ERROR] LogOutputStream:75 - [STDERR_REDIRECT] WARNING: Couldn't flush system prefs: java.util.prefs.BackingStoreException: Couldn't get file lock.
2026-08-30 11:42:16,530 [ERROR] LogOutputStream:75 - [STDERR_REDIRECT] 
2026-08-30 11:42:46,526 [ERROR] LogOutputStream:75 - [STDERR_REDIRECT] Aug 30, 2026 11:42:46 AM java.util.prefs.FileSystemPreferences checkLockFile0ErrorCode
2026-08-30 11:42:46,527 [ERROR] LogOutputStream:75 - [STDERR_REDIRECT] WARNING: Could not lock System prefs. Unix error code 30337.
2026-08-30 11:42:46,527 [ERROR] LogOutputStream:75 - [STDERR_REDIRECT] 
2026-08-30 11:42:46,527 [ERROR] LogOutputStream:75 - [STDERR_REDIRECT] Aug 30, 2026 11:42:46 AM java.util.prefs.FileSystemPreferences syncWorld
2026-08-30 11:42:46,527 [ERROR] LogOutputStream:75 - [STDERR_REDIRECT] WARNING: Couldn't flush system prefs: java.util.prefs.BackingStoreException: Couldn't get file lock.
2026-08-30 11:42:46,527 [ERROR] LogOutputStream:75 - [STDERR_REDIRECT] 
2026-08-30 11:43:16,527 [ERROR] LogOutputStream:75 - [STDERR_REDIRECT] Aug 30, 2026 11:43:16 AM java.util.prefs.FileSystemPreferences checkLockFile0ErrorCode
2026-08-30 11:43:16,527 [ERROR] LogOutputStream:75 - [STDERR_REDIRECT] WARNING: Could not lock System prefs. Unix error code 30337.
2026-08-30 11:43:16,527 [ERROR] LogOutputStream:75 - [STDERR_REDIRECT] 
2026-08-30 11:43:16,528 [ERROR] LogOutputStream:75 - [STDERR_REDIRECT] Aug 30, 2026 11:43:16 AM java.util.prefs.FileSystemPreferences syncWorld
2026-08-30 11:43:16,528 [ERROR] LogOutputStream:75 - [STDERR_REDIRECT] WARNING: Couldn't flush system prefs: java.util.prefs.BackingStoreException: Couldn't get file lock.
2026-08-30 11:43:16,528 [ERROR] LogOutputStream:75 - [STDERR_REDIRECT] 
2026-08-30 11:43:46,527 [ERROR] LogOutputStream:75 - [STDERR_REDIRECT] Aug 30, 2026 11:43:46 AM java.util.prefs.FileSystemPreferences checkLockFile0ErrorCode
2026-08-30 11:43:46,527 [ERROR] LogOutputStream:75 - [STDERR_REDIRECT] WARNING: Could not lock System prefs. Unix error code 30337.
2026-08-30 11:43:46,529 [ERROR] LogOutputStream:75 - [STDERR_REDIRECT] 
2026-08-30 11:43:46,529 [ERROR] LogOutputStream:75 - [STDERR_REDIRECT] Aug 30, 2026 11:43:46 AM java.util.prefs.FileSystemPreferences syncWorld
2026-08-30 11:43:46,529 [ERROR] LogOutputStream:75 - [STDERR_REDIRECT] WARNING: Couldn't flush system prefs: java.util.prefs.BackingStoreException: Couldn't get file lock.
2026-08-30 11:43:46,529 [ERROR] LogOutputStream:75 - [STDERR_REDIRECT] 
2026-08-30 11:44:16,526 [ERROR] LogOutputStream:75 - [STDERR_REDIRECT] Aug 30, 2026 11:44:16 AM java.util.prefs.FileSystemPreferences checkLockFile0ErrorCode
2026-08-30 11:44:16,526 [ERROR] LogOutputStream:75 - [STDERR_REDIRECT] WARNING: Could not lock System prefs. Unix error code 30337.
2026-08-30 11:44:16,526 [ERROR] LogOutputStream:75 - [STDERR_REDIRECT] 
2026-08-30 11:44:16,527 [ERROR] LogOutputStream:75 - [STDERR_REDIRECT] Aug 30, 2026 11:44:16 AM java.util.prefs.FileSystemPreferences syncWorld
2026-08-30 11:44:16,527 [ERROR] LogOutputStream:75 - [STDERR_REDIRECT] WARNING: Couldn't flush system prefs: java.util.prefs.BackingStoreException: Couldn't get file lock.
2026-08-30 11:44:16,527 [ERROR] LogOutputStream:75 - [STDERR_REDIRECT] 
2026-08-30 11:44:46,526 [ERROR] LogOutputStream:75 - [STDERR_REDIRECT] Aug 30, 2026 11:44:46 AM java.util.prefs.FileSystemPreferences checkLockFile0ErrorCode
2026-08-30 11:44:46,526 [ERROR] LogOutputStream:75 - [STDERR_REDIRECT] WARNING: Could not lock System prefs. Unix error code 30337.
2026-08-30 11:44:46,526 [ERROR] LogOutputStream:75 - [STDERR_REDIRECT] 
2026-08-30 11:44:46,526 [ERROR] LogOutputStream:75 - [STDERR_REDIRECT] Aug 30, 2026 11:44:46 AM java.util.prefs.FileSystemPreferences syncWorld
2026-08-30 11:44:46,527 [ERROR] LogOutputStream:75 - [STDERR_REDIRECT] WARNING: Couldn't flush system prefs: java.util.prefs.BackingStoreException: Couldn't get file lock.
2026-08-30 11:44:46,527 [ERROR] LogOutputStream:75 - [STDERR_REDIRECT] 
2026-08-30 11:45:16,526 [ERROR] LogOutputStream:75 - [STDERR_REDIRECT] Aug 30, 2026 11:45:16 AM java.util.prefs.FileSystemPreferences checkLockFile0ErrorCode
2026-08-30 11:45:16,526 [ERROR] LogOutputStream:75 - [STDERR_REDIRECT] WARNING: Could not lock System prefs. Unix error code 30337.
2026-08-30 11:45:16,526 [ERROR] LogOutputStream:75 - [STDERR_REDIRECT] 
2026-08-30 11:45:16,526 [ERROR] LogOutputStream:75 - [STDERR_REDIRECT] Aug 30, 2026 11:45:16 AM java.util.prefs.FileSystemPreferences syncWorld
2026-08-30 11:45:16,526 [ERROR] LogOutputStream:75 - [STDERR_REDIRECT] WARNING: Couldn't flush system prefs: java.util.prefs.BackingStoreException: Couldn't get file lock.
2026-08-30 11:45:16,526 [ERROR] LogOutputStream:75 - [STDERR_REDIRECT] 
2026-08-30 11:45:46,525 [ERROR] LogOutputStream:75 - [STDERR_REDIRECT] Aug 30, 2026 11:45:46 AM java.util.prefs.FileSystemPreferences checkLockFile0ErrorCode
2026-08-30 11:45:46,525 [ERROR] LogOutputStream:75 - [STDERR_REDIRECT] WARNING: Could not lock System prefs. Unix error code 30337.
2026-08-30 11:45:46,526 [ERROR] LogOutputStream:75 - [STDERR_REDIRECT] 
2026-08-30 11:45:46,526 [ERROR] LogOutputStream:75 - [STDERR_REDIRECT] Aug 30, 2026 11:45:46 AM java.util.prefs.FileSystemPreferences syncWorld
2026-08-30 11:45:46,526 [ERROR] LogOutputStream:75 - [STDERR_REDIRECT] WARNING: Couldn't flush system prefs: java.util.prefs.BackingStoreException: Couldn't get file lock.
2026-08-30 11:45:46,526 [ERROR] LogOutputStream:75 - [STDERR_REDIRECT] 
2026-08-30 11:46:16,528 [ERROR] LogOutputStream:75 - [STDERR_REDIRECT] Aug 30, 2026 11:46:16 AM java.util.prefs.FileSystemPreferences checkLockFile0ErrorCode
2026-08-30 11:46:16,528 [ERROR] LogOutputStream:75 - [STDERR_REDIRECT] WARNING: Could not lock System prefs. Unix error code 30337.
2026-08-30 11:46:16,529 [ERROR] LogOutputStream:75 - [STDERR_REDIRECT] 
2026-08-30 11:46:16,529 [ERROR] LogOutputStream:75 - [STDERR_REDIRECT] Aug 30, 2026 11:46:16 AM java.util.prefs.FileSystemPreferences syncWorld
2026-08-30 11:46:16,529 [ERROR] LogOutputStream:75 - [STDERR_REDIRECT] WARNING: Couldn't flush system prefs: java.util.prefs.BackingStoreException: Couldn't get file lock.
2026-08-30 11:46:16,529 [ERROR] LogOutputStream:75 - [STDERR_REDIRECT] 
2026-08-30 11:46:46,531 [ERROR] LogOutputStream:75 - [STDERR_REDIRECT] Aug 30, 2026 11:46:46 AM java.util.prefs.FileSystemPreferences checkLockFile0ErrorCode
2026-08-30 11:46:46,531 [ERROR] LogOutputStream:75 - [STDERR_REDIRECT] WARNING: Could not lock System prefs. Unix error code 30337.
2026-08-30 11:46:46,531 [ERROR] LogOutputStream:75 - [STDERR_REDIRECT] 
2026-08-30 11:46:46,531 [ERROR] LogOutputStream:75 - [STDERR_REDIRECT] Aug 30, 2026 11:46:46 AM java.util.prefs.FileSystemPreferences syncWorld
2026-08-30 11:46:46,531 [ERROR] LogOutputStream:75 - [STDERR_REDIRECT] WARNING: Couldn't flush system prefs: java.util.prefs.BackingStoreException: Couldn't get file lock.
2026-08-30 11:46:46,532 [ERROR] LogOutputStream:75 - [STDERR_REDIRECT] 
2026-08-30 11:47:16,528 [ERROR] LogOutputStream:75 - [STDERR_REDIRECT] Aug 30, 2026 11:47:16 AM java.util.prefs.FileSystemPreferences checkLockFile0ErrorCode
2026-08-30 11:47:16,528 [ERROR] LogOutputStream:75 - [STDERR_REDIRECT] WARNING: Could not lock System prefs. Unix error code 30337.
2026-08-30 11:47:16,529 [ERROR] LogOutputStream:75 - [STDERR_REDIRECT] 
2026-08-30 11:47:16,529 [ERROR] LogOutputStream:75 - [STDERR_REDIRECT] Aug 30, 2026 11:47:16 AM java.util.prefs.FileSystemPreferences syncWorld
2026-08-30 11:47:16,529 [ERROR] LogOutputStream:75 - [STDERR_REDIRECT] WARNING: Couldn't flush system prefs: java.util.prefs.BackingStoreException: Couldn't get file lock.
2026-08-30 11:47:16,529 [ERROR] LogOutputStream:75 - [STDERR_REDIRECT] 
2026-08-30 11:47:46,529 [ERROR] LogOutputStream:75 - [STDERR_REDIRECT] Aug 30, 2026 11:47:46 AM java.util.prefs.FileSystemPreferences checkLockFile0ErrorCode
2026-08-30 11:47:46,529 [ERROR] LogOutputStream:75 - [STDERR_REDIRECT] WARNING: Could not lock System prefs. Unix error code 30337.
2026-08-30 11:47:46,529 [ERROR] LogOutputStream:75 - [STDERR_REDIRECT] 
2026-08-30 11:47:46,530 [ERROR] LogOutputStream:75 - [STDERR_REDIRECT] Aug 30, 2026 11:47:46 AM java.util.prefs.FileSystemPreferences syncWorld
2026-08-30 11:47:46,530 [ERROR] LogOutputStream:75 - [STDERR_REDIRECT] WARNING: Couldn't flush system prefs: java.util.prefs.BackingStoreException: Couldn't get file lock.
2026-08-30 11:47:46,530 [ERROR] LogOutputStream:75 - [STDERR_REDIRECT] 
2026-08-30 11:48:16,529 [ERROR] LogOutputStream:75 - [STDERR_REDIRECT] Aug 30, 2026 11:48:16 AM java.util.prefs.FileSystemPreferences checkLockFile0ErrorCode
2026-08-30 11:48:16,529 [ERROR] LogOutputStream:75 - [STDERR_REDIRECT] WARNING: Could not lock System prefs. Unix error code 30337.
2026-08-30 11:48:16,529 [ERROR] LogOutputStream:75 - [STDERR_REDIRECT] 
2026-08-30 11:48:16,529 [ERROR] LogOutputStream:75 - [STDERR_REDIRECT] Aug 30, 2026 11:48:16 AM java.util.prefs.FileSystemPreferences syncWorld
2026-08-30 11:48:16,529 [ERROR] LogOutputStream:75 - [STDERR_REDIRECT] WARNING: Couldn't flush system prefs: java.util.prefs.BackingStoreException: Couldn't get file lock.
2026-08-30 11:48:16,530 [ERROR] LogOutputStream:75 - [STDERR_REDIRECT] 
2026-08-30 11:48:46,529 [ERROR] LogOutputStream:75 - [STDERR_REDIRECT] Aug 30, 2026 11:48:46 AM java.util.prefs.FileSystemPreferences checkLockFile0ErrorCode
2026-08-30 11:48:46,529 [ERROR] LogOutputStream:75 - [STDERR_REDIRECT] WARNING: Could not lock System prefs. Unix error code 30337.
2026-08-30 11:48:46,529 [ERROR] LogOutputStream:75 - [STDERR_REDIRECT] 
2026-08-30 11:48:46,529 [ERROR] LogOutputStream:75 - [STDERR_REDIRECT] Aug 30, 2026 11:48:46 AM java.util.prefs.FileSystemPreferences syncWorld
2026-08-30 11:48:46,529 [ERROR] LogOutputStream:75 - [STDERR_REDIRECT] WARNING: Couldn't flush system prefs: java.util.prefs.BackingStoreException: Couldn't get file lock.
2026-08-30 11:48:46,529 [ERROR] LogOutputStream:75 - [STDERR_REDIRECT] 
2026-08-30 11:49:16,530 [ERROR] LogOutputStream:75 - [STDERR_REDIRECT] Aug 30, 2026 11:49:16 AM java.util.prefs.FileSystemPreferences checkLockFile0ErrorCode
2026-08-30 11:49:16,530 [ERROR] LogOutputStream:75 - [STDERR_REDIRECT] WARNING: Could not lock System prefs. Unix error code 30337.
2026-08-30 11:49:16,531 [ERROR] LogOutputStream:75 - [STDERR_REDIRECT] 
2026-08-30 11:49:16,531 [ERROR] LogOutputStream:75 - [STDERR_REDIRECT] Aug 30, 2026 11:49:16 AM java.util.prefs.FileSystemPreferences syncWorld
2026-08-30 11:49:16,531 [ERROR] LogOutputStream:75 - [STDERR_REDIRECT] WARNING: Couldn't flush system prefs: java.util.prefs.BackingStoreException: Couldn't get file lock.
2026-08-30 11:49:16,531 [ERROR] LogOutputStream:75 - [STDERR_REDIRECT] 
2026-08-30 11:49:46,530 [ERROR] LogOutputStream:75 - [STDERR_REDIRECT] Aug 30, 2026 11:49:46 AM java.util.prefs.FileSystemPreferences checkLockFile0ErrorCode
2026-08-30 11:49:46,530 [ERROR] LogOutputStream:75 - [STDERR_REDIRECT] WARNING: Could not lock System prefs. Unix error code 30337.
2026-08-30 11:49:46,530 [ERROR] LogOutputStream:75 - [STDERR_REDIRECT] 
2026-08-30 11:49:46,531 [ERROR] LogOutputStream:75 - [STDERR_REDIRECT] Aug 30, 2026 11:49:46 AM java.util.prefs.FileSystemPreferences syncWorld
2026-08-30 11:49:46,531 [ERROR] LogOutputStream:75 - [STDERR_REDIRECT] WARNING: Couldn't flush system prefs: java.util.prefs.BackingStoreException: Couldn't get file lock.
2026-08-30 11:49:46,531 [ERROR] LogOutputStream:75 - [STDERR_REDIRECT] 
2026-08-30 11:50:16,530 [ERROR] LogOutputStream:75 - [STDERR_REDIRECT] Aug 30, 2026 11:50:16 AM java.util.prefs.FileSystemPreferences checkLockFile0ErrorCode
2026-08-30 11:50:16,531 [ERROR] LogOutputStream:75 - [STDERR_REDIRECT] WARNING: Could not lock System prefs. Unix error code 30337.
2026-08-30 11:50:16,531 [ERROR] LogOutputStream:75 - [STDERR_REDIRECT] 
2026-08-30 11:50:16,532 [ERROR] LogOutputStream:75 - [STDERR_REDIRECT] Aug 30, 2026 11:50:16 AM java.util.prefs.FileSystemPreferences syncWorld
2026-08-30 11:50:16,532 [ERROR] LogOutputStream:75 - [STDERR_REDIRECT] WARNING: Couldn't flush system prefs: java.util.prefs.BackingStoreException: Couldn't get file lock.
2026-08-30 11:50:16,532 [ERROR] LogOutputStream:75 - [STDERR_REDIRECT] 
2026-08-30 11:50:46,535 [ERROR] LogOutputStream:75 - [STDERR_REDIRECT] Aug 30, 2026 11:50:46 AM java.util.prefs.FileSystemPreferences checkLockFile0ErrorCode
2026-08-30 11:50:46,536 [ERROR] LogOutputStream:75 - [STDERR_REDIRECT] WARNING: Could not lock System prefs. Unix error code 30337.
2026-08-30 11:50:46,537 [ERROR] LogOutputStream:75 - [STDERR_REDIRECT] 
2026-08-30 11:50:46,537 [ERROR] LogOutputStream:75 - [STDERR_REDIRECT] Aug 30, 2026 11:50:46 AM java.util.prefs.FileSystemPreferences syncWorld
2026-08-30 11:50:46,537 [ERROR] LogOutputStream:75 - [STDERR_REDIRECT] WARNING: Couldn't flush system prefs: java.util.prefs.BackingStoreException: Couldn't get file lock.
2026-08-30 11:50:46,537 [ERROR] LogOutputStream:75 - [STDERR_REDIRECT] 
2026-08-30 11:51:16,531 [ERROR] LogOutputStream:75 - [STDERR_REDIRECT] Aug 30, 2026 11:51:16 AM java.util.prefs.FileSystemPreferences checkLockFile0ErrorCode
2026-08-30 11:51:16,531 [ERROR] LogOutputStream:75 - [STDERR_REDIRECT] WARNING: Could not lock System prefs. Unix error code 30337.
2026-08-30 11:51:16,531 [ERROR] LogOutputStream:75 - [STDERR_REDIRECT] 
2026-08-30 11:51:16,531 [ERROR] LogOutputStream:75 - [STDERR_REDIRECT] Aug 30, 2026 11:51:16 AM java.util.prefs.FileSystemPreferences syncWorld
2026-08-30 11:51:16,532 [ERROR] LogOutputStream:75 - [STDERR_REDIRECT] WARNING: Couldn't flush system prefs: java.util.prefs.BackingStoreException: Couldn't get file lock.
2026-08-30 11:51:16,532 [ERROR] LogOutputStream:75 - [STDERR_REDIRECT] 
2026-08-30 11:51:46,531 [ERROR] LogOutputStream:75 - [STDERR_REDIRECT] Aug 30, 2026 11:51:46 AM java.util.prefs.FileSystemPreferences checkLockFile0ErrorCode
2026-08-30 11:51:46,531 [ERROR] LogOutputStream:75 - [STDERR_REDIRECT] WARNING: Could not lock System prefs. Unix error code 30337.
2026-08-30 11:51:46,531 [ERROR] LogOutputStream:75 - [STDERR_REDIRECT] 
2026-08-30 11:51:46,531 [ERROR] LogOutputStream:75 - [STDERR_REDIRECT] Aug 30, 2026 11:51:46 AM java.util.prefs.FileSystemPreferences syncWorld
2026-08-30 11:51:46,531 [ERROR] LogOutputStream:75 - [STDERR_REDIRECT] WARNING: Couldn't flush system prefs: java.util.prefs.BackingStoreException: Couldn't get file lock.
2026-08-30 11:51:46,531 [ERROR] LogOutputStream:75 - [STDERR_REDIRECT] 
2026-08-30 11:52:16,532 [ERROR] LogOutputStream:75 - [STDERR_REDIRECT] Aug 30, 2026 11:52:16 AM java.util.prefs.FileSystemPreferences checkLockFile0ErrorCode
2026-08-30 11:52:16,532 [ERROR] LogOutputStream:75 - [STDERR_REDIRECT] WARNING: Could not lock System prefs. Unix error code 30337.
2026-08-30 11:52:16,532 [ERROR] LogOutputStream:75 - [STDERR_REDIRECT] 
2026-08-30 11:52:16,532 [ERROR] LogOutputStream:75 - [STDERR_REDIRECT] Aug 30, 2026 11:52:16 AM java.util.prefs.FileSystemPreferences syncWorld
2026-08-30 11:52:16,533 [ERROR] LogOutputStream:75 - [STDERR_REDIRECT] WARNING: Couldn't flush system prefs: java.util.prefs.BackingStoreException: Couldn't get file lock.
2026-08-30 11:52:16,533 [ERROR] LogOutputStream:75 - [STDERR_REDIRECT] 
2026-08-30 11:52:46,532 [ERROR] LogOutputStream:75 - [STDERR_REDIRECT] Aug 30, 2026 11:52:46 AM java.util.prefs.FileSystemPreferences checkLockFile0ErrorCode
2026-08-30 11:52:46,532 [ERROR] LogOutputStream:75 - [STDERR_REDIRECT] WARNING: Could not lock System prefs. Unix error code 30337.
2026-08-30 11:52:46,532 [ERROR] LogOutputStream:75 - [STDERR_REDIRECT] 
2026-08-30 11:52:46,533 [ERROR] LogOutputStream:75 - [STDERR_REDIRECT] Aug 30, 2026 11:52:46 AM java.util.prefs.FileSystemPreferences syncWorld
2026-08-30 11:52:46,533 [ERROR] LogOutputStream:75 - [STDERR_REDIRECT] WARNING: Couldn't flush system prefs: java.util.prefs.BackingStoreException: Couldn't get file lock.
2026-08-30 11:52:46,533 [ERROR] LogOutputStream:75 - [STDERR_REDIRECT] 
2026-08-30 11:53:16,533 [ERROR] LogOutputStream:75 - [STDERR_REDIRECT] Aug 30, 2026 11:53:16 AM java.util.prefs.FileSystemPreferences checkLockFile0ErrorCode
2026-08-30 11:53:16,533 [ERROR] LogOutputStream:75 - [STDERR_REDIRECT] WARNING: Could not lock System prefs. Unix error code 30337.
2026-08-30 11:53:16,533 [ERROR] LogOutputStream:75 - [STDERR_REDIRECT] 
2026-08-30 11:53:16,533 [ERROR] LogOutputStream:75 - [STDERR_REDIRECT] Aug 30, 2026 11:53:16 AM java.util.prefs.FileSystemPreferences syncWorld
2026-08-30 11:53:16,533 [ERROR] LogOutputStream:75 - [STDERR_REDIRECT] WARNING: Couldn't flush system prefs: java.util.prefs.BackingStoreException: Couldn't get file lock.
2026-08-30 11:53:16,533 [ERROR] LogOutputStream:75 - [STDERR_REDIRECT] 
2026-08-30 11:53:46,533 [ERROR] LogOutputStream:75 - [STDERR_REDIRECT] Aug 30, 2026 11:53:46 AM java.util.prefs.FileSystemPreferences checkLockFile0ErrorCode
2026-08-30 11:53:46,533 [ERROR] LogOutputStream:75 - [STDERR_REDIRECT] WARNING: Could not lock System prefs. Unix error code 30337.
2026-08-30 11:53:46,533 [ERROR] LogOutputStream:75 - [STDERR_REDIRECT] 
2026-08-30 11:53:46,534 [ERROR] LogOutputStream:75 - [STDERR_REDIRECT] Aug 30, 2026 11:53:46 AM java.util.prefs.FileSystemPreferences syncWorld
2026-08-30 11:53:46,534 [ERROR] LogOutputStream:75 - [STDERR_REDIRECT] WARNING: Couldn't flush system prefs: java.util.prefs.BackingStoreException: Couldn't get file lock.
2026-08-30 11:53:46,534 [ERROR] LogOutputStream:75 - [STDERR_REDIRECT] 
2026-08-30 11:54:16,534 [ERROR] LogOutputStream:75 - [STDERR_REDIRECT] Aug 30, 2026 11:54:16 AM java.util.prefs.FileSystemPreferences checkLockFile0ErrorCode
2026-08-30 11:54:16,534 [ERROR] LogOutputStream:75 - [STDERR_REDIRECT] WARNING: Could not lock System prefs. Unix error code 30337.
2026-08-30 11:54:16,534 [ERROR] LogOutputStream:75 - [STDERR_REDIRECT] 
2026-08-30 11:54:16,534 [ERROR] LogOutputStream:75 - [STDERR_REDIRECT] Aug 30, 2026 11:54:16 AM java.util.prefs.FileSystemPreferences syncWorld
2026-08-30 11:54:16,535 [ERROR] LogOutputStream:75 - [STDERR_REDIRECT] WARNING: Couldn't flush system prefs: java.util.prefs.BackingStoreException: Couldn't get file lock.
2026-08-30 11:54:16,535 [ERROR] LogOutputStream:75 - [STDERR_REDIRECT] 
2026-08-30 11:54:46,532 [ERROR] LogOutputStream:75 - [STDERR_REDIRECT] Aug 30, 2026 11:54:46 AM java.util.prefs.FileSystemPreferences checkLockFile0ErrorCode
2026-08-30 11:54:46,533 [ERROR] LogOutputStream:75 - [STDERR_REDIRECT] WARNING: Could not lock System prefs. Unix error code 30337.
2026-08-30 11:54:46,533 [ERROR] LogOutputStream:75 - [STDERR_REDIRECT] 
2026-08-30 11:54:46,533 [ERROR] LogOutputStream:75 - [STDERR_REDIRECT] Aug 30, 2026 11:54:46 AM java.util.prefs.FileSystemPreferences syncWorld
2026-08-30 11:54:46,533 [ERROR] LogOutputStream:75 - [STDERR_REDIRECT] WARNING: Couldn't flush system prefs: java.util.prefs.BackingStoreException: Couldn't get file lock.
2026-08-30 11:54:46,533 [ERROR] LogOutputStream:75 - [STDERR_REDIRECT] 
2026-08-30 11:55:16,534 [ERROR] LogOutputStream:75 - [STDERR_REDIRECT] Aug 30, 2026 11:55:16 AM java.util.prefs.FileSystemPreferences checkLockFile0ErrorCode
2026-08-30 11:55:16,534 [ERROR] LogOutputStream:75 - [STDERR_REDIRECT] WARNING: Could not lock System prefs. Unix error code 30337.
2026-08-30 11:55:16,534 [ERROR] LogOutputStream:75 - [STDERR_REDIRECT] 
2026-08-30 11:55:16,534 [ERROR] LogOutputStream:75 - [STDERR_REDIRECT] Aug 30, 2026 11:55:16 AM java.util.prefs.FileSystemPreferences syncWorld
2026-08-30 11:55:16,535 [ERROR] LogOutputStream:75 - [STDERR_REDIRECT] WARNING: Couldn't flush system prefs: java.util.prefs.BackingStoreException: Couldn't get file lock.
2026-08-30 11:55:16,535 [ERROR] LogOutputStream:75 - [STDERR_REDIRECT] 
2026-08-30 11:55:46,532 [ERROR] LogOutputStream:75 - [STDERR_REDIRECT] Aug 30, 2026 11:55:46 AM java.util.prefs.FileSystemPreferences checkLockFile0ErrorCode
2026-08-30 11:55:46,533 [ERROR] LogOutputStream:75 - [STDERR_REDIRECT] WARNING: Could not lock System prefs. Unix error code 30337.
2026-08-30 11:55:46,533 [ERROR] LogOutputStream:75 - [STDERR_REDIRECT] 
2026-08-30 11:55:46,533 [ERROR] LogOutputStream:75 - [STDERR_REDIRECT] Aug 30, 2026 11:55:46 AM java.util.prefs.FileSystemPreferences syncWorld
2026-08-30 11:55:46,533 [ERROR] LogOutputStream:75 - [STDERR_REDIRECT] WARNING: Couldn't flush system prefs: java.util.prefs.BackingStoreException: Couldn't get file lock.
2026-08-30 11:55:46,533 [ERROR] LogOutputStream:75 - [STDERR_REDIRECT] 
2026-08-30 11:56:16,533 [ERROR] LogOutputStream:75 - [STDERR_REDIRECT] Aug 30, 2026 11:56:16 AM java.util.prefs.FileSystemPreferences checkLockFile0ErrorCode
2026-08-30 11:56:16,533 [ERROR] LogOutputStream:75 - [STDERR_REDIRECT] WARNING: Could not lock System prefs. Unix error code 30337.
2026-08-30 11:56:16,533 [ERROR] LogOutputStream:75 - [STDERR_REDIRECT] 
2026-08-30 11:56:16,534 [ERROR] LogOutputStream:75 - [STDERR_REDIRECT] Aug 30, 2026 11:56:16 AM java.util.prefs.FileSystemPreferences syncWorld
2026-08-30 11:56:16,534 [ERROR] LogOutputStream:75 - [STDERR_REDIRECT] WARNING: Couldn't flush system prefs: java.util.prefs.BackingStoreException: Couldn't get file lock.
2026-08-30 11:56:16,534 [ERROR] LogOutputStream:75 - [STDERR_REDIRECT] 
2026-08-30 11:56:46,533 [ERROR] LogOutputStream:75 - [STDERR_REDIRECT] Aug 30, 2026 11:56:46 AM java.util.prefs.FileSystemPreferences checkLockFile0ErrorCode
2026-08-30 11:56:46,533 [ERROR] LogOutputStream:75 - [STDERR_REDIRECT] WARNING: Could not lock System prefs. Unix error code 30337.
2026-08-30 11:56:46,533 [ERROR] LogOutputStream:75 - [STDERR_REDIRECT] 
2026-08-30 11:56:46,535 [ERROR] LogOutputStream:75 - [STDERR_REDIRECT] Aug 30, 2026 11:56:46 AM java.util.prefs.FileSystemPreferences syncWorld
2026-08-30 11:56:46,535 [ERROR] LogOutputStream:75 - [STDERR_REDIRECT] WARNING: Couldn't flush system prefs: java.util.prefs.BackingStoreException: Couldn't get file lock.
2026-08-30 11:56:46,535 [ERROR] LogOutputStream:75 - [STDERR_REDIRECT] 
2026-08-30 11:57:16,533 [ERROR] LogOutputStream:75 - [STDERR_REDIRECT] Aug 30, 2026 11:57:16 AM java.util.prefs.FileSystemPreferences checkLockFile0ErrorCode
2026-08-30 11:57:16,533 [ERROR] LogOutputStream:75 - [STDERR_REDIRECT] WARNING: Could not lock System prefs. Unix error code 30337.
2026-08-30 11:57:16,533 [ERROR] LogOutputStream:75 - [STDERR_REDIRECT] 
2026-08-30 11:57:16,533 [ERROR] LogOutputStream:75 - [STDERR_REDIRECT] Aug 30, 2026 11:57:16 AM java.util.prefs.FileSystemPreferences syncWorld
2026-08-30 11:57:16,533 [ERROR] LogOutputStream:75 - [STDERR_REDIRECT] WARNING: Couldn't flush system prefs: java.util.prefs.BackingStoreException: Couldn't get file lock.
2026-08-30 11:57:16,533 [ERROR] LogOutputStream:75 - [STDERR_REDIRECT] 
2026-08-30 11:57:46,534 [ERROR] LogOutputStream:75 - [STDERR_REDIRECT] Aug 30, 2026 11:57:46 AM java.util.prefs.FileSystemPreferences checkLockFile0ErrorCode
2026-08-30 11:57:46,534 [ERROR] LogOutputStream:75 - [STDERR_REDIRECT] WARNING: Could not lock System prefs. Unix error code 30337.
2026-08-30 11:57:46,534 [ERROR] LogOutputStream:75 - [STDERR_REDIRECT] 
2026-08-30 11:57:46,535 [ERROR] LogOutputStream:75 - [STDERR_REDIRECT] Aug 30, 2026 11:57:46 AM java.util.prefs.FileSystemPreferences syncWorld
2026-08-30 11:57:46,535 [ERROR] LogOutputStream:75 - [STDERR_REDIRECT] WARNING: Couldn't flush system prefs: java.util.prefs.BackingStoreException: Couldn't get file lock.
2026-08-30 11:57:46,535 [ERROR] LogOutputStream:75 - [STDERR_REDIRECT] 
2026-08-30 11:58:16,534 [ERROR] LogOutputStream:75 - [STDERR_REDIRECT] Aug 30, 2026 11:58:16 AM java.util.prefs.FileSystemPreferences checkLockFile0ErrorCode
2026-08-30 11:58:16,534 [ERROR] LogOutputStream:75 - [STDERR_REDIRECT] WARNING: Could not lock System prefs. Unix error code 30337.
2026-08-30 11:58:16,534 [ERROR] LogOutputStream:75 - [STDERR_REDIRECT] 
2026-08-30 11:58:16,535 [ERROR] LogOutputStream:75 - [STDERR_REDIRECT] Aug 30, 2026 11:58:16 AM java.util.prefs.FileSystemPreferences syncWorld
2026-08-30 11:58:16,535 [ERROR] LogOutputStream:75 - [STDERR_REDIRECT] WARNING: Couldn't flush system prefs: java.util.prefs.BackingStoreException: Couldn't get file lock.
2026-08-30 11:58:16,535 [ERROR] LogOutputStream:75 - [STDERR_REDIRECT] 
2026-08-30 11:58:46,534 [ERROR] LogOutputStream:75 - [STDERR_REDIRECT] Aug 30, 2026 11:58:46 AM java.util.prefs.FileSystemPreferences checkLockFile0ErrorCode
2026-08-30 11:58:46,534 [ERROR] LogOutputStream:75 - [STDERR_REDIRECT] WARNING: Could not lock System prefs. Unix error code 30337.
2026-08-30 11:58:46,534 [ERROR] LogOutputStream:75 - [STDERR_REDIRECT] 
2026-08-30 11:58:46,534 [ERROR] LogOutputStream:75 - [STDERR_REDIRECT] Aug 30, 2026 11:58:46 AM java.util.prefs.FileSystemPreferences syncWorld
2026-08-30 11:58:46,535 [ERROR] LogOutputStream:75 - [STDERR_REDIRECT] WARNING: Couldn't flush system prefs: java.util.prefs.BackingStoreException: Couldn't get file lock.
2026-08-30 11:58:46,535 [ERROR] LogOutputStream:75 - [STDERR_REDIRECT] 
2026-08-30 11:59:16,534 [ERROR] LogOutputStream:75 - [STDERR_REDIRECT] Aug 30, 2026 11:59:16 AM java.util.prefs.FileSystemPreferences checkLockFile0ErrorCode
2026-08-30 11:59:16,534 [ERROR] LogOutputStream:75 - [STDERR_REDIRECT] WARNING: Could not lock System prefs. Unix error code 30337.
2026-08-30 11:59:16,534 [ERROR] LogOutputStream:75 - [STDERR_REDIRECT] 
2026-08-30 11:59:16,534 [ERROR] LogOutputStream:75 - [STDERR_REDIRECT] Aug 30, 2026 11:59:16 AM java.util.prefs.FileSystemPreferences syncWorld
2026-08-30 11:59:16,534 [ERROR] LogOutputStream:75 - [STDERR_REDIRECT] WARNING: Couldn't flush system prefs: java.util.prefs.BackingStoreException: Couldn't get file lock.
2026-08-30 11:59:16,534 [ERROR] LogOutputStream:75 - [STDERR_REDIRECT] 
2026-08-30 11:59:46,535 [ERROR] LogOutputStream:75 - [STDERR_REDIRECT] Aug 30, 2026 11:59:46 AM java.util.prefs.FileSystemPreferences checkLockFile0ErrorCode
2026-08-30 11:59:46,535 [ERROR] LogOutputStream:75 - [STDERR_REDIRECT] WARNING: Could not lock System prefs. Unix error code 30337.
2026-08-30 11:59:46,535 [ERROR] LogOutputStream:75 - [STDERR_REDIRECT] 
2026-08-30 11:59:46,535 [ERROR] LogOutputStream:75 - [STDERR_REDIRECT] Aug 30, 2026 11:59:46 AM java.util.prefs.FileSystemPreferences syncWorld
2026-08-30 11:59:46,535 [ERROR] LogOutputStream:75 - [STDERR_REDIRECT] WARNING: Couldn't flush system prefs: java.util.prefs.BackingStoreException: Couldn't get file lock.
2026-08-30 11:59:46,535 [ERROR] LogOutputStream:75 - [STDERR_REDIRECT] 
2026-08-30 12:00:16,536 [ERROR] LogOutputStream:75 - [STDERR_REDIRECT] Aug 30, 2026 12:00:16 PM java.util.prefs.FileSystemPreferences checkLockFile0ErrorCode
2026-08-30 12:00:16,536 [ERROR] LogOutputStream:75 - [STDERR_REDIRECT] WARNING: Could not lock System prefs. Unix error code 30337.
2026-08-30 12:00:16,536 [ERROR] LogOutputStream:75 - [STDERR_REDIRECT] 
2026-08-30 12:00:16,536 [ERROR] LogOutputStream:75 - [STDERR_REDIRECT] Aug 30, 2026 12:00:16 PM java.util.prefs.FileSystemPreferences syncWorld
2026-08-30 12:00:16,536 [ERROR] LogOutputStream:75 - [STDERR_REDIRECT] WARNING: Couldn't flush system prefs: java.util.prefs.BackingStoreException: Couldn't get file lock.
2026-08-30 12:00:16,536 [ERROR] LogOutputStream:75 - [STDERR_REDIRECT] 
2026-08-30 12:00:46,537 [ERROR] LogOutputStream:75 - [STDERR_REDIRECT] Aug 30, 2026 12:00:46 PM java.util.prefs.FileSystemPreferences checkLockFile0ErrorCode
2026-08-30 12:00:46,537 [ERROR] LogOutputStream:75 - [STDERR_REDIRECT] WARNING: Could not lock System prefs. Unix error code 30337.
2026-08-30 12:00:46,537 [ERROR] LogOutputStream:75 - [STDERR_REDIRECT] 
2026-08-30 12:00:46,537 [ERROR] LogOutputStream:75 - [STDERR_REDIRECT] Aug 30, 2026 12:00:46 PM java.util.prefs.FileSystemPreferences syncWorld
2026-08-30 12:00:46,538 [ERROR] LogOutputStream:75 - [STDERR_REDIRECT] WARNING: Couldn't flush system prefs: java.util.prefs.BackingStoreException: Couldn't get file lock.
2026-08-30 12:00:46,538 [ERROR] LogOutputStream:75 - [STDERR_REDIRECT] 
2026-08-30 12:01:16,536 [ERROR] LogOutputStream:75 - [STDERR_REDIRECT] Aug 30, 2026 12:01:16 PM java.util.prefs.FileSystemPreferences checkLockFile0ErrorCode
2026-08-30 12:01:16,537 [ERROR] LogOutputStream:75 - [STDERR_REDIRECT] WARNING: Could not lock System prefs. Unix error code 30337.
2026-08-30 12:01:16,537 [ERROR] LogOutputStream:75 - [STDERR_REDIRECT] 
2026-08-30 12:01:16,537 [ERROR] LogOutputStream:75 - [STDERR_REDIRECT] Aug 30, 2026 12:01:16 PM java.util.prefs.FileSystemPreferences syncWorld
2026-08-30 12:01:16,537 [ERROR] LogOutputStream:75 - [STDERR_REDIRECT] WARNING: Couldn't flush system prefs: java.util.prefs.BackingStoreException: Couldn't get file lock.
2026-08-30 12:01:16,537 [ERROR] LogOutputStream:75 - [STDERR_REDIRECT] 
2026-08-30 12:01:46,537 [ERROR] LogOutputStream:75 - [STDERR_REDIRECT] Aug 30, 2026 12:01:46 PM java.util.prefs.FileSystemPreferences checkLockFile0ErrorCode
2026-08-30 12:01:46,537 [ERROR] LogOutputStream:75 - [STDERR_REDIRECT] WARNING: Could not lock System prefs. Unix error code 30337.
2026-08-30 12:01:46,537 [ERROR] LogOutputStream:75 - [STDERR_REDIRECT] 
2026-08-30 12:01:46,538 [ERROR] LogOutputStream:75 - [STDERR_REDIRECT] Aug 30, 2026 12:01:46 PM java.util.prefs.FileSystemPreferences syncWorld
2026-08-30 12:01:46,538 [ERROR] LogOutputStream:75 - [STDERR_REDIRECT] WARNING: Couldn't flush system prefs: java.util.prefs.BackingStoreException: Couldn't get file lock.
2026-08-30 12:01:46,538 [ERROR] LogOutputStream:75 - [STDERR_REDIRECT] 
2026-08-30 12:02:16,537 [ERROR] LogOutputStream:75 - [STDERR_REDIRECT] Aug 30, 2026 12:02:16 PM java.util.prefs.FileSystemPreferences checkLockFile0ErrorCode
2026-08-30 12:02:16,537 [ERROR] LogOutputStream:75 - [STDERR_REDIRECT] WARNING: Could not lock System prefs. Unix error code 30337.
2026-08-30 12:02:16,537 [ERROR] LogOutputStream:75 - [STDERR_REDIRECT] 
2026-08-30 12:02:16,538 [ERROR] LogOutputStream:75 - [STDERR_REDIRECT] Aug 30, 2026 12:02:16 PM java.util.prefs.FileSystemPreferences syncWorld
2026-08-30 12:02:16,538 [ERROR] LogOutputStream:75 - [STDERR_REDIRECT] WARNING: Couldn't flush system prefs: java.util.prefs.BackingStoreException: Couldn't get file lock.
2026-08-30 12:02:16,538 [ERROR] LogOutputStream:75 - [STDERR_REDIRECT] 
2026-08-30 12:02:46,537 [ERROR] LogOutputStream:75 - [STDERR_REDIRECT] Aug 30, 2026 12:02:46 PM java.util.prefs.FileSystemPreferences checkLockFile0ErrorCode
2026-08-30 12:02:46,537 [ERROR] LogOutputStream:75 - [STDERR_REDIRECT] WARNING: Could not lock System prefs. Unix error code 30337.
2026-08-30 12:02:46,537 [ERROR] LogOutputStream:75 - [STDERR_REDIRECT] 
2026-08-30 12:02:46,538 [ERROR] LogOutputStream:75 - [STDERR_REDIRECT] Aug 30, 2026 12:02:46 PM java.util.prefs.FileSystemPreferences syncWorld
2026-08-30 12:02:46,538 [ERROR] LogOutputStream:75 - [STDERR_REDIRECT] WARNING: Couldn't flush system prefs: java.util.prefs.BackingStoreException: Couldn't get file lock.
2026-08-30 12:02:46,538 [ERROR] LogOutputStream:75 - [STDERR_REDIRECT] 
2026-08-30 12:03:16,537 [ERROR] LogOutputStream:75 - [STDERR_REDIRECT] Aug 30, 2026 12:03:16 PM java.util.prefs.FileSystemPreferences checkLockFile0ErrorCode
2026-08-30 12:03:16,537 [ERROR] LogOutputStream:75 - [STDERR_REDIRECT] WARNING: Could not lock System prefs. Unix error code 30337.
2026-08-30 12:03:16,537 [ERROR] LogOutputStream:75 - [STDERR_REDIRECT] 
2026-08-30 12:03:16,537 [ERROR] LogOutputStream:75 - [STDERR_REDIRECT] Aug 30, 2026 12:03:16 PM java.util.prefs.FileSystemPreferences syncWorld
2026-08-30 12:03:16,537 [ERROR] LogOutputStream:75 - [STDERR_REDIRECT] WARNING: Couldn't flush system prefs: java.util.prefs.BackingStoreException: Couldn't get file lock.
2026-08-30 12:03:16,537 [ERROR] LogOutputStream:75 - [STDERR_REDIRECT] 
2026-08-30 12:03:46,537 [ERROR] LogOutputStream:75 - [STDERR_REDIRECT] Aug 30, 2026 12:03:46 PM java.util.prefs.FileSystemPreferences checkLockFile0ErrorCode
2026-08-30 12:03:46,538 [ERROR] LogOutputStream:75 - [STDERR_REDIRECT] WARNING: Could not lock System prefs. Unix error code 30337.
2026-08-30 12:03:46,538 [ERROR] LogOutputStream:75 - [STDERR_REDIRECT] 
2026-08-30 12:03:46,538 [ERROR] LogOutputStream:75 - [STDERR_REDIRECT] Aug 30, 2026 12:03:46 PM java.util.prefs.FileSystemPreferences syncWorld
2026-08-30 12:03:46,538 [ERROR] LogOutputStream:75 - [STDERR_REDIRECT] WARNING: Couldn't flush system prefs: java.util.prefs.BackingStoreException: Couldn't get file lock.
2026-08-30 12:03:46,538 [ERROR] LogOutputStream:75 - [STDERR_REDIRECT] 
2026-08-30 12:04:16,538 [ERROR] LogOutputStream:75 - [STDERR_REDIRECT] Aug 30, 2026 12:04:16 PM java.util.prefs.FileSystemPreferences checkLockFile0ErrorCode
2026-08-30 12:04:16,539 [ERROR] LogOutputStream:75 - [STDERR_REDIRECT] WARNING: Could not lock System prefs. Unix error code 30337.
2026-08-30 12:04:16,539 [ERROR] LogOutputStream:75 - [STDERR_REDIRECT] 
2026-08-30 12:04:16,539 [ERROR] LogOutputStream:75 - [STDERR_REDIRECT] Aug 30, 2026 12:04:16 PM java.util.prefs.FileSystemPreferences syncWorld
2026-08-30 12:04:16,539 [ERROR] LogOutputStream:75 - [STDERR_REDIRECT] WARNING: Couldn't flush system prefs: java.util.prefs.BackingStoreException: Couldn't get file lock.
2026-08-30 12:04:16,539 [ERROR] LogOutputStream:75 - [STDERR_REDIRECT] 
2026-08-30 12:04:46,538 [ERROR] LogOutputStream:75 - [STDERR_REDIRECT] Aug 30, 2026 12:04:46 PM java.util.prefs.FileSystemPreferences checkLockFile0ErrorCode
2026-08-30 12:04:46,538 [ERROR] LogOutputStream:75 - [STDERR_REDIRECT] WARNING: Could not lock System prefs. Unix error code 30337.
2026-08-30 12:04:46,539 [ERROR] LogOutputStream:75 - [STDERR_REDIRECT] 
2026-08-30 12:04:46,539 [ERROR] LogOutputStream:75 - [STDERR_REDIRECT] Aug 30, 2026 12:04:46 PM java.util.prefs.FileSystemPreferences syncWorld
2026-08-30 12:04:46,539 [ERROR] LogOutputStream:75 - [STDERR_REDIRECT] WARNING: Couldn't flush system prefs: java.util.prefs.BackingStoreException: Couldn't get file lock.
2026-08-30 12:04:46,539 [ERROR] LogOutputStream:75 - [STDERR_REDIRECT] 
2026-08-30 12:05:16,538 [ERROR] LogOutputStream:75 - [STDERR_REDIRECT] Aug 30, 2026 12:05:16 PM java.util.prefs.FileSystemPreferences checkLockFile0ErrorCode
2026-08-30 12:05:16,538 [ERROR] LogOutputStream:75 - [STDERR_REDIRECT] WARNING: Could not lock System prefs. Unix error code 30337.
2026-08-30 12:05:16,538 [ERROR] LogOutputStream:75 - [STDERR_REDIRECT] 
2026-08-30 12:05:16,539 [ERROR] LogOutputStream:75 - [STDERR_REDIRECT] Aug 30, 2026 12:05:16 PM java.util.prefs.FileSystemPreferences syncWorld
2026-08-30 12:05:16,539 [ERROR] LogOutputStream:75 - [STDERR_REDIRECT] WARNING: Couldn't flush system prefs: java.util.prefs.BackingStoreException: Couldn't get file lock.
2026-08-30 12:05:16,539 [ERROR] LogOutputStream:75 - [STDERR_REDIRECT] 
2026-08-30 12:05:46,538 [ERROR] LogOutputStream:75 - [STDERR_REDIRECT] Aug 30, 2026 12:05:46 PM java.util.prefs.FileSystemPreferences checkLockFile0ErrorCode
2026-08-30 12:05:46,538 [ERROR] LogOutputStream:75 - [STDERR_REDIRECT] WARNING: Could not lock System prefs. Unix error code 30337.
2026-08-30 12:05:46,538 [ERROR] LogOutputStream:75 - [STDERR_REDIRECT] 
2026-08-30 12:05:46,538 [ERROR] LogOutputStream:75 - [STDERR_REDIRECT] Aug 30, 2026 12:05:46 PM java.util.prefs.FileSystemPreferences syncWorld
2026-08-30 12:05:46,538 [ERROR] LogOutputStream:75 - [STDERR_REDIRECT] WARNING: Couldn't flush system prefs: java.util.prefs.BackingStoreException: Couldn't get file lock.
2026-08-30 12:05:46,539 [ERROR] LogOutputStream:75 - [STDERR_REDIRECT] 
2026-08-30 12:06:16,538 [ERROR] LogOutputStream:75 - [STDERR_REDIRECT] Aug 30, 2026 12:06:16 PM java.util.prefs.FileSystemPreferences checkLockFile0ErrorCode
2026-08-30 12:06:16,538 [ERROR] LogOutputStream:75 - [STDERR_REDIRECT] WARNING: Could not lock System prefs. Unix error code 30337.
2026-08-30 12:06:16,538 [ERROR] LogOutputStream:75 - [STDERR_REDIRECT] 
2026-08-30 12:06:16,538 [ERROR] LogOutputStream:75 - [STDERR_REDIRECT] Aug 30, 2026 12:06:16 PM java.util.prefs.FileSystemPreferences syncWorld
2026-08-30 12:06:16,538 [ERROR] LogOutputStream:75 - [STDERR_REDIRECT] WARNING: Couldn't flush system prefs: java.util.prefs.BackingStoreException: Couldn't get file lock.
2026-08-30 12:06:16,538 [ERROR] LogOutputStream:75 - [STDERR_REDIRECT] 
2026-08-30 12:06:46,538 [ERROR] LogOutputStream:75 - [STDERR_REDIRECT] Aug 30, 2026 12:06:46 PM java.util.prefs.FileSystemPreferences checkLockFile0ErrorCode
2026-08-30 12:06:46,538 [ERROR] LogOutputStream:75 - [STDERR_REDIRECT] WARNING: Could not lock System prefs. Unix error code 30337.
2026-08-30 12:06:46,538 [ERROR] LogOutputStream:75 - [STDERR_REDIRECT] 
2026-08-30 12:06:46,539 [ERROR] LogOutputStream:75 - [STDERR_REDIRECT] Aug 30, 2026 12:06:46 PM java.util.prefs.FileSystemPreferences syncWorld
2026-08-30 12:06:46,539 [ERROR] LogOutputStream:75 - [STDERR_REDIRECT] WARNING: Couldn't flush system prefs: java.util.prefs.BackingStoreException: Couldn't get file lock.
2026-08-30 12:06:46,539 [ERROR] LogOutputStream:75 - [STDERR_REDIRECT] 
2026-08-30 12:07:16,538 [ERROR] LogOutputStream:75 - [STDERR_REDIRECT] Aug 30, 2026 12:07:16 PM java.util.prefs.FileSystemPreferences checkLockFile0ErrorCode
2026-08-30 12:07:16,538 [ERROR] LogOutputStream:75 - [STDERR_REDIRECT] WARNING: Could not lock System prefs. Unix error code 30337.
2026-08-30 12:07:16,538 [ERROR] LogOutputStream:75 - [STDERR_REDIRECT] 
2026-08-30 12:07:16,539 [ERROR] LogOutputStream:75 - [STDERR_REDIRECT] Aug 30, 2026 12:07:16 PM java.util.prefs.FileSystemPreferences syncWorld
2026-08-30 12:07:16,539 [ERROR] LogOutputStream:75 - [STDERR_REDIRECT] WARNING: Couldn't flush system prefs: java.util.prefs.BackingStoreException: Couldn't get file lock.
2026-08-30 12:07:16,539 [ERROR] LogOutputStream:75 - [STDERR_REDIRECT] 
2026-08-30 12:07:46,538 [ERROR] LogOutputStream:75 - [STDERR_REDIRECT] Aug 30, 2026 12:07:46 PM java.util.prefs.FileSystemPreferences checkLockFile0ErrorCode
2026-08-30 12:07:46,538 [ERROR] LogOutputStream:75 - [STDERR_REDIRECT] WARNING: Could not lock System prefs. Unix error code 30337.
2026-08-30 12:07:46,538 [ERROR] LogOutputStream:75 - [STDERR_REDIRECT] 
2026-08-30 12:07:46,538 [ERROR] LogOutputStream:75 - [STDERR_REDIRECT] Aug 30, 2026 12:07:46 PM java.util.prefs.FileSystemPreferences syncWorld
2026-08-30 12:07:46,539 [ERROR] LogOutputStream:75 - [STDERR_REDIRECT] WARNING: Couldn't flush system prefs: java.util.prefs.BackingStoreException: Couldn't get file lock.
2026-08-30 12:07:46,539 [ERROR] LogOutputStream:75 - [STDERR_REDIRECT] 
2026-08-30 12:08:16,538 [ERROR] LogOutputStream:75 - [STDERR_REDIRECT] Aug 30, 2026 12:08:16 PM java.util.prefs.FileSystemPreferences checkLockFile0ErrorCode
2026-08-30 12:08:16,538 [ERROR] LogOutputStream:75 - [STDERR_REDIRECT] WARNING: Could not lock System prefs. Unix error code 30337.
2026-08-30 12:08:16,538 [ERROR] LogOutputStream:75 - [STDERR_REDIRECT] 
2026-08-30 12:08:16,538 [ERROR] LogOutputStream:75 - [STDERR_REDIRECT] Aug 30, 2026 12:08:16 PM java.util.prefs.FileSystemPreferences syncWorld
2026-08-30 12:08:16,538 [ERROR] LogOutputStream:75 - [STDERR_REDIRECT] WARNING: Couldn't flush system prefs: java.util.prefs.BackingStoreException: Couldn't get file lock.
2026-08-30 12:08:16,538 [ERROR] LogOutputStream:75 - [STDERR_REDIRECT] 
2026-08-30 12:08:46,538 [ERROR] LogOutputStream:75 - [STDERR_REDIRECT] Aug 30, 2026 12:08:46 PM java.util.prefs.FileSystemPreferences checkLockFile0ErrorCode
2026-08-30 12:08:46,538 [ERROR] LogOutputStream:75 - [STDERR_REDIRECT] WARNING: Could not lock System prefs. Unix error code 30337.
2026-08-30 12:08:46,538 [ERROR] LogOutputStream:75 - [STDERR_REDIRECT] 
2026-08-30 12:08:46,538 [ERROR] LogOutputStream:75 - [STDERR_REDIRECT] Aug 30, 2026 12:08:46 PM java.util.prefs.FileSystemPreferences syncWorld
2026-08-30 12:08:46,539 [ERROR] LogOutputStream:75 - [STDERR_REDIRECT] WARNING: Couldn't flush system prefs: java.util.prefs.BackingStoreException: Couldn't get file lock.
2026-08-30 12:08:46,539 [ERROR] LogOutputStream:75 - [STDERR_REDIRECT] 
2026-08-30 12:09:16,538 [ERROR] LogOutputStream:75 - [STDERR_REDIRECT] Aug 30, 2026 12:09:16 PM java.util.prefs.FileSystemPreferences checkLockFile0ErrorCode
2026-08-30 12:09:16,538 [ERROR] LogOutputStream:75 - [STDERR_REDIRECT] WARNING: Could not lock System prefs. Unix error code 30337.
2026-08-30 12:09:16,538 [ERROR] LogOutputStream:75 - [STDERR_REDIRECT] 
2026-08-30 12:09:16,538 [ERROR] LogOutputStream:75 - [STDERR_REDIRECT] Aug 30, 2026 12:09:16 PM java.util.prefs.FileSystemPreferences syncWorld
2026-08-30 12:09:16,539 [ERROR] LogOutputStream:75 - [STDERR_REDIRECT] WARNING: Couldn't flush system prefs: java.util.prefs.BackingStoreException: Couldn't get file lock.
2026-08-30 12:09:16,539 [ERROR] LogOutputStream:75 - [STDERR_REDIRECT] 
2026-08-30 12:09:46,538 [ERROR] LogOutputStream:75 - [STDERR_REDIRECT] Aug 30, 2026 12:09:46 PM java.util.prefs.FileSystemPreferences checkLockFile0ErrorCode
2026-08-30 12:09:46,538 [ERROR] LogOutputStream:75 - [STDERR_REDIRECT] WARNING: Could not lock System prefs. Unix error code 30337.
2026-08-30 12:09:46,538 [ERROR] LogOutputStream:75 - [STDERR_REDIRECT] 
2026-08-30 12:09:46,539 [ERROR] LogOutputStream:75 - [STDERR_REDIRECT] Aug 30, 2026 12:09:46 PM java.util.prefs.FileSystemPreferences syncWorld
2026-08-30 12:09:46,539 [ERROR] LogOutputStream:75 - [STDERR_REDIRECT] WARNING: Couldn't flush system prefs: java.util.prefs.BackingStoreException: Couldn't get file lock.
2026-08-30 12:09:46,539 [ERROR] LogOutputStream:75 - [STDERR_REDIRECT] 
2026-08-30 12:10:16,538 [ERROR] LogOutputStream:75 - [STDERR_REDIRECT] Aug 30, 2026 12:10:16 PM java.util.prefs.FileSystemPreferences checkLockFile0ErrorCode
2026-08-30 12:10:16,538 [ERROR] LogOutputStream:75 - [STDERR_REDIRECT] WARNING: Could not lock System prefs. Unix error code 30337.
2026-08-30 12:10:16,538 [ERROR] LogOutputStream:75 - [STDERR_REDIRECT] 
2026-08-30 12:10:16,539 [ERROR] LogOutputStream:75 - [STDERR_REDIRECT] Aug 30, 2026 12:10:16 PM java.util.prefs.FileSystemPreferences syncWorld
2026-08-30 12:10:16,539 [ERROR] LogOutputStream:75 - [STDERR_REDIRECT] WARNING: Couldn't flush system prefs: java.util.prefs.BackingStoreException: Couldn't get file lock.
2026-08-30 12:10:16,539 [ERROR] LogOutputStream:75 - [STDERR_REDIRECT] 
2026-08-30 12:10:46,538 [ERROR] LogOutputStream:75 - [STDERR_REDIRECT] Aug 30, 2026 12:10:46 PM java.util.prefs.FileSystemPreferences checkLockFile0ErrorCode
2026-08-30 12:10:46,538 [ERROR] LogOutputStream:75 - [STDERR_REDIRECT] WARNING: Could not lock System prefs. Unix error code 30337.
2026-08-30 12:10:46,539 [ERROR] LogOutputStream:75 - [STDERR_REDIRECT] 
2026-08-30 12:10:46,539 [ERROR] LogOutputStream:75 - [STDERR_REDIRECT] Aug 30, 2026 12:10:46 PM java.util.prefs.FileSystemPreferences syncWorld
2026-08-30 12:10:46,539 [ERROR] LogOutputStream:75 - [STDERR_REDIRECT] WARNING: Couldn't flush system prefs: java.util.prefs.BackingStoreException: Couldn't get file lock.
2026-08-30 12:10:46,539 [ERROR] LogOutputStream:75 - [STDERR_REDIRECT] 
2026-08-30 13:26:14,014 [ERROR] LogOutputStream:75 - [STDERR_REDIRECT] Aug 30, 2026 1:26:14 PM java.util.prefs.FileSystemPreferences checkLockFile0ErrorCode
2026-08-30 13:26:14,015 [ERROR] LogOutputStream:75 - [STDERR_REDIRECT] WARNING: Could not lock System prefs. Unix error code 30337.
2026-08-30 13:26:14,015 [ERROR] LogOutputStream:75 - [STDERR_REDIRECT] 
2026-08-30 13:26:14,015 [ERROR] LogOutputStream:75 - [STDERR_REDIRECT] Aug 30, 2026 1:26:14 PM java.util.prefs.FileSystemPreferences syncWorld
2026-08-30 13:26:14,015 [ERROR] LogOutputStream:75 - [STDERR_REDIRECT] WARNING: Couldn't flush system prefs: java.util.prefs.BackingStoreException: Couldn't get file lock.
2026-08-30 13:26:14,015 [ERROR] LogOutputStream:75 - [STDERR_REDIRECT] 
