2026-07-19 00:00:11,094 [ERROR] LogOutputStream:75 - [STDERR_REDIRECT] Jul 19, 2026 12:00:11 AM java.util.prefs.FileSystemPreferences checkLockFile0ErrorCode
2026-07-19 00:00:11,096 [ERROR] LogOutputStream:75 - [STDERR_REDIRECT] WARNING: Could not lock System prefs. Unix error code 5.
2026-07-19 00:00:11,096 [ERROR] LogOutputStream:75 - [STDERR_REDIRECT] 
2026-07-19 00:00:11,096 [ERROR] LogOutputStream:75 - [STDERR_REDIRECT] Jul 19, 2026 12:00:11 AM java.util.prefs.FileSystemPreferences syncWorld
2026-07-19 00:00:11,096 [ERROR] LogOutputStream:75 - [STDERR_REDIRECT] WARNING: Couldn't flush system prefs: java.util.prefs.BackingStoreException: Couldn't get file lock.
2026-07-19 00:00:11,096 [ERROR] LogOutputStream:75 - [STDERR_REDIRECT] 
2026-07-19 00:00:41,100 [ERROR] LogOutputStream:75 - [STDERR_REDIRECT] Jul 19, 2026 12:00:41 AM java.util.prefs.FileSystemPreferences checkLockFile0ErrorCode
2026-07-19 00:00:41,100 [ERROR] LogOutputStream:75 - [STDERR_REDIRECT] WARNING: Could not lock System prefs. Unix error code 5.
2026-07-19 00:00:41,100 [ERROR] LogOutputStream:75 - [STDERR_REDIRECT] 
2026-07-19 00:00:41,100 [ERROR] LogOutputStream:75 - [STDERR_REDIRECT] Jul 19, 2026 12:00:41 AM java.util.prefs.FileSystemPreferences syncWorld
2026-07-19 00:00:41,100 [ERROR] LogOutputStream:75 - [STDERR_REDIRECT] WARNING: Couldn't flush system prefs: java.util.prefs.BackingStoreException: Couldn't get file lock.
2026-07-19 00:00:41,100 [ERROR] LogOutputStream:75 - [STDERR_REDIRECT] 
2026-07-19 00:01:11,101 [ERROR] LogOutputStream:75 - [STDERR_REDIRECT] Jul 19, 2026 12:01:11 AM java.util.prefs.FileSystemPreferences checkLockFile0ErrorCode
2026-07-19 00:01:11,101 [ERROR] LogOutputStream:75 - [STDERR_REDIRECT] WARNING: Could not lock System prefs. Unix error code 5.
2026-07-19 00:01:11,101 [ERROR] LogOutputStream:75 - [STDERR_REDIRECT] 
2026-07-19 00:01:11,105 [ERROR] LogOutputStream:75 - [STDERR_REDIRECT] Jul 19, 2026 12:01:11 AM java.util.prefs.FileSystemPreferences syncWorld
2026-07-19 00:01:11,105 [ERROR] LogOutputStream:75 - [STDERR_REDIRECT] WARNING: Couldn't flush system prefs: java.util.prefs.BackingStoreException: Couldn't get file lock.
2026-07-19 00:01:11,105 [ERROR] LogOutputStream:75 - [STDERR_REDIRECT] 
2026-07-19 00:01:41,130 [ERROR] LogOutputStream:75 - [STDERR_REDIRECT] Jul 19, 2026 12:01:41 AM java.util.prefs.FileSystemPreferences checkLockFile0ErrorCode
2026-07-19 00:01:41,130 [ERROR] LogOutputStream:75 - [STDERR_REDIRECT] WARNING: Could not lock System prefs. Unix error code 5.
2026-07-19 00:01:41,130 [ERROR] LogOutputStream:75 - [STDERR_REDIRECT] 
2026-07-19 00:01:41,131 [ERROR] LogOutputStream:75 - [STDERR_REDIRECT] Jul 19, 2026 12:01:41 AM java.util.prefs.FileSystemPreferences syncWorld
2026-07-19 00:01:41,131 [ERROR] LogOutputStream:75 - [STDERR_REDIRECT] WARNING: Couldn't flush system prefs: java.util.prefs.BackingStoreException: Couldn't get file lock.
2026-07-19 00:01:41,131 [ERROR] LogOutputStream:75 - [STDERR_REDIRECT] 
2026-07-19 00:02:11,098 [ERROR] LogOutputStream:75 - [STDERR_REDIRECT] Jul 19, 2026 12:02:11 AM java.util.prefs.FileSystemPreferences checkLockFile0ErrorCode
2026-07-19 00:02:11,100 [ERROR] LogOutputStream:75 - [STDERR_REDIRECT] WARNING: Could not lock System prefs. Unix error code 5.
2026-07-19 00:02:11,100 [ERROR] LogOutputStream:75 - [STDERR_REDIRECT] 
2026-07-19 00:02:11,100 [ERROR] LogOutputStream:75 - [STDERR_REDIRECT] Jul 19, 2026 12:02:11 AM java.util.prefs.FileSystemPreferences syncWorld
2026-07-19 00:02:11,101 [ERROR] LogOutputStream:75 - [STDERR_REDIRECT] WARNING: Couldn't flush system prefs: java.util.prefs.BackingStoreException: Couldn't get file lock.
2026-07-19 00:02:11,101 [ERROR] LogOutputStream:75 - [STDERR_REDIRECT] 
2026-07-19 00:02:41,098 [ERROR] LogOutputStream:75 - [STDERR_REDIRECT] Jul 19, 2026 12:02:41 AM java.util.prefs.FileSystemPreferences checkLockFile0ErrorCode
2026-07-19 00:02:41,098 [ERROR] LogOutputStream:75 - [STDERR_REDIRECT] WARNING: Could not lock System prefs. Unix error code 5.
2026-07-19 00:02:41,098 [ERROR] LogOutputStream:75 - [STDERR_REDIRECT] 
2026-07-19 00:02:41,098 [ERROR] LogOutputStream:75 - [STDERR_REDIRECT] Jul 19, 2026 12:02:41 AM java.util.prefs.FileSystemPreferences syncWorld
2026-07-19 00:02:41,099 [ERROR] LogOutputStream:75 - [STDERR_REDIRECT] WARNING: Couldn't flush system prefs: java.util.prefs.BackingStoreException: Couldn't get file lock.
2026-07-19 00:02:41,099 [ERROR] LogOutputStream:75 - [STDERR_REDIRECT] 
2026-07-19 00:03:11,105 [ERROR] LogOutputStream:75 - [STDERR_REDIRECT] Jul 19, 2026 12:03:11 AM java.util.prefs.FileSystemPreferences checkLockFile0ErrorCode
2026-07-19 00:03:11,105 [ERROR] LogOutputStream:75 - [STDERR_REDIRECT] WARNING: Could not lock System prefs. Unix error code 5.
2026-07-19 00:03:11,105 [ERROR] LogOutputStream:75 - [STDERR_REDIRECT] 
2026-07-19 00:03:11,107 [ERROR] LogOutputStream:75 - [STDERR_REDIRECT] Jul 19, 2026 12:03:11 AM java.util.prefs.FileSystemPreferences syncWorld
2026-07-19 00:03:11,107 [ERROR] LogOutputStream:75 - [STDERR_REDIRECT] WARNING: Couldn't flush system prefs: java.util.prefs.BackingStoreException: Couldn't get file lock.
2026-07-19 00:03:11,108 [ERROR] LogOutputStream:75 - [STDERR_REDIRECT] 
2026-07-19 00:03:41,102 [ERROR] LogOutputStream:75 - [STDERR_REDIRECT] Jul 19, 2026 12:03:41 AM java.util.prefs.FileSystemPreferences checkLockFile0ErrorCode
2026-07-19 00:03:41,104 [ERROR] LogOutputStream:75 - [STDERR_REDIRECT] WARNING: Could not lock System prefs. Unix error code 5.
2026-07-19 00:03:41,104 [ERROR] LogOutputStream:75 - [STDERR_REDIRECT] 
2026-07-19 00:03:41,105 [ERROR] LogOutputStream:75 - [STDERR_REDIRECT] Jul 19, 2026 12:03:41 AM java.util.prefs.FileSystemPreferences syncWorld
2026-07-19 00:03:41,105 [ERROR] LogOutputStream:75 - [STDERR_REDIRECT] WARNING: Couldn't flush system prefs: java.util.prefs.BackingStoreException: Couldn't get file lock.
2026-07-19 00:03:41,105 [ERROR] LogOutputStream:75 - [STDERR_REDIRECT] 
2026-07-19 00:04:11,102 [ERROR] LogOutputStream:75 - [STDERR_REDIRECT] Jul 19, 2026 12:04:11 AM java.util.prefs.FileSystemPreferences checkLockFile0ErrorCode
2026-07-19 00:04:11,102 [ERROR] LogOutputStream:75 - [STDERR_REDIRECT] WARNING: Could not lock System prefs. Unix error code 5.
2026-07-19 00:04:11,102 [ERROR] LogOutputStream:75 - [STDERR_REDIRECT] 
2026-07-19 00:04:11,102 [ERROR] LogOutputStream:75 - [STDERR_REDIRECT] Jul 19, 2026 12:04:11 AM java.util.prefs.FileSystemPreferences syncWorld
2026-07-19 00:04:11,105 [ERROR] LogOutputStream:75 - [STDERR_REDIRECT] WARNING: Couldn't flush system prefs: java.util.prefs.BackingStoreException: Couldn't get file lock.
2026-07-19 00:04:11,105 [ERROR] LogOutputStream:75 - [STDERR_REDIRECT] 
2026-07-19 00:04:41,103 [ERROR] LogOutputStream:75 - [STDERR_REDIRECT] Jul 19, 2026 12:04:41 AM java.util.prefs.FileSystemPreferences checkLockFile0ErrorCode
2026-07-19 00:04:41,103 [ERROR] LogOutputStream:75 - [STDERR_REDIRECT] WARNING: Could not lock System prefs. Unix error code 5.
2026-07-19 00:04:41,104 [ERROR] LogOutputStream:75 - [STDERR_REDIRECT] 
2026-07-19 00:04:41,105 [ERROR] LogOutputStream:75 - [STDERR_REDIRECT] Jul 19, 2026 12:04:41 AM java.util.prefs.FileSystemPreferences syncWorld
2026-07-19 00:04:41,105 [ERROR] LogOutputStream:75 - [STDERR_REDIRECT] WARNING: Couldn't flush system prefs: java.util.prefs.BackingStoreException: Couldn't get file lock.
2026-07-19 00:04:41,105 [ERROR] LogOutputStream:75 - [STDERR_REDIRECT] 
2026-07-19 00:05:11,106 [ERROR] LogOutputStream:75 - [STDERR_REDIRECT] Jul 19, 2026 12:05:11 AM java.util.prefs.FileSystemPreferences checkLockFile0ErrorCode
2026-07-19 00:05:11,106 [ERROR] LogOutputStream:75 - [STDERR_REDIRECT] WARNING: Could not lock System prefs. Unix error code 5.
2026-07-19 00:05:11,106 [ERROR] LogOutputStream:75 - [STDERR_REDIRECT] 
2026-07-19 00:05:11,106 [ERROR] LogOutputStream:75 - [STDERR_REDIRECT] Jul 19, 2026 12:05:11 AM java.util.prefs.FileSystemPreferences syncWorld
2026-07-19 00:05:11,106 [ERROR] LogOutputStream:75 - [STDERR_REDIRECT] WARNING: Couldn't flush system prefs: java.util.prefs.BackingStoreException: Couldn't get file lock.
2026-07-19 00:05:11,106 [ERROR] LogOutputStream:75 - [STDERR_REDIRECT] 
2026-07-19 00:05:41,106 [ERROR] LogOutputStream:75 - [STDERR_REDIRECT] Jul 19, 2026 12:05:41 AM java.util.prefs.FileSystemPreferences checkLockFile0ErrorCode
2026-07-19 00:05:41,106 [ERROR] LogOutputStream:75 - [STDERR_REDIRECT] WARNING: Could not lock System prefs. Unix error code 5.
2026-07-19 00:05:41,106 [ERROR] LogOutputStream:75 - [STDERR_REDIRECT] 
2026-07-19 00:05:41,106 [ERROR] LogOutputStream:75 - [STDERR_REDIRECT] Jul 19, 2026 12:05:41 AM java.util.prefs.FileSystemPreferences syncWorld
2026-07-19 00:05:41,106 [ERROR] LogOutputStream:75 - [STDERR_REDIRECT] WARNING: Couldn't flush system prefs: java.util.prefs.BackingStoreException: Couldn't get file lock.
2026-07-19 00:05:41,106 [ERROR] LogOutputStream:75 - [STDERR_REDIRECT] 
2026-07-19 00:06:11,108 [ERROR] LogOutputStream:75 - [STDERR_REDIRECT] Jul 19, 2026 12:06:11 AM java.util.prefs.FileSystemPreferences checkLockFile0ErrorCode
2026-07-19 00:06:11,109 [ERROR] LogOutputStream:75 - [STDERR_REDIRECT] WARNING: Could not lock System prefs. Unix error code 5.
2026-07-19 00:06:11,109 [ERROR] LogOutputStream:75 - [STDERR_REDIRECT] 
2026-07-19 00:06:11,109 [ERROR] LogOutputStream:75 - [STDERR_REDIRECT] Jul 19, 2026 12:06:11 AM java.util.prefs.FileSystemPreferences syncWorld
2026-07-19 00:06:11,109 [ERROR] LogOutputStream:75 - [STDERR_REDIRECT] WARNING: Couldn't flush system prefs: java.util.prefs.BackingStoreException: Couldn't get file lock.
2026-07-19 00:06:11,109 [ERROR] LogOutputStream:75 - [STDERR_REDIRECT] 
2026-07-19 00:06:41,108 [ERROR] LogOutputStream:75 - [STDERR_REDIRECT] Jul 19, 2026 12:06:41 AM java.util.prefs.FileSystemPreferences checkLockFile0ErrorCode
2026-07-19 00:06:41,109 [ERROR] LogOutputStream:75 - [STDERR_REDIRECT] WARNING: Could not lock System prefs. Unix error code 5.
2026-07-19 00:06:41,109 [ERROR] LogOutputStream:75 - [STDERR_REDIRECT] 
2026-07-19 00:06:41,109 [ERROR] LogOutputStream:75 - [STDERR_REDIRECT] Jul 19, 2026 12:06:41 AM java.util.prefs.FileSystemPreferences syncWorld
2026-07-19 00:06:41,109 [ERROR] LogOutputStream:75 - [STDERR_REDIRECT] WARNING: Couldn't flush system prefs: java.util.prefs.BackingStoreException: Couldn't get file lock.
2026-07-19 00:06:41,109 [ERROR] LogOutputStream:75 - [STDERR_REDIRECT] 
2026-07-19 00:07:11,122 [ERROR] LogOutputStream:75 - [STDERR_REDIRECT] Jul 19, 2026 12:07:11 AM java.util.prefs.FileSystemPreferences checkLockFile0ErrorCode
2026-07-19 00:07:11,123 [ERROR] LogOutputStream:75 - [STDERR_REDIRECT] WARNING: Could not lock System prefs. Unix error code 5.
2026-07-19 00:07:11,123 [ERROR] LogOutputStream:75 - [STDERR_REDIRECT] 
2026-07-19 00:07:11,124 [ERROR] LogOutputStream:75 - [STDERR_REDIRECT] Jul 19, 2026 12:07:11 AM java.util.prefs.FileSystemPreferences syncWorld
2026-07-19 00:07:11,124 [ERROR] LogOutputStream:75 - [STDERR_REDIRECT] WARNING: Couldn't flush system prefs: java.util.prefs.BackingStoreException: Couldn't get file lock.
2026-07-19 00:07:11,124 [ERROR] LogOutputStream:75 - [STDERR_REDIRECT] 
2026-07-19 00:07:41,111 [ERROR] LogOutputStream:75 - [STDERR_REDIRECT] Jul 19, 2026 12:07:41 AM java.util.prefs.FileSystemPreferences checkLockFile0ErrorCode
2026-07-19 00:07:41,112 [ERROR] LogOutputStream:75 - [STDERR_REDIRECT] WARNING: Could not lock System prefs. Unix error code 5.
2026-07-19 00:07:41,112 [ERROR] LogOutputStream:75 - [STDERR_REDIRECT] 
2026-07-19 00:07:41,112 [ERROR] LogOutputStream:75 - [STDERR_REDIRECT] Jul 19, 2026 12:07:41 AM java.util.prefs.FileSystemPreferences syncWorld
2026-07-19 00:07:41,112 [ERROR] LogOutputStream:75 - [STDERR_REDIRECT] WARNING: Couldn't flush system prefs: java.util.prefs.BackingStoreException: Couldn't get file lock.
2026-07-19 00:07:41,114 [ERROR] LogOutputStream:75 - [STDERR_REDIRECT] 
2026-07-19 00:08:11,136 [ERROR] LogOutputStream:75 - [STDERR_REDIRECT] Jul 19, 2026 12:08:11 AM java.util.prefs.FileSystemPreferences checkLockFile0ErrorCode
2026-07-19 00:08:11,136 [ERROR] LogOutputStream:75 - [STDERR_REDIRECT] WARNING: Could not lock System prefs. Unix error code 5.
2026-07-19 00:08:11,136 [ERROR] LogOutputStream:75 - [STDERR_REDIRECT] 
2026-07-19 00:08:11,137 [ERROR] LogOutputStream:75 - [STDERR_REDIRECT] Jul 19, 2026 12:08:11 AM java.util.prefs.FileSystemPreferences syncWorld
2026-07-19 00:08:11,137 [ERROR] LogOutputStream:75 - [STDERR_REDIRECT] WARNING: Couldn't flush system prefs: java.util.prefs.BackingStoreException: Couldn't get file lock.
2026-07-19 00:08:11,137 [ERROR] LogOutputStream:75 - [STDERR_REDIRECT] 
2026-07-19 00:08:41,114 [ERROR] LogOutputStream:75 - [STDERR_REDIRECT] Jul 19, 2026 12:08:41 AM java.util.prefs.FileSystemPreferences checkLockFile0ErrorCode
2026-07-19 00:08:41,114 [ERROR] LogOutputStream:75 - [STDERR_REDIRECT] WARNING: Could not lock System prefs. Unix error code 5.
2026-07-19 00:08:41,115 [ERROR] LogOutputStream:75 - [STDERR_REDIRECT] 
2026-07-19 00:08:41,116 [ERROR] LogOutputStream:75 - [STDERR_REDIRECT] Jul 19, 2026 12:08:41 AM java.util.prefs.FileSystemPreferences syncWorld
2026-07-19 00:08:41,116 [ERROR] LogOutputStream:75 - [STDERR_REDIRECT] WARNING: Couldn't flush system prefs: java.util.prefs.BackingStoreException: Couldn't get file lock.
2026-07-19 00:08:41,116 [ERROR] LogOutputStream:75 - [STDERR_REDIRECT] 
2026-07-19 00:09:11,121 [ERROR] LogOutputStream:75 - [STDERR_REDIRECT] Jul 19, 2026 12:09:11 AM java.util.prefs.FileSystemPreferences checkLockFile0ErrorCode
2026-07-19 00:09:11,121 [ERROR] LogOutputStream:75 - [STDERR_REDIRECT] WARNING: Could not lock System prefs. Unix error code 5.
2026-07-19 00:09:11,121 [ERROR] LogOutputStream:75 - [STDERR_REDIRECT] 
2026-07-19 00:09:11,121 [ERROR] LogOutputStream:75 - [STDERR_REDIRECT] Jul 19, 2026 12:09:11 AM java.util.prefs.FileSystemPreferences syncWorld
2026-07-19 00:09:11,121 [ERROR] LogOutputStream:75 - [STDERR_REDIRECT] WARNING: Couldn't flush system prefs: java.util.prefs.BackingStoreException: Couldn't get file lock.
2026-07-19 00:09:11,121 [ERROR] LogOutputStream:75 - [STDERR_REDIRECT] 
2026-07-19 00:09:41,116 [ERROR] LogOutputStream:75 - [STDERR_REDIRECT] Jul 19, 2026 12:09:41 AM java.util.prefs.FileSystemPreferences checkLockFile0ErrorCode
2026-07-19 00:09:41,118 [ERROR] LogOutputStream:75 - [STDERR_REDIRECT] WARNING: Could not lock System prefs. Unix error code 5.
2026-07-19 00:09:41,118 [ERROR] LogOutputStream:75 - [STDERR_REDIRECT] 
2026-07-19 00:09:41,119 [ERROR] LogOutputStream:75 - [STDERR_REDIRECT] Jul 19, 2026 12:09:41 AM java.util.prefs.FileSystemPreferences syncWorld
2026-07-19 00:09:41,119 [ERROR] LogOutputStream:75 - [STDERR_REDIRECT] WARNING: Couldn't flush system prefs: java.util.prefs.BackingStoreException: Couldn't get file lock.
2026-07-19 00:09:41,119 [ERROR] LogOutputStream:75 - [STDERR_REDIRECT] 
2026-07-19 00:10:11,146 [ERROR] LogOutputStream:75 - [STDERR_REDIRECT] Jul 19, 2026 12:10:11 AM java.util.prefs.FileSystemPreferences checkLockFile0ErrorCode
2026-07-19 00:10:11,146 [ERROR] LogOutputStream:75 - [STDERR_REDIRECT] WARNING: Could not lock System prefs. Unix error code 5.
2026-07-19 00:10:11,146 [ERROR] LogOutputStream:75 - [STDERR_REDIRECT] 
2026-07-19 00:10:11,147 [ERROR] LogOutputStream:75 - [STDERR_REDIRECT] Jul 19, 2026 12:10:11 AM java.util.prefs.FileSystemPreferences syncWorld
2026-07-19 00:10:11,147 [ERROR] LogOutputStream:75 - [STDERR_REDIRECT] WARNING: Couldn't flush system prefs: java.util.prefs.BackingStoreException: Couldn't get file lock.
2026-07-19 00:10:11,147 [ERROR] LogOutputStream:75 - [STDERR_REDIRECT] 
2026-07-19 00:10:41,117 [ERROR] LogOutputStream:75 - [STDERR_REDIRECT] Jul 19, 2026 12:10:41 AM java.util.prefs.FileSystemPreferences checkLockFile0ErrorCode
2026-07-19 00:10:41,117 [ERROR] LogOutputStream:75 - [STDERR_REDIRECT] WARNING: Could not lock System prefs. Unix error code 5.
2026-07-19 00:10:41,117 [ERROR] LogOutputStream:75 - [STDERR_REDIRECT] 
2026-07-19 00:10:41,118 [ERROR] LogOutputStream:75 - [STDERR_REDIRECT] Jul 19, 2026 12:10:41 AM java.util.prefs.FileSystemPreferences syncWorld
2026-07-19 00:10:41,118 [ERROR] LogOutputStream:75 - [STDERR_REDIRECT] WARNING: Couldn't flush system prefs: java.util.prefs.BackingStoreException: Couldn't get file lock.
2026-07-19 00:10:41,118 [ERROR] LogOutputStream:75 - [STDERR_REDIRECT] 
2026-07-19 00:11:11,120 [ERROR] LogOutputStream:75 - [STDERR_REDIRECT] Jul 19, 2026 12:11:11 AM java.util.prefs.FileSystemPreferences checkLockFile0ErrorCode
2026-07-19 00:11:11,120 [ERROR] LogOutputStream:75 - [STDERR_REDIRECT] WARNING: Could not lock System prefs. Unix error code 5.
2026-07-19 00:11:11,120 [ERROR] LogOutputStream:75 - [STDERR_REDIRECT] 
2026-07-19 00:11:11,121 [ERROR] LogOutputStream:75 - [STDERR_REDIRECT] Jul 19, 2026 12:11:11 AM java.util.prefs.FileSystemPreferences syncWorld
2026-07-19 00:11:11,121 [ERROR] LogOutputStream:75 - [STDERR_REDIRECT] WARNING: Couldn't flush system prefs: java.util.prefs.BackingStoreException: Couldn't get file lock.
2026-07-19 00:11:11,122 [ERROR] LogOutputStream:75 - [STDERR_REDIRECT] 
2026-07-19 00:11:41,122 [ERROR] LogOutputStream:75 - [STDERR_REDIRECT] Jul 19, 2026 12:11:41 AM java.util.prefs.FileSystemPreferences checkLockFile0ErrorCode
2026-07-19 00:11:41,122 [ERROR] LogOutputStream:75 - [STDERR_REDIRECT] WARNING: Could not lock System prefs. Unix error code 5.
2026-07-19 00:11:41,122 [ERROR] LogOutputStream:75 - [STDERR_REDIRECT] 
2026-07-19 00:11:41,123 [ERROR] LogOutputStream:75 - [STDERR_REDIRECT] Jul 19, 2026 12:11:41 AM java.util.prefs.FileSystemPreferences syncWorld
2026-07-19 00:11:41,123 [ERROR] LogOutputStream:75 - [STDERR_REDIRECT] WARNING: Couldn't flush system prefs: java.util.prefs.BackingStoreException: Couldn't get file lock.
2026-07-19 00:11:41,123 [ERROR] LogOutputStream:75 - [STDERR_REDIRECT] 
2026-07-19 00:12:11,125 [ERROR] LogOutputStream:75 - [STDERR_REDIRECT] Jul 19, 2026 12:12:11 AM java.util.prefs.FileSystemPreferences checkLockFile0ErrorCode
2026-07-19 00:12:11,126 [ERROR] LogOutputStream:75 - [STDERR_REDIRECT] WARNING: Could not lock System prefs. Unix error code 5.
2026-07-19 00:12:11,126 [ERROR] LogOutputStream:75 - [STDERR_REDIRECT] 
2026-07-19 00:12:11,126 [ERROR] LogOutputStream:75 - [STDERR_REDIRECT] Jul 19, 2026 12:12:11 AM java.util.prefs.FileSystemPreferences syncWorld
2026-07-19 00:12:11,126 [ERROR] LogOutputStream:75 - [STDERR_REDIRECT] WARNING: Couldn't flush system prefs: java.util.prefs.BackingStoreException: Couldn't get file lock.
2026-07-19 00:12:11,126 [ERROR] LogOutputStream:75 - [STDERR_REDIRECT] 
2026-07-19 00:12:41,125 [ERROR] LogOutputStream:75 - [STDERR_REDIRECT] Jul 19, 2026 12:12:41 AM java.util.prefs.FileSystemPreferences checkLockFile0ErrorCode
2026-07-19 00:12:41,125 [ERROR] LogOutputStream:75 - [STDERR_REDIRECT] WARNING: Could not lock System prefs. Unix error code 5.
2026-07-19 00:12:41,125 [ERROR] LogOutputStream:75 - [STDERR_REDIRECT] 
2026-07-19 00:12:41,125 [ERROR] LogOutputStream:75 - [STDERR_REDIRECT] Jul 19, 2026 12:12:41 AM java.util.prefs.FileSystemPreferences syncWorld
2026-07-19 00:12:41,125 [ERROR] LogOutputStream:75 - [STDERR_REDIRECT] WARNING: Couldn't flush system prefs: java.util.prefs.BackingStoreException: Couldn't get file lock.
2026-07-19 00:12:41,125 [ERROR] LogOutputStream:75 - [STDERR_REDIRECT] 
2026-07-19 00:13:11,145 [ERROR] LogOutputStream:75 - [STDERR_REDIRECT] Jul 19, 2026 12:13:11 AM java.util.prefs.FileSystemPreferences checkLockFile0ErrorCode
2026-07-19 00:13:11,146 [ERROR] LogOutputStream:75 - [STDERR_REDIRECT] WARNING: Could not lock System prefs. Unix error code 5.
2026-07-19 00:13:11,148 [ERROR] LogOutputStream:75 - [STDERR_REDIRECT] 
2026-07-19 00:13:11,149 [ERROR] LogOutputStream:75 - [STDERR_REDIRECT] Jul 19, 2026 12:13:11 AM java.util.prefs.FileSystemPreferences syncWorld
2026-07-19 00:13:11,151 [ERROR] LogOutputStream:75 - [STDERR_REDIRECT] WARNING: Couldn't flush system prefs: java.util.prefs.BackingStoreException: Couldn't get file lock.
2026-07-19 00:13:11,151 [ERROR] LogOutputStream:75 - [STDERR_REDIRECT] 
2026-07-19 00:13:41,127 [ERROR] LogOutputStream:75 - [STDERR_REDIRECT] Jul 19, 2026 12:13:41 AM java.util.prefs.FileSystemPreferences checkLockFile0ErrorCode
2026-07-19 00:13:41,127 [ERROR] LogOutputStream:75 - [STDERR_REDIRECT] WARNING: Could not lock System prefs. Unix error code 5.
2026-07-19 00:13:41,127 [ERROR] LogOutputStream:75 - [STDERR_REDIRECT] 
2026-07-19 00:13:41,127 [ERROR] LogOutputStream:75 - [STDERR_REDIRECT] Jul 19, 2026 12:13:41 AM java.util.prefs.FileSystemPreferences syncWorld
2026-07-19 00:13:41,127 [ERROR] LogOutputStream:75 - [STDERR_REDIRECT] WARNING: Couldn't flush system prefs: java.util.prefs.BackingStoreException: Couldn't get file lock.
2026-07-19 00:13:41,127 [ERROR] LogOutputStream:75 - [STDERR_REDIRECT] 
2026-07-19 00:14:11,131 [ERROR] LogOutputStream:75 - [STDERR_REDIRECT] Jul 19, 2026 12:14:11 AM java.util.prefs.FileSystemPreferences checkLockFile0ErrorCode
2026-07-19 00:14:11,132 [ERROR] LogOutputStream:75 - [STDERR_REDIRECT] WARNING: Could not lock System prefs. Unix error code 5.
2026-07-19 00:14:11,132 [ERROR] LogOutputStream:75 - [STDERR_REDIRECT] 
2026-07-19 00:14:11,133 [ERROR] LogOutputStream:75 - [STDERR_REDIRECT] Jul 19, 2026 12:14:11 AM java.util.prefs.FileSystemPreferences syncWorld
2026-07-19 00:14:11,134 [ERROR] LogOutputStream:75 - [STDERR_REDIRECT] WARNING: Couldn't flush system prefs: java.util.prefs.BackingStoreException: Couldn't get file lock.
2026-07-19 00:14:11,134 [ERROR] LogOutputStream:75 - [STDERR_REDIRECT] 
2026-07-19 00:14:41,130 [ERROR] LogOutputStream:75 - [STDERR_REDIRECT] Jul 19, 2026 12:14:41 AM java.util.prefs.FileSystemPreferences checkLockFile0ErrorCode
2026-07-19 00:14:41,130 [ERROR] LogOutputStream:75 - [STDERR_REDIRECT] WARNING: Could not lock System prefs. Unix error code 5.
2026-07-19 00:14:41,130 [ERROR] LogOutputStream:75 - [STDERR_REDIRECT] 
2026-07-19 00:14:41,130 [ERROR] LogOutputStream:75 - [STDERR_REDIRECT] Jul 19, 2026 12:14:41 AM java.util.prefs.FileSystemPreferences syncWorld
2026-07-19 00:14:41,130 [ERROR] LogOutputStream:75 - [STDERR_REDIRECT] WARNING: Couldn't flush system prefs: java.util.prefs.BackingStoreException: Couldn't get file lock.
2026-07-19 00:14:41,131 [ERROR] LogOutputStream:75 - [STDERR_REDIRECT] 
2026-07-19 00:15:11,130 [ERROR] LogOutputStream:75 - [STDERR_REDIRECT] Jul 19, 2026 12:15:11 AM java.util.prefs.FileSystemPreferences checkLockFile0ErrorCode
2026-07-19 00:15:11,130 [ERROR] LogOutputStream:75 - [STDERR_REDIRECT] WARNING: Could not lock System prefs. Unix error code 5.
2026-07-19 00:15:11,130 [ERROR] LogOutputStream:75 - [STDERR_REDIRECT] 
2026-07-19 00:15:11,130 [ERROR] LogOutputStream:75 - [STDERR_REDIRECT] Jul 19, 2026 12:15:11 AM java.util.prefs.FileSystemPreferences syncWorld
2026-07-19 00:15:11,130 [ERROR] LogOutputStream:75 - [STDERR_REDIRECT] WARNING: Couldn't flush system prefs: java.util.prefs.BackingStoreException: Couldn't get file lock.
2026-07-19 00:15:11,131 [ERROR] LogOutputStream:75 - [STDERR_REDIRECT] 
2026-07-19 00:15:41,128 [ERROR] LogOutputStream:75 - [STDERR_REDIRECT] Jul 19, 2026 12:15:41 AM java.util.prefs.FileSystemPreferences checkLockFile0ErrorCode
2026-07-19 00:15:41,128 [ERROR] LogOutputStream:75 - [STDERR_REDIRECT] WARNING: Could not lock System prefs. Unix error code 5.
2026-07-19 00:15:41,129 [ERROR] LogOutputStream:75 - [STDERR_REDIRECT] 
2026-07-19 00:15:41,129 [ERROR] LogOutputStream:75 - [STDERR_REDIRECT] Jul 19, 2026 12:15:41 AM java.util.prefs.FileSystemPreferences syncWorld
2026-07-19 00:15:41,129 [ERROR] LogOutputStream:75 - [STDERR_REDIRECT] WARNING: Couldn't flush system prefs: java.util.prefs.BackingStoreException: Couldn't get file lock.
2026-07-19 00:15:41,129 [ERROR] LogOutputStream:75 - [STDERR_REDIRECT] 
2026-07-19 00:16:11,130 [ERROR] LogOutputStream:75 - [STDERR_REDIRECT] Jul 19, 2026 12:16:11 AM java.util.prefs.FileSystemPreferences checkLockFile0ErrorCode
2026-07-19 00:16:11,131 [ERROR] LogOutputStream:75 - [STDERR_REDIRECT] WARNING: Could not lock System prefs. Unix error code 5.
2026-07-19 00:16:11,131 [ERROR] LogOutputStream:75 - [STDERR_REDIRECT] 
2026-07-19 00:16:11,131 [ERROR] LogOutputStream:75 - [STDERR_REDIRECT] Jul 19, 2026 12:16:11 AM java.util.prefs.FileSystemPreferences syncWorld
2026-07-19 00:16:11,131 [ERROR] LogOutputStream:75 - [STDERR_REDIRECT] WARNING: Couldn't flush system prefs: java.util.prefs.BackingStoreException: Couldn't get file lock.
2026-07-19 00:16:11,131 [ERROR] LogOutputStream:75 - [STDERR_REDIRECT] 
2026-07-19 00:16:41,136 [ERROR] LogOutputStream:75 - [STDERR_REDIRECT] Jul 19, 2026 12:16:41 AM java.util.prefs.FileSystemPreferences checkLockFile0ErrorCode
2026-07-19 00:16:41,136 [ERROR] LogOutputStream:75 - [STDERR_REDIRECT] WARNING: Could not lock System prefs. Unix error code 5.
2026-07-19 00:16:41,137 [ERROR] LogOutputStream:75 - [STDERR_REDIRECT] 
2026-07-19 00:16:41,137 [ERROR] LogOutputStream:75 - [STDERR_REDIRECT] Jul 19, 2026 12:16:41 AM java.util.prefs.FileSystemPreferences syncWorld
2026-07-19 00:16:41,137 [ERROR] LogOutputStream:75 - [STDERR_REDIRECT] WARNING: Couldn't flush system prefs: java.util.prefs.BackingStoreException: Couldn't get file lock.
2026-07-19 00:16:41,137 [ERROR] LogOutputStream:75 - [STDERR_REDIRECT] 
2026-07-19 00:17:11,135 [ERROR] LogOutputStream:75 - [STDERR_REDIRECT] Jul 19, 2026 12:17:11 AM java.util.prefs.FileSystemPreferences checkLockFile0ErrorCode
2026-07-19 00:17:11,135 [ERROR] LogOutputStream:75 - [STDERR_REDIRECT] WARNING: Could not lock System prefs. Unix error code 5.
2026-07-19 00:17:11,136 [ERROR] LogOutputStream:75 - [STDERR_REDIRECT] 
2026-07-19 00:17:11,136 [ERROR] LogOutputStream:75 - [STDERR_REDIRECT] Jul 19, 2026 12:17:11 AM java.util.prefs.FileSystemPreferences syncWorld
2026-07-19 00:17:11,136 [ERROR] LogOutputStream:75 - [STDERR_REDIRECT] WARNING: Couldn't flush system prefs: java.util.prefs.BackingStoreException: Couldn't get file lock.
2026-07-19 00:17:11,136 [ERROR] LogOutputStream:75 - [STDERR_REDIRECT] 
2026-07-19 00:17:41,138 [ERROR] LogOutputStream:75 - [STDERR_REDIRECT] Jul 19, 2026 12:17:41 AM java.util.prefs.FileSystemPreferences checkLockFile0ErrorCode
2026-07-19 00:17:41,138 [ERROR] LogOutputStream:75 - [STDERR_REDIRECT] WARNING: Could not lock System prefs. Unix error code 5.
2026-07-19 00:17:41,138 [ERROR] LogOutputStream:75 - [STDERR_REDIRECT] 
2026-07-19 00:17:41,138 [ERROR] LogOutputStream:75 - [STDERR_REDIRECT] Jul 19, 2026 12:17:41 AM java.util.prefs.FileSystemPreferences syncWorld
2026-07-19 00:17:41,138 [ERROR] LogOutputStream:75 - [STDERR_REDIRECT] WARNING: Couldn't flush system prefs: java.util.prefs.BackingStoreException: Couldn't get file lock.
2026-07-19 00:17:41,138 [ERROR] LogOutputStream:75 - [STDERR_REDIRECT] 
2026-07-19 00:18:11,138 [ERROR] LogOutputStream:75 - [STDERR_REDIRECT] Jul 19, 2026 12:18:11 AM java.util.prefs.FileSystemPreferences checkLockFile0ErrorCode
2026-07-19 00:18:11,138 [ERROR] LogOutputStream:75 - [STDERR_REDIRECT] WARNING: Could not lock System prefs. Unix error code 5.
2026-07-19 00:18:11,138 [ERROR] LogOutputStream:75 - [STDERR_REDIRECT] 
2026-07-19 00:18:11,138 [ERROR] LogOutputStream:75 - [STDERR_REDIRECT] Jul 19, 2026 12:18:11 AM java.util.prefs.FileSystemPreferences syncWorld
2026-07-19 00:18:11,138 [ERROR] LogOutputStream:75 - [STDERR_REDIRECT] WARNING: Couldn't flush system prefs: java.util.prefs.BackingStoreException: Couldn't get file lock.
2026-07-19 00:18:11,138 [ERROR] LogOutputStream:75 - [STDERR_REDIRECT] 
2026-07-19 00:18:41,143 [ERROR] LogOutputStream:75 - [STDERR_REDIRECT] Jul 19, 2026 12:18:41 AM java.util.prefs.FileSystemPreferences checkLockFile0ErrorCode
2026-07-19 00:18:41,143 [ERROR] LogOutputStream:75 - [STDERR_REDIRECT] WARNING: Could not lock System prefs. Unix error code 5.
2026-07-19 00:18:41,143 [ERROR] LogOutputStream:75 - [STDERR_REDIRECT] 
2026-07-19 00:18:41,143 [ERROR] LogOutputStream:75 - [STDERR_REDIRECT] Jul 19, 2026 12:18:41 AM java.util.prefs.FileSystemPreferences syncWorld
2026-07-19 00:18:41,143 [ERROR] LogOutputStream:75 - [STDERR_REDIRECT] WARNING: Couldn't flush system prefs: java.util.prefs.BackingStoreException: Couldn't get file lock.
2026-07-19 00:18:41,143 [ERROR] LogOutputStream:75 - [STDERR_REDIRECT] 
2026-07-19 00:19:11,141 [ERROR] LogOutputStream:75 - [STDERR_REDIRECT] Jul 19, 2026 12:19:11 AM java.util.prefs.FileSystemPreferences checkLockFile0ErrorCode
2026-07-19 00:19:11,141 [ERROR] LogOutputStream:75 - [STDERR_REDIRECT] WARNING: Could not lock System prefs. Unix error code 5.
2026-07-19 00:19:11,141 [ERROR] LogOutputStream:75 - [STDERR_REDIRECT] 
2026-07-19 00:19:11,142 [ERROR] LogOutputStream:75 - [STDERR_REDIRECT] Jul 19, 2026 12:19:11 AM java.util.prefs.FileSystemPreferences syncWorld
2026-07-19 00:19:11,142 [ERROR] LogOutputStream:75 - [STDERR_REDIRECT] WARNING: Couldn't flush system prefs: java.util.prefs.BackingStoreException: Couldn't get file lock.
2026-07-19 00:19:11,142 [ERROR] LogOutputStream:75 - [STDERR_REDIRECT] 
2026-07-19 00:19:41,141 [ERROR] LogOutputStream:75 - [STDERR_REDIRECT] Jul 19, 2026 12:19:41 AM java.util.prefs.FileSystemPreferences checkLockFile0ErrorCode
2026-07-19 00:19:41,141 [ERROR] LogOutputStream:75 - [STDERR_REDIRECT] WARNING: Could not lock System prefs. Unix error code 5.
2026-07-19 00:19:41,141 [ERROR] LogOutputStream:75 - [STDERR_REDIRECT] 
2026-07-19 00:19:41,142 [ERROR] LogOutputStream:75 - [STDERR_REDIRECT] Jul 19, 2026 12:19:41 AM java.util.prefs.FileSystemPreferences syncWorld
2026-07-19 00:19:41,142 [ERROR] LogOutputStream:75 - [STDERR_REDIRECT] WARNING: Couldn't flush system prefs: java.util.prefs.BackingStoreException: Couldn't get file lock.
2026-07-19 00:19:41,142 [ERROR] LogOutputStream:75 - [STDERR_REDIRECT] 
2026-07-19 00:20:11,144 [ERROR] LogOutputStream:75 - [STDERR_REDIRECT] Jul 19, 2026 12:20:11 AM java.util.prefs.FileSystemPreferences checkLockFile0ErrorCode
2026-07-19 00:20:11,144 [ERROR] LogOutputStream:75 - [STDERR_REDIRECT] WARNING: Could not lock System prefs. Unix error code 5.
2026-07-19 00:20:11,144 [ERROR] LogOutputStream:75 - [STDERR_REDIRECT] 
2026-07-19 00:20:11,145 [ERROR] LogOutputStream:75 - [STDERR_REDIRECT] Jul 19, 2026 12:20:11 AM java.util.prefs.FileSystemPreferences syncWorld
2026-07-19 00:20:11,146 [ERROR] LogOutputStream:75 - [STDERR_REDIRECT] WARNING: Couldn't flush system prefs: java.util.prefs.BackingStoreException: Couldn't get file lock.
2026-07-19 00:20:11,146 [ERROR] LogOutputStream:75 - [STDERR_REDIRECT] 
2026-07-19 00:20:41,157 [ERROR] LogOutputStream:75 - [STDERR_REDIRECT] Jul 19, 2026 12:20:41 AM java.util.prefs.FileSystemPreferences checkLockFile0ErrorCode
2026-07-19 00:20:41,157 [ERROR] LogOutputStream:75 - [STDERR_REDIRECT] WARNING: Could not lock System prefs. Unix error code 5.
2026-07-19 00:20:41,157 [ERROR] LogOutputStream:75 - [STDERR_REDIRECT] 
2026-07-19 00:20:41,157 [ERROR] LogOutputStream:75 - [STDERR_REDIRECT] Jul 19, 2026 12:20:41 AM java.util.prefs.FileSystemPreferences syncWorld
2026-07-19 00:20:41,157 [ERROR] LogOutputStream:75 - [STDERR_REDIRECT] WARNING: Couldn't flush system prefs: java.util.prefs.BackingStoreException: Couldn't get file lock.
2026-07-19 00:20:41,157 [ERROR] LogOutputStream:75 - [STDERR_REDIRECT] 
2026-07-19 00:21:11,154 [ERROR] LogOutputStream:75 - [STDERR_REDIRECT] Jul 19, 2026 12:21:11 AM java.util.prefs.FileSystemPreferences checkLockFile0ErrorCode
2026-07-19 00:21:11,155 [ERROR] LogOutputStream:75 - [STDERR_REDIRECT] WARNING: Could not lock System prefs. Unix error code 5.
2026-07-19 00:21:11,155 [ERROR] LogOutputStream:75 - [STDERR_REDIRECT] 
2026-07-19 00:21:11,156 [ERROR] LogOutputStream:75 - [STDERR_REDIRECT] Jul 19, 2026 12:21:11 AM java.util.prefs.FileSystemPreferences syncWorld
2026-07-19 00:21:11,156 [ERROR] LogOutputStream:75 - [STDERR_REDIRECT] WARNING: Couldn't flush system prefs: java.util.prefs.BackingStoreException: Couldn't get file lock.
2026-07-19 00:21:11,156 [ERROR] LogOutputStream:75 - [STDERR_REDIRECT] 
2026-07-19 00:21:41,144 [ERROR] LogOutputStream:75 - [STDERR_REDIRECT] Jul 19, 2026 12:21:41 AM java.util.prefs.FileSystemPreferences checkLockFile0ErrorCode
2026-07-19 00:21:41,145 [ERROR] LogOutputStream:75 - [STDERR_REDIRECT] WARNING: Could not lock System prefs. Unix error code 5.
2026-07-19 00:21:41,145 [ERROR] LogOutputStream:75 - [STDERR_REDIRECT] 
2026-07-19 00:21:41,146 [ERROR] LogOutputStream:75 - [STDERR_REDIRECT] Jul 19, 2026 12:21:41 AM java.util.prefs.FileSystemPreferences syncWorld
2026-07-19 00:21:41,146 [ERROR] LogOutputStream:75 - [STDERR_REDIRECT] WARNING: Couldn't flush system prefs: java.util.prefs.BackingStoreException: Couldn't get file lock.
2026-07-19 00:21:41,146 [ERROR] LogOutputStream:75 - [STDERR_REDIRECT] 
2026-07-19 00:22:11,175 [ERROR] LogOutputStream:75 - [STDERR_REDIRECT] Jul 19, 2026 12:22:11 AM java.util.prefs.FileSystemPreferences checkLockFile0ErrorCode
2026-07-19 00:22:11,175 [ERROR] LogOutputStream:75 - [STDERR_REDIRECT] WARNING: Could not lock System prefs. Unix error code 5.
2026-07-19 00:22:11,175 [ERROR] LogOutputStream:75 - [STDERR_REDIRECT] 
2026-07-19 00:22:11,175 [ERROR] LogOutputStream:75 - [STDERR_REDIRECT] Jul 19, 2026 12:22:11 AM java.util.prefs.FileSystemPreferences syncWorld
2026-07-19 00:22:11,175 [ERROR] LogOutputStream:75 - [STDERR_REDIRECT] WARNING: Couldn't flush system prefs: java.util.prefs.BackingStoreException: Couldn't get file lock.
2026-07-19 00:22:11,175 [ERROR] LogOutputStream:75 - [STDERR_REDIRECT] 
2026-07-19 00:22:41,155 [ERROR] LogOutputStream:75 - [STDERR_REDIRECT] Jul 19, 2026 12:22:41 AM java.util.prefs.FileSystemPreferences checkLockFile0ErrorCode
2026-07-19 00:22:41,155 [ERROR] LogOutputStream:75 - [STDERR_REDIRECT] WARNING: Could not lock System prefs. Unix error code 5.
2026-07-19 00:22:41,155 [ERROR] LogOutputStream:75 - [STDERR_REDIRECT] 
2026-07-19 00:22:41,156 [ERROR] LogOutputStream:75 - [STDERR_REDIRECT] Jul 19, 2026 12:22:41 AM java.util.prefs.FileSystemPreferences syncWorld
2026-07-19 00:22:41,156 [ERROR] LogOutputStream:75 - [STDERR_REDIRECT] WARNING: Couldn't flush system prefs: java.util.prefs.BackingStoreException: Couldn't get file lock.
2026-07-19 00:22:41,156 [ERROR] LogOutputStream:75 - [STDERR_REDIRECT] 
2026-07-19 00:23:11,186 [ERROR] LogOutputStream:75 - [STDERR_REDIRECT] Jul 19, 2026 12:23:11 AM java.util.prefs.FileSystemPreferences checkLockFile0ErrorCode
2026-07-19 00:23:11,186 [ERROR] LogOutputStream:75 - [STDERR_REDIRECT] WARNING: Could not lock System prefs. Unix error code 5.
2026-07-19 00:23:11,187 [ERROR] LogOutputStream:75 - [STDERR_REDIRECT] 
2026-07-19 00:23:11,187 [ERROR] LogOutputStream:75 - [STDERR_REDIRECT] Jul 19, 2026 12:23:11 AM java.util.prefs.FileSystemPreferences syncWorld
2026-07-19 00:23:11,187 [ERROR] LogOutputStream:75 - [STDERR_REDIRECT] WARNING: Couldn't flush system prefs: java.util.prefs.BackingStoreException: Couldn't get file lock.
2026-07-19 00:23:11,187 [ERROR] LogOutputStream:75 - [STDERR_REDIRECT] 
2026-07-19 00:23:41,152 [ERROR] LogOutputStream:75 - [STDERR_REDIRECT] Jul 19, 2026 12:23:41 AM java.util.prefs.FileSystemPreferences checkLockFile0ErrorCode
2026-07-19 00:23:41,157 [ERROR] LogOutputStream:75 - [STDERR_REDIRECT] WARNING: Could not lock System prefs. Unix error code 5.
2026-07-19 00:23:41,157 [ERROR] LogOutputStream:75 - [STDERR_REDIRECT] 
2026-07-19 00:23:41,158 [ERROR] LogOutputStream:75 - [STDERR_REDIRECT] Jul 19, 2026 12:23:41 AM java.util.prefs.FileSystemPreferences syncWorld
2026-07-19 00:23:41,158 [ERROR] LogOutputStream:75 - [STDERR_REDIRECT] WARNING: Couldn't flush system prefs: java.util.prefs.BackingStoreException: Couldn't get file lock.
2026-07-19 00:23:41,158 [ERROR] LogOutputStream:75 - [STDERR_REDIRECT] 
2026-07-19 00:24:11,155 [ERROR] LogOutputStream:75 - [STDERR_REDIRECT] Jul 19, 2026 12:24:11 AM java.util.prefs.FileSystemPreferences checkLockFile0ErrorCode
2026-07-19 00:24:11,155 [ERROR] LogOutputStream:75 - [STDERR_REDIRECT] WARNING: Could not lock System prefs. Unix error code 5.
2026-07-19 00:24:11,155 [ERROR] LogOutputStream:75 - [STDERR_REDIRECT] 
2026-07-19 00:24:11,156 [ERROR] LogOutputStream:75 - [STDERR_REDIRECT] Jul 19, 2026 12:24:11 AM java.util.prefs.FileSystemPreferences syncWorld
2026-07-19 00:24:11,156 [ERROR] LogOutputStream:75 - [STDERR_REDIRECT] WARNING: Couldn't flush system prefs: java.util.prefs.BackingStoreException: Couldn't get file lock.
2026-07-19 00:24:11,156 [ERROR] LogOutputStream:75 - [STDERR_REDIRECT] 
2026-07-19 00:24:41,178 [ERROR] LogOutputStream:75 - [STDERR_REDIRECT] Jul 19, 2026 12:24:41 AM java.util.prefs.FileSystemPreferences checkLockFile0ErrorCode
2026-07-19 00:24:41,178 [ERROR] LogOutputStream:75 - [STDERR_REDIRECT] WARNING: Could not lock System prefs. Unix error code 5.
2026-07-19 00:24:41,178 [ERROR] LogOutputStream:75 - [STDERR_REDIRECT] 
2026-07-19 00:24:41,178 [ERROR] LogOutputStream:75 - [STDERR_REDIRECT] Jul 19, 2026 12:24:41 AM java.util.prefs.FileSystemPreferences syncWorld
2026-07-19 00:24:41,179 [ERROR] LogOutputStream:75 - [STDERR_REDIRECT] WARNING: Couldn't flush system prefs: java.util.prefs.BackingStoreException: Couldn't get file lock.
2026-07-19 00:24:41,179 [ERROR] LogOutputStream:75 - [STDERR_REDIRECT] 
2026-07-19 00:25:11,158 [ERROR] LogOutputStream:75 - [STDERR_REDIRECT] Jul 19, 2026 12:25:11 AM java.util.prefs.FileSystemPreferences checkLockFile0ErrorCode
2026-07-19 00:25:11,159 [ERROR] LogOutputStream:75 - [STDERR_REDIRECT] WARNING: Could not lock System prefs. Unix error code 5.
2026-07-19 00:25:11,159 [ERROR] LogOutputStream:75 - [STDERR_REDIRECT] 
2026-07-19 00:25:11,159 [ERROR] LogOutputStream:75 - [STDERR_REDIRECT] Jul 19, 2026 12:25:11 AM java.util.prefs.FileSystemPreferences syncWorld
2026-07-19 00:25:11,160 [ERROR] LogOutputStream:75 - [STDERR_REDIRECT] WARNING: Couldn't flush system prefs: java.util.prefs.BackingStoreException: Couldn't get file lock.
2026-07-19 00:25:11,160 [ERROR] LogOutputStream:75 - [STDERR_REDIRECT] 
2026-07-19 00:25:41,160 [ERROR] LogOutputStream:75 - [STDERR_REDIRECT] Jul 19, 2026 12:25:41 AM java.util.prefs.FileSystemPreferences checkLockFile0ErrorCode
2026-07-19 00:25:41,161 [ERROR] LogOutputStream:75 - [STDERR_REDIRECT] WARNING: Could not lock System prefs. Unix error code 5.
2026-07-19 00:25:41,161 [ERROR] LogOutputStream:75 - [STDERR_REDIRECT] 
2026-07-19 00:25:41,161 [ERROR] LogOutputStream:75 - [STDERR_REDIRECT] Jul 19, 2026 12:25:41 AM java.util.prefs.FileSystemPreferences syncWorld
2026-07-19 00:25:41,161 [ERROR] LogOutputStream:75 - [STDERR_REDIRECT] WARNING: Couldn't flush system prefs: java.util.prefs.BackingStoreException: Couldn't get file lock.
2026-07-19 00:25:41,161 [ERROR] LogOutputStream:75 - [STDERR_REDIRECT] 
2026-07-19 00:26:11,193 [ERROR] LogOutputStream:75 - [STDERR_REDIRECT] Jul 19, 2026 12:26:11 AM java.util.prefs.FileSystemPreferences checkLockFile0ErrorCode
2026-07-19 00:26:11,193 [ERROR] LogOutputStream:75 - [STDERR_REDIRECT] WARNING: Could not lock System prefs. Unix error code 5.
2026-07-19 00:26:11,193 [ERROR] LogOutputStream:75 - [STDERR_REDIRECT] 
2026-07-19 00:26:11,194 [ERROR] LogOutputStream:75 - [STDERR_REDIRECT] Jul 19, 2026 12:26:11 AM java.util.prefs.FileSystemPreferences syncWorld
2026-07-19 00:26:11,194 [ERROR] LogOutputStream:75 - [STDERR_REDIRECT] WARNING: Couldn't flush system prefs: java.util.prefs.BackingStoreException: Couldn't get file lock.
2026-07-19 00:26:11,194 [ERROR] LogOutputStream:75 - [STDERR_REDIRECT] 
2026-07-19 00:26:41,160 [ERROR] LogOutputStream:75 - [STDERR_REDIRECT] Jul 19, 2026 12:26:41 AM java.util.prefs.FileSystemPreferences checkLockFile0ErrorCode
2026-07-19 00:26:41,160 [ERROR] LogOutputStream:75 - [STDERR_REDIRECT] WARNING: Could not lock System prefs. Unix error code 5.
2026-07-19 00:26:41,160 [ERROR] LogOutputStream:75 - [STDERR_REDIRECT] 
2026-07-19 00:26:41,160 [ERROR] LogOutputStream:75 - [STDERR_REDIRECT] Jul 19, 2026 12:26:41 AM java.util.prefs.FileSystemPreferences syncWorld
2026-07-19 00:26:41,160 [ERROR] LogOutputStream:75 - [STDERR_REDIRECT] WARNING: Couldn't flush system prefs: java.util.prefs.BackingStoreException: Couldn't get file lock.
2026-07-19 00:26:41,160 [ERROR] LogOutputStream:75 - [STDERR_REDIRECT] 
2026-07-19 00:27:11,175 [ERROR] LogOutputStream:75 - [STDERR_REDIRECT] Jul 19, 2026 12:27:11 AM java.util.prefs.FileSystemPreferences checkLockFile0ErrorCode
2026-07-19 00:27:11,175 [ERROR] LogOutputStream:75 - [STDERR_REDIRECT] WARNING: Could not lock System prefs. Unix error code 5.
2026-07-19 00:27:11,175 [ERROR] LogOutputStream:75 - [STDERR_REDIRECT] 
2026-07-19 00:27:11,175 [ERROR] LogOutputStream:75 - [STDERR_REDIRECT] Jul 19, 2026 12:27:11 AM java.util.prefs.FileSystemPreferences syncWorld
2026-07-19 00:27:11,175 [ERROR] LogOutputStream:75 - [STDERR_REDIRECT] WARNING: Couldn't flush system prefs: java.util.prefs.BackingStoreException: Couldn't get file lock.
2026-07-19 00:27:11,175 [ERROR] LogOutputStream:75 - [STDERR_REDIRECT] 
2026-07-19 00:27:41,167 [ERROR] LogOutputStream:75 - [STDERR_REDIRECT] Jul 19, 2026 12:27:41 AM java.util.prefs.FileSystemPreferences checkLockFile0ErrorCode
2026-07-19 00:27:41,167 [ERROR] LogOutputStream:75 - [STDERR_REDIRECT] WARNING: Could not lock System prefs. Unix error code 5.
2026-07-19 00:27:41,167 [ERROR] LogOutputStream:75 - [STDERR_REDIRECT] 
2026-07-19 00:27:41,168 [ERROR] LogOutputStream:75 - [STDERR_REDIRECT] Jul 19, 2026 12:27:41 AM java.util.prefs.FileSystemPreferences syncWorld
2026-07-19 00:27:41,168 [ERROR] LogOutputStream:75 - [STDERR_REDIRECT] WARNING: Couldn't flush system prefs: java.util.prefs.BackingStoreException: Couldn't get file lock.
2026-07-19 00:27:41,168 [ERROR] LogOutputStream:75 - [STDERR_REDIRECT] 
2026-07-19 00:28:11,163 [ERROR] LogOutputStream:75 - [STDERR_REDIRECT] Jul 19, 2026 12:28:11 AM java.util.prefs.FileSystemPreferences checkLockFile0ErrorCode
2026-07-19 00:28:11,163 [ERROR] LogOutputStream:75 - [STDERR_REDIRECT] WARNING: Could not lock System prefs. Unix error code 5.
2026-07-19 00:28:11,163 [ERROR] LogOutputStream:75 - [STDERR_REDIRECT] 
2026-07-19 00:28:11,163 [ERROR] LogOutputStream:75 - [STDERR_REDIRECT] Jul 19, 2026 12:28:11 AM java.util.prefs.FileSystemPreferences syncWorld
2026-07-19 00:28:11,164 [ERROR] LogOutputStream:75 - [STDERR_REDIRECT] WARNING: Couldn't flush system prefs: java.util.prefs.BackingStoreException: Couldn't get file lock.
2026-07-19 00:28:11,164 [ERROR] LogOutputStream:75 - [STDERR_REDIRECT] 
2026-07-19 00:28:41,163 [ERROR] LogOutputStream:75 - [STDERR_REDIRECT] Jul 19, 2026 12:28:41 AM java.util.prefs.FileSystemPreferences checkLockFile0ErrorCode
2026-07-19 00:28:41,163 [ERROR] LogOutputStream:75 - [STDERR_REDIRECT] WARNING: Could not lock System prefs. Unix error code 5.
2026-07-19 00:28:41,163 [ERROR] LogOutputStream:75 - [STDERR_REDIRECT] 
2026-07-19 00:28:41,163 [ERROR] LogOutputStream:75 - [STDERR_REDIRECT] Jul 19, 2026 12:28:41 AM java.util.prefs.FileSystemPreferences syncWorld
2026-07-19 00:28:41,163 [ERROR] LogOutputStream:75 - [STDERR_REDIRECT] WARNING: Couldn't flush system prefs: java.util.prefs.BackingStoreException: Couldn't get file lock.
2026-07-19 00:28:41,163 [ERROR] LogOutputStream:75 - [STDERR_REDIRECT] 
2026-07-19 00:29:11,164 [ERROR] LogOutputStream:75 - [STDERR_REDIRECT] Jul 19, 2026 12:29:11 AM java.util.prefs.FileSystemPreferences checkLockFile0ErrorCode
2026-07-19 00:29:11,164 [ERROR] LogOutputStream:75 - [STDERR_REDIRECT] WARNING: Could not lock System prefs. Unix error code 5.
2026-07-19 00:29:11,164 [ERROR] LogOutputStream:75 - [STDERR_REDIRECT] 
2026-07-19 00:29:11,165 [ERROR] LogOutputStream:75 - [STDERR_REDIRECT] Jul 19, 2026 12:29:11 AM java.util.prefs.FileSystemPreferences syncWorld
2026-07-19 00:29:11,166 [ERROR] LogOutputStream:75 - [STDERR_REDIRECT] WARNING: Couldn't flush system prefs: java.util.prefs.BackingStoreException: Couldn't get file lock.
2026-07-19 00:29:11,166 [ERROR] LogOutputStream:75 - [STDERR_REDIRECT] 
2026-07-19 00:29:41,164 [ERROR] LogOutputStream:75 - [STDERR_REDIRECT] Jul 19, 2026 12:29:41 AM java.util.prefs.FileSystemPreferences checkLockFile0ErrorCode
2026-07-19 00:29:41,164 [ERROR] LogOutputStream:75 - [STDERR_REDIRECT] WARNING: Could not lock System prefs. Unix error code 5.
2026-07-19 00:29:41,164 [ERROR] LogOutputStream:75 - [STDERR_REDIRECT] 
2026-07-19 00:29:41,164 [ERROR] LogOutputStream:75 - [STDERR_REDIRECT] Jul 19, 2026 12:29:41 AM java.util.prefs.FileSystemPreferences syncWorld
2026-07-19 00:29:41,164 [ERROR] LogOutputStream:75 - [STDERR_REDIRECT] WARNING: Couldn't flush system prefs: java.util.prefs.BackingStoreException: Couldn't get file lock.
2026-07-19 00:29:41,164 [ERROR] LogOutputStream:75 - [STDERR_REDIRECT] 
2026-07-19 00:30:11,166 [ERROR] LogOutputStream:75 - [STDERR_REDIRECT] Jul 19, 2026 12:30:11 AM java.util.prefs.FileSystemPreferences checkLockFile0ErrorCode
2026-07-19 00:30:11,166 [ERROR] LogOutputStream:75 - [STDERR_REDIRECT] WARNING: Could not lock System prefs. Unix error code 5.
2026-07-19 00:30:11,166 [ERROR] LogOutputStream:75 - [STDERR_REDIRECT] 
2026-07-19 00:30:11,166 [ERROR] LogOutputStream:75 - [STDERR_REDIRECT] Jul 19, 2026 12:30:11 AM java.util.prefs.FileSystemPreferences syncWorld
2026-07-19 00:30:11,166 [ERROR] LogOutputStream:75 - [STDERR_REDIRECT] WARNING: Couldn't flush system prefs: java.util.prefs.BackingStoreException: Couldn't get file lock.
2026-07-19 00:30:11,166 [ERROR] LogOutputStream:75 - [STDERR_REDIRECT] 
