2026-08-05 22:24:21,144 [ERROR] LogOutputStream:75 - [STDERR_REDIRECT] Aug 05, 2026 10:24:21 PM java.util.prefs.FileSystemPreferences checkLockFile0ErrorCode
2026-08-05 22:24:21,147 [ERROR] LogOutputStream:75 - [STDERR_REDIRECT] WARNING: Could not lock System prefs. Unix error code 5.
2026-08-05 22:24:21,147 [ERROR] LogOutputStream:75 - [STDERR_REDIRECT] 
2026-08-05 22:24:21,147 [ERROR] LogOutputStream:75 - [STDERR_REDIRECT] Aug 05, 2026 10:24:21 PM java.util.prefs.FileSystemPreferences syncWorld
2026-08-05 22:24:21,148 [ERROR] LogOutputStream:75 - [STDERR_REDIRECT] WARNING: Couldn't flush system prefs: java.util.prefs.BackingStoreException: Couldn't get file lock.
2026-08-05 22:24:21,148 [ERROR] LogOutputStream:75 - [STDERR_REDIRECT] 
2026-08-05 22:24:50,809 [ERROR] LogOutputStream:75 - [STDERR_REDIRECT] Aug 05, 2026 10:24:50 PM java.util.prefs.FileSystemPreferences checkLockFile0ErrorCode
2026-08-05 22:24:50,810 [ERROR] LogOutputStream:75 - [STDERR_REDIRECT] WARNING: Could not lock System prefs. Unix error code 5.
2026-08-05 22:24:50,810 [ERROR] LogOutputStream:75 - [STDERR_REDIRECT] 
2026-08-05 22:24:50,810 [ERROR] LogOutputStream:75 - [STDERR_REDIRECT] Aug 05, 2026 10:24:50 PM java.util.prefs.FileSystemPreferences syncWorld
2026-08-05 22:24:50,810 [ERROR] LogOutputStream:75 - [STDERR_REDIRECT] WARNING: Couldn't flush system prefs: java.util.prefs.BackingStoreException: Couldn't get file lock.
2026-08-05 22:24:50,810 [ERROR] LogOutputStream:75 - [STDERR_REDIRECT] 
2026-08-05 22:25:20,808 [ERROR] LogOutputStream:75 - [STDERR_REDIRECT] Aug 05, 2026 10:25:20 PM java.util.prefs.FileSystemPreferences checkLockFile0ErrorCode
2026-08-05 22:25:20,811 [ERROR] LogOutputStream:75 - [STDERR_REDIRECT] WARNING: Could not lock System prefs. Unix error code 5.
2026-08-05 22:25:20,811 [ERROR] LogOutputStream:75 - [STDERR_REDIRECT] 
2026-08-05 22:25:20,811 [ERROR] LogOutputStream:75 - [STDERR_REDIRECT] Aug 05, 2026 10:25:20 PM java.util.prefs.FileSystemPreferences syncWorld
2026-08-05 22:25:20,811 [ERROR] LogOutputStream:75 - [STDERR_REDIRECT] WARNING: Couldn't flush system prefs: java.util.prefs.BackingStoreException: Couldn't get file lock.
2026-08-05 22:25:20,811 [ERROR] LogOutputStream:75 - [STDERR_REDIRECT] 
2026-08-05 22:25:50,798 [ERROR] LogOutputStream:75 - [STDERR_REDIRECT] Aug 05, 2026 10:25:50 PM java.util.prefs.FileSystemPreferences checkLockFile0ErrorCode
2026-08-05 22:25:50,798 [ERROR] LogOutputStream:75 - [STDERR_REDIRECT] WARNING: Could not lock System prefs. Unix error code 5.
2026-08-05 22:25:50,798 [ERROR] LogOutputStream:75 - [STDERR_REDIRECT] 
2026-08-05 22:25:50,798 [ERROR] LogOutputStream:75 - [STDERR_REDIRECT] Aug 05, 2026 10:25:50 PM java.util.prefs.FileSystemPreferences syncWorld
2026-08-05 22:25:50,798 [ERROR] LogOutputStream:75 - [STDERR_REDIRECT] WARNING: Couldn't flush system prefs: java.util.prefs.BackingStoreException: Couldn't get file lock.
2026-08-05 22:25:50,798 [ERROR] LogOutputStream:75 - [STDERR_REDIRECT] 
2026-08-05 22:26:20,796 [ERROR] LogOutputStream:75 - [STDERR_REDIRECT] Aug 05, 2026 10:26:20 PM java.util.prefs.FileSystemPreferences checkLockFile0ErrorCode
2026-08-05 22:26:20,796 [ERROR] LogOutputStream:75 - [STDERR_REDIRECT] WARNING: Could not lock System prefs. Unix error code 5.
2026-08-05 22:26:20,796 [ERROR] LogOutputStream:75 - [STDERR_REDIRECT] 
2026-08-05 22:26:20,797 [ERROR] LogOutputStream:75 - [STDERR_REDIRECT] Aug 05, 2026 10:26:20 PM java.util.prefs.FileSystemPreferences syncWorld
2026-08-05 22:26:20,797 [ERROR] LogOutputStream:75 - [STDERR_REDIRECT] WARNING: Couldn't flush system prefs: java.util.prefs.BackingStoreException: Couldn't get file lock.
2026-08-05 22:26:20,797 [ERROR] LogOutputStream:75 - [STDERR_REDIRECT] 
2026-08-05 22:26:50,796 [ERROR] LogOutputStream:75 - [STDERR_REDIRECT] Aug 05, 2026 10:26:50 PM java.util.prefs.FileSystemPreferences checkLockFile0ErrorCode
2026-08-05 22:26:50,796 [ERROR] LogOutputStream:75 - [STDERR_REDIRECT] WARNING: Could not lock System prefs. Unix error code 5.
2026-08-05 22:26:50,796 [ERROR] LogOutputStream:75 - [STDERR_REDIRECT] 
2026-08-05 22:26:50,796 [ERROR] LogOutputStream:75 - [STDERR_REDIRECT] Aug 05, 2026 10:26:50 PM java.util.prefs.FileSystemPreferences syncWorld
2026-08-05 22:26:50,796 [ERROR] LogOutputStream:75 - [STDERR_REDIRECT] WARNING: Couldn't flush system prefs: java.util.prefs.BackingStoreException: Couldn't get file lock.
2026-08-05 22:26:50,796 [ERROR] LogOutputStream:75 - [STDERR_REDIRECT] 
2026-08-05 22:27:20,796 [ERROR] LogOutputStream:75 - [STDERR_REDIRECT] Aug 05, 2026 10:27:20 PM java.util.prefs.FileSystemPreferences checkLockFile0ErrorCode
2026-08-05 22:27:20,797 [ERROR] LogOutputStream:75 - [STDERR_REDIRECT] WARNING: Could not lock System prefs. Unix error code 5.
2026-08-05 22:27:20,797 [ERROR] LogOutputStream:75 - [STDERR_REDIRECT] 
2026-08-05 22:27:20,797 [ERROR] LogOutputStream:75 - [STDERR_REDIRECT] Aug 05, 2026 10:27:20 PM java.util.prefs.FileSystemPreferences syncWorld
2026-08-05 22:27:20,797 [ERROR] LogOutputStream:75 - [STDERR_REDIRECT] WARNING: Couldn't flush system prefs: java.util.prefs.BackingStoreException: Couldn't get file lock.
2026-08-05 22:27:20,797 [ERROR] LogOutputStream:75 - [STDERR_REDIRECT] 
2026-08-05 22:27:50,798 [ERROR] LogOutputStream:75 - [STDERR_REDIRECT] Aug 05, 2026 10:27:50 PM java.util.prefs.FileSystemPreferences checkLockFile0ErrorCode
2026-08-05 22:27:50,799 [ERROR] LogOutputStream:75 - [STDERR_REDIRECT] WARNING: Could not lock System prefs. Unix error code 5.
2026-08-05 22:27:50,799 [ERROR] LogOutputStream:75 - [STDERR_REDIRECT] 
2026-08-05 22:27:50,799 [ERROR] LogOutputStream:75 - [STDERR_REDIRECT] Aug 05, 2026 10:27:50 PM java.util.prefs.FileSystemPreferences syncWorld
2026-08-05 22:27:50,799 [ERROR] LogOutputStream:75 - [STDERR_REDIRECT] WARNING: Couldn't flush system prefs: java.util.prefs.BackingStoreException: Couldn't get file lock.
2026-08-05 22:27:50,799 [ERROR] LogOutputStream:75 - [STDERR_REDIRECT] 
2026-08-05 22:28:20,797 [ERROR] LogOutputStream:75 - [STDERR_REDIRECT] Aug 05, 2026 10:28:20 PM java.util.prefs.FileSystemPreferences checkLockFile0ErrorCode
2026-08-05 22:28:20,797 [ERROR] LogOutputStream:75 - [STDERR_REDIRECT] WARNING: Could not lock System prefs. Unix error code 5.
2026-08-05 22:28:20,797 [ERROR] LogOutputStream:75 - [STDERR_REDIRECT] 
2026-08-05 22:28:20,797 [ERROR] LogOutputStream:75 - [STDERR_REDIRECT] Aug 05, 2026 10:28:20 PM java.util.prefs.FileSystemPreferences syncWorld
2026-08-05 22:28:20,798 [ERROR] LogOutputStream:75 - [STDERR_REDIRECT] WARNING: Couldn't flush system prefs: java.util.prefs.BackingStoreException: Couldn't get file lock.
2026-08-05 22:28:20,798 [ERROR] LogOutputStream:75 - [STDERR_REDIRECT] 
2026-08-05 22:28:50,796 [ERROR] LogOutputStream:75 - [STDERR_REDIRECT] Aug 05, 2026 10:28:50 PM java.util.prefs.FileSystemPreferences checkLockFile0ErrorCode
2026-08-05 22:28:50,796 [ERROR] LogOutputStream:75 - [STDERR_REDIRECT] WARNING: Could not lock System prefs. Unix error code 5.
2026-08-05 22:28:50,796 [ERROR] LogOutputStream:75 - [STDERR_REDIRECT] 
2026-08-05 22:28:50,797 [ERROR] LogOutputStream:75 - [STDERR_REDIRECT] Aug 05, 2026 10:28:50 PM java.util.prefs.FileSystemPreferences syncWorld
2026-08-05 22:28:50,797 [ERROR] LogOutputStream:75 - [STDERR_REDIRECT] WARNING: Couldn't flush system prefs: java.util.prefs.BackingStoreException: Couldn't get file lock.
2026-08-05 22:28:50,797 [ERROR] LogOutputStream:75 - [STDERR_REDIRECT] 
2026-08-05 22:29:20,799 [ERROR] LogOutputStream:75 - [STDERR_REDIRECT] Aug 05, 2026 10:29:20 PM java.util.prefs.FileSystemPreferences checkLockFile0ErrorCode
2026-08-05 22:29:20,799 [ERROR] LogOutputStream:75 - [STDERR_REDIRECT] WARNING: Could not lock System prefs. Unix error code 5.
2026-08-05 22:29:20,799 [ERROR] LogOutputStream:75 - [STDERR_REDIRECT] 
2026-08-05 22:29:20,799 [ERROR] LogOutputStream:75 - [STDERR_REDIRECT] Aug 05, 2026 10:29:20 PM java.util.prefs.FileSystemPreferences syncWorld
2026-08-05 22:29:20,799 [ERROR] LogOutputStream:75 - [STDERR_REDIRECT] WARNING: Couldn't flush system prefs: java.util.prefs.BackingStoreException: Couldn't get file lock.
2026-08-05 22:29:20,799 [ERROR] LogOutputStream:75 - [STDERR_REDIRECT] 
2026-08-05 22:29:50,814 [ERROR] LogOutputStream:75 - [STDERR_REDIRECT] Aug 05, 2026 10:29:50 PM java.util.prefs.FileSystemPreferences checkLockFile0ErrorCode
2026-08-05 22:29:50,814 [ERROR] LogOutputStream:75 - [STDERR_REDIRECT] WARNING: Could not lock System prefs. Unix error code 5.
2026-08-05 22:29:50,814 [ERROR] LogOutputStream:75 - [STDERR_REDIRECT] 
2026-08-05 22:29:50,815 [ERROR] LogOutputStream:75 - [STDERR_REDIRECT] Aug 05, 2026 10:29:50 PM java.util.prefs.FileSystemPreferences syncWorld
2026-08-05 22:29:50,817 [ERROR] LogOutputStream:75 - [STDERR_REDIRECT] WARNING: Couldn't flush system prefs: java.util.prefs.BackingStoreException: Couldn't get file lock.
2026-08-05 22:29:50,817 [ERROR] LogOutputStream:75 - [STDERR_REDIRECT] 
2026-08-05 22:30:20,799 [ERROR] LogOutputStream:75 - [STDERR_REDIRECT] Aug 05, 2026 10:30:20 PM java.util.prefs.FileSystemPreferences checkLockFile0ErrorCode
2026-08-05 22:30:20,800 [ERROR] LogOutputStream:75 - [STDERR_REDIRECT] WARNING: Could not lock System prefs. Unix error code 5.
2026-08-05 22:30:20,800 [ERROR] LogOutputStream:75 - [STDERR_REDIRECT] 
2026-08-05 22:30:20,802 [ERROR] LogOutputStream:75 - [STDERR_REDIRECT] Aug 05, 2026 10:30:20 PM java.util.prefs.FileSystemPreferences syncWorld
2026-08-05 22:30:20,802 [ERROR] LogOutputStream:75 - [STDERR_REDIRECT] WARNING: Couldn't flush system prefs: java.util.prefs.BackingStoreException: Couldn't get file lock.
2026-08-05 22:30:20,802 [ERROR] LogOutputStream:75 - [STDERR_REDIRECT] 
2026-08-05 22:30:50,797 [ERROR] LogOutputStream:75 - [STDERR_REDIRECT] Aug 05, 2026 10:30:50 PM java.util.prefs.FileSystemPreferences checkLockFile0ErrorCode
2026-08-05 22:30:50,797 [ERROR] LogOutputStream:75 - [STDERR_REDIRECT] WARNING: Could not lock System prefs. Unix error code 5.
2026-08-05 22:30:50,797 [ERROR] LogOutputStream:75 - [STDERR_REDIRECT] 
2026-08-05 22:30:50,798 [ERROR] LogOutputStream:75 - [STDERR_REDIRECT] Aug 05, 2026 10:30:50 PM java.util.prefs.FileSystemPreferences syncWorld
2026-08-05 22:30:50,798 [ERROR] LogOutputStream:75 - [STDERR_REDIRECT] WARNING: Couldn't flush system prefs: java.util.prefs.BackingStoreException: Couldn't get file lock.
2026-08-05 22:30:50,798 [ERROR] LogOutputStream:75 - [STDERR_REDIRECT] 
2026-08-05 22:31:20,797 [ERROR] LogOutputStream:75 - [STDERR_REDIRECT] Aug 05, 2026 10:31:20 PM java.util.prefs.FileSystemPreferences checkLockFile0ErrorCode
2026-08-05 22:31:20,797 [ERROR] LogOutputStream:75 - [STDERR_REDIRECT] WARNING: Could not lock System prefs. Unix error code 5.
2026-08-05 22:31:20,797 [ERROR] LogOutputStream:75 - [STDERR_REDIRECT] 
2026-08-05 22:31:20,798 [ERROR] LogOutputStream:75 - [STDERR_REDIRECT] Aug 05, 2026 10:31:20 PM java.util.prefs.FileSystemPreferences syncWorld
2026-08-05 22:31:20,798 [ERROR] LogOutputStream:75 - [STDERR_REDIRECT] WARNING: Couldn't flush system prefs: java.util.prefs.BackingStoreException: Couldn't get file lock.
2026-08-05 22:31:20,798 [ERROR] LogOutputStream:75 - [STDERR_REDIRECT] 
2026-08-05 22:31:50,797 [ERROR] LogOutputStream:75 - [STDERR_REDIRECT] Aug 05, 2026 10:31:50 PM java.util.prefs.FileSystemPreferences checkLockFile0ErrorCode
2026-08-05 22:31:50,797 [ERROR] LogOutputStream:75 - [STDERR_REDIRECT] WARNING: Could not lock System prefs. Unix error code 5.
2026-08-05 22:31:50,797 [ERROR] LogOutputStream:75 - [STDERR_REDIRECT] 
2026-08-05 22:31:50,798 [ERROR] LogOutputStream:75 - [STDERR_REDIRECT] Aug 05, 2026 10:31:50 PM java.util.prefs.FileSystemPreferences syncWorld
2026-08-05 22:31:50,798 [ERROR] LogOutputStream:75 - [STDERR_REDIRECT] WARNING: Couldn't flush system prefs: java.util.prefs.BackingStoreException: Couldn't get file lock.
2026-08-05 22:31:50,798 [ERROR] LogOutputStream:75 - [STDERR_REDIRECT] 
2026-08-05 22:32:20,797 [ERROR] LogOutputStream:75 - [STDERR_REDIRECT] Aug 05, 2026 10:32:20 PM java.util.prefs.FileSystemPreferences checkLockFile0ErrorCode
2026-08-05 22:32:20,797 [ERROR] LogOutputStream:75 - [STDERR_REDIRECT] WARNING: Could not lock System prefs. Unix error code 5.
2026-08-05 22:32:20,798 [ERROR] LogOutputStream:75 - [STDERR_REDIRECT] 
2026-08-05 22:32:20,798 [ERROR] LogOutputStream:75 - [STDERR_REDIRECT] Aug 05, 2026 10:32:20 PM java.util.prefs.FileSystemPreferences syncWorld
2026-08-05 22:32:20,798 [ERROR] LogOutputStream:75 - [STDERR_REDIRECT] WARNING: Couldn't flush system prefs: java.util.prefs.BackingStoreException: Couldn't get file lock.
2026-08-05 22:32:20,798 [ERROR] LogOutputStream:75 - [STDERR_REDIRECT] 
2026-08-05 22:32:50,797 [ERROR] LogOutputStream:75 - [STDERR_REDIRECT] Aug 05, 2026 10:32:50 PM java.util.prefs.FileSystemPreferences checkLockFile0ErrorCode
2026-08-05 22:32:50,798 [ERROR] LogOutputStream:75 - [STDERR_REDIRECT] WARNING: Could not lock System prefs. Unix error code 5.
2026-08-05 22:32:50,798 [ERROR] LogOutputStream:75 - [STDERR_REDIRECT] 
2026-08-05 22:32:50,798 [ERROR] LogOutputStream:75 - [STDERR_REDIRECT] Aug 05, 2026 10:32:50 PM java.util.prefs.FileSystemPreferences syncWorld
2026-08-05 22:32:50,798 [ERROR] LogOutputStream:75 - [STDERR_REDIRECT] WARNING: Couldn't flush system prefs: java.util.prefs.BackingStoreException: Couldn't get file lock.
2026-08-05 22:32:50,798 [ERROR] LogOutputStream:75 - [STDERR_REDIRECT] 
2026-08-05 22:33:20,797 [ERROR] LogOutputStream:75 - [STDERR_REDIRECT] Aug 05, 2026 10:33:20 PM java.util.prefs.FileSystemPreferences checkLockFile0ErrorCode
2026-08-05 22:33:20,797 [ERROR] LogOutputStream:75 - [STDERR_REDIRECT] WARNING: Could not lock System prefs. Unix error code 5.
2026-08-05 22:33:20,797 [ERROR] LogOutputStream:75 - [STDERR_REDIRECT] 
2026-08-05 22:33:20,797 [ERROR] LogOutputStream:75 - [STDERR_REDIRECT] Aug 05, 2026 10:33:20 PM java.util.prefs.FileSystemPreferences syncWorld
2026-08-05 22:33:20,797 [ERROR] LogOutputStream:75 - [STDERR_REDIRECT] WARNING: Couldn't flush system prefs: java.util.prefs.BackingStoreException: Couldn't get file lock.
2026-08-05 22:33:20,797 [ERROR] LogOutputStream:75 - [STDERR_REDIRECT] 
2026-08-05 22:33:50,797 [ERROR] LogOutputStream:75 - [STDERR_REDIRECT] Aug 05, 2026 10:33:50 PM java.util.prefs.FileSystemPreferences checkLockFile0ErrorCode
2026-08-05 22:33:50,798 [ERROR] LogOutputStream:75 - [STDERR_REDIRECT] WARNING: Could not lock System prefs. Unix error code 5.
2026-08-05 22:33:50,798 [ERROR] LogOutputStream:75 - [STDERR_REDIRECT] 
2026-08-05 22:33:50,798 [ERROR] LogOutputStream:75 - [STDERR_REDIRECT] Aug 05, 2026 10:33:50 PM java.util.prefs.FileSystemPreferences syncWorld
2026-08-05 22:33:50,798 [ERROR] LogOutputStream:75 - [STDERR_REDIRECT] WARNING: Couldn't flush system prefs: java.util.prefs.BackingStoreException: Couldn't get file lock.
2026-08-05 22:33:50,798 [ERROR] LogOutputStream:75 - [STDERR_REDIRECT] 
2026-08-05 22:34:20,797 [ERROR] LogOutputStream:75 - [STDERR_REDIRECT] Aug 05, 2026 10:34:20 PM java.util.prefs.FileSystemPreferences checkLockFile0ErrorCode
2026-08-05 22:34:20,797 [ERROR] LogOutputStream:75 - [STDERR_REDIRECT] WARNING: Could not lock System prefs. Unix error code 5.
2026-08-05 22:34:20,797 [ERROR] LogOutputStream:75 - [STDERR_REDIRECT] 
2026-08-05 22:34:20,798 [ERROR] LogOutputStream:75 - [STDERR_REDIRECT] Aug 05, 2026 10:34:20 PM java.util.prefs.FileSystemPreferences syncWorld
2026-08-05 22:34:20,798 [ERROR] LogOutputStream:75 - [STDERR_REDIRECT] WARNING: Couldn't flush system prefs: java.util.prefs.BackingStoreException: Couldn't get file lock.
2026-08-05 22:34:20,798 [ERROR] LogOutputStream:75 - [STDERR_REDIRECT] 
2026-08-05 22:34:50,797 [ERROR] LogOutputStream:75 - [STDERR_REDIRECT] Aug 05, 2026 10:34:50 PM java.util.prefs.FileSystemPreferences checkLockFile0ErrorCode
2026-08-05 22:34:50,797 [ERROR] LogOutputStream:75 - [STDERR_REDIRECT] WARNING: Could not lock System prefs. Unix error code 5.
2026-08-05 22:34:50,797 [ERROR] LogOutputStream:75 - [STDERR_REDIRECT] 
2026-08-05 22:34:50,797 [ERROR] LogOutputStream:75 - [STDERR_REDIRECT] Aug 05, 2026 10:34:50 PM java.util.prefs.FileSystemPreferences syncWorld
2026-08-05 22:34:50,797 [ERROR] LogOutputStream:75 - [STDERR_REDIRECT] WARNING: Couldn't flush system prefs: java.util.prefs.BackingStoreException: Couldn't get file lock.
2026-08-05 22:34:50,797 [ERROR] LogOutputStream:75 - [STDERR_REDIRECT] 
2026-08-05 22:35:20,797 [ERROR] LogOutputStream:75 - [STDERR_REDIRECT] Aug 05, 2026 10:35:20 PM java.util.prefs.FileSystemPreferences checkLockFile0ErrorCode
2026-08-05 22:35:20,798 [ERROR] LogOutputStream:75 - [STDERR_REDIRECT] WARNING: Could not lock System prefs. Unix error code 5.
2026-08-05 22:35:20,798 [ERROR] LogOutputStream:75 - [STDERR_REDIRECT] 
2026-08-05 22:35:20,798 [ERROR] LogOutputStream:75 - [STDERR_REDIRECT] Aug 05, 2026 10:35:20 PM java.util.prefs.FileSystemPreferences syncWorld
2026-08-05 22:35:20,798 [ERROR] LogOutputStream:75 - [STDERR_REDIRECT] WARNING: Couldn't flush system prefs: java.util.prefs.BackingStoreException: Couldn't get file lock.
2026-08-05 22:35:20,798 [ERROR] LogOutputStream:75 - [STDERR_REDIRECT] 
2026-08-05 22:35:50,798 [ERROR] LogOutputStream:75 - [STDERR_REDIRECT] Aug 05, 2026 10:35:50 PM java.util.prefs.FileSystemPreferences checkLockFile0ErrorCode
2026-08-05 22:35:50,798 [ERROR] LogOutputStream:75 - [STDERR_REDIRECT] WARNING: Could not lock System prefs. Unix error code 5.
2026-08-05 22:35:50,798 [ERROR] LogOutputStream:75 - [STDERR_REDIRECT] 
2026-08-05 22:35:50,799 [ERROR] LogOutputStream:75 - [STDERR_REDIRECT] Aug 05, 2026 10:35:50 PM java.util.prefs.FileSystemPreferences syncWorld
2026-08-05 22:35:50,799 [ERROR] LogOutputStream:75 - [STDERR_REDIRECT] WARNING: Couldn't flush system prefs: java.util.prefs.BackingStoreException: Couldn't get file lock.
2026-08-05 22:35:50,799 [ERROR] LogOutputStream:75 - [STDERR_REDIRECT] 
2026-08-05 22:36:20,798 [ERROR] LogOutputStream:75 - [STDERR_REDIRECT] Aug 05, 2026 10:36:20 PM java.util.prefs.FileSystemPreferences checkLockFile0ErrorCode
2026-08-05 22:36:20,798 [ERROR] LogOutputStream:75 - [STDERR_REDIRECT] WARNING: Could not lock System prefs. Unix error code 5.
2026-08-05 22:36:20,798 [ERROR] LogOutputStream:75 - [STDERR_REDIRECT] 
2026-08-05 22:36:20,798 [ERROR] LogOutputStream:75 - [STDERR_REDIRECT] Aug 05, 2026 10:36:20 PM java.util.prefs.FileSystemPreferences syncWorld
2026-08-05 22:36:20,798 [ERROR] LogOutputStream:75 - [STDERR_REDIRECT] WARNING: Couldn't flush system prefs: java.util.prefs.BackingStoreException: Couldn't get file lock.
2026-08-05 22:36:20,799 [ERROR] LogOutputStream:75 - [STDERR_REDIRECT] 
2026-08-05 22:36:50,798 [ERROR] LogOutputStream:75 - [STDERR_REDIRECT] Aug 05, 2026 10:36:50 PM java.util.prefs.FileSystemPreferences checkLockFile0ErrorCode
2026-08-05 22:36:50,798 [ERROR] LogOutputStream:75 - [STDERR_REDIRECT] WARNING: Could not lock System prefs. Unix error code 5.
2026-08-05 22:36:50,798 [ERROR] LogOutputStream:75 - [STDERR_REDIRECT] 
2026-08-05 22:36:50,799 [ERROR] LogOutputStream:75 - [STDERR_REDIRECT] Aug 05, 2026 10:36:50 PM java.util.prefs.FileSystemPreferences syncWorld
2026-08-05 22:36:50,799 [ERROR] LogOutputStream:75 - [STDERR_REDIRECT] WARNING: Couldn't flush system prefs: java.util.prefs.BackingStoreException: Couldn't get file lock.
2026-08-05 22:36:50,799 [ERROR] LogOutputStream:75 - [STDERR_REDIRECT] 
2026-08-05 22:37:20,798 [ERROR] LogOutputStream:75 - [STDERR_REDIRECT] Aug 05, 2026 10:37:20 PM java.util.prefs.FileSystemPreferences checkLockFile0ErrorCode
2026-08-05 22:37:20,798 [ERROR] LogOutputStream:75 - [STDERR_REDIRECT] WARNING: Could not lock System prefs. Unix error code 5.
2026-08-05 22:37:20,798 [ERROR] LogOutputStream:75 - [STDERR_REDIRECT] 
2026-08-05 22:37:20,798 [ERROR] LogOutputStream:75 - [STDERR_REDIRECT] Aug 05, 2026 10:37:20 PM java.util.prefs.FileSystemPreferences syncWorld
2026-08-05 22:37:20,798 [ERROR] LogOutputStream:75 - [STDERR_REDIRECT] WARNING: Couldn't flush system prefs: java.util.prefs.BackingStoreException: Couldn't get file lock.
2026-08-05 22:37:20,798 [ERROR] LogOutputStream:75 - [STDERR_REDIRECT] 
2026-08-05 22:37:50,798 [ERROR] LogOutputStream:75 - [STDERR_REDIRECT] Aug 05, 2026 10:37:50 PM java.util.prefs.FileSystemPreferences checkLockFile0ErrorCode
2026-08-05 22:37:50,798 [ERROR] LogOutputStream:75 - [STDERR_REDIRECT] WARNING: Could not lock System prefs. Unix error code 5.
2026-08-05 22:37:50,798 [ERROR] LogOutputStream:75 - [STDERR_REDIRECT] 
2026-08-05 22:37:50,799 [ERROR] LogOutputStream:75 - [STDERR_REDIRECT] Aug 05, 2026 10:37:50 PM java.util.prefs.FileSystemPreferences syncWorld
2026-08-05 22:37:50,799 [ERROR] LogOutputStream:75 - [STDERR_REDIRECT] WARNING: Couldn't flush system prefs: java.util.prefs.BackingStoreException: Couldn't get file lock.
2026-08-05 22:37:50,799 [ERROR] LogOutputStream:75 - [STDERR_REDIRECT] 
2026-08-05 22:38:20,798 [ERROR] LogOutputStream:75 - [STDERR_REDIRECT] Aug 05, 2026 10:38:20 PM java.util.prefs.FileSystemPreferences checkLockFile0ErrorCode
2026-08-05 22:38:20,799 [ERROR] LogOutputStream:75 - [STDERR_REDIRECT] WARNING: Could not lock System prefs. Unix error code 5.
2026-08-05 22:38:20,799 [ERROR] LogOutputStream:75 - [STDERR_REDIRECT] 
2026-08-05 22:38:20,800 [ERROR] LogOutputStream:75 - [STDERR_REDIRECT] Aug 05, 2026 10:38:20 PM java.util.prefs.FileSystemPreferences syncWorld
2026-08-05 22:38:20,800 [ERROR] LogOutputStream:75 - [STDERR_REDIRECT] WARNING: Couldn't flush system prefs: java.util.prefs.BackingStoreException: Couldn't get file lock.
2026-08-05 22:38:20,800 [ERROR] LogOutputStream:75 - [STDERR_REDIRECT] 
2026-08-05 22:38:50,799 [ERROR] LogOutputStream:75 - [STDERR_REDIRECT] Aug 05, 2026 10:38:50 PM java.util.prefs.FileSystemPreferences checkLockFile0ErrorCode
2026-08-05 22:38:50,799 [ERROR] LogOutputStream:75 - [STDERR_REDIRECT] WARNING: Could not lock System prefs. Unix error code 5.
2026-08-05 22:38:50,799 [ERROR] LogOutputStream:75 - [STDERR_REDIRECT] 
2026-08-05 22:38:50,800 [ERROR] LogOutputStream:75 - [STDERR_REDIRECT] Aug 05, 2026 10:38:50 PM java.util.prefs.FileSystemPreferences syncWorld
2026-08-05 22:38:50,800 [ERROR] LogOutputStream:75 - [STDERR_REDIRECT] WARNING: Couldn't flush system prefs: java.util.prefs.BackingStoreException: Couldn't get file lock.
2026-08-05 22:38:50,800 [ERROR] LogOutputStream:75 - [STDERR_REDIRECT] 
2026-08-05 22:39:20,797 [ERROR] LogOutputStream:75 - [STDERR_REDIRECT] Aug 05, 2026 10:39:20 PM java.util.prefs.FileSystemPreferences checkLockFile0ErrorCode
2026-08-05 22:39:20,798 [ERROR] LogOutputStream:75 - [STDERR_REDIRECT] WARNING: Could not lock System prefs. Unix error code 5.
2026-08-05 22:39:20,798 [ERROR] LogOutputStream:75 - [STDERR_REDIRECT] 
2026-08-05 22:39:20,798 [ERROR] LogOutputStream:75 - [STDERR_REDIRECT] Aug 05, 2026 10:39:20 PM java.util.prefs.FileSystemPreferences syncWorld
2026-08-05 22:39:20,798 [ERROR] LogOutputStream:75 - [STDERR_REDIRECT] WARNING: Couldn't flush system prefs: java.util.prefs.BackingStoreException: Couldn't get file lock.
2026-08-05 22:39:20,798 [ERROR] LogOutputStream:75 - [STDERR_REDIRECT] 
2026-08-05 22:39:50,798 [ERROR] LogOutputStream:75 - [STDERR_REDIRECT] Aug 05, 2026 10:39:50 PM java.util.prefs.FileSystemPreferences checkLockFile0ErrorCode
2026-08-05 22:39:50,798 [ERROR] LogOutputStream:75 - [STDERR_REDIRECT] WARNING: Could not lock System prefs. Unix error code 5.
2026-08-05 22:39:50,798 [ERROR] LogOutputStream:75 - [STDERR_REDIRECT] 
2026-08-05 22:39:50,798 [ERROR] LogOutputStream:75 - [STDERR_REDIRECT] Aug 05, 2026 10:39:50 PM java.util.prefs.FileSystemPreferences syncWorld
2026-08-05 22:39:50,799 [ERROR] LogOutputStream:75 - [STDERR_REDIRECT] WARNING: Couldn't flush system prefs: java.util.prefs.BackingStoreException: Couldn't get file lock.
2026-08-05 22:39:50,799 [ERROR] LogOutputStream:75 - [STDERR_REDIRECT] 
2026-08-05 22:40:20,798 [ERROR] LogOutputStream:75 - [STDERR_REDIRECT] Aug 05, 2026 10:40:20 PM java.util.prefs.FileSystemPreferences checkLockFile0ErrorCode
2026-08-05 22:40:20,798 [ERROR] LogOutputStream:75 - [STDERR_REDIRECT] WARNING: Could not lock System prefs. Unix error code 5.
2026-08-05 22:40:20,798 [ERROR] LogOutputStream:75 - [STDERR_REDIRECT] 
2026-08-05 22:40:20,799 [ERROR] LogOutputStream:75 - [STDERR_REDIRECT] Aug 05, 2026 10:40:20 PM java.util.prefs.FileSystemPreferences syncWorld
2026-08-05 22:40:20,799 [ERROR] LogOutputStream:75 - [STDERR_REDIRECT] WARNING: Couldn't flush system prefs: java.util.prefs.BackingStoreException: Couldn't get file lock.
2026-08-05 22:40:20,799 [ERROR] LogOutputStream:75 - [STDERR_REDIRECT] 
2026-08-05 22:40:50,797 [ERROR] LogOutputStream:75 - [STDERR_REDIRECT] Aug 05, 2026 10:40:50 PM java.util.prefs.FileSystemPreferences checkLockFile0ErrorCode
2026-08-05 22:40:50,798 [ERROR] LogOutputStream:75 - [STDERR_REDIRECT] WARNING: Could not lock System prefs. Unix error code 5.
2026-08-05 22:40:50,798 [ERROR] LogOutputStream:75 - [STDERR_REDIRECT] 
2026-08-05 22:40:50,798 [ERROR] LogOutputStream:75 - [STDERR_REDIRECT] Aug 05, 2026 10:40:50 PM java.util.prefs.FileSystemPreferences syncWorld
2026-08-05 22:40:50,798 [ERROR] LogOutputStream:75 - [STDERR_REDIRECT] WARNING: Couldn't flush system prefs: java.util.prefs.BackingStoreException: Couldn't get file lock.
2026-08-05 22:40:50,798 [ERROR] LogOutputStream:75 - [STDERR_REDIRECT] 
2026-08-05 22:41:20,798 [ERROR] LogOutputStream:75 - [STDERR_REDIRECT] Aug 05, 2026 10:41:20 PM java.util.prefs.FileSystemPreferences checkLockFile0ErrorCode
2026-08-05 22:41:20,798 [ERROR] LogOutputStream:75 - [STDERR_REDIRECT] WARNING: Could not lock System prefs. Unix error code 5.
2026-08-05 22:41:20,798 [ERROR] LogOutputStream:75 - [STDERR_REDIRECT] 
2026-08-05 22:41:20,798 [ERROR] LogOutputStream:75 - [STDERR_REDIRECT] Aug 05, 2026 10:41:20 PM java.util.prefs.FileSystemPreferences syncWorld
2026-08-05 22:41:20,798 [ERROR] LogOutputStream:75 - [STDERR_REDIRECT] WARNING: Couldn't flush system prefs: java.util.prefs.BackingStoreException: Couldn't get file lock.
2026-08-05 22:41:20,799 [ERROR] LogOutputStream:75 - [STDERR_REDIRECT] 
2026-08-05 22:41:50,799 [ERROR] LogOutputStream:75 - [STDERR_REDIRECT] Aug 05, 2026 10:41:50 PM java.util.prefs.FileSystemPreferences checkLockFile0ErrorCode
2026-08-05 22:41:50,799 [ERROR] LogOutputStream:75 - [STDERR_REDIRECT] WARNING: Could not lock System prefs. Unix error code 5.
2026-08-05 22:41:50,799 [ERROR] LogOutputStream:75 - [STDERR_REDIRECT] 
2026-08-05 22:41:50,799 [ERROR] LogOutputStream:75 - [STDERR_REDIRECT] Aug 05, 2026 10:41:50 PM java.util.prefs.FileSystemPreferences syncWorld
2026-08-05 22:41:50,799 [ERROR] LogOutputStream:75 - [STDERR_REDIRECT] WARNING: Couldn't flush system prefs: java.util.prefs.BackingStoreException: Couldn't get file lock.
2026-08-05 22:41:50,799 [ERROR] LogOutputStream:75 - [STDERR_REDIRECT] 
2026-08-05 22:42:20,798 [ERROR] LogOutputStream:75 - [STDERR_REDIRECT] Aug 05, 2026 10:42:20 PM java.util.prefs.FileSystemPreferences checkLockFile0ErrorCode
2026-08-05 22:42:20,798 [ERROR] LogOutputStream:75 - [STDERR_REDIRECT] WARNING: Could not lock System prefs. Unix error code 5.
2026-08-05 22:42:20,798 [ERROR] LogOutputStream:75 - [STDERR_REDIRECT] 
2026-08-05 22:42:20,799 [ERROR] LogOutputStream:75 - [STDERR_REDIRECT] Aug 05, 2026 10:42:20 PM java.util.prefs.FileSystemPreferences syncWorld
2026-08-05 22:42:20,799 [ERROR] LogOutputStream:75 - [STDERR_REDIRECT] WARNING: Couldn't flush system prefs: java.util.prefs.BackingStoreException: Couldn't get file lock.
2026-08-05 22:42:20,799 [ERROR] LogOutputStream:75 - [STDERR_REDIRECT] 
2026-08-05 22:42:50,797 [ERROR] LogOutputStream:75 - [STDERR_REDIRECT] Aug 05, 2026 10:42:50 PM java.util.prefs.FileSystemPreferences checkLockFile0ErrorCode
2026-08-05 22:42:50,798 [ERROR] LogOutputStream:75 - [STDERR_REDIRECT] WARNING: Could not lock System prefs. Unix error code 5.
2026-08-05 22:42:50,798 [ERROR] LogOutputStream:75 - [STDERR_REDIRECT] 
2026-08-05 22:42:50,798 [ERROR] LogOutputStream:75 - [STDERR_REDIRECT] Aug 05, 2026 10:42:50 PM java.util.prefs.FileSystemPreferences syncWorld
2026-08-05 22:42:50,798 [ERROR] LogOutputStream:75 - [STDERR_REDIRECT] WARNING: Couldn't flush system prefs: java.util.prefs.BackingStoreException: Couldn't get file lock.
2026-08-05 22:42:50,798 [ERROR] LogOutputStream:75 - [STDERR_REDIRECT] 
2026-08-05 22:43:20,798 [ERROR] LogOutputStream:75 - [STDERR_REDIRECT] Aug 05, 2026 10:43:20 PM java.util.prefs.FileSystemPreferences checkLockFile0ErrorCode
2026-08-05 22:43:20,798 [ERROR] LogOutputStream:75 - [STDERR_REDIRECT] WARNING: Could not lock System prefs. Unix error code 5.
2026-08-05 22:43:20,798 [ERROR] LogOutputStream:75 - [STDERR_REDIRECT] 
2026-08-05 22:43:20,799 [ERROR] LogOutputStream:75 - [STDERR_REDIRECT] Aug 05, 2026 10:43:20 PM java.util.prefs.FileSystemPreferences syncWorld
2026-08-05 22:43:20,799 [ERROR] LogOutputStream:75 - [STDERR_REDIRECT] WARNING: Couldn't flush system prefs: java.util.prefs.BackingStoreException: Couldn't get file lock.
2026-08-05 22:43:20,799 [ERROR] LogOutputStream:75 - [STDERR_REDIRECT] 
2026-08-05 22:43:50,798 [ERROR] LogOutputStream:75 - [STDERR_REDIRECT] Aug 05, 2026 10:43:50 PM java.util.prefs.FileSystemPreferences checkLockFile0ErrorCode
2026-08-05 22:43:50,798 [ERROR] LogOutputStream:75 - [STDERR_REDIRECT] WARNING: Could not lock System prefs. Unix error code 5.
2026-08-05 22:43:50,798 [ERROR] LogOutputStream:75 - [STDERR_REDIRECT] 
2026-08-05 22:43:50,798 [ERROR] LogOutputStream:75 - [STDERR_REDIRECT] Aug 05, 2026 10:43:50 PM java.util.prefs.FileSystemPreferences syncWorld
2026-08-05 22:43:50,798 [ERROR] LogOutputStream:75 - [STDERR_REDIRECT] WARNING: Couldn't flush system prefs: java.util.prefs.BackingStoreException: Couldn't get file lock.
2026-08-05 22:43:50,798 [ERROR] LogOutputStream:75 - [STDERR_REDIRECT] 
2026-08-05 22:44:20,799 [ERROR] LogOutputStream:75 - [STDERR_REDIRECT] Aug 05, 2026 10:44:20 PM java.util.prefs.FileSystemPreferences checkLockFile0ErrorCode
2026-08-05 22:44:20,799 [ERROR] LogOutputStream:75 - [STDERR_REDIRECT] WARNING: Could not lock System prefs. Unix error code 5.
2026-08-05 22:44:20,799 [ERROR] LogOutputStream:75 - [STDERR_REDIRECT] 
2026-08-05 22:44:20,800 [ERROR] LogOutputStream:75 - [STDERR_REDIRECT] Aug 05, 2026 10:44:20 PM java.util.prefs.FileSystemPreferences syncWorld
2026-08-05 22:44:20,800 [ERROR] LogOutputStream:75 - [STDERR_REDIRECT] WARNING: Couldn't flush system prefs: java.util.prefs.BackingStoreException: Couldn't get file lock.
2026-08-05 22:44:20,800 [ERROR] LogOutputStream:75 - [STDERR_REDIRECT] 
2026-08-05 22:44:50,799 [ERROR] LogOutputStream:75 - [STDERR_REDIRECT] Aug 05, 2026 10:44:50 PM java.util.prefs.FileSystemPreferences checkLockFile0ErrorCode
2026-08-05 22:44:50,799 [ERROR] LogOutputStream:75 - [STDERR_REDIRECT] WARNING: Could not lock System prefs. Unix error code 5.
2026-08-05 22:44:50,799 [ERROR] LogOutputStream:75 - [STDERR_REDIRECT] 
2026-08-05 22:44:50,799 [ERROR] LogOutputStream:75 - [STDERR_REDIRECT] Aug 05, 2026 10:44:50 PM java.util.prefs.FileSystemPreferences syncWorld
2026-08-05 22:44:50,799 [ERROR] LogOutputStream:75 - [STDERR_REDIRECT] WARNING: Couldn't flush system prefs: java.util.prefs.BackingStoreException: Couldn't get file lock.
2026-08-05 22:44:50,800 [ERROR] LogOutputStream:75 - [STDERR_REDIRECT] 
2026-08-05 22:45:20,797 [ERROR] LogOutputStream:75 - [STDERR_REDIRECT] Aug 05, 2026 10:45:20 PM java.util.prefs.FileSystemPreferences checkLockFile0ErrorCode
2026-08-05 22:45:20,798 [ERROR] LogOutputStream:75 - [STDERR_REDIRECT] WARNING: Could not lock System prefs. Unix error code 5.
2026-08-05 22:45:20,798 [ERROR] LogOutputStream:75 - [STDERR_REDIRECT] 
2026-08-05 22:45:20,798 [ERROR] LogOutputStream:75 - [STDERR_REDIRECT] Aug 05, 2026 10:45:20 PM java.util.prefs.FileSystemPreferences syncWorld
2026-08-05 22:45:20,798 [ERROR] LogOutputStream:75 - [STDERR_REDIRECT] WARNING: Couldn't flush system prefs: java.util.prefs.BackingStoreException: Couldn't get file lock.
2026-08-05 22:45:20,798 [ERROR] LogOutputStream:75 - [STDERR_REDIRECT] 
2026-08-05 22:45:50,798 [ERROR] LogOutputStream:75 - [STDERR_REDIRECT] Aug 05, 2026 10:45:50 PM java.util.prefs.FileSystemPreferences checkLockFile0ErrorCode
2026-08-05 22:45:50,798 [ERROR] LogOutputStream:75 - [STDERR_REDIRECT] WARNING: Could not lock System prefs. Unix error code 5.
2026-08-05 22:45:50,798 [ERROR] LogOutputStream:75 - [STDERR_REDIRECT] 
2026-08-05 22:45:50,799 [ERROR] LogOutputStream:75 - [STDERR_REDIRECT] Aug 05, 2026 10:45:50 PM java.util.prefs.FileSystemPreferences syncWorld
2026-08-05 22:45:50,799 [ERROR] LogOutputStream:75 - [STDERR_REDIRECT] WARNING: Couldn't flush system prefs: java.util.prefs.BackingStoreException: Couldn't get file lock.
2026-08-05 22:45:50,799 [ERROR] LogOutputStream:75 - [STDERR_REDIRECT] 
2026-08-05 22:46:20,798 [ERROR] LogOutputStream:75 - [STDERR_REDIRECT] Aug 05, 2026 10:46:20 PM java.util.prefs.FileSystemPreferences checkLockFile0ErrorCode
2026-08-05 22:46:20,799 [ERROR] LogOutputStream:75 - [STDERR_REDIRECT] WARNING: Could not lock System prefs. Unix error code 5.
2026-08-05 22:46:20,799 [ERROR] LogOutputStream:75 - [STDERR_REDIRECT] 
2026-08-05 22:46:20,799 [ERROR] LogOutputStream:75 - [STDERR_REDIRECT] Aug 05, 2026 10:46:20 PM java.util.prefs.FileSystemPreferences syncWorld
2026-08-05 22:46:20,799 [ERROR] LogOutputStream:75 - [STDERR_REDIRECT] WARNING: Couldn't flush system prefs: java.util.prefs.BackingStoreException: Couldn't get file lock.
2026-08-05 22:46:20,799 [ERROR] LogOutputStream:75 - [STDERR_REDIRECT] 
2026-08-05 22:46:50,798 [ERROR] LogOutputStream:75 - [STDERR_REDIRECT] Aug 05, 2026 10:46:50 PM java.util.prefs.FileSystemPreferences checkLockFile0ErrorCode
2026-08-05 22:46:50,798 [ERROR] LogOutputStream:75 - [STDERR_REDIRECT] WARNING: Could not lock System prefs. Unix error code 5.
2026-08-05 22:46:50,799 [ERROR] LogOutputStream:75 - [STDERR_REDIRECT] 
2026-08-05 22:46:50,799 [ERROR] LogOutputStream:75 - [STDERR_REDIRECT] Aug 05, 2026 10:46:50 PM java.util.prefs.FileSystemPreferences syncWorld
2026-08-05 22:46:50,799 [ERROR] LogOutputStream:75 - [STDERR_REDIRECT] WARNING: Couldn't flush system prefs: java.util.prefs.BackingStoreException: Couldn't get file lock.
2026-08-05 22:46:50,799 [ERROR] LogOutputStream:75 - [STDERR_REDIRECT] 
2026-08-05 22:47:20,798 [ERROR] LogOutputStream:75 - [STDERR_REDIRECT] Aug 05, 2026 10:47:20 PM java.util.prefs.FileSystemPreferences checkLockFile0ErrorCode
2026-08-05 22:47:20,798 [ERROR] LogOutputStream:75 - [STDERR_REDIRECT] WARNING: Could not lock System prefs. Unix error code 5.
2026-08-05 22:47:20,798 [ERROR] LogOutputStream:75 - [STDERR_REDIRECT] 
2026-08-05 22:47:20,798 [ERROR] LogOutputStream:75 - [STDERR_REDIRECT] Aug 05, 2026 10:47:20 PM java.util.prefs.FileSystemPreferences syncWorld
2026-08-05 22:47:20,798 [ERROR] LogOutputStream:75 - [STDERR_REDIRECT] WARNING: Couldn't flush system prefs: java.util.prefs.BackingStoreException: Couldn't get file lock.
2026-08-05 22:47:20,799 [ERROR] LogOutputStream:75 - [STDERR_REDIRECT] 
2026-08-05 22:47:50,797 [ERROR] LogOutputStream:75 - [STDERR_REDIRECT] Aug 05, 2026 10:47:50 PM java.util.prefs.FileSystemPreferences checkLockFile0ErrorCode
2026-08-05 22:47:50,797 [ERROR] LogOutputStream:75 - [STDERR_REDIRECT] WARNING: Could not lock System prefs. Unix error code 5.
2026-08-05 22:47:50,797 [ERROR] LogOutputStream:75 - [STDERR_REDIRECT] 
2026-08-05 22:47:50,798 [ERROR] LogOutputStream:75 - [STDERR_REDIRECT] Aug 05, 2026 10:47:50 PM java.util.prefs.FileSystemPreferences syncWorld
2026-08-05 22:47:50,798 [ERROR] LogOutputStream:75 - [STDERR_REDIRECT] WARNING: Couldn't flush system prefs: java.util.prefs.BackingStoreException: Couldn't get file lock.
2026-08-05 22:47:50,798 [ERROR] LogOutputStream:75 - [STDERR_REDIRECT] 
2026-08-05 22:48:20,798 [ERROR] LogOutputStream:75 - [STDERR_REDIRECT] Aug 05, 2026 10:48:20 PM java.util.prefs.FileSystemPreferences checkLockFile0ErrorCode
2026-08-05 22:48:20,798 [ERROR] LogOutputStream:75 - [STDERR_REDIRECT] WARNING: Could not lock System prefs. Unix error code 5.
2026-08-05 22:48:20,798 [ERROR] LogOutputStream:75 - [STDERR_REDIRECT] 
2026-08-05 22:48:20,798 [ERROR] LogOutputStream:75 - [STDERR_REDIRECT] Aug 05, 2026 10:48:20 PM java.util.prefs.FileSystemPreferences syncWorld
2026-08-05 22:48:20,798 [ERROR] LogOutputStream:75 - [STDERR_REDIRECT] WARNING: Couldn't flush system prefs: java.util.prefs.BackingStoreException: Couldn't get file lock.
2026-08-05 22:48:20,799 [ERROR] LogOutputStream:75 - [STDERR_REDIRECT] 
2026-08-05 22:48:50,797 [ERROR] LogOutputStream:75 - [STDERR_REDIRECT] Aug 05, 2026 10:48:50 PM java.util.prefs.FileSystemPreferences checkLockFile0ErrorCode
2026-08-05 22:48:50,798 [ERROR] LogOutputStream:75 - [STDERR_REDIRECT] WARNING: Could not lock System prefs. Unix error code 5.
2026-08-05 22:48:50,798 [ERROR] LogOutputStream:75 - [STDERR_REDIRECT] 
2026-08-05 22:48:50,798 [ERROR] LogOutputStream:75 - [STDERR_REDIRECT] Aug 05, 2026 10:48:50 PM java.util.prefs.FileSystemPreferences syncWorld
2026-08-05 22:48:50,798 [ERROR] LogOutputStream:75 - [STDERR_REDIRECT] WARNING: Couldn't flush system prefs: java.util.prefs.BackingStoreException: Couldn't get file lock.
2026-08-05 22:48:50,798 [ERROR] LogOutputStream:75 - [STDERR_REDIRECT] 
2026-08-05 22:49:20,798 [ERROR] LogOutputStream:75 - [STDERR_REDIRECT] Aug 05, 2026 10:49:20 PM java.util.prefs.FileSystemPreferences checkLockFile0ErrorCode
2026-08-05 22:49:20,798 [ERROR] LogOutputStream:75 - [STDERR_REDIRECT] WARNING: Could not lock System prefs. Unix error code 5.
2026-08-05 22:49:20,798 [ERROR] LogOutputStream:75 - [STDERR_REDIRECT] 
2026-08-05 22:49:20,799 [ERROR] LogOutputStream:75 - [STDERR_REDIRECT] Aug 05, 2026 10:49:20 PM java.util.prefs.FileSystemPreferences syncWorld
2026-08-05 22:49:20,799 [ERROR] LogOutputStream:75 - [STDERR_REDIRECT] WARNING: Couldn't flush system prefs: java.util.prefs.BackingStoreException: Couldn't get file lock.
2026-08-05 22:49:20,799 [ERROR] LogOutputStream:75 - [STDERR_REDIRECT] 
2026-08-05 22:49:50,799 [ERROR] LogOutputStream:75 - [STDERR_REDIRECT] Aug 05, 2026 10:49:50 PM java.util.prefs.FileSystemPreferences checkLockFile0ErrorCode
2026-08-05 22:49:50,799 [ERROR] LogOutputStream:75 - [STDERR_REDIRECT] WARNING: Could not lock System prefs. Unix error code 5.
2026-08-05 22:49:50,799 [ERROR] LogOutputStream:75 - [STDERR_REDIRECT] 
2026-08-05 22:49:50,799 [ERROR] LogOutputStream:75 - [STDERR_REDIRECT] Aug 05, 2026 10:49:50 PM java.util.prefs.FileSystemPreferences syncWorld
2026-08-05 22:49:50,799 [ERROR] LogOutputStream:75 - [STDERR_REDIRECT] WARNING: Couldn't flush system prefs: java.util.prefs.BackingStoreException: Couldn't get file lock.
2026-08-05 22:49:50,799 [ERROR] LogOutputStream:75 - [STDERR_REDIRECT] 
2026-08-05 22:50:20,799 [ERROR] LogOutputStream:75 - [STDERR_REDIRECT] Aug 05, 2026 10:50:20 PM java.util.prefs.FileSystemPreferences checkLockFile0ErrorCode
2026-08-05 22:50:20,799 [ERROR] LogOutputStream:75 - [STDERR_REDIRECT] WARNING: Could not lock System prefs. Unix error code 5.
2026-08-05 22:50:20,799 [ERROR] LogOutputStream:75 - [STDERR_REDIRECT] 
2026-08-05 22:50:20,800 [ERROR] LogOutputStream:75 - [STDERR_REDIRECT] Aug 05, 2026 10:50:20 PM java.util.prefs.FileSystemPreferences syncWorld
2026-08-05 22:50:20,800 [ERROR] LogOutputStream:75 - [STDERR_REDIRECT] WARNING: Couldn't flush system prefs: java.util.prefs.BackingStoreException: Couldn't get file lock.
2026-08-05 22:50:20,800 [ERROR] LogOutputStream:75 - [STDERR_REDIRECT] 
2026-08-05 22:50:50,799 [ERROR] LogOutputStream:75 - [STDERR_REDIRECT] Aug 05, 2026 10:50:50 PM java.util.prefs.FileSystemPreferences checkLockFile0ErrorCode
2026-08-05 22:50:50,800 [ERROR] LogOutputStream:75 - [STDERR_REDIRECT] WARNING: Could not lock System prefs. Unix error code 5.
2026-08-05 22:50:50,800 [ERROR] LogOutputStream:75 - [STDERR_REDIRECT] 
2026-08-05 22:50:50,800 [ERROR] LogOutputStream:75 - [STDERR_REDIRECT] Aug 05, 2026 10:50:50 PM java.util.prefs.FileSystemPreferences syncWorld
2026-08-05 22:50:50,800 [ERROR] LogOutputStream:75 - [STDERR_REDIRECT] WARNING: Couldn't flush system prefs: java.util.prefs.BackingStoreException: Couldn't get file lock.
2026-08-05 22:50:50,800 [ERROR] LogOutputStream:75 - [STDERR_REDIRECT] 
2026-08-05 22:51:20,800 [ERROR] LogOutputStream:75 - [STDERR_REDIRECT] Aug 05, 2026 10:51:20 PM java.util.prefs.FileSystemPreferences checkLockFile0ErrorCode
2026-08-05 22:51:20,800 [ERROR] LogOutputStream:75 - [STDERR_REDIRECT] WARNING: Could not lock System prefs. Unix error code 5.
2026-08-05 22:51:20,800 [ERROR] LogOutputStream:75 - [STDERR_REDIRECT] 
2026-08-05 22:51:20,801 [ERROR] LogOutputStream:75 - [STDERR_REDIRECT] Aug 05, 2026 10:51:20 PM java.util.prefs.FileSystemPreferences syncWorld
2026-08-05 22:51:20,801 [ERROR] LogOutputStream:75 - [STDERR_REDIRECT] WARNING: Couldn't flush system prefs: java.util.prefs.BackingStoreException: Couldn't get file lock.
2026-08-05 22:51:20,801 [ERROR] LogOutputStream:75 - [STDERR_REDIRECT] 
2026-08-05 22:51:50,800 [ERROR] LogOutputStream:75 - [STDERR_REDIRECT] Aug 05, 2026 10:51:50 PM java.util.prefs.FileSystemPreferences checkLockFile0ErrorCode
2026-08-05 22:51:50,800 [ERROR] LogOutputStream:75 - [STDERR_REDIRECT] WARNING: Could not lock System prefs. Unix error code 5.
2026-08-05 22:51:50,800 [ERROR] LogOutputStream:75 - [STDERR_REDIRECT] 
2026-08-05 22:51:50,801 [ERROR] LogOutputStream:75 - [STDERR_REDIRECT] Aug 05, 2026 10:51:50 PM java.util.prefs.FileSystemPreferences syncWorld
2026-08-05 22:51:50,801 [ERROR] LogOutputStream:75 - [STDERR_REDIRECT] WARNING: Couldn't flush system prefs: java.util.prefs.BackingStoreException: Couldn't get file lock.
2026-08-05 22:51:50,801 [ERROR] LogOutputStream:75 - [STDERR_REDIRECT] 
2026-08-05 22:52:20,799 [ERROR] LogOutputStream:75 - [STDERR_REDIRECT] Aug 05, 2026 10:52:20 PM java.util.prefs.FileSystemPreferences checkLockFile0ErrorCode
2026-08-05 22:52:20,800 [ERROR] LogOutputStream:75 - [STDERR_REDIRECT] WARNING: Could not lock System prefs. Unix error code 5.
2026-08-05 22:52:20,800 [ERROR] LogOutputStream:75 - [STDERR_REDIRECT] 
2026-08-05 22:52:20,800 [ERROR] LogOutputStream:75 - [STDERR_REDIRECT] Aug 05, 2026 10:52:20 PM java.util.prefs.FileSystemPreferences syncWorld
2026-08-05 22:52:20,800 [ERROR] LogOutputStream:75 - [STDERR_REDIRECT] WARNING: Couldn't flush system prefs: java.util.prefs.BackingStoreException: Couldn't get file lock.
2026-08-05 22:52:20,800 [ERROR] LogOutputStream:75 - [STDERR_REDIRECT] 
2026-08-05 22:52:50,800 [ERROR] LogOutputStream:75 - [STDERR_REDIRECT] Aug 05, 2026 10:52:50 PM java.util.prefs.FileSystemPreferences checkLockFile0ErrorCode
2026-08-05 22:52:50,800 [ERROR] LogOutputStream:75 - [STDERR_REDIRECT] WARNING: Could not lock System prefs. Unix error code 5.
2026-08-05 22:52:50,800 [ERROR] LogOutputStream:75 - [STDERR_REDIRECT] 
2026-08-05 22:52:50,800 [ERROR] LogOutputStream:75 - [STDERR_REDIRECT] Aug 05, 2026 10:52:50 PM java.util.prefs.FileSystemPreferences syncWorld
2026-08-05 22:52:50,800 [ERROR] LogOutputStream:75 - [STDERR_REDIRECT] WARNING: Couldn't flush system prefs: java.util.prefs.BackingStoreException: Couldn't get file lock.
2026-08-05 22:52:50,800 [ERROR] LogOutputStream:75 - [STDERR_REDIRECT] 
2026-08-05 22:53:20,800 [ERROR] LogOutputStream:75 - [STDERR_REDIRECT] Aug 05, 2026 10:53:20 PM java.util.prefs.FileSystemPreferences checkLockFile0ErrorCode
2026-08-05 22:53:20,800 [ERROR] LogOutputStream:75 - [STDERR_REDIRECT] WARNING: Could not lock System prefs. Unix error code 5.
2026-08-05 22:53:20,800 [ERROR] LogOutputStream:75 - [STDERR_REDIRECT] 
2026-08-05 22:53:20,801 [ERROR] LogOutputStream:75 - [STDERR_REDIRECT] Aug 05, 2026 10:53:20 PM java.util.prefs.FileSystemPreferences syncWorld
2026-08-05 22:53:20,801 [ERROR] LogOutputStream:75 - [STDERR_REDIRECT] WARNING: Couldn't flush system prefs: java.util.prefs.BackingStoreException: Couldn't get file lock.
2026-08-05 22:53:20,801 [ERROR] LogOutputStream:75 - [STDERR_REDIRECT] 
2026-08-05 22:53:50,799 [ERROR] LogOutputStream:75 - [STDERR_REDIRECT] Aug 05, 2026 10:53:50 PM java.util.prefs.FileSystemPreferences checkLockFile0ErrorCode
2026-08-05 22:53:50,800 [ERROR] LogOutputStream:75 - [STDERR_REDIRECT] WARNING: Could not lock System prefs. Unix error code 5.
2026-08-05 22:53:50,800 [ERROR] LogOutputStream:75 - [STDERR_REDIRECT] 
2026-08-05 22:53:50,800 [ERROR] LogOutputStream:75 - [STDERR_REDIRECT] Aug 05, 2026 10:53:50 PM java.util.prefs.FileSystemPreferences syncWorld
2026-08-05 22:53:50,800 [ERROR] LogOutputStream:75 - [STDERR_REDIRECT] WARNING: Couldn't flush system prefs: java.util.prefs.BackingStoreException: Couldn't get file lock.
2026-08-05 22:53:50,800 [ERROR] LogOutputStream:75 - [STDERR_REDIRECT] 
2026-08-05 22:54:20,800 [ERROR] LogOutputStream:75 - [STDERR_REDIRECT] Aug 05, 2026 10:54:20 PM java.util.prefs.FileSystemPreferences checkLockFile0ErrorCode
2026-08-05 22:54:20,800 [ERROR] LogOutputStream:75 - [STDERR_REDIRECT] WARNING: Could not lock System prefs. Unix error code 5.
2026-08-05 22:54:20,800 [ERROR] LogOutputStream:75 - [STDERR_REDIRECT] 
2026-08-05 22:54:20,800 [ERROR] LogOutputStream:75 - [STDERR_REDIRECT] Aug 05, 2026 10:54:20 PM java.util.prefs.FileSystemPreferences syncWorld
2026-08-05 22:54:20,800 [ERROR] LogOutputStream:75 - [STDERR_REDIRECT] WARNING: Couldn't flush system prefs: java.util.prefs.BackingStoreException: Couldn't get file lock.
2026-08-05 22:54:20,800 [ERROR] LogOutputStream:75 - [STDERR_REDIRECT] 
2026-08-05 22:54:50,800 [ERROR] LogOutputStream:75 - [STDERR_REDIRECT] Aug 05, 2026 10:54:50 PM java.util.prefs.FileSystemPreferences checkLockFile0ErrorCode
2026-08-05 22:54:50,800 [ERROR] LogOutputStream:75 - [STDERR_REDIRECT] WARNING: Could not lock System prefs. Unix error code 5.
2026-08-05 22:54:50,801 [ERROR] LogOutputStream:75 - [STDERR_REDIRECT] 
2026-08-05 22:54:50,801 [ERROR] LogOutputStream:75 - [STDERR_REDIRECT] Aug 05, 2026 10:54:50 PM java.util.prefs.FileSystemPreferences syncWorld
2026-08-05 22:54:50,801 [ERROR] LogOutputStream:75 - [STDERR_REDIRECT] WARNING: Couldn't flush system prefs: java.util.prefs.BackingStoreException: Couldn't get file lock.
2026-08-05 22:54:50,801 [ERROR] LogOutputStream:75 - [STDERR_REDIRECT] 
2026-08-05 22:55:20,801 [ERROR] LogOutputStream:75 - [STDERR_REDIRECT] Aug 05, 2026 10:55:20 PM java.util.prefs.FileSystemPreferences checkLockFile0ErrorCode
2026-08-05 22:55:20,801 [ERROR] LogOutputStream:75 - [STDERR_REDIRECT] WARNING: Could not lock System prefs. Unix error code 5.
2026-08-05 22:55:20,801 [ERROR] LogOutputStream:75 - [STDERR_REDIRECT] 
2026-08-05 22:55:20,801 [ERROR] LogOutputStream:75 - [STDERR_REDIRECT] Aug 05, 2026 10:55:20 PM java.util.prefs.FileSystemPreferences syncWorld
2026-08-05 22:55:20,802 [ERROR] LogOutputStream:75 - [STDERR_REDIRECT] WARNING: Couldn't flush system prefs: java.util.prefs.BackingStoreException: Couldn't get file lock.
2026-08-05 22:55:20,802 [ERROR] LogOutputStream:75 - [STDERR_REDIRECT] 
2026-08-05 22:55:50,800 [ERROR] LogOutputStream:75 - [STDERR_REDIRECT] Aug 05, 2026 10:55:50 PM java.util.prefs.FileSystemPreferences checkLockFile0ErrorCode
2026-08-05 22:55:50,800 [ERROR] LogOutputStream:75 - [STDERR_REDIRECT] WARNING: Could not lock System prefs. Unix error code 5.
2026-08-05 22:55:50,800 [ERROR] LogOutputStream:75 - [STDERR_REDIRECT] 
2026-08-05 22:55:50,801 [ERROR] LogOutputStream:75 - [STDERR_REDIRECT] Aug 05, 2026 10:55:50 PM java.util.prefs.FileSystemPreferences syncWorld
2026-08-05 22:55:50,801 [ERROR] LogOutputStream:75 - [STDERR_REDIRECT] WARNING: Couldn't flush system prefs: java.util.prefs.BackingStoreException: Couldn't get file lock.
2026-08-05 22:55:50,801 [ERROR] LogOutputStream:75 - [STDERR_REDIRECT] 
2026-08-05 22:56:20,802 [ERROR] LogOutputStream:75 - [STDERR_REDIRECT] Aug 05, 2026 10:56:20 PM java.util.prefs.FileSystemPreferences checkLockFile0ErrorCode
2026-08-05 22:56:20,802 [ERROR] LogOutputStream:75 - [STDERR_REDIRECT] WARNING: Could not lock System prefs. Unix error code 5.
2026-08-05 22:56:20,802 [ERROR] LogOutputStream:75 - [STDERR_REDIRECT] 
2026-08-05 22:56:20,802 [ERROR] LogOutputStream:75 - [STDERR_REDIRECT] Aug 05, 2026 10:56:20 PM java.util.prefs.FileSystemPreferences syncWorld
2026-08-05 22:56:20,802 [ERROR] LogOutputStream:75 - [STDERR_REDIRECT] WARNING: Couldn't flush system prefs: java.util.prefs.BackingStoreException: Couldn't get file lock.
2026-08-05 22:56:20,802 [ERROR] LogOutputStream:75 - [STDERR_REDIRECT] 
2026-08-05 22:56:50,801 [ERROR] LogOutputStream:75 - [STDERR_REDIRECT] Aug 05, 2026 10:56:50 PM java.util.prefs.FileSystemPreferences checkLockFile0ErrorCode
2026-08-05 22:56:50,801 [ERROR] LogOutputStream:75 - [STDERR_REDIRECT] WARNING: Could not lock System prefs. Unix error code 5.
2026-08-05 22:56:50,801 [ERROR] LogOutputStream:75 - [STDERR_REDIRECT] 
2026-08-05 22:56:50,802 [ERROR] LogOutputStream:75 - [STDERR_REDIRECT] Aug 05, 2026 10:56:50 PM java.util.prefs.FileSystemPreferences syncWorld
2026-08-05 22:56:50,802 [ERROR] LogOutputStream:75 - [STDERR_REDIRECT] WARNING: Couldn't flush system prefs: java.util.prefs.BackingStoreException: Couldn't get file lock.
2026-08-05 22:56:50,802 [ERROR] LogOutputStream:75 - [STDERR_REDIRECT] 
2026-08-05 22:57:20,801 [ERROR] LogOutputStream:75 - [STDERR_REDIRECT] Aug 05, 2026 10:57:20 PM java.util.prefs.FileSystemPreferences checkLockFile0ErrorCode
2026-08-05 22:57:20,801 [ERROR] LogOutputStream:75 - [STDERR_REDIRECT] WARNING: Could not lock System prefs. Unix error code 5.
2026-08-05 22:57:20,801 [ERROR] LogOutputStream:75 - [STDERR_REDIRECT] 
2026-08-05 22:57:20,802 [ERROR] LogOutputStream:75 - [STDERR_REDIRECT] Aug 05, 2026 10:57:20 PM java.util.prefs.FileSystemPreferences syncWorld
2026-08-05 22:57:20,802 [ERROR] LogOutputStream:75 - [STDERR_REDIRECT] WARNING: Couldn't flush system prefs: java.util.prefs.BackingStoreException: Couldn't get file lock.
2026-08-05 22:57:20,802 [ERROR] LogOutputStream:75 - [STDERR_REDIRECT] 
2026-08-05 22:57:50,801 [ERROR] LogOutputStream:75 - [STDERR_REDIRECT] Aug 05, 2026 10:57:50 PM java.util.prefs.FileSystemPreferences checkLockFile0ErrorCode
2026-08-05 22:57:50,801 [ERROR] LogOutputStream:75 - [STDERR_REDIRECT] WARNING: Could not lock System prefs. Unix error code 5.
2026-08-05 22:57:50,801 [ERROR] LogOutputStream:75 - [STDERR_REDIRECT] 
2026-08-05 22:57:50,801 [ERROR] LogOutputStream:75 - [STDERR_REDIRECT] Aug 05, 2026 10:57:50 PM java.util.prefs.FileSystemPreferences syncWorld
2026-08-05 22:57:50,801 [ERROR] LogOutputStream:75 - [STDERR_REDIRECT] WARNING: Couldn't flush system prefs: java.util.prefs.BackingStoreException: Couldn't get file lock.
2026-08-05 22:57:50,801 [ERROR] LogOutputStream:75 - [STDERR_REDIRECT] 
2026-08-05 22:58:20,801 [ERROR] LogOutputStream:75 - [STDERR_REDIRECT] Aug 05, 2026 10:58:20 PM java.util.prefs.FileSystemPreferences checkLockFile0ErrorCode
2026-08-05 22:58:20,801 [ERROR] LogOutputStream:75 - [STDERR_REDIRECT] WARNING: Could not lock System prefs. Unix error code 5.
2026-08-05 22:58:20,801 [ERROR] LogOutputStream:75 - [STDERR_REDIRECT] 
2026-08-05 22:58:20,802 [ERROR] LogOutputStream:75 - [STDERR_REDIRECT] Aug 05, 2026 10:58:20 PM java.util.prefs.FileSystemPreferences syncWorld
2026-08-05 22:58:20,802 [ERROR] LogOutputStream:75 - [STDERR_REDIRECT] WARNING: Couldn't flush system prefs: java.util.prefs.BackingStoreException: Couldn't get file lock.
2026-08-05 22:58:20,802 [ERROR] LogOutputStream:75 - [STDERR_REDIRECT] 
2026-08-05 22:58:50,801 [ERROR] LogOutputStream:75 - [STDERR_REDIRECT] Aug 05, 2026 10:58:50 PM java.util.prefs.FileSystemPreferences checkLockFile0ErrorCode
2026-08-05 22:58:50,801 [ERROR] LogOutputStream:75 - [STDERR_REDIRECT] WARNING: Could not lock System prefs. Unix error code 5.
2026-08-05 22:58:50,801 [ERROR] LogOutputStream:75 - [STDERR_REDIRECT] 
2026-08-05 22:58:50,802 [ERROR] LogOutputStream:75 - [STDERR_REDIRECT] Aug 05, 2026 10:58:50 PM java.util.prefs.FileSystemPreferences syncWorld
2026-08-05 22:58:50,802 [ERROR] LogOutputStream:75 - [STDERR_REDIRECT] WARNING: Couldn't flush system prefs: java.util.prefs.BackingStoreException: Couldn't get file lock.
2026-08-05 22:58:50,802 [ERROR] LogOutputStream:75 - [STDERR_REDIRECT] 
2026-08-05 22:59:20,802 [ERROR] LogOutputStream:75 - [STDERR_REDIRECT] Aug 05, 2026 10:59:20 PM java.util.prefs.FileSystemPreferences checkLockFile0ErrorCode
2026-08-05 22:59:20,802 [ERROR] LogOutputStream:75 - [STDERR_REDIRECT] WARNING: Could not lock System prefs. Unix error code 5.
2026-08-05 22:59:20,802 [ERROR] LogOutputStream:75 - [STDERR_REDIRECT] 
2026-08-05 22:59:20,803 [ERROR] LogOutputStream:75 - [STDERR_REDIRECT] Aug 05, 2026 10:59:20 PM java.util.prefs.FileSystemPreferences syncWorld
2026-08-05 22:59:20,803 [ERROR] LogOutputStream:75 - [STDERR_REDIRECT] WARNING: Couldn't flush system prefs: java.util.prefs.BackingStoreException: Couldn't get file lock.
2026-08-05 22:59:20,803 [ERROR] LogOutputStream:75 - [STDERR_REDIRECT] 
2026-08-05 22:59:50,801 [ERROR] LogOutputStream:75 - [STDERR_REDIRECT] Aug 05, 2026 10:59:50 PM java.util.prefs.FileSystemPreferences checkLockFile0ErrorCode
2026-08-05 22:59:50,801 [ERROR] LogOutputStream:75 - [STDERR_REDIRECT] WARNING: Could not lock System prefs. Unix error code 5.
2026-08-05 22:59:50,802 [ERROR] LogOutputStream:75 - [STDERR_REDIRECT] 
2026-08-05 22:59:50,803 [ERROR] LogOutputStream:75 - [STDERR_REDIRECT] Aug 05, 2026 10:59:50 PM java.util.prefs.FileSystemPreferences syncWorld
2026-08-05 22:59:50,803 [ERROR] LogOutputStream:75 - [STDERR_REDIRECT] WARNING: Couldn't flush system prefs: java.util.prefs.BackingStoreException: Couldn't get file lock.
2026-08-05 22:59:50,803 [ERROR] LogOutputStream:75 - [STDERR_REDIRECT] 
2026-08-05 23:00:20,801 [ERROR] LogOutputStream:75 - [STDERR_REDIRECT] Aug 05, 2026 11:00:20 PM java.util.prefs.FileSystemPreferences checkLockFile0ErrorCode
2026-08-05 23:00:20,802 [ERROR] LogOutputStream:75 - [STDERR_REDIRECT] WARNING: Could not lock System prefs. Unix error code 5.
2026-08-05 23:00:20,802 [ERROR] LogOutputStream:75 - [STDERR_REDIRECT] 
2026-08-05 23:00:20,802 [ERROR] LogOutputStream:75 - [STDERR_REDIRECT] Aug 05, 2026 11:00:20 PM java.util.prefs.FileSystemPreferences syncWorld
2026-08-05 23:00:20,802 [ERROR] LogOutputStream:75 - [STDERR_REDIRECT] WARNING: Couldn't flush system prefs: java.util.prefs.BackingStoreException: Couldn't get file lock.
2026-08-05 23:00:20,802 [ERROR] LogOutputStream:75 - [STDERR_REDIRECT] 
2026-08-05 23:00:50,803 [ERROR] LogOutputStream:75 - [STDERR_REDIRECT] Aug 05, 2026 11:00:50 PM java.util.prefs.FileSystemPreferences checkLockFile0ErrorCode
2026-08-05 23:00:50,803 [ERROR] LogOutputStream:75 - [STDERR_REDIRECT] WARNING: Could not lock System prefs. Unix error code 5.
2026-08-05 23:00:50,803 [ERROR] LogOutputStream:75 - [STDERR_REDIRECT] 
2026-08-05 23:00:50,804 [ERROR] LogOutputStream:75 - [STDERR_REDIRECT] Aug 05, 2026 11:00:50 PM java.util.prefs.FileSystemPreferences syncWorld
2026-08-05 23:00:50,804 [ERROR] LogOutputStream:75 - [STDERR_REDIRECT] WARNING: Couldn't flush system prefs: java.util.prefs.BackingStoreException: Couldn't get file lock.
2026-08-05 23:00:50,804 [ERROR] LogOutputStream:75 - [STDERR_REDIRECT] 
2026-08-05 23:01:20,802 [ERROR] LogOutputStream:75 - [STDERR_REDIRECT] Aug 05, 2026 11:01:20 PM java.util.prefs.FileSystemPreferences checkLockFile0ErrorCode
2026-08-05 23:01:20,802 [ERROR] LogOutputStream:75 - [STDERR_REDIRECT] WARNING: Could not lock System prefs. Unix error code 5.
2026-08-05 23:01:20,802 [ERROR] LogOutputStream:75 - [STDERR_REDIRECT] 
2026-08-05 23:01:20,802 [ERROR] LogOutputStream:75 - [STDERR_REDIRECT] Aug 05, 2026 11:01:20 PM java.util.prefs.FileSystemPreferences syncWorld
2026-08-05 23:01:20,802 [ERROR] LogOutputStream:75 - [STDERR_REDIRECT] WARNING: Couldn't flush system prefs: java.util.prefs.BackingStoreException: Couldn't get file lock.
2026-08-05 23:01:20,802 [ERROR] LogOutputStream:75 - [STDERR_REDIRECT] 
2026-08-05 23:01:50,802 [ERROR] LogOutputStream:75 - [STDERR_REDIRECT] Aug 05, 2026 11:01:50 PM java.util.prefs.FileSystemPreferences checkLockFile0ErrorCode
2026-08-05 23:01:50,802 [ERROR] LogOutputStream:75 - [STDERR_REDIRECT] WARNING: Could not lock System prefs. Unix error code 5.
2026-08-05 23:01:50,803 [ERROR] LogOutputStream:75 - [STDERR_REDIRECT] 
2026-08-05 23:01:50,803 [ERROR] LogOutputStream:75 - [STDERR_REDIRECT] Aug 05, 2026 11:01:50 PM java.util.prefs.FileSystemPreferences syncWorld
2026-08-05 23:01:50,803 [ERROR] LogOutputStream:75 - [STDERR_REDIRECT] WARNING: Couldn't flush system prefs: java.util.prefs.BackingStoreException: Couldn't get file lock.
2026-08-05 23:01:50,803 [ERROR] LogOutputStream:75 - [STDERR_REDIRECT] 
2026-08-05 23:02:20,802 [ERROR] LogOutputStream:75 - [STDERR_REDIRECT] Aug 05, 2026 11:02:20 PM java.util.prefs.FileSystemPreferences checkLockFile0ErrorCode
2026-08-05 23:02:20,802 [ERROR] LogOutputStream:75 - [STDERR_REDIRECT] WARNING: Could not lock System prefs. Unix error code 5.
2026-08-05 23:02:20,802 [ERROR] LogOutputStream:75 - [STDERR_REDIRECT] 
2026-08-05 23:02:20,803 [ERROR] LogOutputStream:75 - [STDERR_REDIRECT] Aug 05, 2026 11:02:20 PM java.util.prefs.FileSystemPreferences syncWorld
2026-08-05 23:02:20,803 [ERROR] LogOutputStream:75 - [STDERR_REDIRECT] WARNING: Couldn't flush system prefs: java.util.prefs.BackingStoreException: Couldn't get file lock.
2026-08-05 23:02:20,803 [ERROR] LogOutputStream:75 - [STDERR_REDIRECT] 
2026-08-05 23:02:50,803 [ERROR] LogOutputStream:75 - [STDERR_REDIRECT] Aug 05, 2026 11:02:50 PM java.util.prefs.FileSystemPreferences checkLockFile0ErrorCode
2026-08-05 23:02:50,803 [ERROR] LogOutputStream:75 - [STDERR_REDIRECT] WARNING: Could not lock System prefs. Unix error code 5.
2026-08-05 23:02:50,803 [ERROR] LogOutputStream:75 - [STDERR_REDIRECT] 
2026-08-05 23:02:50,804 [ERROR] LogOutputStream:75 - [STDERR_REDIRECT] Aug 05, 2026 11:02:50 PM java.util.prefs.FileSystemPreferences syncWorld
2026-08-05 23:02:50,804 [ERROR] LogOutputStream:75 - [STDERR_REDIRECT] WARNING: Couldn't flush system prefs: java.util.prefs.BackingStoreException: Couldn't get file lock.
2026-08-05 23:02:50,804 [ERROR] LogOutputStream:75 - [STDERR_REDIRECT] 
2026-08-05 23:03:20,803 [ERROR] LogOutputStream:75 - [STDERR_REDIRECT] Aug 05, 2026 11:03:20 PM java.util.prefs.FileSystemPreferences checkLockFile0ErrorCode
2026-08-05 23:03:20,803 [ERROR] LogOutputStream:75 - [STDERR_REDIRECT] WARNING: Could not lock System prefs. Unix error code 5.
2026-08-05 23:03:20,803 [ERROR] LogOutputStream:75 - [STDERR_REDIRECT] 
2026-08-05 23:03:20,805 [ERROR] LogOutputStream:75 - [STDERR_REDIRECT] Aug 05, 2026 11:03:20 PM java.util.prefs.FileSystemPreferences syncWorld
2026-08-05 23:03:20,805 [ERROR] LogOutputStream:75 - [STDERR_REDIRECT] WARNING: Couldn't flush system prefs: java.util.prefs.BackingStoreException: Couldn't get file lock.
2026-08-05 23:03:20,806 [ERROR] LogOutputStream:75 - [STDERR_REDIRECT] 
2026-08-05 23:03:50,803 [ERROR] LogOutputStream:75 - [STDERR_REDIRECT] Aug 05, 2026 11:03:50 PM java.util.prefs.FileSystemPreferences checkLockFile0ErrorCode
2026-08-05 23:03:50,804 [ERROR] LogOutputStream:75 - [STDERR_REDIRECT] WARNING: Could not lock System prefs. Unix error code 5.
2026-08-05 23:03:50,804 [ERROR] LogOutputStream:75 - [STDERR_REDIRECT] 
2026-08-05 23:03:50,804 [ERROR] LogOutputStream:75 - [STDERR_REDIRECT] Aug 05, 2026 11:03:50 PM java.util.prefs.FileSystemPreferences syncWorld
2026-08-05 23:03:50,804 [ERROR] LogOutputStream:75 - [STDERR_REDIRECT] WARNING: Couldn't flush system prefs: java.util.prefs.BackingStoreException: Couldn't get file lock.
2026-08-05 23:03:50,804 [ERROR] LogOutputStream:75 - [STDERR_REDIRECT] 
2026-08-05 23:04:20,802 [ERROR] LogOutputStream:75 - [STDERR_REDIRECT] Aug 05, 2026 11:04:20 PM java.util.prefs.FileSystemPreferences checkLockFile0ErrorCode
2026-08-05 23:04:20,803 [ERROR] LogOutputStream:75 - [STDERR_REDIRECT] WARNING: Could not lock System prefs. Unix error code 5.
2026-08-05 23:04:20,803 [ERROR] LogOutputStream:75 - [STDERR_REDIRECT] 
2026-08-05 23:04:20,803 [ERROR] LogOutputStream:75 - [STDERR_REDIRECT] Aug 05, 2026 11:04:20 PM java.util.prefs.FileSystemPreferences syncWorld
2026-08-05 23:04:20,803 [ERROR] LogOutputStream:75 - [STDERR_REDIRECT] WARNING: Couldn't flush system prefs: java.util.prefs.BackingStoreException: Couldn't get file lock.
2026-08-05 23:04:20,803 [ERROR] LogOutputStream:75 - [STDERR_REDIRECT] 
2026-08-05 23:04:50,804 [ERROR] LogOutputStream:75 - [STDERR_REDIRECT] Aug 05, 2026 11:04:50 PM java.util.prefs.FileSystemPreferences checkLockFile0ErrorCode
2026-08-05 23:04:50,804 [ERROR] LogOutputStream:75 - [STDERR_REDIRECT] WARNING: Could not lock System prefs. Unix error code 5.
2026-08-05 23:04:50,804 [ERROR] LogOutputStream:75 - [STDERR_REDIRECT] 
2026-08-05 23:04:50,805 [ERROR] LogOutputStream:75 - [STDERR_REDIRECT] Aug 05, 2026 11:04:50 PM java.util.prefs.FileSystemPreferences syncWorld
2026-08-05 23:04:50,805 [ERROR] LogOutputStream:75 - [STDERR_REDIRECT] WARNING: Couldn't flush system prefs: java.util.prefs.BackingStoreException: Couldn't get file lock.
2026-08-05 23:04:50,805 [ERROR] LogOutputStream:75 - [STDERR_REDIRECT] 
2026-08-05 23:05:20,802 [ERROR] LogOutputStream:75 - [STDERR_REDIRECT] Aug 05, 2026 11:05:20 PM java.util.prefs.FileSystemPreferences checkLockFile0ErrorCode
2026-08-05 23:05:20,803 [ERROR] LogOutputStream:75 - [STDERR_REDIRECT] WARNING: Could not lock System prefs. Unix error code 5.
2026-08-05 23:05:20,803 [ERROR] LogOutputStream:75 - [STDERR_REDIRECT] 
2026-08-05 23:05:20,803 [ERROR] LogOutputStream:75 - [STDERR_REDIRECT] Aug 05, 2026 11:05:20 PM java.util.prefs.FileSystemPreferences syncWorld
2026-08-05 23:05:20,803 [ERROR] LogOutputStream:75 - [STDERR_REDIRECT] WARNING: Couldn't flush system prefs: java.util.prefs.BackingStoreException: Couldn't get file lock.
2026-08-05 23:05:20,803 [ERROR] LogOutputStream:75 - [STDERR_REDIRECT] 
2026-08-05 23:05:50,803 [ERROR] LogOutputStream:75 - [STDERR_REDIRECT] Aug 05, 2026 11:05:50 PM java.util.prefs.FileSystemPreferences checkLockFile0ErrorCode
2026-08-05 23:05:50,803 [ERROR] LogOutputStream:75 - [STDERR_REDIRECT] WARNING: Could not lock System prefs. Unix error code 5.
2026-08-05 23:05:50,803 [ERROR] LogOutputStream:75 - [STDERR_REDIRECT] 
2026-08-05 23:05:50,803 [ERROR] LogOutputStream:75 - [STDERR_REDIRECT] Aug 05, 2026 11:05:50 PM java.util.prefs.FileSystemPreferences syncWorld
2026-08-05 23:05:50,803 [ERROR] LogOutputStream:75 - [STDERR_REDIRECT] WARNING: Couldn't flush system prefs: java.util.prefs.BackingStoreException: Couldn't get file lock.
2026-08-05 23:05:50,803 [ERROR] LogOutputStream:75 - [STDERR_REDIRECT] 
2026-08-05 23:06:20,803 [ERROR] LogOutputStream:75 - [STDERR_REDIRECT] Aug 05, 2026 11:06:20 PM java.util.prefs.FileSystemPreferences checkLockFile0ErrorCode
2026-08-05 23:06:20,803 [ERROR] LogOutputStream:75 - [STDERR_REDIRECT] WARNING: Could not lock System prefs. Unix error code 5.
2026-08-05 23:06:20,803 [ERROR] LogOutputStream:75 - [STDERR_REDIRECT] 
2026-08-05 23:06:20,803 [ERROR] LogOutputStream:75 - [STDERR_REDIRECT] Aug 05, 2026 11:06:20 PM java.util.prefs.FileSystemPreferences syncWorld
2026-08-05 23:06:20,804 [ERROR] LogOutputStream:75 - [STDERR_REDIRECT] WARNING: Couldn't flush system prefs: java.util.prefs.BackingStoreException: Couldn't get file lock.
2026-08-05 23:06:20,804 [ERROR] LogOutputStream:75 - [STDERR_REDIRECT] 
2026-08-05 23:06:50,802 [ERROR] LogOutputStream:75 - [STDERR_REDIRECT] Aug 05, 2026 11:06:50 PM java.util.prefs.FileSystemPreferences checkLockFile0ErrorCode
2026-08-05 23:06:50,803 [ERROR] LogOutputStream:75 - [STDERR_REDIRECT] WARNING: Could not lock System prefs. Unix error code 5.
2026-08-05 23:06:50,803 [ERROR] LogOutputStream:75 - [STDERR_REDIRECT] 
2026-08-05 23:06:50,803 [ERROR] LogOutputStream:75 - [STDERR_REDIRECT] Aug 05, 2026 11:06:50 PM java.util.prefs.FileSystemPreferences syncWorld
2026-08-05 23:06:50,803 [ERROR] LogOutputStream:75 - [STDERR_REDIRECT] WARNING: Couldn't flush system prefs: java.util.prefs.BackingStoreException: Couldn't get file lock.
2026-08-05 23:06:50,803 [ERROR] LogOutputStream:75 - [STDERR_REDIRECT] 
2026-08-05 23:07:20,803 [ERROR] LogOutputStream:75 - [STDERR_REDIRECT] Aug 05, 2026 11:07:20 PM java.util.prefs.FileSystemPreferences checkLockFile0ErrorCode
2026-08-05 23:07:20,803 [ERROR] LogOutputStream:75 - [STDERR_REDIRECT] WARNING: Could not lock System prefs. Unix error code 5.
2026-08-05 23:07:20,804 [ERROR] LogOutputStream:75 - [STDERR_REDIRECT] 
2026-08-05 23:07:20,804 [ERROR] LogOutputStream:75 - [STDERR_REDIRECT] Aug 05, 2026 11:07:20 PM java.util.prefs.FileSystemPreferences syncWorld
2026-08-05 23:07:20,804 [ERROR] LogOutputStream:75 - [STDERR_REDIRECT] WARNING: Couldn't flush system prefs: java.util.prefs.BackingStoreException: Couldn't get file lock.
2026-08-05 23:07:20,804 [ERROR] LogOutputStream:75 - [STDERR_REDIRECT] 
2026-08-05 23:07:50,803 [ERROR] LogOutputStream:75 - [STDERR_REDIRECT] Aug 05, 2026 11:07:50 PM java.util.prefs.FileSystemPreferences checkLockFile0ErrorCode
2026-08-05 23:07:50,803 [ERROR] LogOutputStream:75 - [STDERR_REDIRECT] WARNING: Could not lock System prefs. Unix error code 5.
2026-08-05 23:07:50,804 [ERROR] LogOutputStream:75 - [STDERR_REDIRECT] 
2026-08-05 23:07:50,804 [ERROR] LogOutputStream:75 - [STDERR_REDIRECT] Aug 05, 2026 11:07:50 PM java.util.prefs.FileSystemPreferences syncWorld
2026-08-05 23:07:50,804 [ERROR] LogOutputStream:75 - [STDERR_REDIRECT] WARNING: Couldn't flush system prefs: java.util.prefs.BackingStoreException: Couldn't get file lock.
2026-08-05 23:07:50,804 [ERROR] LogOutputStream:75 - [STDERR_REDIRECT] 
2026-08-05 23:08:20,803 [ERROR] LogOutputStream:75 - [STDERR_REDIRECT] Aug 05, 2026 11:08:20 PM java.util.prefs.FileSystemPreferences checkLockFile0ErrorCode
2026-08-05 23:08:20,803 [ERROR] LogOutputStream:75 - [STDERR_REDIRECT] WARNING: Could not lock System prefs. Unix error code 5.
2026-08-05 23:08:20,803 [ERROR] LogOutputStream:75 - [STDERR_REDIRECT] 
2026-08-05 23:08:20,805 [ERROR] LogOutputStream:75 - [STDERR_REDIRECT] Aug 05, 2026 11:08:20 PM java.util.prefs.FileSystemPreferences syncWorld
2026-08-05 23:08:20,805 [ERROR] LogOutputStream:75 - [STDERR_REDIRECT] WARNING: Couldn't flush system prefs: java.util.prefs.BackingStoreException: Couldn't get file lock.
2026-08-05 23:08:20,805 [ERROR] LogOutputStream:75 - [STDERR_REDIRECT] 
2026-08-05 23:08:50,803 [ERROR] LogOutputStream:75 - [STDERR_REDIRECT] Aug 05, 2026 11:08:50 PM java.util.prefs.FileSystemPreferences checkLockFile0ErrorCode
2026-08-05 23:08:50,803 [ERROR] LogOutputStream:75 - [STDERR_REDIRECT] WARNING: Could not lock System prefs. Unix error code 5.
2026-08-05 23:08:50,803 [ERROR] LogOutputStream:75 - [STDERR_REDIRECT] 
2026-08-05 23:08:50,803 [ERROR] LogOutputStream:75 - [STDERR_REDIRECT] Aug 05, 2026 11:08:50 PM java.util.prefs.FileSystemPreferences syncWorld
2026-08-05 23:08:50,804 [ERROR] LogOutputStream:75 - [STDERR_REDIRECT] WARNING: Couldn't flush system prefs: java.util.prefs.BackingStoreException: Couldn't get file lock.
2026-08-05 23:08:50,804 [ERROR] LogOutputStream:75 - [STDERR_REDIRECT] 
2026-08-05 23:09:20,802 [ERROR] LogOutputStream:75 - [STDERR_REDIRECT] Aug 05, 2026 11:09:20 PM java.util.prefs.FileSystemPreferences checkLockFile0ErrorCode
2026-08-05 23:09:20,803 [ERROR] LogOutputStream:75 - [STDERR_REDIRECT] WARNING: Could not lock System prefs. Unix error code 5.
2026-08-05 23:09:20,803 [ERROR] LogOutputStream:75 - [STDERR_REDIRECT] 
2026-08-05 23:09:20,803 [ERROR] LogOutputStream:75 - [STDERR_REDIRECT] Aug 05, 2026 11:09:20 PM java.util.prefs.FileSystemPreferences syncWorld
2026-08-05 23:09:20,803 [ERROR] LogOutputStream:75 - [STDERR_REDIRECT] WARNING: Couldn't flush system prefs: java.util.prefs.BackingStoreException: Couldn't get file lock.
2026-08-05 23:09:20,803 [ERROR] LogOutputStream:75 - [STDERR_REDIRECT] 
2026-08-05 23:09:50,803 [ERROR] LogOutputStream:75 - [STDERR_REDIRECT] Aug 05, 2026 11:09:50 PM java.util.prefs.FileSystemPreferences checkLockFile0ErrorCode
2026-08-05 23:09:50,803 [ERROR] LogOutputStream:75 - [STDERR_REDIRECT] WARNING: Could not lock System prefs. Unix error code 5.
2026-08-05 23:09:50,803 [ERROR] LogOutputStream:75 - [STDERR_REDIRECT] 
2026-08-05 23:09:50,804 [ERROR] LogOutputStream:75 - [STDERR_REDIRECT] Aug 05, 2026 11:09:50 PM java.util.prefs.FileSystemPreferences syncWorld
2026-08-05 23:09:50,804 [ERROR] LogOutputStream:75 - [STDERR_REDIRECT] WARNING: Couldn't flush system prefs: java.util.prefs.BackingStoreException: Couldn't get file lock.
2026-08-05 23:09:50,804 [ERROR] LogOutputStream:75 - [STDERR_REDIRECT] 
2026-08-05 23:10:20,802 [ERROR] LogOutputStream:75 - [STDERR_REDIRECT] Aug 05, 2026 11:10:20 PM java.util.prefs.FileSystemPreferences checkLockFile0ErrorCode
2026-08-05 23:10:20,803 [ERROR] LogOutputStream:75 - [STDERR_REDIRECT] WARNING: Could not lock System prefs. Unix error code 5.
2026-08-05 23:10:20,803 [ERROR] LogOutputStream:75 - [STDERR_REDIRECT] 
2026-08-05 23:10:20,803 [ERROR] LogOutputStream:75 - [STDERR_REDIRECT] Aug 05, 2026 11:10:20 PM java.util.prefs.FileSystemPreferences syncWorld
2026-08-05 23:10:20,803 [ERROR] LogOutputStream:75 - [STDERR_REDIRECT] WARNING: Couldn't flush system prefs: java.util.prefs.BackingStoreException: Couldn't get file lock.
2026-08-05 23:10:20,803 [ERROR] LogOutputStream:75 - [STDERR_REDIRECT] 
2026-08-05 23:10:50,803 [ERROR] LogOutputStream:75 - [STDERR_REDIRECT] Aug 05, 2026 11:10:50 PM java.util.prefs.FileSystemPreferences checkLockFile0ErrorCode
2026-08-05 23:10:50,803 [ERROR] LogOutputStream:75 - [STDERR_REDIRECT] WARNING: Could not lock System prefs. Unix error code 5.
2026-08-05 23:10:50,804 [ERROR] LogOutputStream:75 - [STDERR_REDIRECT] 
2026-08-05 23:10:50,804 [ERROR] LogOutputStream:75 - [STDERR_REDIRECT] Aug 05, 2026 11:10:50 PM java.util.prefs.FileSystemPreferences syncWorld
2026-08-05 23:10:50,804 [ERROR] LogOutputStream:75 - [STDERR_REDIRECT] WARNING: Couldn't flush system prefs: java.util.prefs.BackingStoreException: Couldn't get file lock.
2026-08-05 23:10:50,804 [ERROR] LogOutputStream:75 - [STDERR_REDIRECT] 
2026-08-05 23:11:20,803 [ERROR] LogOutputStream:75 - [STDERR_REDIRECT] Aug 05, 2026 11:11:20 PM java.util.prefs.FileSystemPreferences checkLockFile0ErrorCode
2026-08-05 23:11:20,803 [ERROR] LogOutputStream:75 - [STDERR_REDIRECT] WARNING: Could not lock System prefs. Unix error code 5.
2026-08-05 23:11:20,803 [ERROR] LogOutputStream:75 - [STDERR_REDIRECT] 
2026-08-05 23:11:20,804 [ERROR] LogOutputStream:75 - [STDERR_REDIRECT] Aug 05, 2026 11:11:20 PM java.util.prefs.FileSystemPreferences syncWorld
2026-08-05 23:11:20,804 [ERROR] LogOutputStream:75 - [STDERR_REDIRECT] WARNING: Couldn't flush system prefs: java.util.prefs.BackingStoreException: Couldn't get file lock.
2026-08-05 23:11:20,804 [ERROR] LogOutputStream:75 - [STDERR_REDIRECT] 
2026-08-05 23:11:50,803 [ERROR] LogOutputStream:75 - [STDERR_REDIRECT] Aug 05, 2026 11:11:50 PM java.util.prefs.FileSystemPreferences checkLockFile0ErrorCode
2026-08-05 23:11:50,803 [ERROR] LogOutputStream:75 - [STDERR_REDIRECT] WARNING: Could not lock System prefs. Unix error code 5.
2026-08-05 23:11:50,803 [ERROR] LogOutputStream:75 - [STDERR_REDIRECT] 
2026-08-05 23:11:50,803 [ERROR] LogOutputStream:75 - [STDERR_REDIRECT] Aug 05, 2026 11:11:50 PM java.util.prefs.FileSystemPreferences syncWorld
2026-08-05 23:11:50,803 [ERROR] LogOutputStream:75 - [STDERR_REDIRECT] WARNING: Couldn't flush system prefs: java.util.prefs.BackingStoreException: Couldn't get file lock.
2026-08-05 23:11:50,804 [ERROR] LogOutputStream:75 - [STDERR_REDIRECT] 
2026-08-05 23:12:20,802 [ERROR] LogOutputStream:75 - [STDERR_REDIRECT] Aug 05, 2026 11:12:20 PM java.util.prefs.FileSystemPreferences checkLockFile0ErrorCode
2026-08-05 23:12:20,802 [ERROR] LogOutputStream:75 - [STDERR_REDIRECT] WARNING: Could not lock System prefs. Unix error code 5.
2026-08-05 23:12:20,802 [ERROR] LogOutputStream:75 - [STDERR_REDIRECT] 
2026-08-05 23:12:20,803 [ERROR] LogOutputStream:75 - [STDERR_REDIRECT] Aug 05, 2026 11:12:20 PM java.util.prefs.FileSystemPreferences syncWorld
2026-08-05 23:12:20,803 [ERROR] LogOutputStream:75 - [STDERR_REDIRECT] WARNING: Couldn't flush system prefs: java.util.prefs.BackingStoreException: Couldn't get file lock.
2026-08-05 23:12:20,803 [ERROR] LogOutputStream:75 - [STDERR_REDIRECT] 
2026-08-05 23:12:50,802 [ERROR] LogOutputStream:75 - [STDERR_REDIRECT] Aug 05, 2026 11:12:50 PM java.util.prefs.FileSystemPreferences checkLockFile0ErrorCode
2026-08-05 23:12:50,802 [ERROR] LogOutputStream:75 - [STDERR_REDIRECT] WARNING: Could not lock System prefs. Unix error code 5.
2026-08-05 23:12:50,802 [ERROR] LogOutputStream:75 - [STDERR_REDIRECT] 
2026-08-05 23:12:50,803 [ERROR] LogOutputStream:75 - [STDERR_REDIRECT] Aug 05, 2026 11:12:50 PM java.util.prefs.FileSystemPreferences syncWorld
2026-08-05 23:12:50,803 [ERROR] LogOutputStream:75 - [STDERR_REDIRECT] WARNING: Couldn't flush system prefs: java.util.prefs.BackingStoreException: Couldn't get file lock.
2026-08-05 23:12:50,803 [ERROR] LogOutputStream:75 - [STDERR_REDIRECT] 
2026-08-05 23:13:20,802 [ERROR] LogOutputStream:75 - [STDERR_REDIRECT] Aug 05, 2026 11:13:20 PM java.util.prefs.FileSystemPreferences checkLockFile0ErrorCode
2026-08-05 23:13:20,803 [ERROR] LogOutputStream:75 - [STDERR_REDIRECT] WARNING: Could not lock System prefs. Unix error code 5.
2026-08-05 23:13:20,803 [ERROR] LogOutputStream:75 - [STDERR_REDIRECT] 
2026-08-05 23:13:20,803 [ERROR] LogOutputStream:75 - [STDERR_REDIRECT] Aug 05, 2026 11:13:20 PM java.util.prefs.FileSystemPreferences syncWorld
2026-08-05 23:13:20,803 [ERROR] LogOutputStream:75 - [STDERR_REDIRECT] WARNING: Couldn't flush system prefs: java.util.prefs.BackingStoreException: Couldn't get file lock.
2026-08-05 23:13:20,803 [ERROR] LogOutputStream:75 - [STDERR_REDIRECT] 
2026-08-05 23:13:50,803 [ERROR] LogOutputStream:75 - [STDERR_REDIRECT] Aug 05, 2026 11:13:50 PM java.util.prefs.FileSystemPreferences checkLockFile0ErrorCode
2026-08-05 23:13:50,803 [ERROR] LogOutputStream:75 - [STDERR_REDIRECT] WARNING: Could not lock System prefs. Unix error code 5.
2026-08-05 23:13:50,803 [ERROR] LogOutputStream:75 - [STDERR_REDIRECT] 
2026-08-05 23:13:50,803 [ERROR] LogOutputStream:75 - [STDERR_REDIRECT] Aug 05, 2026 11:13:50 PM java.util.prefs.FileSystemPreferences syncWorld
2026-08-05 23:13:50,803 [ERROR] LogOutputStream:75 - [STDERR_REDIRECT] WARNING: Couldn't flush system prefs: java.util.prefs.BackingStoreException: Couldn't get file lock.
2026-08-05 23:13:50,803 [ERROR] LogOutputStream:75 - [STDERR_REDIRECT] 
2026-08-05 23:14:20,803 [ERROR] LogOutputStream:75 - [STDERR_REDIRECT] Aug 05, 2026 11:14:20 PM java.util.prefs.FileSystemPreferences checkLockFile0ErrorCode
2026-08-05 23:14:20,804 [ERROR] LogOutputStream:75 - [STDERR_REDIRECT] WARNING: Could not lock System prefs. Unix error code 5.
2026-08-05 23:14:20,804 [ERROR] LogOutputStream:75 - [STDERR_REDIRECT] 
2026-08-05 23:14:20,804 [ERROR] LogOutputStream:75 - [STDERR_REDIRECT] Aug 05, 2026 11:14:20 PM java.util.prefs.FileSystemPreferences syncWorld
2026-08-05 23:14:20,804 [ERROR] LogOutputStream:75 - [STDERR_REDIRECT] WARNING: Couldn't flush system prefs: java.util.prefs.BackingStoreException: Couldn't get file lock.
2026-08-05 23:14:20,804 [ERROR] LogOutputStream:75 - [STDERR_REDIRECT] 
2026-08-05 23:14:50,804 [ERROR] LogOutputStream:75 - [STDERR_REDIRECT] Aug 05, 2026 11:14:50 PM java.util.prefs.FileSystemPreferences checkLockFile0ErrorCode
2026-08-05 23:14:50,804 [ERROR] LogOutputStream:75 - [STDERR_REDIRECT] WARNING: Could not lock System prefs. Unix error code 5.
2026-08-05 23:14:50,804 [ERROR] LogOutputStream:75 - [STDERR_REDIRECT] 
2026-08-05 23:14:50,804 [ERROR] LogOutputStream:75 - [STDERR_REDIRECT] Aug 05, 2026 11:14:50 PM java.util.prefs.FileSystemPreferences syncWorld
2026-08-05 23:14:50,804 [ERROR] LogOutputStream:75 - [STDERR_REDIRECT] WARNING: Couldn't flush system prefs: java.util.prefs.BackingStoreException: Couldn't get file lock.
2026-08-05 23:14:50,804 [ERROR] LogOutputStream:75 - [STDERR_REDIRECT] 
2026-08-05 23:15:20,804 [ERROR] LogOutputStream:75 - [STDERR_REDIRECT] Aug 05, 2026 11:15:20 PM java.util.prefs.FileSystemPreferences checkLockFile0ErrorCode
2026-08-05 23:15:20,804 [ERROR] LogOutputStream:75 - [STDERR_REDIRECT] WARNING: Could not lock System prefs. Unix error code 5.
2026-08-05 23:15:20,804 [ERROR] LogOutputStream:75 - [STDERR_REDIRECT] 
2026-08-05 23:15:20,805 [ERROR] LogOutputStream:75 - [STDERR_REDIRECT] Aug 05, 2026 11:15:20 PM java.util.prefs.FileSystemPreferences syncWorld
2026-08-05 23:15:20,805 [ERROR] LogOutputStream:75 - [STDERR_REDIRECT] WARNING: Couldn't flush system prefs: java.util.prefs.BackingStoreException: Couldn't get file lock.
2026-08-05 23:15:20,805 [ERROR] LogOutputStream:75 - [STDERR_REDIRECT] 
2026-08-05 23:15:50,803 [ERROR] LogOutputStream:75 - [STDERR_REDIRECT] Aug 05, 2026 11:15:50 PM java.util.prefs.FileSystemPreferences checkLockFile0ErrorCode
2026-08-05 23:15:50,804 [ERROR] LogOutputStream:75 - [STDERR_REDIRECT] WARNING: Could not lock System prefs. Unix error code 5.
2026-08-05 23:15:50,804 [ERROR] LogOutputStream:75 - [STDERR_REDIRECT] 
2026-08-05 23:15:50,804 [ERROR] LogOutputStream:75 - [STDERR_REDIRECT] Aug 05, 2026 11:15:50 PM java.util.prefs.FileSystemPreferences syncWorld
2026-08-05 23:15:50,804 [ERROR] LogOutputStream:75 - [STDERR_REDIRECT] WARNING: Couldn't flush system prefs: java.util.prefs.BackingStoreException: Couldn't get file lock.
2026-08-05 23:15:50,804 [ERROR] LogOutputStream:75 - [STDERR_REDIRECT] 
2026-08-05 23:16:20,804 [ERROR] LogOutputStream:75 - [STDERR_REDIRECT] Aug 05, 2026 11:16:20 PM java.util.prefs.FileSystemPreferences checkLockFile0ErrorCode
2026-08-05 23:16:20,804 [ERROR] LogOutputStream:75 - [STDERR_REDIRECT] WARNING: Could not lock System prefs. Unix error code 5.
2026-08-05 23:16:20,804 [ERROR] LogOutputStream:75 - [STDERR_REDIRECT] 
2026-08-05 23:16:20,804 [ERROR] LogOutputStream:75 - [STDERR_REDIRECT] Aug 05, 2026 11:16:20 PM java.util.prefs.FileSystemPreferences syncWorld
2026-08-05 23:16:20,804 [ERROR] LogOutputStream:75 - [STDERR_REDIRECT] WARNING: Couldn't flush system prefs: java.util.prefs.BackingStoreException: Couldn't get file lock.
2026-08-05 23:16:20,804 [ERROR] LogOutputStream:75 - [STDERR_REDIRECT] 
2026-08-05 23:16:50,804 [ERROR] LogOutputStream:75 - [STDERR_REDIRECT] Aug 05, 2026 11:16:50 PM java.util.prefs.FileSystemPreferences checkLockFile0ErrorCode
2026-08-05 23:16:50,804 [ERROR] LogOutputStream:75 - [STDERR_REDIRECT] WARNING: Could not lock System prefs. Unix error code 5.
2026-08-05 23:16:50,804 [ERROR] LogOutputStream:75 - [STDERR_REDIRECT] 
2026-08-05 23:16:50,805 [ERROR] LogOutputStream:75 - [STDERR_REDIRECT] Aug 05, 2026 11:16:50 PM java.util.prefs.FileSystemPreferences syncWorld
2026-08-05 23:16:50,806 [ERROR] LogOutputStream:75 - [STDERR_REDIRECT] WARNING: Couldn't flush system prefs: java.util.prefs.BackingStoreException: Couldn't get file lock.
2026-08-05 23:16:50,806 [ERROR] LogOutputStream:75 - [STDERR_REDIRECT] 
2026-08-05 23:17:20,804 [ERROR] LogOutputStream:75 - [STDERR_REDIRECT] Aug 05, 2026 11:17:20 PM java.util.prefs.FileSystemPreferences checkLockFile0ErrorCode
2026-08-05 23:17:20,804 [ERROR] LogOutputStream:75 - [STDERR_REDIRECT] WARNING: Could not lock System prefs. Unix error code 5.
2026-08-05 23:17:20,804 [ERROR] LogOutputStream:75 - [STDERR_REDIRECT] 
2026-08-05 23:17:20,805 [ERROR] LogOutputStream:75 - [STDERR_REDIRECT] Aug 05, 2026 11:17:20 PM java.util.prefs.FileSystemPreferences syncWorld
2026-08-05 23:17:20,805 [ERROR] LogOutputStream:75 - [STDERR_REDIRECT] WARNING: Couldn't flush system prefs: java.util.prefs.BackingStoreException: Couldn't get file lock.
2026-08-05 23:17:20,805 [ERROR] LogOutputStream:75 - [STDERR_REDIRECT] 
2026-08-05 23:17:50,803 [ERROR] LogOutputStream:75 - [STDERR_REDIRECT] Aug 05, 2026 11:17:50 PM java.util.prefs.FileSystemPreferences checkLockFile0ErrorCode
2026-08-05 23:17:50,803 [ERROR] LogOutputStream:75 - [STDERR_REDIRECT] WARNING: Could not lock System prefs. Unix error code 5.
2026-08-05 23:17:50,803 [ERROR] LogOutputStream:75 - [STDERR_REDIRECT] 
2026-08-05 23:17:50,804 [ERROR] LogOutputStream:75 - [STDERR_REDIRECT] Aug 05, 2026 11:17:50 PM java.util.prefs.FileSystemPreferences syncWorld
2026-08-05 23:17:50,804 [ERROR] LogOutputStream:75 - [STDERR_REDIRECT] WARNING: Couldn't flush system prefs: java.util.prefs.BackingStoreException: Couldn't get file lock.
2026-08-05 23:17:50,804 [ERROR] LogOutputStream:75 - [STDERR_REDIRECT] 
2026-08-05 23:18:20,803 [ERROR] LogOutputStream:75 - [STDERR_REDIRECT] Aug 05, 2026 11:18:20 PM java.util.prefs.FileSystemPreferences checkLockFile0ErrorCode
2026-08-05 23:18:20,804 [ERROR] LogOutputStream:75 - [STDERR_REDIRECT] WARNING: Could not lock System prefs. Unix error code 5.
2026-08-05 23:18:20,804 [ERROR] LogOutputStream:75 - [STDERR_REDIRECT] 
2026-08-05 23:18:20,804 [ERROR] LogOutputStream:75 - [STDERR_REDIRECT] Aug 05, 2026 11:18:20 PM java.util.prefs.FileSystemPreferences syncWorld
2026-08-05 23:18:20,804 [ERROR] LogOutputStream:75 - [STDERR_REDIRECT] WARNING: Couldn't flush system prefs: java.util.prefs.BackingStoreException: Couldn't get file lock.
2026-08-05 23:18:20,804 [ERROR] LogOutputStream:75 - [STDERR_REDIRECT] 
2026-08-05 23:18:50,804 [ERROR] LogOutputStream:75 - [STDERR_REDIRECT] Aug 05, 2026 11:18:50 PM java.util.prefs.FileSystemPreferences checkLockFile0ErrorCode
2026-08-05 23:18:50,804 [ERROR] LogOutputStream:75 - [STDERR_REDIRECT] WARNING: Could not lock System prefs. Unix error code 5.
2026-08-05 23:18:50,804 [ERROR] LogOutputStream:75 - [STDERR_REDIRECT] 
2026-08-05 23:18:50,805 [ERROR] LogOutputStream:75 - [STDERR_REDIRECT] Aug 05, 2026 11:18:50 PM java.util.prefs.FileSystemPreferences syncWorld
2026-08-05 23:18:50,805 [ERROR] LogOutputStream:75 - [STDERR_REDIRECT] WARNING: Couldn't flush system prefs: java.util.prefs.BackingStoreException: Couldn't get file lock.
2026-08-05 23:18:50,805 [ERROR] LogOutputStream:75 - [STDERR_REDIRECT] 
2026-08-05 23:19:20,804 [ERROR] LogOutputStream:75 - [STDERR_REDIRECT] Aug 05, 2026 11:19:20 PM java.util.prefs.FileSystemPreferences checkLockFile0ErrorCode
2026-08-05 23:19:20,804 [ERROR] LogOutputStream:75 - [STDERR_REDIRECT] WARNING: Could not lock System prefs. Unix error code 5.
2026-08-05 23:19:20,804 [ERROR] LogOutputStream:75 - [STDERR_REDIRECT] 
2026-08-05 23:19:20,804 [ERROR] LogOutputStream:75 - [STDERR_REDIRECT] Aug 05, 2026 11:19:20 PM java.util.prefs.FileSystemPreferences syncWorld
2026-08-05 23:19:20,804 [ERROR] LogOutputStream:75 - [STDERR_REDIRECT] WARNING: Couldn't flush system prefs: java.util.prefs.BackingStoreException: Couldn't get file lock.
2026-08-05 23:19:20,804 [ERROR] LogOutputStream:75 - [STDERR_REDIRECT] 
2026-08-05 23:19:50,804 [ERROR] LogOutputStream:75 - [STDERR_REDIRECT] Aug 05, 2026 11:19:50 PM java.util.prefs.FileSystemPreferences checkLockFile0ErrorCode
2026-08-05 23:19:50,804 [ERROR] LogOutputStream:75 - [STDERR_REDIRECT] WARNING: Could not lock System prefs. Unix error code 5.
2026-08-05 23:19:50,805 [ERROR] LogOutputStream:75 - [STDERR_REDIRECT] 
2026-08-05 23:19:50,805 [ERROR] LogOutputStream:75 - [STDERR_REDIRECT] Aug 05, 2026 11:19:50 PM java.util.prefs.FileSystemPreferences syncWorld
2026-08-05 23:19:50,805 [ERROR] LogOutputStream:75 - [STDERR_REDIRECT] WARNING: Couldn't flush system prefs: java.util.prefs.BackingStoreException: Couldn't get file lock.
2026-08-05 23:19:50,805 [ERROR] LogOutputStream:75 - [STDERR_REDIRECT] 
2026-08-05 23:20:20,804 [ERROR] LogOutputStream:75 - [STDERR_REDIRECT] Aug 05, 2026 11:20:20 PM java.util.prefs.FileSystemPreferences checkLockFile0ErrorCode
2026-08-05 23:20:20,805 [ERROR] LogOutputStream:75 - [STDERR_REDIRECT] WARNING: Could not lock System prefs. Unix error code 5.
2026-08-05 23:20:20,805 [ERROR] LogOutputStream:75 - [STDERR_REDIRECT] 
2026-08-05 23:20:20,805 [ERROR] LogOutputStream:75 - [STDERR_REDIRECT] Aug 05, 2026 11:20:20 PM java.util.prefs.FileSystemPreferences syncWorld
2026-08-05 23:20:20,805 [ERROR] LogOutputStream:75 - [STDERR_REDIRECT] WARNING: Couldn't flush system prefs: java.util.prefs.BackingStoreException: Couldn't get file lock.
2026-08-05 23:20:20,805 [ERROR] LogOutputStream:75 - [STDERR_REDIRECT] 
2026-08-05 23:20:50,805 [ERROR] LogOutputStream:75 - [STDERR_REDIRECT] Aug 05, 2026 11:20:50 PM java.util.prefs.FileSystemPreferences checkLockFile0ErrorCode
2026-08-05 23:20:50,806 [ERROR] LogOutputStream:75 - [STDERR_REDIRECT] WARNING: Could not lock System prefs. Unix error code 5.
2026-08-05 23:20:50,806 [ERROR] LogOutputStream:75 - [STDERR_REDIRECT] 
2026-08-05 23:20:50,806 [ERROR] LogOutputStream:75 - [STDERR_REDIRECT] Aug 05, 2026 11:20:50 PM java.util.prefs.FileSystemPreferences syncWorld
2026-08-05 23:20:50,806 [ERROR] LogOutputStream:75 - [STDERR_REDIRECT] WARNING: Couldn't flush system prefs: java.util.prefs.BackingStoreException: Couldn't get file lock.
2026-08-05 23:20:50,806 [ERROR] LogOutputStream:75 - [STDERR_REDIRECT] 
2026-08-05 23:21:20,805 [ERROR] LogOutputStream:75 - [STDERR_REDIRECT] Aug 05, 2026 11:21:20 PM java.util.prefs.FileSystemPreferences checkLockFile0ErrorCode
2026-08-05 23:21:20,805 [ERROR] LogOutputStream:75 - [STDERR_REDIRECT] WARNING: Could not lock System prefs. Unix error code 5.
2026-08-05 23:21:20,805 [ERROR] LogOutputStream:75 - [STDERR_REDIRECT] 
2026-08-05 23:21:20,805 [ERROR] LogOutputStream:75 - [STDERR_REDIRECT] Aug 05, 2026 11:21:20 PM java.util.prefs.FileSystemPreferences syncWorld
2026-08-05 23:21:20,805 [ERROR] LogOutputStream:75 - [STDERR_REDIRECT] WARNING: Couldn't flush system prefs: java.util.prefs.BackingStoreException: Couldn't get file lock.
2026-08-05 23:21:20,805 [ERROR] LogOutputStream:75 - [STDERR_REDIRECT] 
2026-08-05 23:21:50,807 [ERROR] LogOutputStream:75 - [STDERR_REDIRECT] Aug 05, 2026 11:21:50 PM java.util.prefs.FileSystemPreferences checkLockFile0ErrorCode
2026-08-05 23:21:50,807 [ERROR] LogOutputStream:75 - [STDERR_REDIRECT] WARNING: Could not lock System prefs. Unix error code 5.
2026-08-05 23:21:50,807 [ERROR] LogOutputStream:75 - [STDERR_REDIRECT] 
2026-08-05 23:21:50,807 [ERROR] LogOutputStream:75 - [STDERR_REDIRECT] Aug 05, 2026 11:21:50 PM java.util.prefs.FileSystemPreferences syncWorld
2026-08-05 23:21:50,807 [ERROR] LogOutputStream:75 - [STDERR_REDIRECT] WARNING: Couldn't flush system prefs: java.util.prefs.BackingStoreException: Couldn't get file lock.
2026-08-05 23:21:50,807 [ERROR] LogOutputStream:75 - [STDERR_REDIRECT] 
2026-08-05 23:22:20,806 [ERROR] LogOutputStream:75 - [STDERR_REDIRECT] Aug 05, 2026 11:22:20 PM java.util.prefs.FileSystemPreferences checkLockFile0ErrorCode
2026-08-05 23:22:20,806 [ERROR] LogOutputStream:75 - [STDERR_REDIRECT] WARNING: Could not lock System prefs. Unix error code 5.
2026-08-05 23:22:20,806 [ERROR] LogOutputStream:75 - [STDERR_REDIRECT] 
2026-08-05 23:22:20,806 [ERROR] LogOutputStream:75 - [STDERR_REDIRECT] Aug 05, 2026 11:22:20 PM java.util.prefs.FileSystemPreferences syncWorld
2026-08-05 23:22:20,807 [ERROR] LogOutputStream:75 - [STDERR_REDIRECT] WARNING: Couldn't flush system prefs: java.util.prefs.BackingStoreException: Couldn't get file lock.
2026-08-05 23:22:20,807 [ERROR] LogOutputStream:75 - [STDERR_REDIRECT] 
2026-08-05 23:22:50,806 [ERROR] LogOutputStream:75 - [STDERR_REDIRECT] Aug 05, 2026 11:22:50 PM java.util.prefs.FileSystemPreferences checkLockFile0ErrorCode
2026-08-05 23:22:50,806 [ERROR] LogOutputStream:75 - [STDERR_REDIRECT] WARNING: Could not lock System prefs. Unix error code 5.
2026-08-05 23:22:50,806 [ERROR] LogOutputStream:75 - [STDERR_REDIRECT] 
2026-08-05 23:22:50,807 [ERROR] LogOutputStream:75 - [STDERR_REDIRECT] Aug 05, 2026 11:22:50 PM java.util.prefs.FileSystemPreferences syncWorld
2026-08-05 23:22:50,807 [ERROR] LogOutputStream:75 - [STDERR_REDIRECT] WARNING: Couldn't flush system prefs: java.util.prefs.BackingStoreException: Couldn't get file lock.
2026-08-05 23:22:50,807 [ERROR] LogOutputStream:75 - [STDERR_REDIRECT] 
2026-08-05 23:23:20,806 [ERROR] LogOutputStream:75 - [STDERR_REDIRECT] Aug 05, 2026 11:23:20 PM java.util.prefs.FileSystemPreferences checkLockFile0ErrorCode
2026-08-05 23:23:20,806 [ERROR] LogOutputStream:75 - [STDERR_REDIRECT] WARNING: Could not lock System prefs. Unix error code 5.
2026-08-05 23:23:20,807 [ERROR] LogOutputStream:75 - [STDERR_REDIRECT] 
2026-08-05 23:23:20,807 [ERROR] LogOutputStream:75 - [STDERR_REDIRECT] Aug 05, 2026 11:23:20 PM java.util.prefs.FileSystemPreferences syncWorld
2026-08-05 23:23:20,807 [ERROR] LogOutputStream:75 - [STDERR_REDIRECT] WARNING: Couldn't flush system prefs: java.util.prefs.BackingStoreException: Couldn't get file lock.
2026-08-05 23:23:20,807 [ERROR] LogOutputStream:75 - [STDERR_REDIRECT] 
2026-08-05 23:23:50,807 [ERROR] LogOutputStream:75 - [STDERR_REDIRECT] Aug 05, 2026 11:23:50 PM java.util.prefs.FileSystemPreferences checkLockFile0ErrorCode
2026-08-05 23:23:50,807 [ERROR] LogOutputStream:75 - [STDERR_REDIRECT] WARNING: Could not lock System prefs. Unix error code 5.
2026-08-05 23:23:50,807 [ERROR] LogOutputStream:75 - [STDERR_REDIRECT] 
2026-08-05 23:23:50,807 [ERROR] LogOutputStream:75 - [STDERR_REDIRECT] Aug 05, 2026 11:23:50 PM java.util.prefs.FileSystemPreferences syncWorld
2026-08-05 23:23:50,807 [ERROR] LogOutputStream:75 - [STDERR_REDIRECT] WARNING: Couldn't flush system prefs: java.util.prefs.BackingStoreException: Couldn't get file lock.
2026-08-05 23:23:50,808 [ERROR] LogOutputStream:75 - [STDERR_REDIRECT] 
2026-08-05 23:24:20,806 [ERROR] LogOutputStream:75 - [STDERR_REDIRECT] Aug 05, 2026 11:24:20 PM java.util.prefs.FileSystemPreferences checkLockFile0ErrorCode
2026-08-05 23:24:20,806 [ERROR] LogOutputStream:75 - [STDERR_REDIRECT] WARNING: Could not lock System prefs. Unix error code 5.
2026-08-05 23:24:20,806 [ERROR] LogOutputStream:75 - [STDERR_REDIRECT] 
2026-08-05 23:24:20,807 [ERROR] LogOutputStream:75 - [STDERR_REDIRECT] Aug 05, 2026 11:24:20 PM java.util.prefs.FileSystemPreferences syncWorld
2026-08-05 23:24:20,807 [ERROR] LogOutputStream:75 - [STDERR_REDIRECT] WARNING: Couldn't flush system prefs: java.util.prefs.BackingStoreException: Couldn't get file lock.
2026-08-05 23:24:20,807 [ERROR] LogOutputStream:75 - [STDERR_REDIRECT] 
2026-08-05 23:24:50,807 [ERROR] LogOutputStream:75 - [STDERR_REDIRECT] Aug 05, 2026 11:24:50 PM java.util.prefs.FileSystemPreferences checkLockFile0ErrorCode
2026-08-05 23:24:50,807 [ERROR] LogOutputStream:75 - [STDERR_REDIRECT] WARNING: Could not lock System prefs. Unix error code 5.
2026-08-05 23:24:50,807 [ERROR] LogOutputStream:75 - [STDERR_REDIRECT] 
2026-08-05 23:24:50,807 [ERROR] LogOutputStream:75 - [STDERR_REDIRECT] Aug 05, 2026 11:24:50 PM java.util.prefs.FileSystemPreferences syncWorld
2026-08-05 23:24:50,807 [ERROR] LogOutputStream:75 - [STDERR_REDIRECT] WARNING: Couldn't flush system prefs: java.util.prefs.BackingStoreException: Couldn't get file lock.
2026-08-05 23:24:50,808 [ERROR] LogOutputStream:75 - [STDERR_REDIRECT] 
2026-08-05 23:25:20,806 [ERROR] LogOutputStream:75 - [STDERR_REDIRECT] Aug 05, 2026 11:25:20 PM java.util.prefs.FileSystemPreferences checkLockFile0ErrorCode
2026-08-05 23:25:20,806 [ERROR] LogOutputStream:75 - [STDERR_REDIRECT] WARNING: Could not lock System prefs. Unix error code 5.
2026-08-05 23:25:20,806 [ERROR] LogOutputStream:75 - [STDERR_REDIRECT] 
2026-08-05 23:25:20,807 [ERROR] LogOutputStream:75 - [STDERR_REDIRECT] Aug 05, 2026 11:25:20 PM java.util.prefs.FileSystemPreferences syncWorld
2026-08-05 23:25:20,807 [ERROR] LogOutputStream:75 - [STDERR_REDIRECT] WARNING: Couldn't flush system prefs: java.util.prefs.BackingStoreException: Couldn't get file lock.
2026-08-05 23:25:20,807 [ERROR] LogOutputStream:75 - [STDERR_REDIRECT] 
2026-08-05 23:25:50,807 [ERROR] LogOutputStream:75 - [STDERR_REDIRECT] Aug 05, 2026 11:25:50 PM java.util.prefs.FileSystemPreferences checkLockFile0ErrorCode
2026-08-05 23:25:50,807 [ERROR] LogOutputStream:75 - [STDERR_REDIRECT] WARNING: Could not lock System prefs. Unix error code 5.
2026-08-05 23:25:50,807 [ERROR] LogOutputStream:75 - [STDERR_REDIRECT] 
2026-08-05 23:25:50,807 [ERROR] LogOutputStream:75 - [STDERR_REDIRECT] Aug 05, 2026 11:25:50 PM java.util.prefs.FileSystemPreferences syncWorld
2026-08-05 23:25:50,807 [ERROR] LogOutputStream:75 - [STDERR_REDIRECT] WARNING: Couldn't flush system prefs: java.util.prefs.BackingStoreException: Couldn't get file lock.
2026-08-05 23:25:50,808 [ERROR] LogOutputStream:75 - [STDERR_REDIRECT] 
2026-08-05 23:26:20,806 [ERROR] LogOutputStream:75 - [STDERR_REDIRECT] Aug 05, 2026 11:26:20 PM java.util.prefs.FileSystemPreferences checkLockFile0ErrorCode
2026-08-05 23:26:20,806 [ERROR] LogOutputStream:75 - [STDERR_REDIRECT] WARNING: Could not lock System prefs. Unix error code 5.
2026-08-05 23:26:20,807 [ERROR] LogOutputStream:75 - [STDERR_REDIRECT] 
2026-08-05 23:26:20,807 [ERROR] LogOutputStream:75 - [STDERR_REDIRECT] Aug 05, 2026 11:26:20 PM java.util.prefs.FileSystemPreferences syncWorld
2026-08-05 23:26:20,807 [ERROR] LogOutputStream:75 - [STDERR_REDIRECT] WARNING: Couldn't flush system prefs: java.util.prefs.BackingStoreException: Couldn't get file lock.
2026-08-05 23:26:20,807 [ERROR] LogOutputStream:75 - [STDERR_REDIRECT] 
2026-08-05 23:26:50,807 [ERROR] LogOutputStream:75 - [STDERR_REDIRECT] Aug 05, 2026 11:26:50 PM java.util.prefs.FileSystemPreferences checkLockFile0ErrorCode
2026-08-05 23:26:50,807 [ERROR] LogOutputStream:75 - [STDERR_REDIRECT] WARNING: Could not lock System prefs. Unix error code 5.
2026-08-05 23:26:50,807 [ERROR] LogOutputStream:75 - [STDERR_REDIRECT] 
2026-08-05 23:26:50,807 [ERROR] LogOutputStream:75 - [STDERR_REDIRECT] Aug 05, 2026 11:26:50 PM java.util.prefs.FileSystemPreferences syncWorld
2026-08-05 23:26:50,807 [ERROR] LogOutputStream:75 - [STDERR_REDIRECT] WARNING: Couldn't flush system prefs: java.util.prefs.BackingStoreException: Couldn't get file lock.
2026-08-05 23:26:50,807 [ERROR] LogOutputStream:75 - [STDERR_REDIRECT] 
2026-08-05 23:27:20,807 [ERROR] LogOutputStream:75 - [STDERR_REDIRECT] Aug 05, 2026 11:27:20 PM java.util.prefs.FileSystemPreferences checkLockFile0ErrorCode
2026-08-05 23:27:20,807 [ERROR] LogOutputStream:75 - [STDERR_REDIRECT] WARNING: Could not lock System prefs. Unix error code 5.
2026-08-05 23:27:20,807 [ERROR] LogOutputStream:75 - [STDERR_REDIRECT] 
2026-08-05 23:27:20,808 [ERROR] LogOutputStream:75 - [STDERR_REDIRECT] Aug 05, 2026 11:27:20 PM java.util.prefs.FileSystemPreferences syncWorld
2026-08-05 23:27:20,808 [ERROR] LogOutputStream:75 - [STDERR_REDIRECT] WARNING: Couldn't flush system prefs: java.util.prefs.BackingStoreException: Couldn't get file lock.
2026-08-05 23:27:20,808 [ERROR] LogOutputStream:75 - [STDERR_REDIRECT] 
2026-08-05 23:27:50,807 [ERROR] LogOutputStream:75 - [STDERR_REDIRECT] Aug 05, 2026 11:27:50 PM java.util.prefs.FileSystemPreferences checkLockFile0ErrorCode
2026-08-05 23:27:50,807 [ERROR] LogOutputStream:75 - [STDERR_REDIRECT] WARNING: Could not lock System prefs. Unix error code 5.
2026-08-05 23:27:50,808 [ERROR] LogOutputStream:75 - [STDERR_REDIRECT] 
2026-08-05 23:27:50,808 [ERROR] LogOutputStream:75 - [STDERR_REDIRECT] Aug 05, 2026 11:27:50 PM java.util.prefs.FileSystemPreferences syncWorld
2026-08-05 23:27:50,808 [ERROR] LogOutputStream:75 - [STDERR_REDIRECT] WARNING: Couldn't flush system prefs: java.util.prefs.BackingStoreException: Couldn't get file lock.
2026-08-05 23:27:50,808 [ERROR] LogOutputStream:75 - [STDERR_REDIRECT] 
2026-08-05 23:28:20,808 [ERROR] LogOutputStream:75 - [STDERR_REDIRECT] Aug 05, 2026 11:28:20 PM java.util.prefs.FileSystemPreferences checkLockFile0ErrorCode
2026-08-05 23:28:20,808 [ERROR] LogOutputStream:75 - [STDERR_REDIRECT] WARNING: Could not lock System prefs. Unix error code 5.
2026-08-05 23:28:20,808 [ERROR] LogOutputStream:75 - [STDERR_REDIRECT] 
2026-08-05 23:28:20,808 [ERROR] LogOutputStream:75 - [STDERR_REDIRECT] Aug 05, 2026 11:28:20 PM java.util.prefs.FileSystemPreferences syncWorld
2026-08-05 23:28:20,808 [ERROR] LogOutputStream:75 - [STDERR_REDIRECT] WARNING: Couldn't flush system prefs: java.util.prefs.BackingStoreException: Couldn't get file lock.
2026-08-05 23:28:20,808 [ERROR] LogOutputStream:75 - [STDERR_REDIRECT] 
2026-08-05 23:28:50,808 [ERROR] LogOutputStream:75 - [STDERR_REDIRECT] Aug 05, 2026 11:28:50 PM java.util.prefs.FileSystemPreferences checkLockFile0ErrorCode
2026-08-05 23:28:50,808 [ERROR] LogOutputStream:75 - [STDERR_REDIRECT] WARNING: Could not lock System prefs. Unix error code 5.
2026-08-05 23:28:50,809 [ERROR] LogOutputStream:75 - [STDERR_REDIRECT] 
2026-08-05 23:28:50,809 [ERROR] LogOutputStream:75 - [STDERR_REDIRECT] Aug 05, 2026 11:28:50 PM java.util.prefs.FileSystemPreferences syncWorld
2026-08-05 23:28:50,809 [ERROR] LogOutputStream:75 - [STDERR_REDIRECT] WARNING: Couldn't flush system prefs: java.util.prefs.BackingStoreException: Couldn't get file lock.
2026-08-05 23:28:50,809 [ERROR] LogOutputStream:75 - [STDERR_REDIRECT] 
2026-08-05 23:29:20,808 [ERROR] LogOutputStream:75 - [STDERR_REDIRECT] Aug 05, 2026 11:29:20 PM java.util.prefs.FileSystemPreferences checkLockFile0ErrorCode
2026-08-05 23:29:20,808 [ERROR] LogOutputStream:75 - [STDERR_REDIRECT] WARNING: Could not lock System prefs. Unix error code 5.
2026-08-05 23:29:20,808 [ERROR] LogOutputStream:75 - [STDERR_REDIRECT] 
2026-08-05 23:29:20,808 [ERROR] LogOutputStream:75 - [STDERR_REDIRECT] Aug 05, 2026 11:29:20 PM java.util.prefs.FileSystemPreferences syncWorld
2026-08-05 23:29:20,808 [ERROR] LogOutputStream:75 - [STDERR_REDIRECT] WARNING: Couldn't flush system prefs: java.util.prefs.BackingStoreException: Couldn't get file lock.
2026-08-05 23:29:20,808 [ERROR] LogOutputStream:75 - [STDERR_REDIRECT] 
2026-08-05 23:29:50,808 [ERROR] LogOutputStream:75 - [STDERR_REDIRECT] Aug 05, 2026 11:29:50 PM java.util.prefs.FileSystemPreferences checkLockFile0ErrorCode
2026-08-05 23:29:50,808 [ERROR] LogOutputStream:75 - [STDERR_REDIRECT] WARNING: Could not lock System prefs. Unix error code 5.
2026-08-05 23:29:50,808 [ERROR] LogOutputStream:75 - [STDERR_REDIRECT] 
2026-08-05 23:29:50,809 [ERROR] LogOutputStream:75 - [STDERR_REDIRECT] Aug 05, 2026 11:29:50 PM java.util.prefs.FileSystemPreferences syncWorld
2026-08-05 23:29:50,809 [ERROR] LogOutputStream:75 - [STDERR_REDIRECT] WARNING: Couldn't flush system prefs: java.util.prefs.BackingStoreException: Couldn't get file lock.
2026-08-05 23:29:50,809 [ERROR] LogOutputStream:75 - [STDERR_REDIRECT] 
