2026-06-30 20:59:19,356 [ERROR] LogOutputStream:75 - [STDERR_REDIRECT] Jun 30, 2026 8:59:19 PM java.util.prefs.FileSystemPreferences checkLockFile0ErrorCode
2026-06-30 20:59:19,366 [ERROR] LogOutputStream:75 - [STDERR_REDIRECT] WARNING: Could not lock System prefs. Unix error code 5.
2026-06-30 20:59:19,366 [ERROR] LogOutputStream:75 - [STDERR_REDIRECT] 
2026-06-30 20:59:19,367 [ERROR] LogOutputStream:75 - [STDERR_REDIRECT] Jun 30, 2026 8:59:19 PM java.util.prefs.FileSystemPreferences syncWorld
2026-06-30 20:59:19,367 [ERROR] LogOutputStream:75 - [STDERR_REDIRECT] WARNING: Couldn't flush system prefs: java.util.prefs.BackingStoreException: Couldn't get file lock.
2026-06-30 20:59:19,367 [ERROR] LogOutputStream:75 - [STDERR_REDIRECT] 
2026-06-30 20:59:49,379 [ERROR] LogOutputStream:75 - [STDERR_REDIRECT] Jun 30, 2026 8:59:49 PM java.util.prefs.FileSystemPreferences checkLockFile0ErrorCode
2026-06-30 20:59:49,380 [ERROR] LogOutputStream:75 - [STDERR_REDIRECT] WARNING: Could not lock System prefs. Unix error code 5.
2026-06-30 20:59:49,380 [ERROR] LogOutputStream:75 - [STDERR_REDIRECT] 
2026-06-30 20:59:49,380 [ERROR] LogOutputStream:75 - [STDERR_REDIRECT] Jun 30, 2026 8:59:49 PM java.util.prefs.FileSystemPreferences syncWorld
2026-06-30 20:59:49,380 [ERROR] LogOutputStream:75 - [STDERR_REDIRECT] WARNING: Couldn't flush system prefs: java.util.prefs.BackingStoreException: Couldn't get file lock.
2026-06-30 20:59:49,380 [ERROR] LogOutputStream:75 - [STDERR_REDIRECT] 
2026-06-30 21:00:19,370 [ERROR] LogOutputStream:75 - [STDERR_REDIRECT] Jun 30, 2026 9:00:19 PM java.util.prefs.FileSystemPreferences checkLockFile0ErrorCode
2026-06-30 21:00:19,371 [ERROR] LogOutputStream:75 - [STDERR_REDIRECT] WARNING: Could not lock System prefs. Unix error code 5.
2026-06-30 21:00:19,371 [ERROR] LogOutputStream:75 - [STDERR_REDIRECT] 
2026-06-30 21:00:19,371 [ERROR] LogOutputStream:75 - [STDERR_REDIRECT] Jun 30, 2026 9:00:19 PM java.util.prefs.FileSystemPreferences syncWorld
2026-06-30 21:00:19,376 [ERROR] LogOutputStream:75 - [STDERR_REDIRECT] WARNING: Couldn't flush system prefs: java.util.prefs.BackingStoreException: Couldn't get file lock.
2026-06-30 21:00:19,376 [ERROR] LogOutputStream:75 - [STDERR_REDIRECT] 
2026-06-30 21:00:49,378 [ERROR] LogOutputStream:75 - [STDERR_REDIRECT] Jun 30, 2026 9:00:49 PM java.util.prefs.FileSystemPreferences checkLockFile0ErrorCode
2026-06-30 21:00:49,378 [ERROR] LogOutputStream:75 - [STDERR_REDIRECT] WARNING: Could not lock System prefs. Unix error code 5.
2026-06-30 21:00:49,378 [ERROR] LogOutputStream:75 - [STDERR_REDIRECT] 
2026-06-30 21:00:49,378 [ERROR] LogOutputStream:75 - [STDERR_REDIRECT] Jun 30, 2026 9:00:49 PM java.util.prefs.FileSystemPreferences syncWorld
2026-06-30 21:00:49,378 [ERROR] LogOutputStream:75 - [STDERR_REDIRECT] WARNING: Couldn't flush system prefs: java.util.prefs.BackingStoreException: Couldn't get file lock.
2026-06-30 21:00:49,378 [ERROR] LogOutputStream:75 - [STDERR_REDIRECT] 
2026-06-30 21:01:19,362 [ERROR] LogOutputStream:75 - [STDERR_REDIRECT] Jun 30, 2026 9:01:19 PM java.util.prefs.FileSystemPreferences checkLockFile0ErrorCode
2026-06-30 21:01:19,363 [ERROR] LogOutputStream:75 - [STDERR_REDIRECT] WARNING: Could not lock System prefs. Unix error code 5.
2026-06-30 21:01:19,363 [ERROR] LogOutputStream:75 - [STDERR_REDIRECT] 
2026-06-30 21:01:19,363 [ERROR] LogOutputStream:75 - [STDERR_REDIRECT] Jun 30, 2026 9:01:19 PM java.util.prefs.FileSystemPreferences syncWorld
2026-06-30 21:01:19,363 [ERROR] LogOutputStream:75 - [STDERR_REDIRECT] WARNING: Couldn't flush system prefs: java.util.prefs.BackingStoreException: Couldn't get file lock.
2026-06-30 21:01:19,364 [ERROR] LogOutputStream:75 - [STDERR_REDIRECT] 
2026-06-30 21:01:49,365 [ERROR] LogOutputStream:75 - [STDERR_REDIRECT] Jun 30, 2026 9:01:49 PM java.util.prefs.FileSystemPreferences checkLockFile0ErrorCode
2026-06-30 21:01:49,365 [ERROR] LogOutputStream:75 - [STDERR_REDIRECT] WARNING: Could not lock System prefs. Unix error code 5.
2026-06-30 21:01:49,365 [ERROR] LogOutputStream:75 - [STDERR_REDIRECT] 
2026-06-30 21:01:49,366 [ERROR] LogOutputStream:75 - [STDERR_REDIRECT] Jun 30, 2026 9:01:49 PM java.util.prefs.FileSystemPreferences syncWorld
2026-06-30 21:01:49,366 [ERROR] LogOutputStream:75 - [STDERR_REDIRECT] WARNING: Couldn't flush system prefs: java.util.prefs.BackingStoreException: Couldn't get file lock.
2026-06-30 21:01:49,366 [ERROR] LogOutputStream:75 - [STDERR_REDIRECT] 
2026-06-30 21:02:19,361 [ERROR] LogOutputStream:75 - [STDERR_REDIRECT] Jun 30, 2026 9:02:19 PM java.util.prefs.FileSystemPreferences checkLockFile0ErrorCode
2026-06-30 21:02:19,362 [ERROR] LogOutputStream:75 - [STDERR_REDIRECT] WARNING: Could not lock System prefs. Unix error code 5.
2026-06-30 21:02:19,362 [ERROR] LogOutputStream:75 - [STDERR_REDIRECT] 
2026-06-30 21:02:19,362 [ERROR] LogOutputStream:75 - [STDERR_REDIRECT] Jun 30, 2026 9:02:19 PM java.util.prefs.FileSystemPreferences syncWorld
2026-06-30 21:02:19,362 [ERROR] LogOutputStream:75 - [STDERR_REDIRECT] WARNING: Couldn't flush system prefs: java.util.prefs.BackingStoreException: Couldn't get file lock.
2026-06-30 21:02:19,362 [ERROR] LogOutputStream:75 - [STDERR_REDIRECT] 
2026-06-30 21:02:49,366 [ERROR] LogOutputStream:75 - [STDERR_REDIRECT] Jun 30, 2026 9:02:49 PM java.util.prefs.FileSystemPreferences checkLockFile0ErrorCode
2026-06-30 21:02:49,366 [ERROR] LogOutputStream:75 - [STDERR_REDIRECT] WARNING: Could not lock System prefs. Unix error code 5.
2026-06-30 21:02:49,366 [ERROR] LogOutputStream:75 - [STDERR_REDIRECT] 
2026-06-30 21:02:49,367 [ERROR] LogOutputStream:75 - [STDERR_REDIRECT] Jun 30, 2026 9:02:49 PM java.util.prefs.FileSystemPreferences syncWorld
2026-06-30 21:02:49,367 [ERROR] LogOutputStream:75 - [STDERR_REDIRECT] WARNING: Couldn't flush system prefs: java.util.prefs.BackingStoreException: Couldn't get file lock.
2026-06-30 21:02:49,367 [ERROR] LogOutputStream:75 - [STDERR_REDIRECT] 
2026-06-30 21:03:19,361 [ERROR] LogOutputStream:75 - [STDERR_REDIRECT] Jun 30, 2026 9:03:19 PM java.util.prefs.FileSystemPreferences checkLockFile0ErrorCode
2026-06-30 21:03:19,361 [ERROR] LogOutputStream:75 - [STDERR_REDIRECT] WARNING: Could not lock System prefs. Unix error code 5.
2026-06-30 21:03:19,362 [ERROR] LogOutputStream:75 - [STDERR_REDIRECT] 
2026-06-30 21:03:19,362 [ERROR] LogOutputStream:75 - [STDERR_REDIRECT] Jun 30, 2026 9:03:19 PM java.util.prefs.FileSystemPreferences syncWorld
2026-06-30 21:03:19,362 [ERROR] LogOutputStream:75 - [STDERR_REDIRECT] WARNING: Couldn't flush system prefs: java.util.prefs.BackingStoreException: Couldn't get file lock.
2026-06-30 21:03:19,362 [ERROR] LogOutputStream:75 - [STDERR_REDIRECT] 
2026-06-30 21:03:24,488 [ERROR] LogOutputStream:75 - [STDERR_REDIRECT] 
2026-06-30 21:03:24,488 [ERROR] LogOutputStream:75 - [STDERR_REDIRECT] 
