2026-09-16 11:05:27,546 [ERROR] LogOutputStream:75 - [STDERR_REDIRECT] Sep 16, 2026 11:05:27 AM java.util.prefs.FileSystemPreferences checkLockFile0ErrorCode
2026-09-16 11:05:27,549 [ERROR] LogOutputStream:75 - [STDERR_REDIRECT] WARNING: Could not lock System prefs. Unix error code 31587.
2026-09-16 11:05:27,549 [ERROR] LogOutputStream:75 - [STDERR_REDIRECT] 
2026-09-16 11:05:27,550 [ERROR] LogOutputStream:75 - [STDERR_REDIRECT] Sep 16, 2026 11:05:27 AM java.util.prefs.FileSystemPreferences syncWorld
2026-09-16 11:05:27,550 [ERROR] LogOutputStream:75 - [STDERR_REDIRECT] WARNING: Couldn't flush system prefs: java.util.prefs.BackingStoreException: Couldn't get file lock.
2026-09-16 11:05:27,550 [ERROR] LogOutputStream:75 - [STDERR_REDIRECT] 
2026-09-16 11:05:57,546 [ERROR] LogOutputStream:75 - [STDERR_REDIRECT] Sep 16, 2026 11:05:57 AM java.util.prefs.FileSystemPreferences checkLockFile0ErrorCode
2026-09-16 11:05:57,550 [ERROR] LogOutputStream:75 - [STDERR_REDIRECT] WARNING: Could not lock System prefs. Unix error code 31587.
2026-09-16 11:05:57,550 [ERROR] LogOutputStream:75 - [STDERR_REDIRECT] 
2026-09-16 11:05:57,555 [ERROR] LogOutputStream:75 - [STDERR_REDIRECT] Sep 16, 2026 11:05:57 AM java.util.prefs.FileSystemPreferences syncWorld
2026-09-16 11:05:57,555 [ERROR] LogOutputStream:75 - [STDERR_REDIRECT] WARNING: Couldn't flush system prefs: java.util.prefs.BackingStoreException: Couldn't get file lock.
2026-09-16 11:05:57,555 [ERROR] LogOutputStream:75 - [STDERR_REDIRECT] 
2026-09-16 11:06:27,556 [ERROR] LogOutputStream:75 - [STDERR_REDIRECT] Sep 16, 2026 11:06:27 AM java.util.prefs.FileSystemPreferences checkLockFile0ErrorCode
2026-09-16 11:06:27,556 [ERROR] LogOutputStream:75 - [STDERR_REDIRECT] WARNING: Could not lock System prefs. Unix error code 31587.
2026-09-16 11:06:27,556 [ERROR] LogOutputStream:75 - [STDERR_REDIRECT] 
2026-09-16 11:06:27,557 [ERROR] LogOutputStream:75 - [STDERR_REDIRECT] Sep 16, 2026 11:06:27 AM java.util.prefs.FileSystemPreferences syncWorld
2026-09-16 11:06:27,564 [ERROR] LogOutputStream:75 - [STDERR_REDIRECT] WARNING: Couldn't flush system prefs: java.util.prefs.BackingStoreException: Couldn't get file lock.
2026-09-16 11:06:27,564 [ERROR] LogOutputStream:75 - [STDERR_REDIRECT] 
2026-09-16 11:06:57,551 [ERROR] LogOutputStream:75 - [STDERR_REDIRECT] Sep 16, 2026 11:06:57 AM java.util.prefs.FileSystemPreferences checkLockFile0ErrorCode
2026-09-16 11:06:57,551 [ERROR] LogOutputStream:75 - [STDERR_REDIRECT] WARNING: Could not lock System prefs. Unix error code 31587.
2026-09-16 11:06:57,551 [ERROR] LogOutputStream:75 - [STDERR_REDIRECT] 
2026-09-16 11:06:57,552 [ERROR] LogOutputStream:75 - [STDERR_REDIRECT] Sep 16, 2026 11:06:57 AM java.util.prefs.FileSystemPreferences syncWorld
2026-09-16 11:06:57,552 [ERROR] LogOutputStream:75 - [STDERR_REDIRECT] WARNING: Couldn't flush system prefs: java.util.prefs.BackingStoreException: Couldn't get file lock.
2026-09-16 11:06:57,552 [ERROR] LogOutputStream:75 - [STDERR_REDIRECT] 
2026-09-16 11:07:27,551 [ERROR] LogOutputStream:75 - [STDERR_REDIRECT] Sep 16, 2026 11:07:27 AM java.util.prefs.FileSystemPreferences checkLockFile0ErrorCode
2026-09-16 11:07:27,552 [ERROR] LogOutputStream:75 - [STDERR_REDIRECT] WARNING: Could not lock System prefs. Unix error code 31587.
2026-09-16 11:07:27,552 [ERROR] LogOutputStream:75 - [STDERR_REDIRECT] 
2026-09-16 11:07:27,552 [ERROR] LogOutputStream:75 - [STDERR_REDIRECT] Sep 16, 2026 11:07:27 AM java.util.prefs.FileSystemPreferences syncWorld
2026-09-16 11:07:27,552 [ERROR] LogOutputStream:75 - [STDERR_REDIRECT] WARNING: Couldn't flush system prefs: java.util.prefs.BackingStoreException: Couldn't get file lock.
2026-09-16 11:07:27,552 [ERROR] LogOutputStream:75 - [STDERR_REDIRECT] 
2026-09-16 11:07:57,550 [ERROR] LogOutputStream:75 - [STDERR_REDIRECT] Sep 16, 2026 11:07:57 AM java.util.prefs.FileSystemPreferences checkLockFile0ErrorCode
2026-09-16 11:07:57,550 [ERROR] LogOutputStream:75 - [STDERR_REDIRECT] WARNING: Could not lock System prefs. Unix error code 31587.
2026-09-16 11:07:57,550 [ERROR] LogOutputStream:75 - [STDERR_REDIRECT] 
2026-09-16 11:07:57,550 [ERROR] LogOutputStream:75 - [STDERR_REDIRECT] Sep 16, 2026 11:07:57 AM java.util.prefs.FileSystemPreferences syncWorld
2026-09-16 11:07:57,551 [ERROR] LogOutputStream:75 - [STDERR_REDIRECT] WARNING: Couldn't flush system prefs: java.util.prefs.BackingStoreException: Couldn't get file lock.
2026-09-16 11:07:57,551 [ERROR] LogOutputStream:75 - [STDERR_REDIRECT] 
2026-09-16 11:08:27,549 [ERROR] LogOutputStream:75 - [STDERR_REDIRECT] Sep 16, 2026 11:08:27 AM java.util.prefs.FileSystemPreferences checkLockFile0ErrorCode
2026-09-16 11:08:27,549 [ERROR] LogOutputStream:75 - [STDERR_REDIRECT] WARNING: Could not lock System prefs. Unix error code 31587.
2026-09-16 11:08:27,549 [ERROR] LogOutputStream:75 - [STDERR_REDIRECT] 
2026-09-16 11:08:27,550 [ERROR] LogOutputStream:75 - [STDERR_REDIRECT] Sep 16, 2026 11:08:27 AM java.util.prefs.FileSystemPreferences syncWorld
2026-09-16 11:08:27,550 [ERROR] LogOutputStream:75 - [STDERR_REDIRECT] WARNING: Couldn't flush system prefs: java.util.prefs.BackingStoreException: Couldn't get file lock.
2026-09-16 11:08:27,550 [ERROR] LogOutputStream:75 - [STDERR_REDIRECT] 
2026-09-16 11:08:57,550 [ERROR] LogOutputStream:75 - [STDERR_REDIRECT] Sep 16, 2026 11:08:57 AM java.util.prefs.FileSystemPreferences checkLockFile0ErrorCode
2026-09-16 11:08:57,550 [ERROR] LogOutputStream:75 - [STDERR_REDIRECT] WARNING: Could not lock System prefs. Unix error code 31587.
2026-09-16 11:08:57,551 [ERROR] LogOutputStream:75 - [STDERR_REDIRECT] 
2026-09-16 11:08:57,551 [ERROR] LogOutputStream:75 - [STDERR_REDIRECT] Sep 16, 2026 11:08:57 AM java.util.prefs.FileSystemPreferences syncWorld
2026-09-16 11:08:57,551 [ERROR] LogOutputStream:75 - [STDERR_REDIRECT] WARNING: Couldn't flush system prefs: java.util.prefs.BackingStoreException: Couldn't get file lock.
2026-09-16 11:08:57,551 [ERROR] LogOutputStream:75 - [STDERR_REDIRECT] 
2026-09-16 11:09:27,550 [ERROR] LogOutputStream:75 - [STDERR_REDIRECT] Sep 16, 2026 11:09:27 AM java.util.prefs.FileSystemPreferences checkLockFile0ErrorCode
2026-09-16 11:09:27,551 [ERROR] LogOutputStream:75 - [STDERR_REDIRECT] WARNING: Could not lock System prefs. Unix error code 31587.
2026-09-16 11:09:27,551 [ERROR] LogOutputStream:75 - [STDERR_REDIRECT] 
2026-09-16 11:09:27,551 [ERROR] LogOutputStream:75 - [STDERR_REDIRECT] Sep 16, 2026 11:09:27 AM java.util.prefs.FileSystemPreferences syncWorld
2026-09-16 11:09:27,551 [ERROR] LogOutputStream:75 - [STDERR_REDIRECT] WARNING: Couldn't flush system prefs: java.util.prefs.BackingStoreException: Couldn't get file lock.
2026-09-16 11:09:27,551 [ERROR] LogOutputStream:75 - [STDERR_REDIRECT] 
2026-09-16 11:09:57,552 [ERROR] LogOutputStream:75 - [STDERR_REDIRECT] Sep 16, 2026 11:09:57 AM java.util.prefs.FileSystemPreferences checkLockFile0ErrorCode
2026-09-16 11:09:57,552 [ERROR] LogOutputStream:75 - [STDERR_REDIRECT] WARNING: Could not lock System prefs. Unix error code 31587.
2026-09-16 11:09:57,552 [ERROR] LogOutputStream:75 - [STDERR_REDIRECT] 
2026-09-16 11:09:57,552 [ERROR] LogOutputStream:75 - [STDERR_REDIRECT] Sep 16, 2026 11:09:57 AM java.util.prefs.FileSystemPreferences syncWorld
2026-09-16 11:09:57,553 [ERROR] LogOutputStream:75 - [STDERR_REDIRECT] WARNING: Couldn't flush system prefs: java.util.prefs.BackingStoreException: Couldn't get file lock.
2026-09-16 11:09:57,553 [ERROR] LogOutputStream:75 - [STDERR_REDIRECT] 
2026-09-16 11:10:27,552 [ERROR] LogOutputStream:75 - [STDERR_REDIRECT] Sep 16, 2026 11:10:27 AM java.util.prefs.FileSystemPreferences checkLockFile0ErrorCode
2026-09-16 11:10:27,552 [ERROR] LogOutputStream:75 - [STDERR_REDIRECT] WARNING: Could not lock System prefs. Unix error code 31587.
2026-09-16 11:10:27,552 [ERROR] LogOutputStream:75 - [STDERR_REDIRECT] 
2026-09-16 11:10:27,553 [ERROR] LogOutputStream:75 - [STDERR_REDIRECT] Sep 16, 2026 11:10:27 AM java.util.prefs.FileSystemPreferences syncWorld
2026-09-16 11:10:27,553 [ERROR] LogOutputStream:75 - [STDERR_REDIRECT] WARNING: Couldn't flush system prefs: java.util.prefs.BackingStoreException: Couldn't get file lock.
2026-09-16 11:10:27,553 [ERROR] LogOutputStream:75 - [STDERR_REDIRECT] 
2026-09-16 11:10:57,552 [ERROR] LogOutputStream:75 - [STDERR_REDIRECT] Sep 16, 2026 11:10:57 AM java.util.prefs.FileSystemPreferences checkLockFile0ErrorCode
2026-09-16 11:10:57,552 [ERROR] LogOutputStream:75 - [STDERR_REDIRECT] WARNING: Could not lock System prefs. Unix error code 31587.
2026-09-16 11:10:57,552 [ERROR] LogOutputStream:75 - [STDERR_REDIRECT] 
2026-09-16 11:10:57,553 [ERROR] LogOutputStream:75 - [STDERR_REDIRECT] Sep 16, 2026 11:10:57 AM java.util.prefs.FileSystemPreferences syncWorld
2026-09-16 11:10:57,553 [ERROR] LogOutputStream:75 - [STDERR_REDIRECT] WARNING: Couldn't flush system prefs: java.util.prefs.BackingStoreException: Couldn't get file lock.
2026-09-16 11:10:57,553 [ERROR] LogOutputStream:75 - [STDERR_REDIRECT] 
2026-09-16 11:11:27,552 [ERROR] LogOutputStream:75 - [STDERR_REDIRECT] Sep 16, 2026 11:11:27 AM java.util.prefs.FileSystemPreferences checkLockFile0ErrorCode
2026-09-16 11:11:27,552 [ERROR] LogOutputStream:75 - [STDERR_REDIRECT] WARNING: Could not lock System prefs. Unix error code 31587.
2026-09-16 11:11:27,552 [ERROR] LogOutputStream:75 - [STDERR_REDIRECT] 
2026-09-16 11:11:27,553 [ERROR] LogOutputStream:75 - [STDERR_REDIRECT] Sep 16, 2026 11:11:27 AM java.util.prefs.FileSystemPreferences syncWorld
2026-09-16 11:11:27,553 [ERROR] LogOutputStream:75 - [STDERR_REDIRECT] WARNING: Couldn't flush system prefs: java.util.prefs.BackingStoreException: Couldn't get file lock.
2026-09-16 11:11:27,553 [ERROR] LogOutputStream:75 - [STDERR_REDIRECT] 
2026-09-16 11:11:57,552 [ERROR] LogOutputStream:75 - [STDERR_REDIRECT] Sep 16, 2026 11:11:57 AM java.util.prefs.FileSystemPreferences checkLockFile0ErrorCode
2026-09-16 11:11:57,552 [ERROR] LogOutputStream:75 - [STDERR_REDIRECT] WARNING: Could not lock System prefs. Unix error code 31587.
2026-09-16 11:11:57,553 [ERROR] LogOutputStream:75 - [STDERR_REDIRECT] 
2026-09-16 11:11:57,553 [ERROR] LogOutputStream:75 - [STDERR_REDIRECT] Sep 16, 2026 11:11:57 AM java.util.prefs.FileSystemPreferences syncWorld
2026-09-16 11:11:57,553 [ERROR] LogOutputStream:75 - [STDERR_REDIRECT] WARNING: Couldn't flush system prefs: java.util.prefs.BackingStoreException: Couldn't get file lock.
2026-09-16 11:11:57,553 [ERROR] LogOutputStream:75 - [STDERR_REDIRECT] 
2026-09-16 11:12:27,553 [ERROR] LogOutputStream:75 - [STDERR_REDIRECT] Sep 16, 2026 11:12:27 AM java.util.prefs.FileSystemPreferences checkLockFile0ErrorCode
2026-09-16 11:12:27,553 [ERROR] LogOutputStream:75 - [STDERR_REDIRECT] WARNING: Could not lock System prefs. Unix error code 31587.
2026-09-16 11:12:27,553 [ERROR] LogOutputStream:75 - [STDERR_REDIRECT] 
2026-09-16 11:12:27,554 [ERROR] LogOutputStream:75 - [STDERR_REDIRECT] Sep 16, 2026 11:12:27 AM java.util.prefs.FileSystemPreferences syncWorld
2026-09-16 11:12:27,554 [ERROR] LogOutputStream:75 - [STDERR_REDIRECT] WARNING: Couldn't flush system prefs: java.util.prefs.BackingStoreException: Couldn't get file lock.
2026-09-16 11:12:27,554 [ERROR] LogOutputStream:75 - [STDERR_REDIRECT] 
2026-09-16 11:12:57,553 [ERROR] LogOutputStream:75 - [STDERR_REDIRECT] Sep 16, 2026 11:12:57 AM java.util.prefs.FileSystemPreferences checkLockFile0ErrorCode
2026-09-16 11:12:57,553 [ERROR] LogOutputStream:75 - [STDERR_REDIRECT] WARNING: Could not lock System prefs. Unix error code 31587.
2026-09-16 11:12:57,553 [ERROR] LogOutputStream:75 - [STDERR_REDIRECT] 
2026-09-16 11:12:57,554 [ERROR] LogOutputStream:75 - [STDERR_REDIRECT] Sep 16, 2026 11:12:57 AM java.util.prefs.FileSystemPreferences syncWorld
2026-09-16 11:12:57,554 [ERROR] LogOutputStream:75 - [STDERR_REDIRECT] WARNING: Couldn't flush system prefs: java.util.prefs.BackingStoreException: Couldn't get file lock.
2026-09-16 11:12:57,554 [ERROR] LogOutputStream:75 - [STDERR_REDIRECT] 
2026-09-16 11:13:27,553 [ERROR] LogOutputStream:75 - [STDERR_REDIRECT] Sep 16, 2026 11:13:27 AM java.util.prefs.FileSystemPreferences checkLockFile0ErrorCode
2026-09-16 11:13:27,553 [ERROR] LogOutputStream:75 - [STDERR_REDIRECT] WARNING: Could not lock System prefs. Unix error code 31587.
2026-09-16 11:13:27,554 [ERROR] LogOutputStream:75 - [STDERR_REDIRECT] 
2026-09-16 11:13:27,554 [ERROR] LogOutputStream:75 - [STDERR_REDIRECT] Sep 16, 2026 11:13:27 AM java.util.prefs.FileSystemPreferences syncWorld
2026-09-16 11:13:27,554 [ERROR] LogOutputStream:75 - [STDERR_REDIRECT] WARNING: Couldn't flush system prefs: java.util.prefs.BackingStoreException: Couldn't get file lock.
2026-09-16 11:13:27,554 [ERROR] LogOutputStream:75 - [STDERR_REDIRECT] 
2026-09-16 11:13:57,554 [ERROR] LogOutputStream:75 - [STDERR_REDIRECT] Sep 16, 2026 11:13:57 AM java.util.prefs.FileSystemPreferences checkLockFile0ErrorCode
2026-09-16 11:13:57,554 [ERROR] LogOutputStream:75 - [STDERR_REDIRECT] WARNING: Could not lock System prefs. Unix error code 31587.
2026-09-16 11:13:57,554 [ERROR] LogOutputStream:75 - [STDERR_REDIRECT] 
2026-09-16 11:13:57,555 [ERROR] LogOutputStream:75 - [STDERR_REDIRECT] Sep 16, 2026 11:13:57 AM java.util.prefs.FileSystemPreferences syncWorld
2026-09-16 11:13:57,556 [ERROR] LogOutputStream:75 - [STDERR_REDIRECT] WARNING: Couldn't flush system prefs: java.util.prefs.BackingStoreException: Couldn't get file lock.
2026-09-16 11:13:57,556 [ERROR] LogOutputStream:75 - [STDERR_REDIRECT] 
2026-09-16 11:14:27,554 [ERROR] LogOutputStream:75 - [STDERR_REDIRECT] Sep 16, 2026 11:14:27 AM java.util.prefs.FileSystemPreferences checkLockFile0ErrorCode
2026-09-16 11:14:27,554 [ERROR] LogOutputStream:75 - [STDERR_REDIRECT] WARNING: Could not lock System prefs. Unix error code 31587.
2026-09-16 11:14:27,554 [ERROR] LogOutputStream:75 - [STDERR_REDIRECT] 
2026-09-16 11:14:27,554 [ERROR] LogOutputStream:75 - [STDERR_REDIRECT] Sep 16, 2026 11:14:27 AM java.util.prefs.FileSystemPreferences syncWorld
2026-09-16 11:14:27,555 [ERROR] LogOutputStream:75 - [STDERR_REDIRECT] WARNING: Couldn't flush system prefs: java.util.prefs.BackingStoreException: Couldn't get file lock.
2026-09-16 11:14:27,555 [ERROR] LogOutputStream:75 - [STDERR_REDIRECT] 
2026-09-16 11:14:57,554 [ERROR] LogOutputStream:75 - [STDERR_REDIRECT] Sep 16, 2026 11:14:57 AM java.util.prefs.FileSystemPreferences checkLockFile0ErrorCode
2026-09-16 11:14:57,554 [ERROR] LogOutputStream:75 - [STDERR_REDIRECT] WARNING: Could not lock System prefs. Unix error code 31587.
2026-09-16 11:14:57,555 [ERROR] LogOutputStream:75 - [STDERR_REDIRECT] 
2026-09-16 11:14:57,555 [ERROR] LogOutputStream:75 - [STDERR_REDIRECT] Sep 16, 2026 11:14:57 AM java.util.prefs.FileSystemPreferences syncWorld
2026-09-16 11:14:57,555 [ERROR] LogOutputStream:75 - [STDERR_REDIRECT] WARNING: Couldn't flush system prefs: java.util.prefs.BackingStoreException: Couldn't get file lock.
2026-09-16 11:14:57,555 [ERROR] LogOutputStream:75 - [STDERR_REDIRECT] 
2026-09-16 11:15:27,554 [ERROR] LogOutputStream:75 - [STDERR_REDIRECT] Sep 16, 2026 11:15:27 AM java.util.prefs.FileSystemPreferences checkLockFile0ErrorCode
2026-09-16 11:15:27,555 [ERROR] LogOutputStream:75 - [STDERR_REDIRECT] WARNING: Could not lock System prefs. Unix error code 31587.
2026-09-16 11:15:27,555 [ERROR] LogOutputStream:75 - [STDERR_REDIRECT] 
2026-09-16 11:15:27,555 [ERROR] LogOutputStream:75 - [STDERR_REDIRECT] Sep 16, 2026 11:15:27 AM java.util.prefs.FileSystemPreferences syncWorld
2026-09-16 11:15:27,555 [ERROR] LogOutputStream:75 - [STDERR_REDIRECT] WARNING: Couldn't flush system prefs: java.util.prefs.BackingStoreException: Couldn't get file lock.
2026-09-16 11:15:27,556 [ERROR] LogOutputStream:75 - [STDERR_REDIRECT] 
2026-09-16 11:15:57,554 [ERROR] LogOutputStream:75 - [STDERR_REDIRECT] Sep 16, 2026 11:15:57 AM java.util.prefs.FileSystemPreferences checkLockFile0ErrorCode
2026-09-16 11:15:57,554 [ERROR] LogOutputStream:75 - [STDERR_REDIRECT] WARNING: Could not lock System prefs. Unix error code 31587.
2026-09-16 11:15:57,554 [ERROR] LogOutputStream:75 - [STDERR_REDIRECT] 
2026-09-16 11:15:57,554 [ERROR] LogOutputStream:75 - [STDERR_REDIRECT] Sep 16, 2026 11:15:57 AM java.util.prefs.FileSystemPreferences syncWorld
2026-09-16 11:15:57,555 [ERROR] LogOutputStream:75 - [STDERR_REDIRECT] WARNING: Couldn't flush system prefs: java.util.prefs.BackingStoreException: Couldn't get file lock.
2026-09-16 11:15:57,555 [ERROR] LogOutputStream:75 - [STDERR_REDIRECT] 
2026-09-16 11:16:27,554 [ERROR] LogOutputStream:75 - [STDERR_REDIRECT] Sep 16, 2026 11:16:27 AM java.util.prefs.FileSystemPreferences checkLockFile0ErrorCode
2026-09-16 11:16:27,554 [ERROR] LogOutputStream:75 - [STDERR_REDIRECT] WARNING: Could not lock System prefs. Unix error code 31587.
2026-09-16 11:16:27,555 [ERROR] LogOutputStream:75 - [STDERR_REDIRECT] 
2026-09-16 11:16:27,555 [ERROR] LogOutputStream:75 - [STDERR_REDIRECT] Sep 16, 2026 11:16:27 AM java.util.prefs.FileSystemPreferences syncWorld
2026-09-16 11:16:27,555 [ERROR] LogOutputStream:75 - [STDERR_REDIRECT] WARNING: Couldn't flush system prefs: java.util.prefs.BackingStoreException: Couldn't get file lock.
2026-09-16 11:16:27,555 [ERROR] LogOutputStream:75 - [STDERR_REDIRECT] 
2026-09-16 11:16:57,554 [ERROR] LogOutputStream:75 - [STDERR_REDIRECT] Sep 16, 2026 11:16:57 AM java.util.prefs.FileSystemPreferences checkLockFile0ErrorCode
2026-09-16 11:16:57,555 [ERROR] LogOutputStream:75 - [STDERR_REDIRECT] WARNING: Could not lock System prefs. Unix error code 31587.
2026-09-16 11:16:57,555 [ERROR] LogOutputStream:75 - [STDERR_REDIRECT] 
2026-09-16 11:16:57,555 [ERROR] LogOutputStream:75 - [STDERR_REDIRECT] Sep 16, 2026 11:16:57 AM java.util.prefs.FileSystemPreferences syncWorld
2026-09-16 11:16:57,555 [ERROR] LogOutputStream:75 - [STDERR_REDIRECT] WARNING: Couldn't flush system prefs: java.util.prefs.BackingStoreException: Couldn't get file lock.
2026-09-16 11:16:57,555 [ERROR] LogOutputStream:75 - [STDERR_REDIRECT] 
2026-09-16 11:17:27,555 [ERROR] LogOutputStream:75 - [STDERR_REDIRECT] Sep 16, 2026 11:17:27 AM java.util.prefs.FileSystemPreferences checkLockFile0ErrorCode
2026-09-16 11:17:27,555 [ERROR] LogOutputStream:75 - [STDERR_REDIRECT] WARNING: Could not lock System prefs. Unix error code 31587.
2026-09-16 11:17:27,556 [ERROR] LogOutputStream:75 - [STDERR_REDIRECT] 
2026-09-16 11:17:27,556 [ERROR] LogOutputStream:75 - [STDERR_REDIRECT] Sep 16, 2026 11:17:27 AM java.util.prefs.FileSystemPreferences syncWorld
2026-09-16 11:17:27,556 [ERROR] LogOutputStream:75 - [STDERR_REDIRECT] WARNING: Couldn't flush system prefs: java.util.prefs.BackingStoreException: Couldn't get file lock.
2026-09-16 11:17:27,556 [ERROR] LogOutputStream:75 - [STDERR_REDIRECT] 
2026-09-16 11:17:57,555 [ERROR] LogOutputStream:75 - [STDERR_REDIRECT] Sep 16, 2026 11:17:57 AM java.util.prefs.FileSystemPreferences checkLockFile0ErrorCode
2026-09-16 11:17:57,555 [ERROR] LogOutputStream:75 - [STDERR_REDIRECT] WARNING: Could not lock System prefs. Unix error code 31587.
2026-09-16 11:17:57,556 [ERROR] LogOutputStream:75 - [STDERR_REDIRECT] 
2026-09-16 11:17:57,556 [ERROR] LogOutputStream:75 - [STDERR_REDIRECT] Sep 16, 2026 11:17:57 AM java.util.prefs.FileSystemPreferences syncWorld
2026-09-16 11:17:57,556 [ERROR] LogOutputStream:75 - [STDERR_REDIRECT] WARNING: Couldn't flush system prefs: java.util.prefs.BackingStoreException: Couldn't get file lock.
2026-09-16 11:17:57,556 [ERROR] LogOutputStream:75 - [STDERR_REDIRECT] 
2026-09-16 11:18:27,556 [ERROR] LogOutputStream:75 - [STDERR_REDIRECT] Sep 16, 2026 11:18:27 AM java.util.prefs.FileSystemPreferences checkLockFile0ErrorCode
2026-09-16 11:18:27,556 [ERROR] LogOutputStream:75 - [STDERR_REDIRECT] WARNING: Could not lock System prefs. Unix error code 31587.
2026-09-16 11:18:27,556 [ERROR] LogOutputStream:75 - [STDERR_REDIRECT] 
2026-09-16 11:18:27,556 [ERROR] LogOutputStream:75 - [STDERR_REDIRECT] Sep 16, 2026 11:18:27 AM java.util.prefs.FileSystemPreferences syncWorld
2026-09-16 11:18:27,557 [ERROR] LogOutputStream:75 - [STDERR_REDIRECT] WARNING: Couldn't flush system prefs: java.util.prefs.BackingStoreException: Couldn't get file lock.
2026-09-16 11:18:27,557 [ERROR] LogOutputStream:75 - [STDERR_REDIRECT] 
2026-09-16 11:18:57,555 [ERROR] LogOutputStream:75 - [STDERR_REDIRECT] Sep 16, 2026 11:18:57 AM java.util.prefs.FileSystemPreferences checkLockFile0ErrorCode
2026-09-16 11:18:57,555 [ERROR] LogOutputStream:75 - [STDERR_REDIRECT] WARNING: Could not lock System prefs. Unix error code 31587.
2026-09-16 11:18:57,555 [ERROR] LogOutputStream:75 - [STDERR_REDIRECT] 
2026-09-16 11:18:57,556 [ERROR] LogOutputStream:75 - [STDERR_REDIRECT] Sep 16, 2026 11:18:57 AM java.util.prefs.FileSystemPreferences syncWorld
2026-09-16 11:18:57,556 [ERROR] LogOutputStream:75 - [STDERR_REDIRECT] WARNING: Couldn't flush system prefs: java.util.prefs.BackingStoreException: Couldn't get file lock.
2026-09-16 11:18:57,556 [ERROR] LogOutputStream:75 - [STDERR_REDIRECT] 
2026-09-16 11:19:27,555 [ERROR] LogOutputStream:75 - [STDERR_REDIRECT] Sep 16, 2026 11:19:27 AM java.util.prefs.FileSystemPreferences checkLockFile0ErrorCode
2026-09-16 11:19:27,556 [ERROR] LogOutputStream:75 - [STDERR_REDIRECT] WARNING: Could not lock System prefs. Unix error code 31587.
2026-09-16 11:19:27,556 [ERROR] LogOutputStream:75 - [STDERR_REDIRECT] 
2026-09-16 11:19:27,556 [ERROR] LogOutputStream:75 - [STDERR_REDIRECT] Sep 16, 2026 11:19:27 AM java.util.prefs.FileSystemPreferences syncWorld
2026-09-16 11:19:27,556 [ERROR] LogOutputStream:75 - [STDERR_REDIRECT] WARNING: Couldn't flush system prefs: java.util.prefs.BackingStoreException: Couldn't get file lock.
2026-09-16 11:19:27,556 [ERROR] LogOutputStream:75 - [STDERR_REDIRECT] 
2026-09-16 11:19:57,556 [ERROR] LogOutputStream:75 - [STDERR_REDIRECT] Sep 16, 2026 11:19:57 AM java.util.prefs.FileSystemPreferences checkLockFile0ErrorCode
2026-09-16 11:19:57,556 [ERROR] LogOutputStream:75 - [STDERR_REDIRECT] WARNING: Could not lock System prefs. Unix error code 31587.
2026-09-16 11:19:57,556 [ERROR] LogOutputStream:75 - [STDERR_REDIRECT] 
2026-09-16 11:19:57,556 [ERROR] LogOutputStream:75 - [STDERR_REDIRECT] Sep 16, 2026 11:19:57 AM java.util.prefs.FileSystemPreferences syncWorld
2026-09-16 11:19:57,556 [ERROR] LogOutputStream:75 - [STDERR_REDIRECT] WARNING: Couldn't flush system prefs: java.util.prefs.BackingStoreException: Couldn't get file lock.
2026-09-16 11:19:57,557 [ERROR] LogOutputStream:75 - [STDERR_REDIRECT] 
2026-09-16 11:20:27,554 [ERROR] LogOutputStream:75 - [STDERR_REDIRECT] Sep 16, 2026 11:20:27 AM java.util.prefs.FileSystemPreferences checkLockFile0ErrorCode
2026-09-16 11:20:27,555 [ERROR] LogOutputStream:75 - [STDERR_REDIRECT] WARNING: Could not lock System prefs. Unix error code 31587.
2026-09-16 11:20:27,555 [ERROR] LogOutputStream:75 - [STDERR_REDIRECT] 
2026-09-16 11:20:27,555 [ERROR] LogOutputStream:75 - [STDERR_REDIRECT] Sep 16, 2026 11:20:27 AM java.util.prefs.FileSystemPreferences syncWorld
2026-09-16 11:20:27,555 [ERROR] LogOutputStream:75 - [STDERR_REDIRECT] WARNING: Couldn't flush system prefs: java.util.prefs.BackingStoreException: Couldn't get file lock.
2026-09-16 11:20:27,555 [ERROR] LogOutputStream:75 - [STDERR_REDIRECT] 
2026-09-16 11:20:57,555 [ERROR] LogOutputStream:75 - [STDERR_REDIRECT] Sep 16, 2026 11:20:57 AM java.util.prefs.FileSystemPreferences checkLockFile0ErrorCode
2026-09-16 11:20:57,556 [ERROR] LogOutputStream:75 - [STDERR_REDIRECT] WARNING: Could not lock System prefs. Unix error code 31587.
2026-09-16 11:20:57,556 [ERROR] LogOutputStream:75 - [STDERR_REDIRECT] 
2026-09-16 11:20:57,556 [ERROR] LogOutputStream:75 - [STDERR_REDIRECT] Sep 16, 2026 11:20:57 AM java.util.prefs.FileSystemPreferences syncWorld
2026-09-16 11:20:57,556 [ERROR] LogOutputStream:75 - [STDERR_REDIRECT] WARNING: Couldn't flush system prefs: java.util.prefs.BackingStoreException: Couldn't get file lock.
2026-09-16 11:20:57,556 [ERROR] LogOutputStream:75 - [STDERR_REDIRECT] 
2026-09-16 11:21:27,557 [ERROR] LogOutputStream:75 - [STDERR_REDIRECT] Sep 16, 2026 11:21:27 AM java.util.prefs.FileSystemPreferences checkLockFile0ErrorCode
2026-09-16 11:21:27,557 [ERROR] LogOutputStream:75 - [STDERR_REDIRECT] WARNING: Could not lock System prefs. Unix error code 31587.
2026-09-16 11:21:27,557 [ERROR] LogOutputStream:75 - [STDERR_REDIRECT] 
2026-09-16 11:21:27,557 [ERROR] LogOutputStream:75 - [STDERR_REDIRECT] Sep 16, 2026 11:21:27 AM java.util.prefs.FileSystemPreferences syncWorld
2026-09-16 11:21:27,558 [ERROR] LogOutputStream:75 - [STDERR_REDIRECT] WARNING: Couldn't flush system prefs: java.util.prefs.BackingStoreException: Couldn't get file lock.
2026-09-16 11:21:27,559 [ERROR] LogOutputStream:75 - [STDERR_REDIRECT] 
2026-09-16 11:21:57,557 [ERROR] LogOutputStream:75 - [STDERR_REDIRECT] Sep 16, 2026 11:21:57 AM java.util.prefs.FileSystemPreferences checkLockFile0ErrorCode
2026-09-16 11:21:57,557 [ERROR] LogOutputStream:75 - [STDERR_REDIRECT] WARNING: Could not lock System prefs. Unix error code 31587.
2026-09-16 11:21:57,557 [ERROR] LogOutputStream:75 - [STDERR_REDIRECT] 
2026-09-16 11:21:57,558 [ERROR] LogOutputStream:75 - [STDERR_REDIRECT] Sep 16, 2026 11:21:57 AM java.util.prefs.FileSystemPreferences syncWorld
2026-09-16 11:21:57,558 [ERROR] LogOutputStream:75 - [STDERR_REDIRECT] WARNING: Couldn't flush system prefs: java.util.prefs.BackingStoreException: Couldn't get file lock.
2026-09-16 11:21:57,558 [ERROR] LogOutputStream:75 - [STDERR_REDIRECT] 
2026-09-16 11:22:27,557 [ERROR] LogOutputStream:75 - [STDERR_REDIRECT] Sep 16, 2026 11:22:27 AM java.util.prefs.FileSystemPreferences checkLockFile0ErrorCode
2026-09-16 11:22:27,557 [ERROR] LogOutputStream:75 - [STDERR_REDIRECT] WARNING: Could not lock System prefs. Unix error code 31587.
2026-09-16 11:22:27,557 [ERROR] LogOutputStream:75 - [STDERR_REDIRECT] 
2026-09-16 11:22:27,558 [ERROR] LogOutputStream:75 - [STDERR_REDIRECT] Sep 16, 2026 11:22:27 AM java.util.prefs.FileSystemPreferences syncWorld
2026-09-16 11:22:27,558 [ERROR] LogOutputStream:75 - [STDERR_REDIRECT] WARNING: Couldn't flush system prefs: java.util.prefs.BackingStoreException: Couldn't get file lock.
2026-09-16 11:22:27,558 [ERROR] LogOutputStream:75 - [STDERR_REDIRECT] 
2026-09-16 11:22:57,557 [ERROR] LogOutputStream:75 - [STDERR_REDIRECT] Sep 16, 2026 11:22:57 AM java.util.prefs.FileSystemPreferences checkLockFile0ErrorCode
2026-09-16 11:22:57,557 [ERROR] LogOutputStream:75 - [STDERR_REDIRECT] WARNING: Could not lock System prefs. Unix error code 31587.
2026-09-16 11:22:57,557 [ERROR] LogOutputStream:75 - [STDERR_REDIRECT] 
2026-09-16 11:22:57,558 [ERROR] LogOutputStream:75 - [STDERR_REDIRECT] Sep 16, 2026 11:22:57 AM java.util.prefs.FileSystemPreferences syncWorld
2026-09-16 11:22:57,558 [ERROR] LogOutputStream:75 - [STDERR_REDIRECT] WARNING: Couldn't flush system prefs: java.util.prefs.BackingStoreException: Couldn't get file lock.
2026-09-16 11:22:57,558 [ERROR] LogOutputStream:75 - [STDERR_REDIRECT] 
2026-09-16 11:23:27,557 [ERROR] LogOutputStream:75 - [STDERR_REDIRECT] Sep 16, 2026 11:23:27 AM java.util.prefs.FileSystemPreferences checkLockFile0ErrorCode
2026-09-16 11:23:27,557 [ERROR] LogOutputStream:75 - [STDERR_REDIRECT] WARNING: Could not lock System prefs. Unix error code 31587.
2026-09-16 11:23:27,557 [ERROR] LogOutputStream:75 - [STDERR_REDIRECT] 
2026-09-16 11:23:27,558 [ERROR] LogOutputStream:75 - [STDERR_REDIRECT] Sep 16, 2026 11:23:27 AM java.util.prefs.FileSystemPreferences syncWorld
2026-09-16 11:23:27,558 [ERROR] LogOutputStream:75 - [STDERR_REDIRECT] WARNING: Couldn't flush system prefs: java.util.prefs.BackingStoreException: Couldn't get file lock.
2026-09-16 11:23:27,558 [ERROR] LogOutputStream:75 - [STDERR_REDIRECT] 
2026-09-16 11:23:57,557 [ERROR] LogOutputStream:75 - [STDERR_REDIRECT] Sep 16, 2026 11:23:57 AM java.util.prefs.FileSystemPreferences checkLockFile0ErrorCode
2026-09-16 11:23:57,557 [ERROR] LogOutputStream:75 - [STDERR_REDIRECT] WARNING: Could not lock System prefs. Unix error code 31587.
2026-09-16 11:23:57,557 [ERROR] LogOutputStream:75 - [STDERR_REDIRECT] 
2026-09-16 11:23:57,558 [ERROR] LogOutputStream:75 - [STDERR_REDIRECT] Sep 16, 2026 11:23:57 AM java.util.prefs.FileSystemPreferences syncWorld
2026-09-16 11:23:57,558 [ERROR] LogOutputStream:75 - [STDERR_REDIRECT] WARNING: Couldn't flush system prefs: java.util.prefs.BackingStoreException: Couldn't get file lock.
2026-09-16 11:23:57,558 [ERROR] LogOutputStream:75 - [STDERR_REDIRECT] 
2026-09-16 11:24:27,557 [ERROR] LogOutputStream:75 - [STDERR_REDIRECT] Sep 16, 2026 11:24:27 AM java.util.prefs.FileSystemPreferences checkLockFile0ErrorCode
2026-09-16 11:24:27,557 [ERROR] LogOutputStream:75 - [STDERR_REDIRECT] WARNING: Could not lock System prefs. Unix error code 31587.
2026-09-16 11:24:27,558 [ERROR] LogOutputStream:75 - [STDERR_REDIRECT] 
2026-09-16 11:24:27,558 [ERROR] LogOutputStream:75 - [STDERR_REDIRECT] Sep 16, 2026 11:24:27 AM java.util.prefs.FileSystemPreferences syncWorld
2026-09-16 11:24:27,558 [ERROR] LogOutputStream:75 - [STDERR_REDIRECT] WARNING: Couldn't flush system prefs: java.util.prefs.BackingStoreException: Couldn't get file lock.
2026-09-16 11:24:27,558 [ERROR] LogOutputStream:75 - [STDERR_REDIRECT] 
2026-09-16 11:24:57,557 [ERROR] LogOutputStream:75 - [STDERR_REDIRECT] Sep 16, 2026 11:24:57 AM java.util.prefs.FileSystemPreferences checkLockFile0ErrorCode
2026-09-16 11:24:57,557 [ERROR] LogOutputStream:75 - [STDERR_REDIRECT] WARNING: Could not lock System prefs. Unix error code 31587.
2026-09-16 11:24:57,557 [ERROR] LogOutputStream:75 - [STDERR_REDIRECT] 
2026-09-16 11:24:57,558 [ERROR] LogOutputStream:75 - [STDERR_REDIRECT] Sep 16, 2026 11:24:57 AM java.util.prefs.FileSystemPreferences syncWorld
2026-09-16 11:24:57,559 [ERROR] LogOutputStream:75 - [STDERR_REDIRECT] WARNING: Couldn't flush system prefs: java.util.prefs.BackingStoreException: Couldn't get file lock.
2026-09-16 11:24:57,559 [ERROR] LogOutputStream:75 - [STDERR_REDIRECT] 
2026-09-16 11:25:27,557 [ERROR] LogOutputStream:75 - [STDERR_REDIRECT] Sep 16, 2026 11:25:27 AM java.util.prefs.FileSystemPreferences checkLockFile0ErrorCode
2026-09-16 11:25:27,557 [ERROR] LogOutputStream:75 - [STDERR_REDIRECT] WARNING: Could not lock System prefs. Unix error code 31587.
2026-09-16 11:25:27,558 [ERROR] LogOutputStream:75 - [STDERR_REDIRECT] 
2026-09-16 11:25:27,558 [ERROR] LogOutputStream:75 - [STDERR_REDIRECT] Sep 16, 2026 11:25:27 AM java.util.prefs.FileSystemPreferences syncWorld
2026-09-16 11:25:27,558 [ERROR] LogOutputStream:75 - [STDERR_REDIRECT] WARNING: Couldn't flush system prefs: java.util.prefs.BackingStoreException: Couldn't get file lock.
2026-09-16 11:25:27,558 [ERROR] LogOutputStream:75 - [STDERR_REDIRECT] 
2026-09-16 11:25:57,557 [ERROR] LogOutputStream:75 - [STDERR_REDIRECT] Sep 16, 2026 11:25:57 AM java.util.prefs.FileSystemPreferences checkLockFile0ErrorCode
2026-09-16 11:25:57,558 [ERROR] LogOutputStream:75 - [STDERR_REDIRECT] WARNING: Could not lock System prefs. Unix error code 31587.
2026-09-16 11:25:57,558 [ERROR] LogOutputStream:75 - [STDERR_REDIRECT] 
2026-09-16 11:25:57,558 [ERROR] LogOutputStream:75 - [STDERR_REDIRECT] Sep 16, 2026 11:25:57 AM java.util.prefs.FileSystemPreferences syncWorld
2026-09-16 11:25:57,558 [ERROR] LogOutputStream:75 - [STDERR_REDIRECT] WARNING: Couldn't flush system prefs: java.util.prefs.BackingStoreException: Couldn't get file lock.
2026-09-16 11:25:57,558 [ERROR] LogOutputStream:75 - [STDERR_REDIRECT] 
2026-09-16 11:26:27,558 [ERROR] LogOutputStream:75 - [STDERR_REDIRECT] Sep 16, 2026 11:26:27 AM java.util.prefs.FileSystemPreferences checkLockFile0ErrorCode
2026-09-16 11:26:27,558 [ERROR] LogOutputStream:75 - [STDERR_REDIRECT] WARNING: Could not lock System prefs. Unix error code 31587.
2026-09-16 11:26:27,559 [ERROR] LogOutputStream:75 - [STDERR_REDIRECT] 
2026-09-16 11:26:27,559 [ERROR] LogOutputStream:75 - [STDERR_REDIRECT] Sep 16, 2026 11:26:27 AM java.util.prefs.FileSystemPreferences syncWorld
2026-09-16 11:26:27,559 [ERROR] LogOutputStream:75 - [STDERR_REDIRECT] WARNING: Couldn't flush system prefs: java.util.prefs.BackingStoreException: Couldn't get file lock.
2026-09-16 11:26:27,559 [ERROR] LogOutputStream:75 - [STDERR_REDIRECT] 
2026-09-16 11:26:57,558 [ERROR] LogOutputStream:75 - [STDERR_REDIRECT] Sep 16, 2026 11:26:57 AM java.util.prefs.FileSystemPreferences checkLockFile0ErrorCode
2026-09-16 11:26:57,558 [ERROR] LogOutputStream:75 - [STDERR_REDIRECT] WARNING: Could not lock System prefs. Unix error code 31587.
2026-09-16 11:26:57,559 [ERROR] LogOutputStream:75 - [STDERR_REDIRECT] 
2026-09-16 11:26:57,559 [ERROR] LogOutputStream:75 - [STDERR_REDIRECT] Sep 16, 2026 11:26:57 AM java.util.prefs.FileSystemPreferences syncWorld
2026-09-16 11:26:57,559 [ERROR] LogOutputStream:75 - [STDERR_REDIRECT] WARNING: Couldn't flush system prefs: java.util.prefs.BackingStoreException: Couldn't get file lock.
2026-09-16 11:26:57,559 [ERROR] LogOutputStream:75 - [STDERR_REDIRECT] 
2026-09-16 11:27:27,558 [ERROR] LogOutputStream:75 - [STDERR_REDIRECT] Sep 16, 2026 11:27:27 AM java.util.prefs.FileSystemPreferences checkLockFile0ErrorCode
2026-09-16 11:27:27,559 [ERROR] LogOutputStream:75 - [STDERR_REDIRECT] WARNING: Could not lock System prefs. Unix error code 31587.
2026-09-16 11:27:27,559 [ERROR] LogOutputStream:75 - [STDERR_REDIRECT] 
2026-09-16 11:27:27,559 [ERROR] LogOutputStream:75 - [STDERR_REDIRECT] Sep 16, 2026 11:27:27 AM java.util.prefs.FileSystemPreferences syncWorld
2026-09-16 11:27:27,559 [ERROR] LogOutputStream:75 - [STDERR_REDIRECT] WARNING: Couldn't flush system prefs: java.util.prefs.BackingStoreException: Couldn't get file lock.
2026-09-16 11:27:27,560 [ERROR] LogOutputStream:75 - [STDERR_REDIRECT] 
2026-09-16 11:27:57,558 [ERROR] LogOutputStream:75 - [STDERR_REDIRECT] Sep 16, 2026 11:27:57 AM java.util.prefs.FileSystemPreferences checkLockFile0ErrorCode
2026-09-16 11:27:57,558 [ERROR] LogOutputStream:75 - [STDERR_REDIRECT] WARNING: Could not lock System prefs. Unix error code 31587.
2026-09-16 11:27:57,559 [ERROR] LogOutputStream:75 - [STDERR_REDIRECT] 
2026-09-16 11:27:57,559 [ERROR] LogOutputStream:75 - [STDERR_REDIRECT] Sep 16, 2026 11:27:57 AM java.util.prefs.FileSystemPreferences syncWorld
2026-09-16 11:27:57,559 [ERROR] LogOutputStream:75 - [STDERR_REDIRECT] WARNING: Couldn't flush system prefs: java.util.prefs.BackingStoreException: Couldn't get file lock.
2026-09-16 11:27:57,559 [ERROR] LogOutputStream:75 - [STDERR_REDIRECT] 
2026-09-16 11:28:27,559 [ERROR] LogOutputStream:75 - [STDERR_REDIRECT] Sep 16, 2026 11:28:27 AM java.util.prefs.FileSystemPreferences checkLockFile0ErrorCode
2026-09-16 11:28:27,559 [ERROR] LogOutputStream:75 - [STDERR_REDIRECT] WARNING: Could not lock System prefs. Unix error code 31587.
2026-09-16 11:28:27,559 [ERROR] LogOutputStream:75 - [STDERR_REDIRECT] 
2026-09-16 11:28:27,559 [ERROR] LogOutputStream:75 - [STDERR_REDIRECT] Sep 16, 2026 11:28:27 AM java.util.prefs.FileSystemPreferences syncWorld
2026-09-16 11:28:27,560 [ERROR] LogOutputStream:75 - [STDERR_REDIRECT] WARNING: Couldn't flush system prefs: java.util.prefs.BackingStoreException: Couldn't get file lock.
2026-09-16 11:28:27,560 [ERROR] LogOutputStream:75 - [STDERR_REDIRECT] 
2026-09-16 11:28:57,557 [ERROR] LogOutputStream:75 - [STDERR_REDIRECT] Sep 16, 2026 11:28:57 AM java.util.prefs.FileSystemPreferences checkLockFile0ErrorCode
2026-09-16 11:28:57,558 [ERROR] LogOutputStream:75 - [STDERR_REDIRECT] WARNING: Could not lock System prefs. Unix error code 31587.
2026-09-16 11:28:57,558 [ERROR] LogOutputStream:75 - [STDERR_REDIRECT] 
2026-09-16 11:28:57,558 [ERROR] LogOutputStream:75 - [STDERR_REDIRECT] Sep 16, 2026 11:28:57 AM java.util.prefs.FileSystemPreferences syncWorld
2026-09-16 11:28:57,558 [ERROR] LogOutputStream:75 - [STDERR_REDIRECT] WARNING: Couldn't flush system prefs: java.util.prefs.BackingStoreException: Couldn't get file lock.
2026-09-16 11:28:57,558 [ERROR] LogOutputStream:75 - [STDERR_REDIRECT] 
2026-09-16 11:29:27,559 [ERROR] LogOutputStream:75 - [STDERR_REDIRECT] Sep 16, 2026 11:29:27 AM java.util.prefs.FileSystemPreferences checkLockFile0ErrorCode
2026-09-16 11:29:27,559 [ERROR] LogOutputStream:75 - [STDERR_REDIRECT] WARNING: Could not lock System prefs. Unix error code 31587.
2026-09-16 11:29:27,559 [ERROR] LogOutputStream:75 - [STDERR_REDIRECT] 
2026-09-16 11:29:27,559 [ERROR] LogOutputStream:75 - [STDERR_REDIRECT] Sep 16, 2026 11:29:27 AM java.util.prefs.FileSystemPreferences syncWorld
2026-09-16 11:29:27,560 [ERROR] LogOutputStream:75 - [STDERR_REDIRECT] WARNING: Couldn't flush system prefs: java.util.prefs.BackingStoreException: Couldn't get file lock.
2026-09-16 11:29:27,560 [ERROR] LogOutputStream:75 - [STDERR_REDIRECT] 
2026-09-16 11:29:57,566 [ERROR] LogOutputStream:75 - [STDERR_REDIRECT] Sep 16, 2026 11:29:57 AM java.util.prefs.FileSystemPreferences checkLockFile0ErrorCode
2026-09-16 11:29:57,566 [ERROR] LogOutputStream:75 - [STDERR_REDIRECT] WARNING: Could not lock System prefs. Unix error code 31587.
2026-09-16 11:29:57,566 [ERROR] LogOutputStream:75 - [STDERR_REDIRECT] 
2026-09-16 11:29:57,566 [ERROR] LogOutputStream:75 - [STDERR_REDIRECT] Sep 16, 2026 11:29:57 AM java.util.prefs.FileSystemPreferences syncWorld
2026-09-16 11:29:57,567 [ERROR] LogOutputStream:75 - [STDERR_REDIRECT] WARNING: Couldn't flush system prefs: java.util.prefs.BackingStoreException: Couldn't get file lock.
2026-09-16 11:29:57,567 [ERROR] LogOutputStream:75 - [STDERR_REDIRECT] 
2026-09-16 11:30:27,559 [ERROR] LogOutputStream:75 - [STDERR_REDIRECT] Sep 16, 2026 11:30:27 AM java.util.prefs.FileSystemPreferences checkLockFile0ErrorCode
2026-09-16 11:30:27,560 [ERROR] LogOutputStream:75 - [STDERR_REDIRECT] WARNING: Could not lock System prefs. Unix error code 31587.
2026-09-16 11:30:27,560 [ERROR] LogOutputStream:75 - [STDERR_REDIRECT] 
2026-09-16 11:30:27,560 [ERROR] LogOutputStream:75 - [STDERR_REDIRECT] Sep 16, 2026 11:30:27 AM java.util.prefs.FileSystemPreferences syncWorld
2026-09-16 11:30:27,560 [ERROR] LogOutputStream:75 - [STDERR_REDIRECT] WARNING: Couldn't flush system prefs: java.util.prefs.BackingStoreException: Couldn't get file lock.
2026-09-16 11:30:27,561 [ERROR] LogOutputStream:75 - [STDERR_REDIRECT] 
2026-09-16 11:30:57,559 [ERROR] LogOutputStream:75 - [STDERR_REDIRECT] Sep 16, 2026 11:30:57 AM java.util.prefs.FileSystemPreferences checkLockFile0ErrorCode
2026-09-16 11:30:57,559 [ERROR] LogOutputStream:75 - [STDERR_REDIRECT] WARNING: Could not lock System prefs. Unix error code 31587.
2026-09-16 11:30:57,559 [ERROR] LogOutputStream:75 - [STDERR_REDIRECT] 
2026-09-16 11:30:57,559 [ERROR] LogOutputStream:75 - [STDERR_REDIRECT] Sep 16, 2026 11:30:57 AM java.util.prefs.FileSystemPreferences syncWorld
2026-09-16 11:30:57,560 [ERROR] LogOutputStream:75 - [STDERR_REDIRECT] WARNING: Couldn't flush system prefs: java.util.prefs.BackingStoreException: Couldn't get file lock.
2026-09-16 11:30:57,560 [ERROR] LogOutputStream:75 - [STDERR_REDIRECT] 
2026-09-16 11:31:27,559 [ERROR] LogOutputStream:75 - [STDERR_REDIRECT] Sep 16, 2026 11:31:27 AM java.util.prefs.FileSystemPreferences checkLockFile0ErrorCode
2026-09-16 11:31:27,559 [ERROR] LogOutputStream:75 - [STDERR_REDIRECT] WARNING: Could not lock System prefs. Unix error code 31587.
2026-09-16 11:31:27,559 [ERROR] LogOutputStream:75 - [STDERR_REDIRECT] 
2026-09-16 11:31:27,559 [ERROR] LogOutputStream:75 - [STDERR_REDIRECT] Sep 16, 2026 11:31:27 AM java.util.prefs.FileSystemPreferences syncWorld
2026-09-16 11:31:27,559 [ERROR] LogOutputStream:75 - [STDERR_REDIRECT] WARNING: Couldn't flush system prefs: java.util.prefs.BackingStoreException: Couldn't get file lock.
2026-09-16 11:31:27,559 [ERROR] LogOutputStream:75 - [STDERR_REDIRECT] 
2026-09-16 11:31:57,559 [ERROR] LogOutputStream:75 - [STDERR_REDIRECT] Sep 16, 2026 11:31:57 AM java.util.prefs.FileSystemPreferences checkLockFile0ErrorCode
2026-09-16 11:31:57,559 [ERROR] LogOutputStream:75 - [STDERR_REDIRECT] WARNING: Could not lock System prefs. Unix error code 31587.
2026-09-16 11:31:57,559 [ERROR] LogOutputStream:75 - [STDERR_REDIRECT] 
2026-09-16 11:31:57,560 [ERROR] LogOutputStream:75 - [STDERR_REDIRECT] Sep 16, 2026 11:31:57 AM java.util.prefs.FileSystemPreferences syncWorld
2026-09-16 11:31:57,560 [ERROR] LogOutputStream:75 - [STDERR_REDIRECT] WARNING: Couldn't flush system prefs: java.util.prefs.BackingStoreException: Couldn't get file lock.
2026-09-16 11:31:57,560 [ERROR] LogOutputStream:75 - [STDERR_REDIRECT] 
2026-09-16 11:32:27,559 [ERROR] LogOutputStream:75 - [STDERR_REDIRECT] Sep 16, 2026 11:32:27 AM java.util.prefs.FileSystemPreferences checkLockFile0ErrorCode
2026-09-16 11:32:27,559 [ERROR] LogOutputStream:75 - [STDERR_REDIRECT] WARNING: Could not lock System prefs. Unix error code 31587.
2026-09-16 11:32:27,559 [ERROR] LogOutputStream:75 - [STDERR_REDIRECT] 
2026-09-16 11:32:27,560 [ERROR] LogOutputStream:75 - [STDERR_REDIRECT] Sep 16, 2026 11:32:27 AM java.util.prefs.FileSystemPreferences syncWorld
2026-09-16 11:32:27,560 [ERROR] LogOutputStream:75 - [STDERR_REDIRECT] WARNING: Couldn't flush system prefs: java.util.prefs.BackingStoreException: Couldn't get file lock.
2026-09-16 11:32:27,560 [ERROR] LogOutputStream:75 - [STDERR_REDIRECT] 
2026-09-16 11:32:57,559 [ERROR] LogOutputStream:75 - [STDERR_REDIRECT] Sep 16, 2026 11:32:57 AM java.util.prefs.FileSystemPreferences checkLockFile0ErrorCode
2026-09-16 11:32:57,560 [ERROR] LogOutputStream:75 - [STDERR_REDIRECT] WARNING: Could not lock System prefs. Unix error code 31587.
2026-09-16 11:32:57,560 [ERROR] LogOutputStream:75 - [STDERR_REDIRECT] 
2026-09-16 11:32:57,560 [ERROR] LogOutputStream:75 - [STDERR_REDIRECT] Sep 16, 2026 11:32:57 AM java.util.prefs.FileSystemPreferences syncWorld
2026-09-16 11:32:57,560 [ERROR] LogOutputStream:75 - [STDERR_REDIRECT] WARNING: Couldn't flush system prefs: java.util.prefs.BackingStoreException: Couldn't get file lock.
2026-09-16 11:32:57,560 [ERROR] LogOutputStream:75 - [STDERR_REDIRECT] 
2026-09-16 11:33:27,560 [ERROR] LogOutputStream:75 - [STDERR_REDIRECT] Sep 16, 2026 11:33:27 AM java.util.prefs.FileSystemPreferences checkLockFile0ErrorCode
2026-09-16 11:33:27,560 [ERROR] LogOutputStream:75 - [STDERR_REDIRECT] WARNING: Could not lock System prefs. Unix error code 31587.
2026-09-16 11:33:27,560 [ERROR] LogOutputStream:75 - [STDERR_REDIRECT] 
2026-09-16 11:33:27,560 [ERROR] LogOutputStream:75 - [STDERR_REDIRECT] Sep 16, 2026 11:33:27 AM java.util.prefs.FileSystemPreferences syncWorld
2026-09-16 11:33:27,561 [ERROR] LogOutputStream:75 - [STDERR_REDIRECT] WARNING: Couldn't flush system prefs: java.util.prefs.BackingStoreException: Couldn't get file lock.
2026-09-16 11:33:27,561 [ERROR] LogOutputStream:75 - [STDERR_REDIRECT] 
2026-09-16 11:33:57,560 [ERROR] LogOutputStream:75 - [STDERR_REDIRECT] Sep 16, 2026 11:33:57 AM java.util.prefs.FileSystemPreferences checkLockFile0ErrorCode
2026-09-16 11:33:57,560 [ERROR] LogOutputStream:75 - [STDERR_REDIRECT] WARNING: Could not lock System prefs. Unix error code 31587.
2026-09-16 11:33:57,560 [ERROR] LogOutputStream:75 - [STDERR_REDIRECT] 
2026-09-16 11:33:57,561 [ERROR] LogOutputStream:75 - [STDERR_REDIRECT] Sep 16, 2026 11:33:57 AM java.util.prefs.FileSystemPreferences syncWorld
2026-09-16 11:33:57,561 [ERROR] LogOutputStream:75 - [STDERR_REDIRECT] WARNING: Couldn't flush system prefs: java.util.prefs.BackingStoreException: Couldn't get file lock.
2026-09-16 11:33:57,561 [ERROR] LogOutputStream:75 - [STDERR_REDIRECT] 
2026-09-16 11:34:27,560 [ERROR] LogOutputStream:75 - [STDERR_REDIRECT] Sep 16, 2026 11:34:27 AM java.util.prefs.FileSystemPreferences checkLockFile0ErrorCode
2026-09-16 11:34:27,560 [ERROR] LogOutputStream:75 - [STDERR_REDIRECT] WARNING: Could not lock System prefs. Unix error code 31587.
2026-09-16 11:34:27,560 [ERROR] LogOutputStream:75 - [STDERR_REDIRECT] 
2026-09-16 11:34:27,561 [ERROR] LogOutputStream:75 - [STDERR_REDIRECT] Sep 16, 2026 11:34:27 AM java.util.prefs.FileSystemPreferences syncWorld
2026-09-16 11:34:27,561 [ERROR] LogOutputStream:75 - [STDERR_REDIRECT] WARNING: Couldn't flush system prefs: java.util.prefs.BackingStoreException: Couldn't get file lock.
2026-09-16 11:34:27,561 [ERROR] LogOutputStream:75 - [STDERR_REDIRECT] 
2026-09-16 11:34:57,560 [ERROR] LogOutputStream:75 - [STDERR_REDIRECT] Sep 16, 2026 11:34:57 AM java.util.prefs.FileSystemPreferences checkLockFile0ErrorCode
2026-09-16 11:34:57,560 [ERROR] LogOutputStream:75 - [STDERR_REDIRECT] WARNING: Could not lock System prefs. Unix error code 31587.
2026-09-16 11:34:57,560 [ERROR] LogOutputStream:75 - [STDERR_REDIRECT] 
2026-09-16 11:34:57,561 [ERROR] LogOutputStream:75 - [STDERR_REDIRECT] Sep 16, 2026 11:34:57 AM java.util.prefs.FileSystemPreferences syncWorld
2026-09-16 11:34:57,561 [ERROR] LogOutputStream:75 - [STDERR_REDIRECT] WARNING: Couldn't flush system prefs: java.util.prefs.BackingStoreException: Couldn't get file lock.
2026-09-16 11:34:57,561 [ERROR] LogOutputStream:75 - [STDERR_REDIRECT] 
2026-09-16 11:35:27,561 [ERROR] LogOutputStream:75 - [STDERR_REDIRECT] Sep 16, 2026 11:35:27 AM java.util.prefs.FileSystemPreferences checkLockFile0ErrorCode
2026-09-16 11:35:27,561 [ERROR] LogOutputStream:75 - [STDERR_REDIRECT] WARNING: Could not lock System prefs. Unix error code 31587.
2026-09-16 11:35:27,561 [ERROR] LogOutputStream:75 - [STDERR_REDIRECT] 
2026-09-16 11:35:27,561 [ERROR] LogOutputStream:75 - [STDERR_REDIRECT] Sep 16, 2026 11:35:27 AM java.util.prefs.FileSystemPreferences syncWorld
2026-09-16 11:35:27,562 [ERROR] LogOutputStream:75 - [STDERR_REDIRECT] WARNING: Couldn't flush system prefs: java.util.prefs.BackingStoreException: Couldn't get file lock.
2026-09-16 11:35:27,562 [ERROR] LogOutputStream:75 - [STDERR_REDIRECT] 
2026-09-16 11:35:57,561 [ERROR] LogOutputStream:75 - [STDERR_REDIRECT] Sep 16, 2026 11:35:57 AM java.util.prefs.FileSystemPreferences checkLockFile0ErrorCode
2026-09-16 11:35:57,561 [ERROR] LogOutputStream:75 - [STDERR_REDIRECT] WARNING: Could not lock System prefs. Unix error code 31587.
2026-09-16 11:35:57,561 [ERROR] LogOutputStream:75 - [STDERR_REDIRECT] 
2026-09-16 11:35:57,561 [ERROR] LogOutputStream:75 - [STDERR_REDIRECT] Sep 16, 2026 11:35:57 AM java.util.prefs.FileSystemPreferences syncWorld
2026-09-16 11:35:57,561 [ERROR] LogOutputStream:75 - [STDERR_REDIRECT] WARNING: Couldn't flush system prefs: java.util.prefs.BackingStoreException: Couldn't get file lock.
2026-09-16 11:35:57,561 [ERROR] LogOutputStream:75 - [STDERR_REDIRECT] 
2026-09-16 11:36:27,560 [ERROR] LogOutputStream:75 - [STDERR_REDIRECT] Sep 16, 2026 11:36:27 AM java.util.prefs.FileSystemPreferences checkLockFile0ErrorCode
2026-09-16 11:36:27,560 [ERROR] LogOutputStream:75 - [STDERR_REDIRECT] WARNING: Could not lock System prefs. Unix error code 31587.
2026-09-16 11:36:27,560 [ERROR] LogOutputStream:75 - [STDERR_REDIRECT] 
2026-09-16 11:36:27,560 [ERROR] LogOutputStream:75 - [STDERR_REDIRECT] Sep 16, 2026 11:36:27 AM java.util.prefs.FileSystemPreferences syncWorld
2026-09-16 11:36:27,561 [ERROR] LogOutputStream:75 - [STDERR_REDIRECT] WARNING: Couldn't flush system prefs: java.util.prefs.BackingStoreException: Couldn't get file lock.
2026-09-16 11:36:27,561 [ERROR] LogOutputStream:75 - [STDERR_REDIRECT] 
2026-09-16 11:36:57,559 [ERROR] LogOutputStream:75 - [STDERR_REDIRECT] Sep 16, 2026 11:36:57 AM java.util.prefs.FileSystemPreferences checkLockFile0ErrorCode
2026-09-16 11:36:57,560 [ERROR] LogOutputStream:75 - [STDERR_REDIRECT] WARNING: Could not lock System prefs. Unix error code 31587.
2026-09-16 11:36:57,560 [ERROR] LogOutputStream:75 - [STDERR_REDIRECT] 
2026-09-16 11:36:57,560 [ERROR] LogOutputStream:75 - [STDERR_REDIRECT] Sep 16, 2026 11:36:57 AM java.util.prefs.FileSystemPreferences syncWorld
2026-09-16 11:36:57,560 [ERROR] LogOutputStream:75 - [STDERR_REDIRECT] WARNING: Couldn't flush system prefs: java.util.prefs.BackingStoreException: Couldn't get file lock.
2026-09-16 11:36:57,560 [ERROR] LogOutputStream:75 - [STDERR_REDIRECT] 
2026-09-16 11:37:27,561 [ERROR] LogOutputStream:75 - [STDERR_REDIRECT] Sep 16, 2026 11:37:27 AM java.util.prefs.FileSystemPreferences checkLockFile0ErrorCode
2026-09-16 11:37:27,561 [ERROR] LogOutputStream:75 - [STDERR_REDIRECT] WARNING: Could not lock System prefs. Unix error code 31587.
2026-09-16 11:37:27,561 [ERROR] LogOutputStream:75 - [STDERR_REDIRECT] 
2026-09-16 11:37:27,562 [ERROR] LogOutputStream:75 - [STDERR_REDIRECT] Sep 16, 2026 11:37:27 AM java.util.prefs.FileSystemPreferences syncWorld
2026-09-16 11:37:27,562 [ERROR] LogOutputStream:75 - [STDERR_REDIRECT] WARNING: Couldn't flush system prefs: java.util.prefs.BackingStoreException: Couldn't get file lock.
2026-09-16 11:37:27,562 [ERROR] LogOutputStream:75 - [STDERR_REDIRECT] 
2026-09-16 11:37:57,561 [ERROR] LogOutputStream:75 - [STDERR_REDIRECT] Sep 16, 2026 11:37:57 AM java.util.prefs.FileSystemPreferences checkLockFile0ErrorCode
2026-09-16 11:37:57,561 [ERROR] LogOutputStream:75 - [STDERR_REDIRECT] WARNING: Could not lock System prefs. Unix error code 31587.
2026-09-16 11:37:57,561 [ERROR] LogOutputStream:75 - [STDERR_REDIRECT] 
2026-09-16 11:37:57,561 [ERROR] LogOutputStream:75 - [STDERR_REDIRECT] Sep 16, 2026 11:37:57 AM java.util.prefs.FileSystemPreferences syncWorld
2026-09-16 11:37:57,562 [ERROR] LogOutputStream:75 - [STDERR_REDIRECT] WARNING: Couldn't flush system prefs: java.util.prefs.BackingStoreException: Couldn't get file lock.
2026-09-16 11:37:57,562 [ERROR] LogOutputStream:75 - [STDERR_REDIRECT] 
2026-09-16 11:38:27,561 [ERROR] LogOutputStream:75 - [STDERR_REDIRECT] Sep 16, 2026 11:38:27 AM java.util.prefs.FileSystemPreferences checkLockFile0ErrorCode
2026-09-16 11:38:27,561 [ERROR] LogOutputStream:75 - [STDERR_REDIRECT] WARNING: Could not lock System prefs. Unix error code 31587.
2026-09-16 11:38:27,561 [ERROR] LogOutputStream:75 - [STDERR_REDIRECT] 
2026-09-16 11:38:27,562 [ERROR] LogOutputStream:75 - [STDERR_REDIRECT] Sep 16, 2026 11:38:27 AM java.util.prefs.FileSystemPreferences syncWorld
2026-09-16 11:38:27,562 [ERROR] LogOutputStream:75 - [STDERR_REDIRECT] WARNING: Couldn't flush system prefs: java.util.prefs.BackingStoreException: Couldn't get file lock.
2026-09-16 11:38:27,562 [ERROR] LogOutputStream:75 - [STDERR_REDIRECT] 
2026-09-16 11:38:57,561 [ERROR] LogOutputStream:75 - [STDERR_REDIRECT] Sep 16, 2026 11:38:57 AM java.util.prefs.FileSystemPreferences checkLockFile0ErrorCode
2026-09-16 11:38:57,561 [ERROR] LogOutputStream:75 - [STDERR_REDIRECT] WARNING: Could not lock System prefs. Unix error code 31587.
2026-09-16 11:38:57,561 [ERROR] LogOutputStream:75 - [STDERR_REDIRECT] 
2026-09-16 11:38:57,562 [ERROR] LogOutputStream:75 - [STDERR_REDIRECT] Sep 16, 2026 11:38:57 AM java.util.prefs.FileSystemPreferences syncWorld
2026-09-16 11:38:57,562 [ERROR] LogOutputStream:75 - [STDERR_REDIRECT] WARNING: Couldn't flush system prefs: java.util.prefs.BackingStoreException: Couldn't get file lock.
2026-09-16 11:38:57,562 [ERROR] LogOutputStream:75 - [STDERR_REDIRECT] 
2026-09-16 11:39:27,561 [ERROR] LogOutputStream:75 - [STDERR_REDIRECT] Sep 16, 2026 11:39:27 AM java.util.prefs.FileSystemPreferences checkLockFile0ErrorCode
2026-09-16 11:39:27,562 [ERROR] LogOutputStream:75 - [STDERR_REDIRECT] WARNING: Could not lock System prefs. Unix error code 31587.
2026-09-16 11:39:27,562 [ERROR] LogOutputStream:75 - [STDERR_REDIRECT] 
2026-09-16 11:39:27,562 [ERROR] LogOutputStream:75 - [STDERR_REDIRECT] Sep 16, 2026 11:39:27 AM java.util.prefs.FileSystemPreferences syncWorld
2026-09-16 11:39:27,562 [ERROR] LogOutputStream:75 - [STDERR_REDIRECT] WARNING: Couldn't flush system prefs: java.util.prefs.BackingStoreException: Couldn't get file lock.
2026-09-16 11:39:27,562 [ERROR] LogOutputStream:75 - [STDERR_REDIRECT] 
2026-09-16 11:39:57,562 [ERROR] LogOutputStream:75 - [STDERR_REDIRECT] Sep 16, 2026 11:39:57 AM java.util.prefs.FileSystemPreferences checkLockFile0ErrorCode
2026-09-16 11:39:57,562 [ERROR] LogOutputStream:75 - [STDERR_REDIRECT] WARNING: Could not lock System prefs. Unix error code 31587.
2026-09-16 11:39:57,562 [ERROR] LogOutputStream:75 - [STDERR_REDIRECT] 
2026-09-16 11:39:57,563 [ERROR] LogOutputStream:75 - [STDERR_REDIRECT] Sep 16, 2026 11:39:57 AM java.util.prefs.FileSystemPreferences syncWorld
2026-09-16 11:39:57,563 [ERROR] LogOutputStream:75 - [STDERR_REDIRECT] WARNING: Couldn't flush system prefs: java.util.prefs.BackingStoreException: Couldn't get file lock.
2026-09-16 11:39:57,563 [ERROR] LogOutputStream:75 - [STDERR_REDIRECT] 
2026-09-16 11:40:27,561 [ERROR] LogOutputStream:75 - [STDERR_REDIRECT] Sep 16, 2026 11:40:27 AM java.util.prefs.FileSystemPreferences checkLockFile0ErrorCode
2026-09-16 11:40:27,561 [ERROR] LogOutputStream:75 - [STDERR_REDIRECT] WARNING: Could not lock System prefs. Unix error code 31587.
2026-09-16 11:40:27,562 [ERROR] LogOutputStream:75 - [STDERR_REDIRECT] 
2026-09-16 11:40:27,562 [ERROR] LogOutputStream:75 - [STDERR_REDIRECT] Sep 16, 2026 11:40:27 AM java.util.prefs.FileSystemPreferences syncWorld
2026-09-16 11:40:27,562 [ERROR] LogOutputStream:75 - [STDERR_REDIRECT] WARNING: Couldn't flush system prefs: java.util.prefs.BackingStoreException: Couldn't get file lock.
2026-09-16 11:40:27,562 [ERROR] LogOutputStream:75 - [STDERR_REDIRECT] 
2026-09-16 11:40:57,561 [ERROR] LogOutputStream:75 - [STDERR_REDIRECT] Sep 16, 2026 11:40:57 AM java.util.prefs.FileSystemPreferences checkLockFile0ErrorCode
2026-09-16 11:40:57,561 [ERROR] LogOutputStream:75 - [STDERR_REDIRECT] WARNING: Could not lock System prefs. Unix error code 31587.
2026-09-16 11:40:57,561 [ERROR] LogOutputStream:75 - [STDERR_REDIRECT] 
2026-09-16 11:40:57,562 [ERROR] LogOutputStream:75 - [STDERR_REDIRECT] Sep 16, 2026 11:40:57 AM java.util.prefs.FileSystemPreferences syncWorld
2026-09-16 11:40:57,562 [ERROR] LogOutputStream:75 - [STDERR_REDIRECT] WARNING: Couldn't flush system prefs: java.util.prefs.BackingStoreException: Couldn't get file lock.
2026-09-16 11:40:57,562 [ERROR] LogOutputStream:75 - [STDERR_REDIRECT] 
2026-09-16 11:41:27,561 [ERROR] LogOutputStream:75 - [STDERR_REDIRECT] Sep 16, 2026 11:41:27 AM java.util.prefs.FileSystemPreferences checkLockFile0ErrorCode
2026-09-16 11:41:27,561 [ERROR] LogOutputStream:75 - [STDERR_REDIRECT] WARNING: Could not lock System prefs. Unix error code 31587.
2026-09-16 11:41:27,561 [ERROR] LogOutputStream:75 - [STDERR_REDIRECT] 
2026-09-16 11:41:27,561 [ERROR] LogOutputStream:75 - [STDERR_REDIRECT] Sep 16, 2026 11:41:27 AM java.util.prefs.FileSystemPreferences syncWorld
2026-09-16 11:41:27,562 [ERROR] LogOutputStream:75 - [STDERR_REDIRECT] WARNING: Couldn't flush system prefs: java.util.prefs.BackingStoreException: Couldn't get file lock.
2026-09-16 11:41:27,562 [ERROR] LogOutputStream:75 - [STDERR_REDIRECT] 
2026-09-16 11:41:57,561 [ERROR] LogOutputStream:75 - [STDERR_REDIRECT] Sep 16, 2026 11:41:57 AM java.util.prefs.FileSystemPreferences checkLockFile0ErrorCode
2026-09-16 11:41:57,561 [ERROR] LogOutputStream:75 - [STDERR_REDIRECT] WARNING: Could not lock System prefs. Unix error code 31587.
2026-09-16 11:41:57,561 [ERROR] LogOutputStream:75 - [STDERR_REDIRECT] 
2026-09-16 11:41:57,562 [ERROR] LogOutputStream:75 - [STDERR_REDIRECT] Sep 16, 2026 11:41:57 AM java.util.prefs.FileSystemPreferences syncWorld
2026-09-16 11:41:57,562 [ERROR] LogOutputStream:75 - [STDERR_REDIRECT] WARNING: Couldn't flush system prefs: java.util.prefs.BackingStoreException: Couldn't get file lock.
2026-09-16 11:41:57,562 [ERROR] LogOutputStream:75 - [STDERR_REDIRECT] 
2026-09-16 11:42:27,561 [ERROR] LogOutputStream:75 - [STDERR_REDIRECT] Sep 16, 2026 11:42:27 AM java.util.prefs.FileSystemPreferences checkLockFile0ErrorCode
2026-09-16 11:42:27,562 [ERROR] LogOutputStream:75 - [STDERR_REDIRECT] WARNING: Could not lock System prefs. Unix error code 31587.
2026-09-16 11:42:27,562 [ERROR] LogOutputStream:75 - [STDERR_REDIRECT] 
2026-09-16 11:42:27,562 [ERROR] LogOutputStream:75 - [STDERR_REDIRECT] Sep 16, 2026 11:42:27 AM java.util.prefs.FileSystemPreferences syncWorld
2026-09-16 11:42:27,562 [ERROR] LogOutputStream:75 - [STDERR_REDIRECT] WARNING: Couldn't flush system prefs: java.util.prefs.BackingStoreException: Couldn't get file lock.
2026-09-16 11:42:27,562 [ERROR] LogOutputStream:75 - [STDERR_REDIRECT] 
2026-09-16 11:42:57,562 [ERROR] LogOutputStream:75 - [STDERR_REDIRECT] Sep 16, 2026 11:42:57 AM java.util.prefs.FileSystemPreferences checkLockFile0ErrorCode
2026-09-16 11:42:57,563 [ERROR] LogOutputStream:75 - [STDERR_REDIRECT] WARNING: Could not lock System prefs. Unix error code 31587.
2026-09-16 11:42:57,563 [ERROR] LogOutputStream:75 - [STDERR_REDIRECT] 
2026-09-16 11:42:57,563 [ERROR] LogOutputStream:75 - [STDERR_REDIRECT] Sep 16, 2026 11:42:57 AM java.util.prefs.FileSystemPreferences syncWorld
2026-09-16 11:42:57,563 [ERROR] LogOutputStream:75 - [STDERR_REDIRECT] WARNING: Couldn't flush system prefs: java.util.prefs.BackingStoreException: Couldn't get file lock.
2026-09-16 11:42:57,563 [ERROR] LogOutputStream:75 - [STDERR_REDIRECT] 
2026-09-16 11:43:27,562 [ERROR] LogOutputStream:75 - [STDERR_REDIRECT] Sep 16, 2026 11:43:27 AM java.util.prefs.FileSystemPreferences checkLockFile0ErrorCode
2026-09-16 11:43:27,562 [ERROR] LogOutputStream:75 - [STDERR_REDIRECT] WARNING: Could not lock System prefs. Unix error code 31587.
2026-09-16 11:43:27,562 [ERROR] LogOutputStream:75 - [STDERR_REDIRECT] 
2026-09-16 11:43:27,563 [ERROR] LogOutputStream:75 - [STDERR_REDIRECT] Sep 16, 2026 11:43:27 AM java.util.prefs.FileSystemPreferences syncWorld
2026-09-16 11:43:27,563 [ERROR] LogOutputStream:75 - [STDERR_REDIRECT] WARNING: Couldn't flush system prefs: java.util.prefs.BackingStoreException: Couldn't get file lock.
2026-09-16 11:43:27,563 [ERROR] LogOutputStream:75 - [STDERR_REDIRECT] 
2026-09-16 11:43:57,562 [ERROR] LogOutputStream:75 - [STDERR_REDIRECT] Sep 16, 2026 11:43:57 AM java.util.prefs.FileSystemPreferences checkLockFile0ErrorCode
2026-09-16 11:43:57,562 [ERROR] LogOutputStream:75 - [STDERR_REDIRECT] WARNING: Could not lock System prefs. Unix error code 31587.
2026-09-16 11:43:57,563 [ERROR] LogOutputStream:75 - [STDERR_REDIRECT] 
2026-09-16 11:43:57,563 [ERROR] LogOutputStream:75 - [STDERR_REDIRECT] Sep 16, 2026 11:43:57 AM java.util.prefs.FileSystemPreferences syncWorld
2026-09-16 11:43:57,563 [ERROR] LogOutputStream:75 - [STDERR_REDIRECT] WARNING: Couldn't flush system prefs: java.util.prefs.BackingStoreException: Couldn't get file lock.
2026-09-16 11:43:57,563 [ERROR] LogOutputStream:75 - [STDERR_REDIRECT] 
2026-09-16 11:44:27,562 [ERROR] LogOutputStream:75 - [STDERR_REDIRECT] Sep 16, 2026 11:44:27 AM java.util.prefs.FileSystemPreferences checkLockFile0ErrorCode
2026-09-16 11:44:27,562 [ERROR] LogOutputStream:75 - [STDERR_REDIRECT] WARNING: Could not lock System prefs. Unix error code 31587.
2026-09-16 11:44:27,563 [ERROR] LogOutputStream:75 - [STDERR_REDIRECT] 
2026-09-16 11:44:27,563 [ERROR] LogOutputStream:75 - [STDERR_REDIRECT] Sep 16, 2026 11:44:27 AM java.util.prefs.FileSystemPreferences syncWorld
2026-09-16 11:44:27,563 [ERROR] LogOutputStream:75 - [STDERR_REDIRECT] WARNING: Couldn't flush system prefs: java.util.prefs.BackingStoreException: Couldn't get file lock.
2026-09-16 11:44:27,563 [ERROR] LogOutputStream:75 - [STDERR_REDIRECT] 
2026-09-16 11:44:57,562 [ERROR] LogOutputStream:75 - [STDERR_REDIRECT] Sep 16, 2026 11:44:57 AM java.util.prefs.FileSystemPreferences checkLockFile0ErrorCode
2026-09-16 11:44:57,562 [ERROR] LogOutputStream:75 - [STDERR_REDIRECT] WARNING: Could not lock System prefs. Unix error code 31587.
2026-09-16 11:44:57,563 [ERROR] LogOutputStream:75 - [STDERR_REDIRECT] 
2026-09-16 11:44:57,563 [ERROR] LogOutputStream:75 - [STDERR_REDIRECT] Sep 16, 2026 11:44:57 AM java.util.prefs.FileSystemPreferences syncWorld
2026-09-16 11:44:57,563 [ERROR] LogOutputStream:75 - [STDERR_REDIRECT] WARNING: Couldn't flush system prefs: java.util.prefs.BackingStoreException: Couldn't get file lock.
2026-09-16 11:44:57,563 [ERROR] LogOutputStream:75 - [STDERR_REDIRECT] 
2026-09-16 11:45:27,564 [ERROR] LogOutputStream:75 - [STDERR_REDIRECT] Sep 16, 2026 11:45:27 AM java.util.prefs.FileSystemPreferences checkLockFile0ErrorCode
2026-09-16 11:45:27,564 [ERROR] LogOutputStream:75 - [STDERR_REDIRECT] WARNING: Could not lock System prefs. Unix error code 31587.
2026-09-16 11:45:27,564 [ERROR] LogOutputStream:75 - [STDERR_REDIRECT] 
2026-09-16 11:45:27,564 [ERROR] LogOutputStream:75 - [STDERR_REDIRECT] Sep 16, 2026 11:45:27 AM java.util.prefs.FileSystemPreferences syncWorld
2026-09-16 11:45:27,564 [ERROR] LogOutputStream:75 - [STDERR_REDIRECT] WARNING: Couldn't flush system prefs: java.util.prefs.BackingStoreException: Couldn't get file lock.
2026-09-16 11:45:27,564 [ERROR] LogOutputStream:75 - [STDERR_REDIRECT] 
2026-09-16 11:45:57,562 [ERROR] LogOutputStream:75 - [STDERR_REDIRECT] Sep 16, 2026 11:45:57 AM java.util.prefs.FileSystemPreferences checkLockFile0ErrorCode
2026-09-16 11:45:57,563 [ERROR] LogOutputStream:75 - [STDERR_REDIRECT] WARNING: Could not lock System prefs. Unix error code 31587.
2026-09-16 11:45:57,563 [ERROR] LogOutputStream:75 - [STDERR_REDIRECT] 
2026-09-16 11:45:57,563 [ERROR] LogOutputStream:75 - [STDERR_REDIRECT] Sep 16, 2026 11:45:57 AM java.util.prefs.FileSystemPreferences syncWorld
2026-09-16 11:45:57,563 [ERROR] LogOutputStream:75 - [STDERR_REDIRECT] WARNING: Couldn't flush system prefs: java.util.prefs.BackingStoreException: Couldn't get file lock.
2026-09-16 11:45:57,563 [ERROR] LogOutputStream:75 - [STDERR_REDIRECT] 
2026-09-16 11:46:27,564 [ERROR] LogOutputStream:75 - [STDERR_REDIRECT] Sep 16, 2026 11:46:27 AM java.util.prefs.FileSystemPreferences checkLockFile0ErrorCode
2026-09-16 11:46:27,564 [ERROR] LogOutputStream:75 - [STDERR_REDIRECT] WARNING: Could not lock System prefs. Unix error code 31587.
2026-09-16 11:46:27,564 [ERROR] LogOutputStream:75 - [STDERR_REDIRECT] 
2026-09-16 11:46:27,565 [ERROR] LogOutputStream:75 - [STDERR_REDIRECT] Sep 16, 2026 11:46:27 AM java.util.prefs.FileSystemPreferences syncWorld
2026-09-16 11:46:27,565 [ERROR] LogOutputStream:75 - [STDERR_REDIRECT] WARNING: Couldn't flush system prefs: java.util.prefs.BackingStoreException: Couldn't get file lock.
2026-09-16 11:46:27,565 [ERROR] LogOutputStream:75 - [STDERR_REDIRECT] 
2026-09-16 11:46:57,563 [ERROR] LogOutputStream:75 - [STDERR_REDIRECT] Sep 16, 2026 11:46:57 AM java.util.prefs.FileSystemPreferences checkLockFile0ErrorCode
2026-09-16 11:46:57,564 [ERROR] LogOutputStream:75 - [STDERR_REDIRECT] WARNING: Could not lock System prefs. Unix error code 31587.
2026-09-16 11:46:57,564 [ERROR] LogOutputStream:75 - [STDERR_REDIRECT] 
2026-09-16 11:46:57,564 [ERROR] LogOutputStream:75 - [STDERR_REDIRECT] Sep 16, 2026 11:46:57 AM java.util.prefs.FileSystemPreferences syncWorld
2026-09-16 11:46:57,564 [ERROR] LogOutputStream:75 - [STDERR_REDIRECT] WARNING: Couldn't flush system prefs: java.util.prefs.BackingStoreException: Couldn't get file lock.
2026-09-16 11:46:57,564 [ERROR] LogOutputStream:75 - [STDERR_REDIRECT] 
2026-09-16 11:47:27,564 [ERROR] LogOutputStream:75 - [STDERR_REDIRECT] Sep 16, 2026 11:47:27 AM java.util.prefs.FileSystemPreferences checkLockFile0ErrorCode
2026-09-16 11:47:27,564 [ERROR] LogOutputStream:75 - [STDERR_REDIRECT] WARNING: Could not lock System prefs. Unix error code 31587.
2026-09-16 11:47:27,564 [ERROR] LogOutputStream:75 - [STDERR_REDIRECT] 
2026-09-16 11:47:27,565 [ERROR] LogOutputStream:75 - [STDERR_REDIRECT] Sep 16, 2026 11:47:27 AM java.util.prefs.FileSystemPreferences syncWorld
2026-09-16 11:47:27,565 [ERROR] LogOutputStream:75 - [STDERR_REDIRECT] WARNING: Couldn't flush system prefs: java.util.prefs.BackingStoreException: Couldn't get file lock.
2026-09-16 11:47:27,565 [ERROR] LogOutputStream:75 - [STDERR_REDIRECT] 
2026-09-16 11:47:57,564 [ERROR] LogOutputStream:75 - [STDERR_REDIRECT] Sep 16, 2026 11:47:57 AM java.util.prefs.FileSystemPreferences checkLockFile0ErrorCode
2026-09-16 11:47:57,564 [ERROR] LogOutputStream:75 - [STDERR_REDIRECT] WARNING: Could not lock System prefs. Unix error code 31587.
2026-09-16 11:47:57,564 [ERROR] LogOutputStream:75 - [STDERR_REDIRECT] 
2026-09-16 11:47:57,565 [ERROR] LogOutputStream:75 - [STDERR_REDIRECT] Sep 16, 2026 11:47:57 AM java.util.prefs.FileSystemPreferences syncWorld
2026-09-16 11:47:57,565 [ERROR] LogOutputStream:75 - [STDERR_REDIRECT] WARNING: Couldn't flush system prefs: java.util.prefs.BackingStoreException: Couldn't get file lock.
2026-09-16 11:47:57,565 [ERROR] LogOutputStream:75 - [STDERR_REDIRECT] 
2026-09-16 11:48:27,564 [ERROR] LogOutputStream:75 - [STDERR_REDIRECT] Sep 16, 2026 11:48:27 AM java.util.prefs.FileSystemPreferences checkLockFile0ErrorCode
2026-09-16 11:48:27,564 [ERROR] LogOutputStream:75 - [STDERR_REDIRECT] WARNING: Could not lock System prefs. Unix error code 31587.
2026-09-16 11:48:27,564 [ERROR] LogOutputStream:75 - [STDERR_REDIRECT] 
2026-09-16 11:48:27,565 [ERROR] LogOutputStream:75 - [STDERR_REDIRECT] Sep 16, 2026 11:48:27 AM java.util.prefs.FileSystemPreferences syncWorld
2026-09-16 11:48:27,565 [ERROR] LogOutputStream:75 - [STDERR_REDIRECT] WARNING: Couldn't flush system prefs: java.util.prefs.BackingStoreException: Couldn't get file lock.
2026-09-16 11:48:27,565 [ERROR] LogOutputStream:75 - [STDERR_REDIRECT] 
2026-09-16 11:48:57,564 [ERROR] LogOutputStream:75 - [STDERR_REDIRECT] Sep 16, 2026 11:48:57 AM java.util.prefs.FileSystemPreferences checkLockFile0ErrorCode
2026-09-16 11:48:57,564 [ERROR] LogOutputStream:75 - [STDERR_REDIRECT] WARNING: Could not lock System prefs. Unix error code 31587.
2026-09-16 11:48:57,564 [ERROR] LogOutputStream:75 - [STDERR_REDIRECT] 
2026-09-16 11:48:57,565 [ERROR] LogOutputStream:75 - [STDERR_REDIRECT] Sep 16, 2026 11:48:57 AM java.util.prefs.FileSystemPreferences syncWorld
2026-09-16 11:48:57,565 [ERROR] LogOutputStream:75 - [STDERR_REDIRECT] WARNING: Couldn't flush system prefs: java.util.prefs.BackingStoreException: Couldn't get file lock.
2026-09-16 11:48:57,565 [ERROR] LogOutputStream:75 - [STDERR_REDIRECT] 
2026-09-16 11:49:27,564 [ERROR] LogOutputStream:75 - [STDERR_REDIRECT] Sep 16, 2026 11:49:27 AM java.util.prefs.FileSystemPreferences checkLockFile0ErrorCode
2026-09-16 11:49:27,564 [ERROR] LogOutputStream:75 - [STDERR_REDIRECT] WARNING: Could not lock System prefs. Unix error code 31587.
2026-09-16 11:49:27,564 [ERROR] LogOutputStream:75 - [STDERR_REDIRECT] 
2026-09-16 11:49:27,565 [ERROR] LogOutputStream:75 - [STDERR_REDIRECT] Sep 16, 2026 11:49:27 AM java.util.prefs.FileSystemPreferences syncWorld
2026-09-16 11:49:27,565 [ERROR] LogOutputStream:75 - [STDERR_REDIRECT] WARNING: Couldn't flush system prefs: java.util.prefs.BackingStoreException: Couldn't get file lock.
2026-09-16 11:49:27,565 [ERROR] LogOutputStream:75 - [STDERR_REDIRECT] 
2026-09-16 11:49:57,565 [ERROR] LogOutputStream:75 - [STDERR_REDIRECT] Sep 16, 2026 11:49:57 AM java.util.prefs.FileSystemPreferences checkLockFile0ErrorCode
2026-09-16 11:49:57,565 [ERROR] LogOutputStream:75 - [STDERR_REDIRECT] WARNING: Could not lock System prefs. Unix error code 31587.
2026-09-16 11:49:57,565 [ERROR] LogOutputStream:75 - [STDERR_REDIRECT] 
2026-09-16 11:49:57,565 [ERROR] LogOutputStream:75 - [STDERR_REDIRECT] Sep 16, 2026 11:49:57 AM java.util.prefs.FileSystemPreferences syncWorld
2026-09-16 11:49:57,565 [ERROR] LogOutputStream:75 - [STDERR_REDIRECT] WARNING: Couldn't flush system prefs: java.util.prefs.BackingStoreException: Couldn't get file lock.
2026-09-16 11:49:57,565 [ERROR] LogOutputStream:75 - [STDERR_REDIRECT] 
2026-09-16 11:50:27,564 [ERROR] LogOutputStream:75 - [STDERR_REDIRECT] Sep 16, 2026 11:50:27 AM java.util.prefs.FileSystemPreferences checkLockFile0ErrorCode
2026-09-16 11:50:27,564 [ERROR] LogOutputStream:75 - [STDERR_REDIRECT] WARNING: Could not lock System prefs. Unix error code 31587.
2026-09-16 11:50:27,564 [ERROR] LogOutputStream:75 - [STDERR_REDIRECT] 
2026-09-16 11:50:27,564 [ERROR] LogOutputStream:75 - [STDERR_REDIRECT] Sep 16, 2026 11:50:27 AM java.util.prefs.FileSystemPreferences syncWorld
2026-09-16 11:50:27,564 [ERROR] LogOutputStream:75 - [STDERR_REDIRECT] WARNING: Couldn't flush system prefs: java.util.prefs.BackingStoreException: Couldn't get file lock.
2026-09-16 11:50:27,565 [ERROR] LogOutputStream:75 - [STDERR_REDIRECT] 
2026-09-16 11:50:57,564 [ERROR] LogOutputStream:75 - [STDERR_REDIRECT] Sep 16, 2026 11:50:57 AM java.util.prefs.FileSystemPreferences checkLockFile0ErrorCode
2026-09-16 11:50:57,564 [ERROR] LogOutputStream:75 - [STDERR_REDIRECT] WARNING: Could not lock System prefs. Unix error code 31587.
2026-09-16 11:50:57,564 [ERROR] LogOutputStream:75 - [STDERR_REDIRECT] 
2026-09-16 11:50:57,564 [ERROR] LogOutputStream:75 - [STDERR_REDIRECT] Sep 16, 2026 11:50:57 AM java.util.prefs.FileSystemPreferences syncWorld
2026-09-16 11:50:57,565 [ERROR] LogOutputStream:75 - [STDERR_REDIRECT] WARNING: Couldn't flush system prefs: java.util.prefs.BackingStoreException: Couldn't get file lock.
2026-09-16 11:50:57,565 [ERROR] LogOutputStream:75 - [STDERR_REDIRECT] 
2026-09-16 11:51:27,563 [ERROR] LogOutputStream:75 - [STDERR_REDIRECT] Sep 16, 2026 11:51:27 AM java.util.prefs.FileSystemPreferences checkLockFile0ErrorCode
2026-09-16 11:51:27,564 [ERROR] LogOutputStream:75 - [STDERR_REDIRECT] WARNING: Could not lock System prefs. Unix error code 31587.
2026-09-16 11:51:27,564 [ERROR] LogOutputStream:75 - [STDERR_REDIRECT] 
2026-09-16 11:51:27,564 [ERROR] LogOutputStream:75 - [STDERR_REDIRECT] Sep 16, 2026 11:51:27 AM java.util.prefs.FileSystemPreferences syncWorld
2026-09-16 11:51:27,564 [ERROR] LogOutputStream:75 - [STDERR_REDIRECT] WARNING: Couldn't flush system prefs: java.util.prefs.BackingStoreException: Couldn't get file lock.
2026-09-16 11:51:27,565 [ERROR] LogOutputStream:75 - [STDERR_REDIRECT] 
2026-09-16 11:51:57,563 [ERROR] LogOutputStream:75 - [STDERR_REDIRECT] Sep 16, 2026 11:51:57 AM java.util.prefs.FileSystemPreferences checkLockFile0ErrorCode
2026-09-16 11:51:57,564 [ERROR] LogOutputStream:75 - [STDERR_REDIRECT] WARNING: Could not lock System prefs. Unix error code 31587.
2026-09-16 11:51:57,564 [ERROR] LogOutputStream:75 - [STDERR_REDIRECT] 
2026-09-16 11:51:57,564 [ERROR] LogOutputStream:75 - [STDERR_REDIRECT] Sep 16, 2026 11:51:57 AM java.util.prefs.FileSystemPreferences syncWorld
2026-09-16 11:51:57,564 [ERROR] LogOutputStream:75 - [STDERR_REDIRECT] WARNING: Couldn't flush system prefs: java.util.prefs.BackingStoreException: Couldn't get file lock.
2026-09-16 11:51:57,564 [ERROR] LogOutputStream:75 - [STDERR_REDIRECT] 
2026-09-16 11:52:27,565 [ERROR] LogOutputStream:75 - [STDERR_REDIRECT] Sep 16, 2026 11:52:27 AM java.util.prefs.FileSystemPreferences checkLockFile0ErrorCode
2026-09-16 11:52:27,565 [ERROR] LogOutputStream:75 - [STDERR_REDIRECT] WARNING: Could not lock System prefs. Unix error code 31587.
2026-09-16 11:52:27,565 [ERROR] LogOutputStream:75 - [STDERR_REDIRECT] 
2026-09-16 11:52:27,566 [ERROR] LogOutputStream:75 - [STDERR_REDIRECT] Sep 16, 2026 11:52:27 AM java.util.prefs.FileSystemPreferences syncWorld
2026-09-16 11:52:27,566 [ERROR] LogOutputStream:75 - [STDERR_REDIRECT] WARNING: Couldn't flush system prefs: java.util.prefs.BackingStoreException: Couldn't get file lock.
2026-09-16 11:52:27,566 [ERROR] LogOutputStream:75 - [STDERR_REDIRECT] 
2026-09-16 11:52:57,565 [ERROR] LogOutputStream:75 - [STDERR_REDIRECT] Sep 16, 2026 11:52:57 AM java.util.prefs.FileSystemPreferences checkLockFile0ErrorCode
2026-09-16 11:52:57,565 [ERROR] LogOutputStream:75 - [STDERR_REDIRECT] WARNING: Could not lock System prefs. Unix error code 31587.
2026-09-16 11:52:57,565 [ERROR] LogOutputStream:75 - [STDERR_REDIRECT] 
2026-09-16 11:52:57,566 [ERROR] LogOutputStream:75 - [STDERR_REDIRECT] Sep 16, 2026 11:52:57 AM java.util.prefs.FileSystemPreferences syncWorld
2026-09-16 11:52:57,566 [ERROR] LogOutputStream:75 - [STDERR_REDIRECT] WARNING: Couldn't flush system prefs: java.util.prefs.BackingStoreException: Couldn't get file lock.
2026-09-16 11:52:57,566 [ERROR] LogOutputStream:75 - [STDERR_REDIRECT] 
2026-09-16 11:53:27,565 [ERROR] LogOutputStream:75 - [STDERR_REDIRECT] Sep 16, 2026 11:53:27 AM java.util.prefs.FileSystemPreferences checkLockFile0ErrorCode
2026-09-16 11:53:27,565 [ERROR] LogOutputStream:75 - [STDERR_REDIRECT] WARNING: Could not lock System prefs. Unix error code 31587.
2026-09-16 11:53:27,566 [ERROR] LogOutputStream:75 - [STDERR_REDIRECT] 
2026-09-16 11:53:27,566 [ERROR] LogOutputStream:75 - [STDERR_REDIRECT] Sep 16, 2026 11:53:27 AM java.util.prefs.FileSystemPreferences syncWorld
2026-09-16 11:53:27,566 [ERROR] LogOutputStream:75 - [STDERR_REDIRECT] WARNING: Couldn't flush system prefs: java.util.prefs.BackingStoreException: Couldn't get file lock.
2026-09-16 11:53:27,566 [ERROR] LogOutputStream:75 - [STDERR_REDIRECT] 
2026-09-16 11:53:57,565 [ERROR] LogOutputStream:75 - [STDERR_REDIRECT] Sep 16, 2026 11:53:57 AM java.util.prefs.FileSystemPreferences checkLockFile0ErrorCode
2026-09-16 11:53:57,565 [ERROR] LogOutputStream:75 - [STDERR_REDIRECT] WARNING: Could not lock System prefs. Unix error code 31587.
2026-09-16 11:53:57,566 [ERROR] LogOutputStream:75 - [STDERR_REDIRECT] 
2026-09-16 11:53:57,566 [ERROR] LogOutputStream:75 - [STDERR_REDIRECT] Sep 16, 2026 11:53:57 AM java.util.prefs.FileSystemPreferences syncWorld
2026-09-16 11:53:57,566 [ERROR] LogOutputStream:75 - [STDERR_REDIRECT] WARNING: Couldn't flush system prefs: java.util.prefs.BackingStoreException: Couldn't get file lock.
2026-09-16 11:53:57,566 [ERROR] LogOutputStream:75 - [STDERR_REDIRECT] 
2026-09-16 11:54:27,565 [ERROR] LogOutputStream:75 - [STDERR_REDIRECT] Sep 16, 2026 11:54:27 AM java.util.prefs.FileSystemPreferences checkLockFile0ErrorCode
2026-09-16 11:54:27,566 [ERROR] LogOutputStream:75 - [STDERR_REDIRECT] WARNING: Could not lock System prefs. Unix error code 31587.
2026-09-16 11:54:27,566 [ERROR] LogOutputStream:75 - [STDERR_REDIRECT] 
2026-09-16 11:54:27,566 [ERROR] LogOutputStream:75 - [STDERR_REDIRECT] Sep 16, 2026 11:54:27 AM java.util.prefs.FileSystemPreferences syncWorld
2026-09-16 11:54:27,566 [ERROR] LogOutputStream:75 - [STDERR_REDIRECT] WARNING: Couldn't flush system prefs: java.util.prefs.BackingStoreException: Couldn't get file lock.
2026-09-16 11:54:27,566 [ERROR] LogOutputStream:75 - [STDERR_REDIRECT] 
2026-09-16 11:54:57,567 [ERROR] LogOutputStream:75 - [STDERR_REDIRECT] Sep 16, 2026 11:54:57 AM java.util.prefs.FileSystemPreferences checkLockFile0ErrorCode
2026-09-16 11:54:57,567 [ERROR] LogOutputStream:75 - [STDERR_REDIRECT] WARNING: Could not lock System prefs. Unix error code 31587.
2026-09-16 11:54:57,568 [ERROR] LogOutputStream:75 - [STDERR_REDIRECT] 
2026-09-16 11:54:57,568 [ERROR] LogOutputStream:75 - [STDERR_REDIRECT] Sep 16, 2026 11:54:57 AM java.util.prefs.FileSystemPreferences syncWorld
2026-09-16 11:54:57,568 [ERROR] LogOutputStream:75 - [STDERR_REDIRECT] WARNING: Couldn't flush system prefs: java.util.prefs.BackingStoreException: Couldn't get file lock.
2026-09-16 11:54:57,568 [ERROR] LogOutputStream:75 - [STDERR_REDIRECT] 
2026-09-16 11:55:27,567 [ERROR] LogOutputStream:75 - [STDERR_REDIRECT] Sep 16, 2026 11:55:27 AM java.util.prefs.FileSystemPreferences checkLockFile0ErrorCode
2026-09-16 11:55:27,568 [ERROR] LogOutputStream:75 - [STDERR_REDIRECT] WARNING: Could not lock System prefs. Unix error code 31587.
2026-09-16 11:55:27,568 [ERROR] LogOutputStream:75 - [STDERR_REDIRECT] 
2026-09-16 11:55:27,568 [ERROR] LogOutputStream:75 - [STDERR_REDIRECT] Sep 16, 2026 11:55:27 AM java.util.prefs.FileSystemPreferences syncWorld
2026-09-16 11:55:27,568 [ERROR] LogOutputStream:75 - [STDERR_REDIRECT] WARNING: Couldn't flush system prefs: java.util.prefs.BackingStoreException: Couldn't get file lock.
2026-09-16 11:55:27,568 [ERROR] LogOutputStream:75 - [STDERR_REDIRECT] 
2026-09-16 11:55:57,568 [ERROR] LogOutputStream:75 - [STDERR_REDIRECT] Sep 16, 2026 11:55:57 AM java.util.prefs.FileSystemPreferences checkLockFile0ErrorCode
2026-09-16 11:55:57,569 [ERROR] LogOutputStream:75 - [STDERR_REDIRECT] WARNING: Could not lock System prefs. Unix error code 31587.
2026-09-16 11:55:57,569 [ERROR] LogOutputStream:75 - [STDERR_REDIRECT] 
2026-09-16 11:55:57,569 [ERROR] LogOutputStream:75 - [STDERR_REDIRECT] Sep 16, 2026 11:55:57 AM java.util.prefs.FileSystemPreferences syncWorld
2026-09-16 11:55:57,569 [ERROR] LogOutputStream:75 - [STDERR_REDIRECT] WARNING: Couldn't flush system prefs: java.util.prefs.BackingStoreException: Couldn't get file lock.
2026-09-16 11:55:57,569 [ERROR] LogOutputStream:75 - [STDERR_REDIRECT] 
2026-09-16 11:56:27,568 [ERROR] LogOutputStream:75 - [STDERR_REDIRECT] Sep 16, 2026 11:56:27 AM java.util.prefs.FileSystemPreferences checkLockFile0ErrorCode
2026-09-16 11:56:27,569 [ERROR] LogOutputStream:75 - [STDERR_REDIRECT] WARNING: Could not lock System prefs. Unix error code 31587.
2026-09-16 11:56:27,569 [ERROR] LogOutputStream:75 - [STDERR_REDIRECT] 
2026-09-16 11:56:27,569 [ERROR] LogOutputStream:75 - [STDERR_REDIRECT] Sep 16, 2026 11:56:27 AM java.util.prefs.FileSystemPreferences syncWorld
2026-09-16 11:56:27,569 [ERROR] LogOutputStream:75 - [STDERR_REDIRECT] WARNING: Couldn't flush system prefs: java.util.prefs.BackingStoreException: Couldn't get file lock.
2026-09-16 11:56:27,569 [ERROR] LogOutputStream:75 - [STDERR_REDIRECT] 
2026-09-16 11:56:57,569 [ERROR] LogOutputStream:75 - [STDERR_REDIRECT] Sep 16, 2026 11:56:57 AM java.util.prefs.FileSystemPreferences checkLockFile0ErrorCode
2026-09-16 11:56:57,569 [ERROR] LogOutputStream:75 - [STDERR_REDIRECT] WARNING: Could not lock System prefs. Unix error code 31587.
2026-09-16 11:56:57,570 [ERROR] LogOutputStream:75 - [STDERR_REDIRECT] 
2026-09-16 11:56:57,570 [ERROR] LogOutputStream:75 - [STDERR_REDIRECT] Sep 16, 2026 11:56:57 AM java.util.prefs.FileSystemPreferences syncWorld
2026-09-16 11:56:57,570 [ERROR] LogOutputStream:75 - [STDERR_REDIRECT] WARNING: Couldn't flush system prefs: java.util.prefs.BackingStoreException: Couldn't get file lock.
2026-09-16 11:56:57,570 [ERROR] LogOutputStream:75 - [STDERR_REDIRECT] 
2026-09-16 11:57:27,570 [ERROR] LogOutputStream:75 - [STDERR_REDIRECT] Sep 16, 2026 11:57:27 AM java.util.prefs.FileSystemPreferences checkLockFile0ErrorCode
2026-09-16 11:57:27,570 [ERROR] LogOutputStream:75 - [STDERR_REDIRECT] WARNING: Could not lock System prefs. Unix error code 31587.
2026-09-16 11:57:27,570 [ERROR] LogOutputStream:75 - [STDERR_REDIRECT] 
2026-09-16 11:57:27,571 [ERROR] LogOutputStream:75 - [STDERR_REDIRECT] Sep 16, 2026 11:57:27 AM java.util.prefs.FileSystemPreferences syncWorld
2026-09-16 11:57:27,571 [ERROR] LogOutputStream:75 - [STDERR_REDIRECT] WARNING: Couldn't flush system prefs: java.util.prefs.BackingStoreException: Couldn't get file lock.
2026-09-16 11:57:27,571 [ERROR] LogOutputStream:75 - [STDERR_REDIRECT] 
2026-09-16 11:57:57,570 [ERROR] LogOutputStream:75 - [STDERR_REDIRECT] Sep 16, 2026 11:57:57 AM java.util.prefs.FileSystemPreferences checkLockFile0ErrorCode
2026-09-16 11:57:57,570 [ERROR] LogOutputStream:75 - [STDERR_REDIRECT] WARNING: Could not lock System prefs. Unix error code 31587.
2026-09-16 11:57:57,570 [ERROR] LogOutputStream:75 - [STDERR_REDIRECT] 
2026-09-16 11:57:57,570 [ERROR] LogOutputStream:75 - [STDERR_REDIRECT] Sep 16, 2026 11:57:57 AM java.util.prefs.FileSystemPreferences syncWorld
2026-09-16 11:57:57,571 [ERROR] LogOutputStream:75 - [STDERR_REDIRECT] WARNING: Couldn't flush system prefs: java.util.prefs.BackingStoreException: Couldn't get file lock.
2026-09-16 11:57:57,571 [ERROR] LogOutputStream:75 - [STDERR_REDIRECT] 
2026-09-16 11:58:27,569 [ERROR] LogOutputStream:75 - [STDERR_REDIRECT] Sep 16, 2026 11:58:27 AM java.util.prefs.FileSystemPreferences checkLockFile0ErrorCode
2026-09-16 11:58:27,569 [ERROR] LogOutputStream:75 - [STDERR_REDIRECT] WARNING: Could not lock System prefs. Unix error code 31587.
2026-09-16 11:58:27,570 [ERROR] LogOutputStream:75 - [STDERR_REDIRECT] 
2026-09-16 11:58:27,570 [ERROR] LogOutputStream:75 - [STDERR_REDIRECT] Sep 16, 2026 11:58:27 AM java.util.prefs.FileSystemPreferences syncWorld
2026-09-16 11:58:27,570 [ERROR] LogOutputStream:75 - [STDERR_REDIRECT] WARNING: Couldn't flush system prefs: java.util.prefs.BackingStoreException: Couldn't get file lock.
2026-09-16 11:58:27,570 [ERROR] LogOutputStream:75 - [STDERR_REDIRECT] 
2026-09-16 11:58:57,569 [ERROR] LogOutputStream:75 - [STDERR_REDIRECT] Sep 16, 2026 11:58:57 AM java.util.prefs.FileSystemPreferences checkLockFile0ErrorCode
2026-09-16 11:58:57,569 [ERROR] LogOutputStream:75 - [STDERR_REDIRECT] WARNING: Could not lock System prefs. Unix error code 31587.
2026-09-16 11:58:57,570 [ERROR] LogOutputStream:75 - [STDERR_REDIRECT] 
2026-09-16 11:58:57,570 [ERROR] LogOutputStream:75 - [STDERR_REDIRECT] Sep 16, 2026 11:58:57 AM java.util.prefs.FileSystemPreferences syncWorld
2026-09-16 11:58:57,570 [ERROR] LogOutputStream:75 - [STDERR_REDIRECT] WARNING: Couldn't flush system prefs: java.util.prefs.BackingStoreException: Couldn't get file lock.
2026-09-16 11:58:57,570 [ERROR] LogOutputStream:75 - [STDERR_REDIRECT] 
2026-09-16 11:59:27,570 [ERROR] LogOutputStream:75 - [STDERR_REDIRECT] Sep 16, 2026 11:59:27 AM java.util.prefs.FileSystemPreferences checkLockFile0ErrorCode
2026-09-16 11:59:27,570 [ERROR] LogOutputStream:75 - [STDERR_REDIRECT] WARNING: Could not lock System prefs. Unix error code 31587.
2026-09-16 11:59:27,570 [ERROR] LogOutputStream:75 - [STDERR_REDIRECT] 
2026-09-16 11:59:27,570 [ERROR] LogOutputStream:75 - [STDERR_REDIRECT] Sep 16, 2026 11:59:27 AM java.util.prefs.FileSystemPreferences syncWorld
2026-09-16 11:59:27,571 [ERROR] LogOutputStream:75 - [STDERR_REDIRECT] WARNING: Couldn't flush system prefs: java.util.prefs.BackingStoreException: Couldn't get file lock.
2026-09-16 11:59:27,571 [ERROR] LogOutputStream:75 - [STDERR_REDIRECT] 
2026-09-16 11:59:57,569 [ERROR] LogOutputStream:75 - [STDERR_REDIRECT] Sep 16, 2026 11:59:57 AM java.util.prefs.FileSystemPreferences checkLockFile0ErrorCode
2026-09-16 11:59:57,570 [ERROR] LogOutputStream:75 - [STDERR_REDIRECT] WARNING: Could not lock System prefs. Unix error code 31587.
2026-09-16 11:59:57,570 [ERROR] LogOutputStream:75 - [STDERR_REDIRECT] 
2026-09-16 11:59:57,570 [ERROR] LogOutputStream:75 - [STDERR_REDIRECT] Sep 16, 2026 11:59:57 AM java.util.prefs.FileSystemPreferences syncWorld
2026-09-16 11:59:57,570 [ERROR] LogOutputStream:75 - [STDERR_REDIRECT] WARNING: Couldn't flush system prefs: java.util.prefs.BackingStoreException: Couldn't get file lock.
2026-09-16 11:59:57,571 [ERROR] LogOutputStream:75 - [STDERR_REDIRECT] 
2026-09-16 12:00:27,569 [ERROR] LogOutputStream:75 - [STDERR_REDIRECT] Sep 16, 2026 12:00:27 PM java.util.prefs.FileSystemPreferences checkLockFile0ErrorCode
2026-09-16 12:00:27,570 [ERROR] LogOutputStream:75 - [STDERR_REDIRECT] WARNING: Could not lock System prefs. Unix error code 31587.
2026-09-16 12:00:27,570 [ERROR] LogOutputStream:75 - [STDERR_REDIRECT] 
2026-09-16 12:00:27,570 [ERROR] LogOutputStream:75 - [STDERR_REDIRECT] Sep 16, 2026 12:00:27 PM java.util.prefs.FileSystemPreferences syncWorld
2026-09-16 12:00:27,570 [ERROR] LogOutputStream:75 - [STDERR_REDIRECT] WARNING: Couldn't flush system prefs: java.util.prefs.BackingStoreException: Couldn't get file lock.
2026-09-16 12:00:27,570 [ERROR] LogOutputStream:75 - [STDERR_REDIRECT] 
2026-09-16 12:00:57,570 [ERROR] LogOutputStream:75 - [STDERR_REDIRECT] Sep 16, 2026 12:00:57 PM java.util.prefs.FileSystemPreferences checkLockFile0ErrorCode
2026-09-16 12:00:57,570 [ERROR] LogOutputStream:75 - [STDERR_REDIRECT] WARNING: Could not lock System prefs. Unix error code 31587.
2026-09-16 12:00:57,571 [ERROR] LogOutputStream:75 - [STDERR_REDIRECT] 
2026-09-16 12:00:57,571 [ERROR] LogOutputStream:75 - [STDERR_REDIRECT] Sep 16, 2026 12:00:57 PM java.util.prefs.FileSystemPreferences syncWorld
2026-09-16 12:00:57,571 [ERROR] LogOutputStream:75 - [STDERR_REDIRECT] WARNING: Couldn't flush system prefs: java.util.prefs.BackingStoreException: Couldn't get file lock.
2026-09-16 12:00:57,571 [ERROR] LogOutputStream:75 - [STDERR_REDIRECT] 
2026-09-16 12:01:27,570 [ERROR] LogOutputStream:75 - [STDERR_REDIRECT] Sep 16, 2026 12:01:27 PM java.util.prefs.FileSystemPreferences checkLockFile0ErrorCode
2026-09-16 12:01:27,570 [ERROR] LogOutputStream:75 - [STDERR_REDIRECT] WARNING: Could not lock System prefs. Unix error code 31587.
2026-09-16 12:01:27,571 [ERROR] LogOutputStream:75 - [STDERR_REDIRECT] 
2026-09-16 12:01:27,571 [ERROR] LogOutputStream:75 - [STDERR_REDIRECT] Sep 16, 2026 12:01:27 PM java.util.prefs.FileSystemPreferences syncWorld
2026-09-16 12:01:27,571 [ERROR] LogOutputStream:75 - [STDERR_REDIRECT] WARNING: Couldn't flush system prefs: java.util.prefs.BackingStoreException: Couldn't get file lock.
2026-09-16 12:01:27,571 [ERROR] LogOutputStream:75 - [STDERR_REDIRECT] 
2026-09-16 12:01:57,571 [ERROR] LogOutputStream:75 - [STDERR_REDIRECT] Sep 16, 2026 12:01:57 PM java.util.prefs.FileSystemPreferences checkLockFile0ErrorCode
2026-09-16 12:01:57,571 [ERROR] LogOutputStream:75 - [STDERR_REDIRECT] WARNING: Could not lock System prefs. Unix error code 31587.
2026-09-16 12:01:57,571 [ERROR] LogOutputStream:75 - [STDERR_REDIRECT] 
2026-09-16 12:01:57,572 [ERROR] LogOutputStream:75 - [STDERR_REDIRECT] Sep 16, 2026 12:01:57 PM java.util.prefs.FileSystemPreferences syncWorld
2026-09-16 12:01:57,572 [ERROR] LogOutputStream:75 - [STDERR_REDIRECT] WARNING: Couldn't flush system prefs: java.util.prefs.BackingStoreException: Couldn't get file lock.
2026-09-16 12:01:57,572 [ERROR] LogOutputStream:75 - [STDERR_REDIRECT] 
2026-09-16 12:02:27,570 [ERROR] LogOutputStream:75 - [STDERR_REDIRECT] Sep 16, 2026 12:02:27 PM java.util.prefs.FileSystemPreferences checkLockFile0ErrorCode
2026-09-16 12:02:27,570 [ERROR] LogOutputStream:75 - [STDERR_REDIRECT] WARNING: Could not lock System prefs. Unix error code 31587.
2026-09-16 12:02:27,570 [ERROR] LogOutputStream:75 - [STDERR_REDIRECT] 
2026-09-16 12:02:27,571 [ERROR] LogOutputStream:75 - [STDERR_REDIRECT] Sep 16, 2026 12:02:27 PM java.util.prefs.FileSystemPreferences syncWorld
2026-09-16 12:02:27,571 [ERROR] LogOutputStream:75 - [STDERR_REDIRECT] WARNING: Couldn't flush system prefs: java.util.prefs.BackingStoreException: Couldn't get file lock.
2026-09-16 12:02:27,571 [ERROR] LogOutputStream:75 - [STDERR_REDIRECT] 
2026-09-16 12:02:57,571 [ERROR] LogOutputStream:75 - [STDERR_REDIRECT] Sep 16, 2026 12:02:57 PM java.util.prefs.FileSystemPreferences checkLockFile0ErrorCode
2026-09-16 12:02:57,571 [ERROR] LogOutputStream:75 - [STDERR_REDIRECT] WARNING: Could not lock System prefs. Unix error code 31587.
2026-09-16 12:02:57,571 [ERROR] LogOutputStream:75 - [STDERR_REDIRECT] 
2026-09-16 12:02:57,571 [ERROR] LogOutputStream:75 - [STDERR_REDIRECT] Sep 16, 2026 12:02:57 PM java.util.prefs.FileSystemPreferences syncWorld
2026-09-16 12:02:57,572 [ERROR] LogOutputStream:75 - [STDERR_REDIRECT] WARNING: Couldn't flush system prefs: java.util.prefs.BackingStoreException: Couldn't get file lock.
2026-09-16 12:02:57,572 [ERROR] LogOutputStream:75 - [STDERR_REDIRECT] 
2026-09-16 12:03:27,570 [ERROR] LogOutputStream:75 - [STDERR_REDIRECT] Sep 16, 2026 12:03:27 PM java.util.prefs.FileSystemPreferences checkLockFile0ErrorCode
2026-09-16 12:03:27,571 [ERROR] LogOutputStream:75 - [STDERR_REDIRECT] WARNING: Could not lock System prefs. Unix error code 31587.
2026-09-16 12:03:27,571 [ERROR] LogOutputStream:75 - [STDERR_REDIRECT] 
2026-09-16 12:03:27,571 [ERROR] LogOutputStream:75 - [STDERR_REDIRECT] Sep 16, 2026 12:03:27 PM java.util.prefs.FileSystemPreferences syncWorld
2026-09-16 12:03:27,571 [ERROR] LogOutputStream:75 - [STDERR_REDIRECT] WARNING: Couldn't flush system prefs: java.util.prefs.BackingStoreException: Couldn't get file lock.
2026-09-16 12:03:27,571 [ERROR] LogOutputStream:75 - [STDERR_REDIRECT] 
2026-09-16 12:03:57,570 [ERROR] LogOutputStream:75 - [STDERR_REDIRECT] Sep 16, 2026 12:03:57 PM java.util.prefs.FileSystemPreferences checkLockFile0ErrorCode
2026-09-16 12:03:57,571 [ERROR] LogOutputStream:75 - [STDERR_REDIRECT] WARNING: Could not lock System prefs. Unix error code 31587.
2026-09-16 12:03:57,571 [ERROR] LogOutputStream:75 - [STDERR_REDIRECT] 
2026-09-16 12:03:57,571 [ERROR] LogOutputStream:75 - [STDERR_REDIRECT] Sep 16, 2026 12:03:57 PM java.util.prefs.FileSystemPreferences syncWorld
2026-09-16 12:03:57,571 [ERROR] LogOutputStream:75 - [STDERR_REDIRECT] WARNING: Couldn't flush system prefs: java.util.prefs.BackingStoreException: Couldn't get file lock.
2026-09-16 12:03:57,571 [ERROR] LogOutputStream:75 - [STDERR_REDIRECT] 
2026-09-16 12:04:27,570 [ERROR] LogOutputStream:75 - [STDERR_REDIRECT] Sep 16, 2026 12:04:27 PM java.util.prefs.FileSystemPreferences checkLockFile0ErrorCode
2026-09-16 12:04:27,570 [ERROR] LogOutputStream:75 - [STDERR_REDIRECT] WARNING: Could not lock System prefs. Unix error code 31587.
2026-09-16 12:04:27,571 [ERROR] LogOutputStream:75 - [STDERR_REDIRECT] 
2026-09-16 12:04:27,571 [ERROR] LogOutputStream:75 - [STDERR_REDIRECT] Sep 16, 2026 12:04:27 PM java.util.prefs.FileSystemPreferences syncWorld
2026-09-16 12:04:27,571 [ERROR] LogOutputStream:75 - [STDERR_REDIRECT] WARNING: Couldn't flush system prefs: java.util.prefs.BackingStoreException: Couldn't get file lock.
2026-09-16 12:04:27,571 [ERROR] LogOutputStream:75 - [STDERR_REDIRECT] 
2026-09-16 12:04:57,571 [ERROR] LogOutputStream:75 - [STDERR_REDIRECT] Sep 16, 2026 12:04:57 PM java.util.prefs.FileSystemPreferences checkLockFile0ErrorCode
2026-09-16 12:04:57,571 [ERROR] LogOutputStream:75 - [STDERR_REDIRECT] WARNING: Could not lock System prefs. Unix error code 31587.
2026-09-16 12:04:57,571 [ERROR] LogOutputStream:75 - [STDERR_REDIRECT] 
2026-09-16 12:04:57,571 [ERROR] LogOutputStream:75 - [STDERR_REDIRECT] Sep 16, 2026 12:04:57 PM java.util.prefs.FileSystemPreferences syncWorld
2026-09-16 12:04:57,572 [ERROR] LogOutputStream:75 - [STDERR_REDIRECT] WARNING: Couldn't flush system prefs: java.util.prefs.BackingStoreException: Couldn't get file lock.
2026-09-16 12:04:57,572 [ERROR] LogOutputStream:75 - [STDERR_REDIRECT] 
